04-02 17:30:03.793 D/VM_BMS  (  472): rbatt_mohm_default=100, rbatt_mohm=100, sf=100 batt_temp=287
04-02 17:30:03.793 D/VM_BMS  (  472): Lookup rbatt=100.000000  adjusted rbatt=100.527000
04-02 17:30:03.793 D/VM_BMS  (  472): For ocv=4193419 batt_temp=287 soc=100
04-02 17:30:03.793 D/VM_BMS  (  472): FIFO=4 fifo_avg=4.191958 rbatt=0.150527 slope=1.480000 ibatt=0.009730 ocv=4.193419 soc=100 fcc_ah=4.970666 sample_count=128 sample_interval=70 seq_num=747
04-02 17:30:03.794 I/VM_BMS  (  472): power_supply_update: ocv_uv=4193419 ibatt=9729 soc=100 seq_num=747
04-02 17:30:03.794 D/VM_BMS  (  472): End process_bms_data
04-02 17:30:03.794 D/VM_BMS  (  472): wake_lock released
04-02 17:30:04.676 D/wpa_supplicant( 2839): wlan0: Control interface command 'SIGNAL_POLL'
04-02 17:30:07.696 V/WLAN_PSA(  282): NL MSG, len[4095], NL type[0x1C] WNI type[0x5900] len[59151]
04-02 17:30:07.696 V/WLAN_PSA(  282): NL MSG, PID: 282
04-02 17:30:07.697 D/wpa_supplicant( 2839): wlan0: Control interface command 'SIGNAL_POLL'
04-02 17:30:09.280 I/Atfwd_Sendcmd( 2543): AtCmdFwd service not ready - Exhausted retry attempts - :6
04-02 17:30:09.280 I/Atfwd_Daemon( 2543): result : -1 	 ,Init step :2 	 ,qmiErrorCode: 0
04-02 17:30:10.718 D/wpa_supplicant( 2839): wlan0: Control interface command 'SIGNAL_POLL'
04-02 17:30:10.853 E/WifiStateMachine( 1314): WifiStateMachine CMD_START_SCAN source -2 txSuccessRate=0.00 rxSuccessRate=0.00 targetRoamBSSID=any RSSI=-49
04-02 17:30:10.853 E/WifiStateMachine( 1314): WifiStateMachine starting scan for "Verifone_Guest"-WPA_PSK with 2412,2462,2437
04-02 17:30:10.854 D/wpa_supplicant( 2839): wlan0: Control interface command 'SCAN TYPE=ONLY freq=2412,2462,2437'
04-02 17:30:10.854 D/wpa_supplicant( 2839): wlan0: Setting scan request: 0.000000 sec
04-02 17:30:10.854 D/wpa_supplicant( 2839): wlan0: Starting AP scan for wildcard SSID
04-02 17:30:10.854 D/wpa_supplicant( 2839): wlan0: Limit manual scan to specified channels
04-02 17:30:10.854 D/wpa_supplicant( 2839): wlan0: Add radio work 'scan'@0xb8c3fde8
04-02 17:30:10.854 D/wpa_supplicant( 2839): wlan0: First radio work item in the queue - schedule start immediately
04-02 17:30:10.854 D/wpa_supplicant( 2839): wlan0: Starting radio work 'scan'@0xb8c3fde8 after 0.000063 second wait
04-02 17:30:10.854 D/wpa_supplicant( 2839): wlan0: nl80211: scan request
04-02 17:30:10.854 D/wpa_supplicant( 2839): nl80211: Scan SSID - hexdump(len=0): [NULL]
04-02 17:30:10.854 D/wpa_supplicant( 2839): nl80211: Scan frequency 2412 MHz
04-02 17:30:10.854 D/wpa_supplicant( 2839): nl80211: Scan frequency 2437 MHz
04-02 17:30:10.854 D/wpa_supplicant( 2839): nl80211: Scan frequency 2462 MHz
04-02 17:30:10.855 V/WLAN_PSA(  282): NL MSG, len[4092], NL type[0x1C] WNI type[0x5900] len[58383]
04-02 17:30:10.855 V/WLAN_PSA(  282): NL MSG, PID: 282
04-02 17:30:10.856 V/WLAN_PSA(  282): NL MSG, len[914], NL type[0x11] WNI type[0x5050] len[894]
04-02 17:30:10.857 V/WLAN_PSA(  282): NL MSG, PID: 282
04-02 17:30:10.857 V/WLAN_PSA(  282): NL MSG, len[048], NL type[0x11] WNI type[0x5050] len[028]
04-02 17:30:10.857 V/WLAN_PSA(  282): NL MSG, PID: 282
04-02 17:30:10.857 V/WLAN_PSA(  282): NL MSG, len[4059], NL type[0x1C] WNI type[0x5900] len[49935]
04-02 17:30:10.857 V/WLAN_PSA(  282): NL MSG, PID: 282
04-02 17:30:10.860 I/WifiHAL ( 1314): Poll result = 1
04-02 17:30:10.860 I/WifiHAL ( 1314): Found some events!!!
04-02 17:30:10.860 D/WifiHAL ( 1314): no_seq_check received
04-02 17:30:10.860 I/WifiHAL ( 1314): event received NL80211_CMD_TRIGGER_SCAN
04-02 17:30:10.860 I/WifiHAL ( 1314): event received NL80211_CMD_TRIGGER_SCAN, vendor_id = 0x0
04-02 17:30:10.860 I/WifiHAL ( 1314): event ignored!!
04-02 17:30:10.861 D/wpa_supplicant( 2839): Scan requested (ret=0) - scan timeout 30 seconds
04-02 17:30:10.861 D/wpa_supplicant( 2839): nl80211: Event message available
04-02 17:30:10.861 D/wpa_supplicant( 2839): nl80211: Drv Event 33 (NL80211_CMD_TRIGGER_SCAN) received for wlan0
04-02 17:30:10.861 D/wpa_supplicant( 2839): wlan0: nl80211: Scan trigger
04-02 17:30:10.861 D/wpa_supplicant( 2839): wlan0: Event SCAN_STARTED (49) received
04-02 17:30:10.861 D/wpa_supplicant( 2839): wlan0: Own scan request started a scan in 0.000230 seconds
04-02 17:30:10.862 D/wpa_supplicant( 2839): CTRL_IFACE monitor sent successfully to /data/misc/wifi/sockets/wpa_ctrl_291-1\x00
04-02 17:30:10.863 D/wpa_supplicant( 2839): CTRL_IFACE monitor sent successfully to /data/misc/wifi/sockets/wpa_ctrl_1314-3\x00
04-02 17:30:10.899 V/WLAN_PSA(  282): NL MSG, len[4065], NL type[0x1C] WNI type[0x5900] len[51471]
04-02 17:30:10.899 V/WLAN_PSA(  282): NL MSG, PID: 282
04-02 17:30:10.939 V/WLAN_PSA(  282): NL MSG, len[4067], NL type[0x1C] WNI type[0x5900] len[51983]
04-02 17:30:10.939 V/WLAN_PSA(  282): NL MSG, PID: 282
04-02 17:30:10.988 V/WLAN_PSA(  282): NL MSG, len[3997], NL type[0x1C] WNI type[0x5900] len[34063]
04-02 17:30:10.988 V/WLAN_PSA(  282): NL MSG, PID: 282
04-02 17:30:11.023 V/WLAN_PSA(  282): NL MSG, len[4018], NL type[0x1C] WNI type[0x5900] len[39439]
04-02 17:30:11.023 V/WLAN_PSA(  282): NL MSG, PID: 282
04-02 17:30:11.026 V/WLAN_PSA(  282): NL MSG, len[914], NL type[0x11] WNI type[0x5050] len[894]
04-02 17:30:11.026 V/WLAN_PSA(  282): NL MSG, PID: 282
04-02 17:30:11.027 V/WLAN_PSA(  282): NL MSG, len[4092], NL type[0x1C] WNI type[0x5900] len[58383]
04-02 17:30:11.027 V/WLAN_PSA(  282): NL MSG, PID: 282
04-02 17:30:11.028 V/WLAN_PSA(  282): NL MSG, len[4056], NL type[0x1C] WNI type[0x5900] len[49167]
04-02 17:30:11.028 V/WLAN_PSA(  282): NL MSG, PID: 282
04-02 17:30:11.029 I/WifiHAL ( 1314): Poll result = 1
04-02 17:30:11.029 I/WifiHAL ( 1314): Found some events!!!
04-02 17:30:11.029 D/WifiHAL ( 1314): no_seq_check received
04-02 17:30:11.029 I/WifiHAL ( 1314): event received NL80211_CMD_NEW_SCAN_RESULTS
04-02 17:30:11.029 I/WifiHAL ( 1314): event received NL80211_CMD_NEW_SCAN_RESULTS, vendor_id = 0x0
04-02 17:30:11.029 I/WifiHAL ( 1314): event ignored!!
04-02 17:30:11.029 D/wpa_supplicant( 2839): nl80211: Event message available
04-02 17:30:11.029 D/wpa_supplicant( 2839): nl80211: Drv Event 34 (NL80211_CMD_NEW_SCAN_RESULTS) received for wlan0
04-02 17:30:11.029 D/wpa_supplicant( 2839): wlan0: nl80211: New scan results available
04-02 17:30:11.029 D/wpa_supplicant( 2839): nl80211: Scan included frequencies: 2412 2437 2462
04-02 17:30:11.029 D/wpa_supplicant( 2839): wlan0: Event SCAN_RESULTS (3) received
04-02 17:30:11.029 D/wpa_supplicant( 2839): wlan0: Scan completed in 0.168097 seconds
04-02 17:30:11.029 D/wpa_supplicant( 2839): nl80211: Associated on 2412 MHz
04-02 17:30:11.029 D/wpa_supplicant( 2839): nl80211: Associated with 00:6b:f1:67:8d:01
04-02 17:30:11.030 D/wpa_supplicant( 2839): nl80211: Received scan results (18 BSSes)
04-02 17:30:11.030 D/wpa_supplicant( 2839): nl80211: Scan results indicate BSS status with 00:6b:f1:67:8d:01 as associated
04-02 17:30:11.030 D/wpa_supplicant( 2839): wlan0: BSS: Start scan result update 902
04-02 17:30:11.030 D/wpa_supplicant( 2839): wlan0: BSS: Add new id 1294 BSSID b8:f8:83:a1:7f:95 SSID 'TP-LINK-102'
04-02 17:30:11.030 D/wpa_supplicant( 2839): CTRL_IFACE monitor sent successfully to /data/misc/wifi/sockets/wpa_ctrl_291-1\x00
04-02 17:30:11.030 D/wpa_supplicant( 2839): CTRL_IFACE monitor sent successfully to /data/misc/wifi/sockets/wpa_ctrl_1314-3\x00
04-02 17:30:11.030 D/wpa_supplicant( 2839): wlan0: BSS: Add new id 1295 BSSID bc:5f:f6:2e:84:f1 SSID 'Sync '
04-02 17:30:11.030 D/wpa_supplicant( 2839): CTRL_IFACE monitor sent successfully to /data/misc/wifi/sockets/wpa_ctrl_291-1\x00
04-02 17:30:11.031 D/wpa_supplicant( 2839): CTRL_IFACE monitor sent successfully to /data/misc/wifi/sockets/wpa_ctrl_1314-3\x00
04-02 17:30:11.031 D/wpa_supplicant( 2839): BSS: last_scan_res_used=18/32
04-02 17:30:11.031 D/wpa_supplicant( 2839): wlan0: Scan-only results received
04-02 17:30:11.031 D/wpa_supplicant( 2839): CTRL_IFACE monitor sent successfully to /data/misc/wifi/sockets/wpa_ctrl_291-1\x00
04-02 17:30:11.031 D/wpa_supplicant( 2839): CTRL_IFACE monitor sent successfully to /data/misc/wifi/sockets/wpa_ctrl_1314-3\x00
04-02 17:30:11.031 D/wpa_supplicant( 2839): wlan0: Radio work 'scan'@0xb8c3fde8 done in 0.176738 seconds
04-02 17:30:11.034 D/wpa_supplicant( 2839): wlan0: Control interface command 'BSS RANGE=0- MASK=0x21987'
04-02 17:30:11.061 D/wpa_supplicant( 2839): wlan0: Control interface command 'STATUS-NO_EVENTS'
04-02 17:30:13.735 D/wpa_supplicant( 2839): wlan0: Control interface command 'SIGNAL_POLL'
04-02 17:30:13.737 V/WLAN_PSA(  282): NL MSG, len[4069], NL type[0x1C] WNI type[0x5900] len[52495]
04-02 17:30:13.737 V/WLAN_PSA(  282): NL MSG, PID: 282
04-02 17:30:16.754 D/wpa_supplicant( 2839): wlan0: Control interface command 'SIGNAL_POLL'
04-02 17:30:16.769 D/StatusBar.NetworkController( 2713): refreshViews: Data not connected!! Set no data type icon / Roaming
04-02 17:30:16.804 I/SurfaceFlinger(  259): FPS: 1
04-02 17:30:17.465 V/WLAN_PSA(  282): NL MSG, len[4042], NL type[0x1C] WNI type[0x5900] len[45583]
04-02 17:30:17.465 V/WLAN_PSA(  282): NL MSG, PID: 282
04-02 17:30:19.774 D/wpa_supplicant( 2839): wlan0: Control interface command 'SIGNAL_POLL'
04-02 17:30:22.797 V/WLAN_PSA(  282): NL MSG, len[4095], NL type[0x1C] WNI type[0x5900] len[59151]
04-02 17:30:22.797 V/WLAN_PSA(  282): NL MSG, PID: 282
04-02 17:30:22.799 D/wpa_supplicant( 2839): wlan0: Control interface command 'SIGNAL_POLL'
04-02 17:30:22.814 D/StatusBar.NetworkController( 2713): refreshViews: Data not connected!! Set no data type icon / Roaming
04-02 17:30:22.853 I/SurfaceFlinger(  259): FPS: 2
04-02 17:30:24.281 I/ServiceManager( 2543): Waiting for service AtCmdFwd...
04-02 17:30:25.282 I/ServiceManager( 2543): Waiting for service AtCmdFwd...
04-02 17:30:25.818 D/wpa_supplicant( 2839): wlan0: Control interface command 'SIGNAL_POLL'
04-02 17:30:26.048 V/WLAN_PSA(  282): NL MSG, len[4077], NL type[0x1C] WNI type[0x5900] len[54543]
04-02 17:30:26.048 V/WLAN_PSA(  282): NL MSG, PID: 282
04-02 17:30:26.282 I/ServiceManager( 2543): Waiting for service AtCmdFwd...
04-02 17:30:27.283 I/ServiceManager( 2543): Waiting for service AtCmdFwd...
04-02 17:30:28.284 I/ServiceManager( 2543): Waiting for service AtCmdFwd...
04-02 17:30:28.843 D/wpa_supplicant( 2839): wlan0: Control interface command 'SIGNAL_POLL'
04-02 17:30:29.284 W/Atfwd_Sendcmd( 2543): AtCmdFwd service not published, waiting... retryCnt : 1
04-02 17:30:30.856 E/WifiStateMachine( 1314): WifiStateMachine CMD_START_SCAN source -2 txSuccessRate=0.00 rxSuccessRate=0.00 targetRoamBSSID=any RSSI=-48
04-02 17:30:30.856 E/WifiStateMachine( 1314): WifiStateMachine starting scan for "Verifone_Guest"-WPA_PSK with 2412,2462,2437
04-02 17:30:30.857 D/wpa_supplicant( 2839): wlan0: Control interface command 'SCAN TYPE=ONLY freq=2412,2462,2437'
04-02 17:30:30.857 D/wpa_supplicant( 2839): wlan0: Setting scan request: 0.000000 sec
04-02 17:30:30.857 D/wpa_supplicant( 2839): wlan0: Starting AP scan for wildcard SSID
04-02 17:30:30.857 D/wpa_supplicant( 2839): wlan0: Limit manual scan to specified channels
04-02 17:30:30.857 D/wpa_supplicant( 2839): wlan0: Add radio work 'scan'@0xb8c3fde8
04-02 17:30:30.857 D/wpa_supplicant( 2839): wlan0: First radio work item in the queue - schedule start immediately
04-02 17:30:30.857 D/wpa_supplicant( 2839): wlan0: Starting radio work 'scan'@0xb8c3fde8 after 0.000064 second wait
04-02 17:30:30.857 D/wpa_supplicant( 2839): wlan0: nl80211: scan request
04-02 17:30:30.857 D/wpa_supplicant( 2839): nl80211: Scan SSID - hexdump(len=0): [NULL]
04-02 17:30:30.857 D/wpa_supplicant( 2839): nl80211: Scan frequency 2412 MHz
04-02 17:30:30.857 D/wpa_supplicant( 2839): nl80211: Scan frequency 2437 MHz
04-02 17:30:30.857 D/wpa_supplicant( 2839): nl80211: Scan frequency 2462 MHz
04-02 17:30:30.858 V/WLAN_PSA(  282): NL MSG, len[914], NL type[0x11] WNI type[0x5050] len[894]
04-02 17:30:30.858 V/WLAN_PSA(  282): NL MSG, PID: 282
04-02 17:30:30.858 V/WLAN_PSA(  282): NL MSG, len[048], NL type[0x11] WNI type[0x5050] len[028]
04-02 17:30:30.858 V/WLAN_PSA(  282): NL MSG, PID: 282
04-02 17:30:30.859 I/WifiHAL ( 1314): Poll result = 1
04-02 17:30:30.859 I/WifiHAL ( 1314): Found some events!!!
04-02 17:30:30.859 D/WifiHAL ( 1314): no_seq_check received
04-02 17:30:30.859 I/WifiHAL ( 1314): event received NL80211_CMD_TRIGGER_SCAN
04-02 17:30:30.859 I/WifiHAL ( 1314): event received NL80211_CMD_TRIGGER_SCAN, vendor_id = 0x0
04-02 17:30:30.859 I/WifiHAL ( 1314): event ignored!!
04-02 17:30:30.859 D/wpa_supplicant( 2839): Scan requested (ret=0) - scan timeout 30 seconds
04-02 17:30:30.859 D/wpa_supplicant( 2839): nl80211: Event message available
04-02 17:30:30.859 D/wpa_supplicant( 2839): nl80211: Drv Event 33 (NL80211_CMD_TRIGGER_SCAN) received for wlan0
04-02 17:30:30.859 D/wpa_supplicant( 2839): wlan0: nl80211: Scan trigger
04-02 17:30:30.859 D/wpa_supplicant( 2839): wlan0: Event SCAN_STARTED (49) received
04-02 17:30:30.859 D/wpa_supplicant( 2839): wlan0: Own scan request started a scan in 0.000226 seconds
04-02 17:30:30.861 D/wpa_supplicant( 2839): CTRL_IFACE monitor sent successfully to /data/misc/wifi/sockets/wpa_ctrl_291-1\x00
04-02 17:30:30.861 D/wpa_supplicant( 2839): CTRL_IFACE monitor sent successfully to /data/misc/wifi/sockets/wpa_ctrl_1314-3\x00
04-02 17:30:30.863 V/WLAN_PSA(  282): NL MSG, len[4036], NL type[0x1C] WNI type[0x5900] len[44047]
04-02 17:30:30.863 V/WLAN_PSA(  282): NL MSG, PID: 282
04-02 17:30:30.864 V/WLAN_PSA(  282): NL MSG, len[4069], NL type[0x1C] WNI type[0x5900] len[52495]
04-02 17:30:30.864 V/WLAN_PSA(  282): NL MSG, PID: 282
04-02 17:30:30.902 V/WLAN_PSA(  282): NL MSG, len[4043], NL type[0x1C] WNI type[0x5900] len[45839]
04-02 17:30:30.902 V/WLAN_PSA(  282): NL MSG, PID: 282
04-02 17:30:30.947 V/WLAN_PSA(  282): NL MSG, len[4081], NL type[0x1C] WNI type[0x5900] len[55567]
04-02 17:30:30.947 V/WLAN_PSA(  282): NL MSG, PID: 282
04-02 17:30:30.989 V/WLAN_PSA(  282): NL MSG, len[4035], NL type[0x1C] WNI type[0x5900] len[43791]
04-02 17:30:30.989 V/WLAN_PSA(  282): NL MSG, PID: 282
04-02 17:30:31.033 V/WLAN_PSA(  282): NL MSG, len[4074], NL type[0x1C] WNI type[0x5900] len[53775]
04-02 17:30:31.033 V/WLAN_PSA(  282): NL MSG, PID: 282
04-02 17:30:31.036 V/WLAN_PSA(  282): NL MSG, len[4015], NL type[0x1C] WNI type[0x5900] len[38671]
04-02 17:30:31.036 V/WLAN_PSA(  282): NL MSG, PID: 282
04-02 17:30:31.037 V/WLAN_PSA(  282): NL MSG, len[914], NL type[0x11] WNI type[0x5050] len[894]
04-02 17:30:31.037 V/WLAN_PSA(  282): NL MSG, PID: 282
04-02 17:30:31.039 V/WLAN_PSA(  282): NL MSG, len[4085], NL type[0x1C] WNI type[0x5900] len[56591]
04-02 17:30:31.039 V/WLAN_PSA(  282): NL MSG, PID: 282
04-02 17:30:31.040 I/WifiHAL ( 1314): Poll result = 1
04-02 17:30:31.040 I/WifiHAL ( 1314): Found some events!!!
04-02 17:30:31.040 D/WifiHAL ( 1314): no_seq_check received
04-02 17:30:31.040 I/WifiHAL ( 1314): event received NL80211_CMD_NEW_SCAN_RESULTS
04-02 17:30:31.040 I/WifiHAL ( 1314): event received NL80211_CMD_NEW_SCAN_RESULTS, vendor_id = 0x0
04-02 17:30:31.040 I/WifiHAL ( 1314): event ignored!!
04-02 17:30:31.040 D/wpa_supplicant( 2839): nl80211: Event message available
04-02 17:30:31.040 D/wpa_supplicant( 2839): nl80211: Drv Event 34 (NL80211_CMD_NEW_SCAN_RESULTS) received for wlan0
04-02 17:30:31.040 D/wpa_supplicant( 2839): wlan0: nl80211: New scan results available
04-02 17:30:31.040 D/wpa_supplicant( 2839): nl80211: Scan included frequencies: 2412 2437 2462
04-02 17:30:31.040 D/wpa_supplicant( 2839): wlan0: Event SCAN_RESULTS (3) received
04-02 17:30:31.041 D/wpa_supplicant( 2839): wlan0: Scan completed in 0.181109 seconds
04-02 17:30:31.041 D/wpa_supplicant( 2839): nl80211: Associated on 2412 MHz
04-02 17:30:31.041 D/wpa_supplicant( 2839): nl80211: Associated with 00:6b:f1:67:8d:01
04-02 17:30:31.041 D/wpa_supplicant( 2839): nl80211: Received scan results (20 BSSes)
04-02 17:30:31.041 D/wpa_supplicant( 2839): nl80211: Scan results indicate BSS status with 00:6b:f1:67:8d:01 as associated
04-02 17:30:31.041 D/wpa_supplicant( 2839): wlan0: BSS: Start scan result update 903
04-02 17:30:31.042 D/wpa_supplicant( 2839): wlan0: BSS: Add new id 1296 BSSID 48:bd:3d:5f:e3:90 SSID 'ZDGF'
04-02 17:30:31.043 D/wpa_supplicant( 2839): CTRL_IFACE monitor sent successfully to /data/misc/wifi/sockets/wpa_ctrl_291-1\x00
04-02 17:30:31.044 D/wpa_supplicant( 2839): CTRL_IFACE monitor sent successfully to /data/misc/wifi/sockets/wpa_ctrl_1314-3\x00
04-02 17:30:31.044 D/wpa_supplicant( 2839): wlan0: BSS: Add new id 1297 BSSID 34:ce:00:4d:b4:a8 SSID '302'
04-02 17:30:31.044 D/wpa_supplicant( 2839): CTRL_IFACE monitor sent successfully to /data/misc/wifi/sockets/wpa_ctrl_291-1\x00
04-02 17:30:31.044 D/wpa_supplicant( 2839): CTRL_IFACE monitor sent successfully to /data/misc/wifi/sockets/wpa_ctrl_1314-3\x00
04-02 17:30:31.044 D/wpa_supplicant( 2839): wlan0: BSS: Remove id 1288 BSSID 08:9b:4b:94:d2:ad SSID 'iK9-1' due to no match in scan
04-02 17:30:31.044 D/wpa_supplicant( 2839): CTRL_IFACE monitor sent successfully to /data/misc/wifi/sockets/wpa_ctrl_291-1\x00
04-02 17:30:31.044 D/wpa_supplicant( 2839): CTRL_IFACE monitor sent successfully to /data/misc/wifi/sockets/wpa_ctrl_1314-3\x00
04-02 17:30:31.044 D/wpa_supplicant( 2839): BSS: last_scan_res_used=20/32
04-02 17:30:31.044 D/wpa_supplicant( 2839): wlan0: Scan-only results received
04-02 17:30:31.044 D/wpa_supplicant( 2839): CTRL_IFACE monitor sent successfully to /data/misc/wifi/sockets/wpa_ctrl_291-1\x00
04-02 17:30:31.044 D/wpa_supplicant( 2839): CTRL_IFACE monitor sent successfully to /data/misc/wifi/sockets/wpa_ctrl_1314-3\x00
04-02 17:30:31.044 D/wpa_supplicant( 2839): wlan0: Radio work 'scan'@0xb8c3fde8 done in 0.187304 seconds
04-02 17:30:31.057 D/wpa_supplicant( 2839): wlan0: Control interface command 'BSS RANGE=0- MASK=0x21987'
04-02 17:30:31.075 D/wpa_supplicant( 2839): wlan0: Control interface command 'STATUS-NO_EVENTS'
04-02 17:30:31.864 V/WLAN_PSA(  282): NL MSG, len[4016], NL type[0x1C] WNI type[0x5900] len[38927]
04-02 17:30:31.864 V/WLAN_PSA(  282): NL MSG, PID: 282
04-02 17:30:31.865 D/wpa_supplicant( 2839): wlan0: Control interface command 'SIGNAL_POLL'
04-02 17:30:34.285 I/ServiceManager( 2543): Waiting for service AtCmdFwd...
04-02 17:30:34.532 I/UnicodeIME(25618): onKeyDown (keyCode='4', event.keyCode='4', metaState='0')
04-02 17:30:34.612 W/Settings( 1314): Setting airplane_mode_on has moved from android.provider.Settings.System to android.provider.Settings.Global, returning read-only value.
04-02 17:30:34.612 D/ldebug  ( 1314): AirplaneMode = 0,WifiState =3
04-02 17:30:34.614 I/UnicodeIME(25618): onKeyUp (keyCode='4', event.keyCode='4', metaState='0')
04-02 17:30:34.657 I/SurfaceFlinger(  259): FPS: 2
04-02 17:30:34.660 I/UnicodeIME(25618): onFinishInput: 
04-02 17:30:34.665 I/UnicodeIME(25618): onStartInput
04-02 17:30:34.690 I/Timeline(28872): Timeline: Activity_idle id: android.os.BinderProxy@3d6d908b time:30269572
04-02 17:30:34.728 I/UnicodeIME(25618): onKeyDown (keyCode='4', event.keyCode='4', metaState='0')
04-02 17:30:34.774 W/Settings( 1314): Setting airplane_mode_on has moved from android.provider.Settings.System to android.provider.Settings.Global, returning read-only value.
04-02 17:30:34.774 D/ldebug  ( 1314): AirplaneMode = 0,WifiState =3
04-02 17:30:34.775 I/UnicodeIME(25618): onKeyUp (keyCode='4', event.keyCode='4', metaState='0')
04-02 17:30:34.826 I/System.out(23762): BaseMvpActivity : [(BaseMvpActivity.java:63)(OnStart)] ----onStart=MainActivity
04-02 17:30:34.826 I/System.out(23762): BasePresenter : [(BasePresenter.java:30)(AttachUI)] ============attachUI
04-02 17:30:34.827 I/System.out(23762): BasePresenter : [(BasePresenter.java:32)(AttachUI)] UI=MainActivity
04-02 17:30:34.827 I/System.out(23762): BaseMvpActivity : [(BaseMvpActivity.java:73)(OnResume)] ----onResume=MainActivity
04-02 17:30:34.828 I/System.out(23762): UseCaseSetDoingTransactionFlag : [(UseCaseSetDoingTransactionFlag.java:32)(A)] Is Doing Trans : false
04-02 17:30:34.829 I/System.out(23762): TAG : [(UseCaseGetTmsParameter.java:31)(A)] tmsParam len=0
04-02 17:30:34.830 I/System.out(23762): MainPresenter : [(MainPresenter.java:200)(A)] status=5
04-02 17:30:34.830 I/System.out(23762): MainPresenter : [(MainPresenter.java:209)(A)] batteryPct=1.0
04-02 17:30:34.848 I/Adreno-EGL(23762): <qeglDrvAPI_eglInitialize:379>: EGL 1.4 QUALCOMM build: AU_LINUX_ANDROID_LA.BR.1.2.3_RB1.05.01.00.036.053_msm8909_LA.BR.1.2.3_RB1__release_AU (Ibddc658e36)
04-02 17:30:34.848 I/Adreno-EGL(23762): OpenGL ES Shader Compiler Version: E031.25.03.04
04-02 17:30:34.848 I/Adreno-EGL(23762): Build Date: 09/10/15 Thu
04-02 17:30:34.848 I/Adreno-EGL(23762): Local Branch: mybranch13976726
04-02 17:30:34.848 I/Adreno-EGL(23762): Remote Branch: quic/LA.BR.1.2.3_rb1.79
04-02 17:30:34.848 I/Adreno-EGL(23762): Local Patches: NONE
04-02 17:30:34.848 I/Adreno-EGL(23762): Reconstruct Branch: AU_LINUX_ANDROID_LA.BR.1.2.3_RB1.05.01.00.036.053 + 7c4888a + 22ca218 + 855d166 + 95575a0 + 4193eef + 64d916f + 88f4cbe + c272012 + 046ce63 + 9b2bddc + d5b5339 + a2bdc2f +  NOTHING
04-02 17:30:34.849 I/OpenGLRenderer(23762): Initialized EGL, version 1.4
04-02 17:30:34.867 I/UnicodeIME(25618): onFinishInput: 
04-02 17:30:34.867 I/UnicodeIME(25618): onStartInput
04-02 17:30:34.883 D/wpa_supplicant( 2839): wlan0: Control interface command 'SIGNAL_POLL'
04-02 17:30:34.896 V/WLAN_PSA(  282): NL MSG, len[4055], NL type[0x1C] WNI type[0x5900] len[48911]
04-02 17:30:34.896 V/WLAN_PSA(  282): NL MSG, PID: 282
04-02 17:30:34.925 W/Settings( 1314): Setting airplane_mode_on has moved from android.provider.Settings.System to android.provider.Settings.Global, returning read-only value.
04-02 17:30:34.925 D/ldebug  ( 1314): AirplaneMode = 0,WifiState =3
04-02 17:30:34.926 I/Timeline(23762): Timeline: Activity_idle id: android.os.BinderProxy@333b8108 time:30269807
04-02 17:30:34.926 I/UnicodeIME(25618): onKeyDown (keyCode='4', event.keyCode='4', metaState='0')
04-02 17:30:34.930 I/UnicodeIME(25618): onKeyUp (keyCode='4', event.keyCode='4', metaState='0')
04-02 17:30:34.930 D/MyApplication(28872): Remove activity=com.test.ui.activities.MainActivity
04-02 17:30:35.019 I/UnicodeIME(25618): onKeyDown (keyCode='4', event.keyCode='4', metaState='0')
04-02 17:30:35.075 W/Settings( 1314): Setting airplane_mode_on has moved from android.provider.Settings.System to android.provider.Settings.Global, returning read-only value.
04-02 17:30:35.076 D/ldebug  ( 1314): AirplaneMode = 0,WifiState =3
04-02 17:30:35.079 I/UnicodeIME(25618): onKeyUp (keyCode='4', event.keyCode='4', metaState='0')
04-02 17:30:35.169 I/UnicodeIME(25618): onKeyDown (keyCode='4', event.keyCode='4', metaState='0')
04-02 17:30:35.202 W/Settings( 1314): Setting airplane_mode_on has moved from android.provider.Settings.System to android.provider.Settings.Global, returning read-only value.
04-02 17:30:35.203 D/ldebug  ( 1314): AirplaneMode = 0,WifiState =3
04-02 17:30:35.208 I/UnicodeIME(25618): onKeyUp (keyCode='4', event.keyCode='4', metaState='0')
04-02 17:30:35.285 I/ServiceManager( 2543): Waiting for service AtCmdFwd...
04-02 17:30:35.668 I/SurfaceFlinger(  259): FPS: 59
04-02 17:30:35.704 I/Timeline( 1314): Timeline: Activity_windows_visible id: ActivityRecord{7cf4d56 u0 com.verifone.scb.presentation/com.verifone.adc.presentation.view.activities.MainActivity t2720} time:30270586
04-02 17:30:35.726 D/MyApplication(28872): Remove activity=com.test.ui.activities.other.test_tools.TestToolsActivity
04-02 17:30:35.823 W/ResourceType( 2713): No package identifier when getting value for resource number 0x00000000
04-02 17:30:35.824 W/PackageManager( 2713): Failure retrieving resources for com.test.ui.activities.nihao: Resource ID #0x0
04-02 17:30:36.286 I/ServiceManager( 2543): Waiting for service AtCmdFwd...
04-02 17:30:37.052 D/AndroidRuntime( 2865): >>>>>> START com.android.internal.os.RuntimeInit uid 2000 <<<<<<
04-02 17:30:37.055 D/AndroidRuntime( 2865): CheckJNI is OFF
04-02 17:30:37.221 D/AndroidRuntime( 2865): Calling main entry com.android.commands.pm.Pm
04-02 17:30:37.257 I/art     ( 2865): System.exit called, status: 0
04-02 17:30:37.257 I/AndroidRuntime( 2865): VM exiting with result code 0.
04-02 17:30:37.286 I/ServiceManager( 2543): Waiting for service AtCmdFwd...
04-02 17:30:37.510 D/com.socsi.thread.UploadTermInfoThread(24223): CommonConfig.isFirstStart:false
04-02 17:30:37.513 D/com.socsi.thread.UploadTermInfoThread(24223): 上一次的请求时间CommonConfig.lastExeTime:20190402142737
04-02 17:30:37.516 D/com.socsi.thread.UploadTermInfoThread(24223): 下一次的请求时间CommonConfig.nextExeTime:
04-02 17:30:37.520 D/com.socsi.thread.UploadTermInfoThread(24223): 下一次执行时间为空
04-02 17:30:37.522 D/com.socsi.thread.UploadTermInfoThread(24223): 当前状态currentStat:1      上一次状态lastExeStat:1
04-02 17:30:37.526 D/com.socsi.thread.UploadTermInfoThread(24223): 相差天数diffDay:0
04-02 17:30:37.531 D/com.socsi.thread.UploadTermInfoThread(24223): 状态没有变化，不符合发起查询的条件
04-02 17:30:37.674 D/AndroidRuntime( 2881): >>>>>> START com.android.internal.os.RuntimeInit uid 2000 <<<<<<
04-02 17:30:37.677 D/AndroidRuntime( 2881): CheckJNI is OFF
04-02 17:30:37.853 D/AndroidRuntime( 2881): Calling main entry com.android.commands.pm.Pm
04-02 17:30:37.893 I/art     ( 2881): System.exit called, status: 0
04-02 17:30:37.893 I/AndroidRuntime( 2881): VM exiting with result code 0.
04-02 17:30:37.900 D/wpa_supplicant( 2839): wlan0: Control interface command 'SIGNAL_POLL'
04-02 17:30:37.933 D/UIAutomatorStub(21779): URI: /ping, Method: GET, params, {NanoHttpd.QUERY_STRING=null}, files: {}
04-02 17:30:37.953 D/UIAutomatorStub(21779): URI: /jsonrpc/0, Method: POST, params, {NanoHttpd.QUERY_STRING=null}, files: {postData={"jsonrpc": "2.0", "id": 1, "method": "deviceInfo"}}
04-02 17:30:37.953 W/QueryController(21779): Could not detect idle state.
04-02 17:30:37.971 W/QueryController(21779): Could not detect idle state.
04-02 17:30:37.972 W/QueryController(21779): Could not detect idle state.
04-02 17:30:37.972 W/QueryController(21779): Could not detect idle state.
04-02 17:30:38.287 I/ServiceManager( 2543): Waiting for service AtCmdFwd...
04-02 17:30:38.356 D/AndroidRuntime( 2900): >>>>>> START com.android.internal.os.RuntimeInit uid 2000 <<<<<<
04-02 17:30:38.359 D/AndroidRuntime( 2900): CheckJNI is OFF
04-02 17:30:38.417 D/com.socsi.thread.UploadResultThread(24223): 【进入应用下载结果上送线程】
04-02 17:30:38.424 D/com.socsi.thread.UploadResultThread(24223): ..........终端无应用下载/更新结果可以上送
04-02 17:30:38.425 D/com.socsi.thread.UploadResultThread(24223): ------------结果上送over------------------
04-02 17:30:38.552 D/AndroidRuntime( 2900): Calling main entry com.android.commands.monkey.Monkey
04-02 17:30:38.574 W/BroadcastQueue( 1314): Skipping deliver [background] BroadcastRecord{9e82086 u-1 android.net.conn.CONNECTIVITY_CHANGE} to ReceiverList{1f62dd47 2900 (unknown name)/2000/u-1 remote:2d6b28c8}: process crashing
04-02 17:30:38.585 I/Timeline( 2900): Timeline: Activity_launch_request id:com.test.ui.activities.nihao time:30273467
04-02 17:30:38.586 I/ActivityManager( 1314): START u0 {act=android.intent.action.MAIN cat=[android.intent.category.LAUNCHER] flg=0x10200000 cmp=com.test.ui.activities.nihao/com.test.ui.activities.MainActivity} from uid 2000 on display 0
04-02 17:30:38.591 V/WindowManager( 1314): addAppToken: AppWindowToken{3e15bf12 token=Token{1738e9d ActivityRecord{286e0974 u0 com.test.ui.activities.nihao/com.test.ui.activities.MainActivity t2730}}} to stack=1 task=2730 at 0
04-02 17:30:38.593 W/SurfaceFlinger(  259): FB is protected: PERMISSION_DENIED
04-02 17:30:38.593 W/WindowManager( 1314): Screenshot failure taking screenshot for (720x1280) to layer 21015
04-02 17:30:38.595 I/System.out(23762): BaseMvpActivity : [(BaseMvpActivity.java:85)(OnPause)] ----onPause=MainActivity
04-02 17:30:38.599 I/ViewRootImpl( 1314): CPU Rendering VSync enable = true
04-02 17:30:38.600 V/WindowManager( 1314): Adding window Window{36c6f455 u0 Starting com.test.ui.activities.nihao} at 4 of 8 (after Window{28e2c2e1 u0 com.verifone.scb.presentation/com.verifone.adc.presentation.view.activities.MainActivity})
04-02 17:30:38.621 I/SurfaceFlinger(  259): FPS: 14
04-02 17:30:38.635 D/MyApplication(28872): Add activity=com.test.ui.activities.MainActivity
04-02 17:30:38.668 I/art     ( 2900): System.exit called, status: 0
04-02 17:30:38.668 I/AndroidRuntime( 2900): VM exiting with result code 0.
04-02 17:30:38.699 I/ViewRootImpl(28872): CPU Rendering VSync enable = true
04-02 17:30:38.702 D/UIAutomatorStub(21779): URI: /jsonrpc/0, Method: POST, params, {NanoHttpd.QUERY_STRING=null}, files: {postData={"jsonrpc": "2.0", "id": "7e18354ef920d78eef4d2f494e73556c", "method": "waitForExists", "params": [{"mask": 1, "childOrSibling": [], "childOrSiblingSelector": [], "text": "\u6d4b\u8bd5\u5de5\u5177"}, 10000]}}
04-02 17:30:38.705 V/WindowManager( 1314): Adding window Window{8807909 u0 com.test.ui.activities.nihao/com.test.ui.activities.MainActivity} at 4 of 9 (before Window{36c6f455 u0 Starting com.test.ui.activities.nihao})
04-02 17:30:38.706 W/QueryController(21779): Could not detect idle state.
04-02 17:30:38.756 I/Adreno-EGL(28872): <qeglDrvAPI_eglInitialize:379>: EGL 1.4 QUALCOMM build: AU_LINUX_ANDROID_LA.BR.1.2.3_RB1.05.01.00.036.053_msm8909_LA.BR.1.2.3_RB1__release_AU (Ibddc658e36)
04-02 17:30:38.756 I/Adreno-EGL(28872): OpenGL ES Shader Compiler Version: E031.25.03.04
04-02 17:30:38.756 I/Adreno-EGL(28872): Build Date: 09/10/15 Thu
04-02 17:30:38.756 I/Adreno-EGL(28872): Local Branch: mybranch13976726
04-02 17:30:38.756 I/Adreno-EGL(28872): Remote Branch: quic/LA.BR.1.2.3_rb1.79
04-02 17:30:38.756 I/Adreno-EGL(28872): Local Patches: NONE
04-02 17:30:38.756 I/Adreno-EGL(28872): Reconstruct Branch: AU_LINUX_ANDROID_LA.BR.1.2.3_RB1.05.01.00.036.053 + 7c4888a + 22ca218 + 855d166 + 95575a0 + 4193eef + 64d916f + 88f4cbe + c272012 + 046ce63 + 9b2bddc + d5b5339 + a2bdc2f +  NOTHING
04-02 17:30:38.756 I/OpenGLRenderer(28872): Initialized EGL, version 1.4
04-02 17:30:38.771 W/UiDevice(21779): Skipping null root node for window: AccessibilityWindowInfo[id=870, type=TYPE_APPLICATION, layer=21015, bounds=Rect(0, 0 - 720, 1280), focused=true, active=true, hasParent=false, hasChildren=false]
04-02 17:30:38.837 I/UnicodeIME(25618): onFinishInput: 
04-02 17:30:38.837 I/UnicodeIME(25618): onStartInput
04-02 17:30:38.853 I/ActivityManager( 1314): Displayed com.test.ui.activities.nihao/com.test.ui.activities.MainActivity: +254ms
04-02 17:30:38.895 I/Timeline(28872): Timeline: Activity_idle id: android.os.BinderProxy@2358a761 time:30273776
04-02 17:30:39.287 W/Atfwd_Sendcmd( 2543): AtCmdFwd service not published, waiting... retryCnt : 2
04-02 17:30:39.408 I/Timeline( 1314): Timeline: Activity_windows_visible id: ActivityRecord{286e0974 u0 com.test.ui.activities.nihao/com.test.ui.activities.MainActivity t2730} time:30274289
04-02 17:30:39.410 I/System.out(23762): BaseMvpActivity : [(BaseMvpActivity.java:102)(OnSaveInstanceState)] ----onSaveInstanceState=MainActivity
04-02 17:30:39.411 I/System.out(23762): BasePresenter : [(BasePresenter.java:51)(DetachUI)] ============detachUI
04-02 17:30:39.412 I/System.out(23762): BasePresenter : [(BasePresenter.java:53)(DetachUI)] UI=MainActivity
04-02 17:30:39.413 I/System.out(23762): BaseMvpActivity : [(BaseMvpActivity.java:93)(OnStop)] ----onStop=MainActivity
04-02 17:30:39.414 I/System.out(23762): BasePresenter : [(BasePresenter.java:51)(DetachUI)] ============detachUI
04-02 17:30:39.648 W/ResourceType( 2713): No package identifier when getting value for resource number 0x00000000
04-02 17:30:39.648 W/PackageManager( 2713): Failure retrieving resources for com.verifone.scb.presentation: Resource ID #0x0
04-02 17:30:39.872 W/QueryController(21779): Could not detect idle state.
04-02 17:30:39.911 D/UIAutomatorStub(21779): URI: /jsonrpc/0, Method: POST, params, {NanoHttpd.QUERY_STRING=null}, files: {postData={"jsonrpc": "2.0", "id": "d0a9da96d1892b8754199138635397f2", "method": "objInfo", "params": [{"mask": 1, "childOrSibling": [], "childOrSiblingSelector": [], "text": "\u6d4b\u8bd5\u5de5\u5177"}]}}
04-02 17:30:39.913 W/QueryController(21779): Could not detect idle state.
04-02 17:30:39.935 W/QueryController(21779): Could not detect idle state.
04-02 17:30:39.938 W/QueryController(21779): Could not detect idle state.
04-02 17:30:39.940 W/QueryController(21779): Could not detect idle state.
04-02 17:30:39.942 W/QueryController(21779): Could not detect idle state.
04-02 17:30:39.945 W/QueryController(21779): Could not detect idle state.
04-02 17:30:39.947 W/QueryController(21779): Could not detect idle state.
04-02 17:30:39.949 W/QueryController(21779): Could not detect idle state.
04-02 17:30:39.951 W/QueryController(21779): Could not detect idle state.
04-02 17:30:39.955 W/QueryController(21779): Could not detect idle state.
04-02 17:30:39.957 W/QueryController(21779): Could not detect idle state.
04-02 17:30:39.960 W/QueryController(21779): Could not detect idle state.
04-02 17:30:39.962 W/QueryController(21779): Could not detect idle state.
04-02 17:30:39.964 W/QueryController(21779): Could not detect idle state.
04-02 17:30:39.965 W/QueryController(21779): Could not detect idle state.
04-02 17:30:39.967 W/QueryController(21779): Could not detect idle state.
04-02 17:30:39.970 W/QueryController(21779): Could not detect idle state.
04-02 17:30:39.972 W/QueryController(21779): Could not detect idle state.
04-02 17:30:40.016 D/UIAutomatorStub(21779): URI: /jsonrpc/0, Method: POST, params, {NanoHttpd.QUERY_STRING=null}, files: {postData={"jsonrpc": "2.0", "id": "3f85f7ac4fb33292e4c2b7cef76fb621", "method": "click", "params": [360.0, 1089.0]}}
04-02 17:30:40.019 D/InteractionController(21779): clickNoSync (360, 1089)
04-02 17:30:40.045 D/TaskPersister( 1314): removeObsoleteFile: deleting file=2729_task.xml
04-02 17:30:40.046 D/TaskPersister( 1314): removeObsoleteFile: deleting file=2729_task_thumbnail.png
04-02 17:30:40.048 V/WLAN_PSA(  282): NL MSG, len[4054], NL type[0x1C] WNI type[0x5900] len[48655]
04-02 17:30:40.048 V/WLAN_PSA(  282): NL MSG, PID: 282
04-02 17:30:40.057 I/SurfaceFlinger(  259): FPS: 49
04-02 17:30:40.126 D/MainActivity(28872): Entry[测试工具] been clicked
04-02 17:30:40.127 I/Timeline(28872): Timeline: Activity_launch_request id:com.test.ui.activities.nihao time:30275009
04-02 17:30:40.128 E/AudioPolicyManager(  274): unknown stream type 13
04-02 17:30:40.128 E/AudioPolicyManager(  274): unknown stream type 13
04-02 17:30:40.128 E/AudioPolicyManager(  274): unknown stream type 13
04-02 17:30:40.128 E/AudioPolicyManager(  274): unknown stream type 13
04-02 17:30:40.128 E/AudioPolicyManager(  274): unknown stream type 13
04-02 17:30:40.128 E/AudioPolicyManager(  274): unknown stream type 13
04-02 17:30:40.128 E/AudioPolicyManager(  274): unknown stream type 13
04-02 17:30:40.128 E/AudioPolicyManager(  274): unknown stream type 13
04-02 17:30:40.128 E/AudioPolicyManager(  274): unknown stream type 13
04-02 17:30:40.130 I/ActivityManager( 1314): START u0 {cmp=com.test.ui.activities.nihao/com.test.ui.activities.other.test_tools.TestToolsActivity} from uid 10448 on display 0
04-02 17:30:40.132 D/audio_hw_primary(  274): start_output_stream: enter: stream(0xb8fe2e28)usecase(1: low-latency-playback) devices(0x2)
04-02 17:30:40.133 D/audio_hw_primary(  274): select_devices: out_snd_device(2: speaker) in_snd_device(0: )
04-02 17:30:40.133 D/hardware_info(  274): hw_info_append_hw_type : device_name = speaker
04-02 17:30:40.133 I/soundtrigger(  274): audio_extn_sound_trigger_update_device_status: device 0x2 of type 0 for Event 1, with Raise=0
04-02 17:30:40.133 V/WindowManager( 1314): addAppToken: AppWindowToken{17faf61a token=Token{172e9cc5 ActivityRecord{1c21573c u0 com.test.ui.activities.nihao/com.test.ui.activities.other.test_tools.TestToolsActivity t2730}}} to stack=1 task=2730 at 1
04-02 17:30:40.136 W/audio_hw_utils(  274): audio_extn_utils_update_stream_app_type_cfg: App type could not be selected. Falling back to default
04-02 17:30:40.136 I/audio_hw_primary(  274): select_devices Selected apptype: 69936
04-02 17:30:40.136 D/soundtrigger(  274): audio_extn_sound_trigger_update_stream_status: uc_id 1 of type 0 for Event 3, with Raise=0
04-02 17:30:40.136 D/ACDB-LOADER(  274): ACDB -> send_audio_cal, acdb_id = 14, path =  0
04-02 17:30:40.136 D/ACDB-LOADER(  274): ACDB -> send_asm_topology
04-02 17:30:40.136 D/ACDB-LOADER(  274): ACDB -> ACDB_CMD_GET_AUDPROC_STREAM_TOPOLOGY_ID
04-02 17:30:40.136 D/ACDB-LOADER(  274): ACDB -> send_adm_topology
04-02 17:30:40.136 D/ACDB-LOADER(  274): ACDB -> ACDB_CMD_GET_AUDPROC_COMMON_TOPOLOGY_ID
04-02 17:30:40.136 D/ACDB-LOADER(  274): ACDB -> send_audtable
04-02 17:30:40.136 D/ACDB-LOADER(  274): ACDB -> ACDB_CMD_GET_AUDPROC_COMMON_TABLE
04-02 17:30:40.136 D/ACDB-LOADER(  274): ACDB -> AUDIO_SET_AUDPROC_CAL
04-02 17:30:40.136 D/ACDB-LOADER(  274): ACDB -> send_audvoltable
04-02 17:30:40.136 D/ACDB-LOADER(  274): ACDB -> ACDB_CMD_GET_AUDPROC_GAIN_DEP_STEP_TABLE
04-02 17:30:40.136 D/ACDB-LOADER(  274): ACDB -> AUDIO_SET_AUDPROC_VOL_CAL
04-02 17:30:40.136 D/ACDB-LOADER(  274): ACDB -> send_afe_cal
04-02 17:30:40.136 D/ACDB-LOADER(  274): ACDB -> ACDB_CMD_GET_AFE_COMMON_TABLE
04-02 17:30:40.136 D/ACDB-LOADER(  274): ACDB -> AUDIO_SET_AFE_CAL
04-02 17:30:40.136 D/ACDB-LOADER(  274): ACDB -> send_hw_delay : acdb_id = 14 path = 0
04-02 17:30:40.136 D/ACDB-LOADER(  274): ACDB -> ACDB_AVSYNC_INFO: ACDB_CMD_GET_DEVICE_PROPERTY
04-02 17:30:40.137 I/audio_hw_utils(  274): audio_extn_utils_send_app_type_cfg app_type 69936, acdb_dev_id 14, sample_rate 48000
04-02 17:30:40.138 D/audio_hw_primary(  274): select_devices: done
04-02 17:30:40.158 D/MyApplication(28872): Add activity=com.test.ui.activities.other.test_tools.TestToolsActivity
04-02 17:30:40.198 I/ViewRootImpl(28872): CPU Rendering VSync enable = true
04-02 17:30:40.201 V/WindowManager( 1314): Adding window Window{124aab28 u0 com.test.ui.activities.nihao/com.test.ui.activities.other.test_tools.TestToolsActivity} at 5 of 9 (after Window{8807909 u0 com.test.ui.activities.nihao/com.test.ui.activities.MainActivity})
04-02 17:30:40.289 I/ActivityManager( 1314): Displayed com.test.ui.activities.nihao/com.test.ui.activities.other.test_tools.TestToolsActivity: +148ms
04-02 17:30:40.302 E/AudioPolicyManager(  274): unknown stream type 13
04-02 17:30:40.302 E/AudioPolicyManager(  274): unknown stream type 13
04-02 17:30:40.302 E/AudioPolicyManager(  274): unknown stream type 13
04-02 17:30:40.302 E/AudioPolicyManager(  274): unknown stream type 13
04-02 17:30:40.302 E/AudioPolicyManager(  274): unknown stream type 13
04-02 17:30:40.302 E/AudioPolicyManager(  274): unknown stream type 13
04-02 17:30:40.302 E/AudioPolicyManager(  274): unknown stream type 13
04-02 17:30:40.302 E/AudioPolicyManager(  274): unknown stream type 13
04-02 17:30:40.302 E/AudioPolicyManager(  274): unknown stream type 13
04-02 17:30:40.302 E/AudioPolicyManager(  274): unknown stream type 13
04-02 17:30:40.302 E/AudioPolicyManager(  274): unknown stream type 13
04-02 17:30:40.302 E/AudioPolicyManager(  274): unknown stream type 13
04-02 17:30:40.302 E/AudioPolicyManager(  274): unknown stream type 13
04-02 17:30:40.302 E/AudioPolicyManager(  274): unknown stream type 13
04-02 17:30:40.302 E/AudioPolicyManager(  274): unknown stream type 13
04-02 17:30:40.302 E/AudioPolicyManager(  274): unknown stream type 13
04-02 17:30:40.302 E/AudioPolicyManager(  274): unknown stream type 13
04-02 17:30:40.310 I/UnicodeIME(25618): onFinishInput: 
04-02 17:30:40.310 I/UnicodeIME(25618): onStartInput
04-02 17:30:40.374 D/OpenGLRenderer(28872): endAllStagingAnimators on 0xb88947c0 (RippleDrawable) with handle 0xb8ad4fd0
04-02 17:30:40.380 I/Timeline(28872): Timeline: Activity_idle id: android.os.BinderProxy@1de08815 time:30275262
04-02 17:30:40.671 I/Timeline( 1314): Timeline: Activity_windows_visible id: ActivityRecord{1c21573c u0 com.test.ui.activities.nihao/com.test.ui.activities.other.test_tools.TestToolsActivity t2730} time:30275552
04-02 17:30:40.917 D/wpa_supplicant( 2839): wlan0: Control interface command 'SIGNAL_POLL'
04-02 17:30:43.281 D/audio_hw_primary(  274): out_standby: enter: stream (0xb8fe2e28) usecase(1: low-latency-playback)
04-02 17:30:43.330 D/soundtrigger(  274): audio_extn_sound_trigger_update_stream_status: uc_id 1 of type 0 for Event 2, with Raise=0
04-02 17:30:43.330 D/hardware_info(  274): hw_info_append_hw_type : device_name = speaker
04-02 17:30:43.332 I/soundtrigger(  274): audio_extn_sound_trigger_update_device_status: device 0x2 of type 0 for Event 0, with Raise=0
04-02 17:30:43.933 D/wpa_supplicant( 2839): wlan0: Control interface command 'SIGNAL_POLL'
04-02 17:30:43.949 V/WLAN_PSA(  282): NL MSG, len[4052], NL type[0x1C] WNI type[0x5900] len[48143]
04-02 17:30:43.949 V/WLAN_PSA(  282): NL MSG, PID: 282
04-02 17:30:44.240 D/UIAutomatorStub(21779): URI: /jsonrpc/0, Method: POST, params, {NanoHttpd.QUERY_STRING=null}, files: {postData={"jsonrpc": "2.0", "id": "82dcac6446ab1e7f3b6dbc194638cf0d", "method": "waitForExists", "params": [{"mask": 1, "childOrSibling": [], "childOrSiblingSelector": [], "text": "SCB_QR_SCAN"}, 10000]}}
04-02 17:30:44.242 W/QueryController(21779): Could not detect idle state.
04-02 17:30:44.302 D/UIAutomatorStub(21779): URI: /jsonrpc/0, Method: POST, params, {NanoHttpd.QUERY_STRING=null}, files: {postData={"jsonrpc": "2.0", "id": "2fa25e292c2d0baf116d5e2074636937", "method": "objInfo", "params": [{"mask": 1, "childOrSibling": [], "childOrSiblingSelector": [], "text": "SCB_QR_SCAN"}]}}
04-02 17:30:44.303 W/QueryController(21779): Could not detect idle state.
04-02 17:30:44.328 W/QueryController(21779): Could not detect idle state.
04-02 17:30:44.331 W/QueryController(21779): Could not detect idle state.
04-02 17:30:44.333 W/QueryController(21779): Could not detect idle state.
04-02 17:30:44.337 W/QueryController(21779): Could not detect idle state.
04-02 17:30:44.339 W/QueryController(21779): Could not detect idle state.
04-02 17:30:44.342 W/QueryController(21779): Could not detect idle state.
04-02 17:30:44.345 W/QueryController(21779): Could not detect idle state.
04-02 17:30:44.348 W/QueryController(21779): Could not detect idle state.
04-02 17:30:44.350 W/QueryController(21779): Could not detect idle state.
04-02 17:30:44.352 W/QueryController(21779): Could not detect idle state.
04-02 17:30:44.353 W/QueryController(21779): Could not detect idle state.
04-02 17:30:44.358 W/QueryController(21779): Could not detect idle state.
04-02 17:30:44.361 W/QueryController(21779): Could not detect idle state.
04-02 17:30:44.363 W/QueryController(21779): Could not detect idle state.
04-02 17:30:44.366 W/QueryController(21779): Could not detect idle state.
04-02 17:30:44.372 W/QueryController(21779): Could not detect idle state.
04-02 17:30:44.373 W/QueryController(21779): Could not detect idle state.
04-02 17:30:44.426 D/UIAutomatorStub(21779): URI: /jsonrpc/0, Method: POST, params, {NanoHttpd.QUERY_STRING=null}, files: {postData={"jsonrpc": "2.0", "id": "0f17746f5ce9a26cd375ef93dccdb0fe", "method": "click", "params": [360.0, 824.0]}}
04-02 17:30:44.429 D/InteractionController(21779): clickNoSync (360, 824)
04-02 17:30:44.474 I/SurfaceFlinger(  259): FPS: 37
04-02 17:30:44.536 I/Timeline(28872): Timeline: Activity_launch_request id:com.test.ui.activities.nihao time:30279418
04-02 17:30:44.538 I/ActivityManager( 1314): START u0 {cmp=com.test.ui.activities.nihao/com.test.ui.activities.other.test_tools.scb_qr_scan.QRScanActivity} from uid 10448 on display 0
04-02 17:30:44.541 E/AudioPolicyManager(  274): unknown stream type 13
04-02 17:30:44.541 E/AudioPolicyManager(  274): unknown stream type 13
04-02 17:30:44.541 E/AudioPolicyManager(  274): unknown stream type 13
04-02 17:30:44.541 E/AudioPolicyManager(  274): unknown stream type 13
04-02 17:30:44.541 E/AudioPolicyManager(  274): unknown stream type 13
04-02 17:30:44.541 E/AudioPolicyManager(  274): unknown stream type 13
04-02 17:30:44.541 E/AudioPolicyManager(  274): unknown stream type 13
04-02 17:30:44.541 E/AudioPolicyManager(  274): unknown stream type 13
04-02 17:30:44.541 E/AudioPolicyManager(  274): unknown stream type 13
04-02 17:30:44.543 D/audio_hw_primary(  274): start_output_stream: enter: stream(0xb8fe2e28)usecase(1: low-latency-playback) devices(0x2)
04-02 17:30:44.543 D/audio_hw_primary(  274): select_devices: out_snd_device(2: speaker) in_snd_device(0: )
04-02 17:30:44.543 D/hardware_info(  274): hw_info_append_hw_type : device_name = speaker
04-02 17:30:44.543 I/soundtrigger(  274): audio_extn_sound_trigger_update_device_status: device 0x2 of type 0 for Event 1, with Raise=0
04-02 17:30:44.545 V/WindowManager( 1314): addAppToken: AppWindowToken{d5db740 token=Token{36e8b2c3 ActivityRecord{3b4a2e72 u0 com.test.ui.activities.nihao/com.test.ui.activities.other.test_tools.scb_qr_scan.QRScanActivity t2730}}} to stack=1 task=2730 at 2
04-02 17:30:44.546 W/audio_hw_utils(  274): audio_extn_utils_update_stream_app_type_cfg: App type could not be selected. Falling back to default
04-02 17:30:44.547 I/audio_hw_primary(  274): select_devices Selected apptype: 69936
04-02 17:30:44.547 D/soundtrigger(  274): audio_extn_sound_trigger_update_stream_status: uc_id 1 of type 0 for Event 3, with Raise=0
04-02 17:30:44.547 D/ACDB-LOADER(  274): ACDB -> send_audio_cal, acdb_id = 14, path =  0
04-02 17:30:44.547 D/ACDB-LOADER(  274): ACDB -> send_asm_topology
04-02 17:30:44.547 D/ACDB-LOADER(  274): ACDB -> ACDB_CMD_GET_AUDPROC_STREAM_TOPOLOGY_ID
04-02 17:30:44.547 D/ACDB-LOADER(  274): ACDB -> send_adm_topology
04-02 17:30:44.547 D/ACDB-LOADER(  274): ACDB -> ACDB_CMD_GET_AUDPROC_COMMON_TOPOLOGY_ID
04-02 17:30:44.547 D/ACDB-LOADER(  274): ACDB -> send_audtable
04-02 17:30:44.547 D/ACDB-LOADER(  274): ACDB -> ACDB_CMD_GET_AUDPROC_COMMON_TABLE
04-02 17:30:44.547 D/ACDB-LOADER(  274): ACDB -> AUDIO_SET_AUDPROC_CAL
04-02 17:30:44.547 D/ACDB-LOADER(  274): ACDB -> send_audvoltable
04-02 17:30:44.547 D/ACDB-LOADER(  274): ACDB -> ACDB_CMD_GET_AUDPROC_GAIN_DEP_STEP_TABLE
04-02 17:30:44.547 D/ACDB-LOADER(  274): ACDB -> AUDIO_SET_AUDPROC_VOL_CAL
04-02 17:30:44.547 D/ACDB-LOADER(  274): ACDB -> send_afe_cal
04-02 17:30:44.547 D/ACDB-LOADER(  274): ACDB -> ACDB_CMD_GET_AFE_COMMON_TABLE
04-02 17:30:44.547 D/ACDB-LOADER(  274): ACDB -> AUDIO_SET_AFE_CAL
04-02 17:30:44.547 D/ACDB-LOADER(  274): ACDB -> send_hw_delay : acdb_id = 14 path = 0
04-02 17:30:44.547 D/ACDB-LOADER(  274): ACDB -> ACDB_AVSYNC_INFO: ACDB_CMD_GET_DEVICE_PROPERTY
04-02 17:30:44.547 I/audio_hw_utils(  274): audio_extn_utils_send_app_type_cfg app_type 69936, acdb_dev_id 14, sample_rate 48000
04-02 17:30:44.548 D/audio_hw_primary(  274): select_devices: done
04-02 17:30:44.574 D/AndroidUtil(28872): Bind Service.....
04-02 17:30:44.576 D/MyApplication(28872): Add activity=com.test.ui.activities.other.test_tools.scb_qr_scan.QRScanActivity
04-02 17:30:44.703 I/ViewRootImpl(28872): CPU Rendering VSync enable = true
04-02 17:30:44.716 V/WindowManager( 1314): Adding window Window{307076c u0 com.test.ui.activities.nihao/com.test.ui.activities.other.test_tools.scb_qr_scan.QRScanActivity} at 6 of 10 (after Window{124aab28 u0 com.test.ui.activities.nihao/com.test.ui.activities.other.test_tools.TestToolsActivity})
04-02 17:30:44.719 E/AudioPolicyManager(  274): unknown stream type 13
04-02 17:30:44.719 E/AudioPolicyManager(  274): unknown stream type 13
04-02 17:30:44.719 E/AudioPolicyManager(  274): unknown stream type 13
04-02 17:30:44.719 E/AudioPolicyManager(  274): unknown stream type 13
04-02 17:30:44.719 E/AudioPolicyManager(  274): unknown stream type 13
04-02 17:30:44.720 E/AudioPolicyManager(  274): unknown stream type 13
04-02 17:30:44.720 E/AudioPolicyManager(  274): unknown stream type 13
04-02 17:30:44.720 E/AudioPolicyManager(  274): unknown stream type 13
04-02 17:30:44.720 E/AudioPolicyManager(  274): unknown stream type 13
04-02 17:30:44.720 E/AudioPolicyManager(  274): unknown stream type 13
04-02 17:30:44.720 E/AudioPolicyManager(  274): unknown stream type 13
04-02 17:30:44.720 E/AudioPolicyManager(  274): unknown stream type 13
04-02 17:30:44.720 E/AudioPolicyManager(  274): unknown stream type 13
04-02 17:30:44.720 E/AudioPolicyManager(  274): unknown stream type 13
04-02 17:30:44.720 E/AudioPolicyManager(  274): unknown stream type 13
04-02 17:30:44.720 E/AudioPolicyManager(  274): unknown stream type 13
04-02 17:30:44.720 E/AudioPolicyManager(  274): unknown stream type 13
04-02 17:30:44.799 D/QRScanActivity(28872): onServiceConnected
04-02 17:30:44.867 I/UnicodeIME(25618): onFinishInput: 
04-02 17:30:44.867 I/UnicodeIME(25618): onStartInput
04-02 17:30:44.876 I/ActivityManager( 1314): Displayed com.test.ui.activities.nihao/com.test.ui.activities.other.test_tools.scb_qr_scan.QRScanActivity: +315ms
04-02 17:30:44.964 I/Timeline(28872): Timeline: Activity_idle id: android.os.BinderProxy@26f9294a time:30279846
04-02 17:30:45.137 W/SurfaceFlinger(  259): couldn't log to binary event log: overflow.
04-02 17:30:45.254 I/Timeline( 1314): Timeline: Activity_windows_visible id: ActivityRecord{3b4a2e72 u0 com.test.ui.activities.nihao/com.test.ui.activities.other.test_tools.scb_qr_scan.QRScanActivity t2730} time:30280136
04-02 17:30:45.889 I/SurfaceFlinger(  259): FPS: 47
04-02 17:30:46.921 I/SurfaceFlinger(  259): FPS: 5
04-02 17:30:46.963 D/wpa_supplicant( 2839): wlan0: Control interface command 'SIGNAL_POLL'
