04-02 17:36:22.162 D/wpa_supplicant( 2839): wlan0: Control interface command 'SIGNAL_POLL'
04-02 17:36:23.631 I/SurfaceFlinger(  259): FPS: 5
04-02 17:36:24.390 I/ServiceManager( 3707): Waiting for service AtCmdFwd...
04-02 17:36:24.662 I/SurfaceFlinger(  259): FPS: 5
04-02 17:36:25.068 V/WLAN_PSA(  282): NL MSG, len[4054], NL type[0x1C] WNI type[0x5900] len[48655]
04-02 17:36:25.068 V/WLAN_PSA(  282): NL MSG, PID: 282
04-02 17:36:25.179 D/wpa_supplicant( 2839): wlan0: Control interface command 'SIGNAL_POLL'
04-02 17:36:25.390 I/ServiceManager( 3707): Waiting for service AtCmdFwd...
04-02 17:36:26.130 I/SurfaceFlinger(  259): FPS: 5
04-02 17:36:26.391 I/ServiceManager( 3707): Waiting for service AtCmdFwd...
04-02 17:36:27.162 I/SurfaceFlinger(  259): FPS: 5
04-02 17:36:27.392 I/ServiceManager( 3707): Waiting for service AtCmdFwd...
04-02 17:36:28.197 D/wpa_supplicant( 2839): wlan0: Control interface command 'SIGNAL_POLL'
04-02 17:36:28.210 V/WLAN_PSA(  282): NL MSG, len[4052], NL type[0x1C] WNI type[0x5900] len[48143]
04-02 17:36:28.210 V/WLAN_PSA(  282): NL MSG, PID: 282
04-02 17:36:28.392 I/ServiceManager( 3707): Waiting for service AtCmdFwd...
04-02 17:36:28.631 I/SurfaceFlinger(  259): FPS: 5
04-02 17:36:28.936 D/VM_BMS  (  472): wake_lock acquired
04-02 17:36:28.936 D/VM_BMS  (  472): New BMS data - Size=56
04-02 17:36:28.936 D/VM_BMS  (  472): Start process_bms_data
04-02 17:36:28.936 D/VM_BMS  (  472): Battery charge_cycle=17 fcc_adjust=527 rbatt_adjust=527 cycle_changed=false
04-02 17:36:28.938 D/VM_BMS  (  472): For batt_temp=289 fcc_mah=4997
04-02 17:36:28.938 D/VM_BMS  (  472): Lookup fcc_mah=4997.000000  adjusted fcc_mah=4970.666016
04-02 17:36:28.938 D/VM_BMS  (  472): For ocv=4192893 batt_temp=289 soc=100
04-02 17:36:28.938 D/VM_BMS  (  472): fifo_count=5 acc_count=0
04-02 17:36:28.938 D/VM_BMS  (  472): INIT: ocv=4192893 last_ocv=4192893 batt_temp=289 soc=100
04-02 17:36:28.938 D/VM_BMS  (  472): For soc=100 batt_temp=289 slope=14800
04-02 17:36:28.938 D/VM_BMS  (  472): For soc=100 batt_temp=289 rbatt_sf=99
04-02 17:36:28.938 D/VM_BMS  (  472): rbatt_mohm_default=100, rbatt_mohm=99, sf=99 batt_temp=289
04-02 17:36:28.938 D/VM_BMS  (  472): Lookup rbatt=99.000000  adjusted rbatt=99.521729
04-02 17:36:28.938 D/VM_BMS  (  472): For ocv=4192879 batt_temp=289 soc=100
04-02 17:36:28.938 D/VM_BMS  (  472): FIFO=0 fifo_avg=4.190170 rbatt=0.149522 slope=1.480000 ibatt=0.018168 ocv=4.192880 soc=100 fcc_ah=4.970666 sample_count=128 sample_interval=70 seq_num=755
04-02 17:36:28.938 D/VM_BMS  (  472): For soc=100 batt_temp=289 slope=14800
04-02 17:36:28.938 D/VM_BMS  (  472): For soc=100 batt_temp=289 rbatt_sf=99
04-02 17:36:28.938 D/VM_BMS  (  472): rbatt_mohm_default=100, rbatt_mohm=99, sf=99 batt_temp=289
04-02 17:36:28.938 D/VM_BMS  (  472): Lookup rbatt=99.000000  adjusted rbatt=99.521729
04-02 17:36:28.938 D/VM_BMS  (  472): For ocv=4192864 batt_temp=289 soc=100
04-02 17:36:28.939 D/VM_BMS  (  472): FIFO=1 fifo_avg=4.189855 rbatt=0.149522 slope=1.480000 ibatt=0.020175 ocv=4.192864 soc=100 fcc_ah=4.970666 sample_count=128 sample_interval=70 seq_num=755
04-02 17:36:28.939 D/VM_BMS  (  472): For soc=100 batt_temp=289 slope=14800
04-02 17:36:28.939 D/VM_BMS  (  472): For soc=100 batt_temp=289 rbatt_sf=99
04-02 17:36:28.939 D/VM_BMS  (  472): rbatt_mohm_default=100, rbatt_mohm=99, sf=99 batt_temp=289
04-02 17:36:28.939 D/VM_BMS  (  472): Lookup rbatt=99.000000  adjusted rbatt=99.521729
04-02 17:36:28.939 D/VM_BMS  (  472): For ocv=4192850 batt_temp=289 soc=100
04-02 17:36:28.939 D/VM_BMS  (  472): FIFO=2 fifo_avg=4.190149 rbatt=0.149522 slope=1.480000 ibatt=0.018114 ocv=4.192851 soc=100 fcc_ah=4.970666 sample_count=128 sample_interval=70 seq_num=755
04-02 17:36:28.939 D/VM_BMS  (  472): For soc=100 batt_temp=289 slope=14800
04-02 17:36:28.939 D/VM_BMS  (  472): For soc=100 batt_temp=289 rbatt_sf=99
04-02 17:36:28.939 D/VM_BMS  (  472): rbatt_mohm_default=100, rbatt_mohm=99, sf=99 batt_temp=289
04-02 17:36:28.939 D/VM_BMS  (  472): Lookup rbatt=99.000000  adjusted rbatt=99.521729
04-02 17:36:28.939 D/VM_BMS  (  472): For ocv=4192836 batt_temp=289 soc=100
04-02 17:36:28.939 D/VM_BMS  (  472): FIFO=3 fifo_avg=4.190161 rbatt=0.149522 slope=1.480000 ibatt=0.017939 ocv=4.192837 soc=100 fcc_ah=4.970666 sample_count=128 sample_interval=70 seq_num=755
04-02 17:36:28.939 D/VM_BMS  (  472): For soc=100 batt_temp=289 slope=14800
04-02 17:36:28.939 D/VM_BMS  (  472): For soc=100 batt_temp=289 rbatt_sf=99
04-02 17:36:28.939 D/VM_BMS  (  472): rbatt_mohm_default=100, rbatt_mohm=99, sf=99 batt_temp=289
04-02 17:36:28.939 D/VM_BMS  (  472): Lookup rbatt=99.000000  adjusted rbatt=99.521729
04-02 17:36:28.939 D/VM_BMS  (  472): For ocv=4192824 batt_temp=289 soc=100
04-02 17:36:28.939 D/VM_BMS  (  472): FIFO=4 fifo_avg=4.190443 rbatt=0.149522 slope=1.480000 ibatt=0.015963 ocv=4.192824 soc=100 fcc_ah=4.970666 sample_count=128 sample_interval=70 seq_num=755
04-02 17:36:28.941 I/VM_BMS  (  472): power_supply_update: ocv_uv=4192824 ibatt=15963 soc=100 seq_num=755
04-02 17:36:28.941 D/VM_BMS  (  472): End process_bms_data
04-02 17:36:28.941 D/VM_BMS  (  472): wake_lock released
04-02 17:36:29.392 W/Atfwd_Sendcmd( 3707): AtCmdFwd service not published, waiting... retryCnt : 2
04-02 17:36:29.662 I/SurfaceFlinger(  259): FPS: 5
04-02 17:36:30.679 I/SurfaceFlinger(  259): FPS: 4
04-02 17:36:30.909 E/WifiStateMachine( 1314): WifiStateMachine CMD_START_SCAN source -2 txSuccessRate=0.00 rxSuccessRate=0.00 targetRoamBSSID=any RSSI=-46
04-02 17:36:30.910 E/WifiStateMachine( 1314): WifiStateMachine starting scan for "Verifone_Guest"-WPA_PSK with 2412,2462,2437
04-02 17:36:30.910 D/wpa_supplicant( 2839): wlan0: Control interface command 'SCAN TYPE=ONLY freq=2412,2462,2437'
04-02 17:36:30.910 D/wpa_supplicant( 2839): wlan0: Setting scan request: 0.000000 sec
04-02 17:36:30.910 D/wpa_supplicant( 2839): wlan0: Starting AP scan for wildcard SSID
04-02 17:36:30.910 D/wpa_supplicant( 2839): wlan0: Limit manual scan to specified channels
04-02 17:36:30.910 D/wpa_supplicant( 2839): wlan0: Add radio work 'scan'@0xb8c3fac8
04-02 17:36:30.910 D/wpa_supplicant( 2839): wlan0: First radio work item in the queue - schedule start immediately
04-02 17:36:30.910 D/wpa_supplicant( 2839): wlan0: Starting radio work 'scan'@0xb8c3fac8 after 0.000065 second wait
04-02 17:36:30.910 D/wpa_supplicant( 2839): wlan0: nl80211: scan request
04-02 17:36:30.910 D/wpa_supplicant( 2839): nl80211: Scan SSID - hexdump(len=0): [NULL]
04-02 17:36:30.910 D/wpa_supplicant( 2839): nl80211: Scan frequency 2412 MHz
04-02 17:36:30.910 D/wpa_supplicant( 2839): nl80211: Scan frequency 2437 MHz
04-02 17:36:30.911 D/wpa_supplicant( 2839): nl80211: Scan frequency 2462 MHz
04-02 17:36:30.911 V/WLAN_PSA(  282): NL MSG, len[4012], NL type[0x1C] WNI type[0x5900] len[37903]
04-02 17:36:30.911 V/WLAN_PSA(  282): NL MSG, PID: 282
04-02 17:36:30.912 I/WifiHAL ( 1314): Poll result = 1
04-02 17:36:30.912 I/WifiHAL ( 1314): Found some events!!!
04-02 17:36:30.912 D/wpa_supplicant( 2839): Scan requested (ret=0) - scan timeout 30 seconds
04-02 17:36:30.912 D/WifiHAL ( 1314): no_seq_check received
04-02 17:36:30.912 I/WifiHAL ( 1314): event received NL80211_CMD_TRIGGER_SCAN
04-02 17:36:30.913 D/wpa_supplicant( 2839): nl80211: Event message available
04-02 17:36:30.913 I/WifiHAL ( 1314): event received NL80211_CMD_TRIGGER_SCAN, vendor_id = 0x0
04-02 17:36:30.913 I/WifiHAL ( 1314): event ignored!!
04-02 17:36:30.913 D/wpa_supplicant( 2839): nl80211: Drv Event 33 (NL80211_CMD_TRIGGER_SCAN) received for wlan0
04-02 17:36:30.913 D/wpa_supplicant( 2839): wlan0: nl80211: Scan trigger
04-02 17:36:30.913 D/wpa_supplicant( 2839): wlan0: Event SCAN_STARTED (49) received
04-02 17:36:30.913 D/wpa_supplicant( 2839): wlan0: Own scan request started a scan in 0.000183 seconds
04-02 17:36:30.913 D/wpa_supplicant( 2839): CTRL_IFACE monitor sent successfully to /data/misc/wifi/sockets/wpa_ctrl_291-1\x00
04-02 17:36:30.913 D/wpa_supplicant( 2839): CTRL_IFACE monitor sent successfully to /data/misc/wifi/sockets/wpa_ctrl_1314-3\x00
04-02 17:36:30.913 V/WLAN_PSA(  282): NL MSG, len[914], NL type[0x11] WNI type[0x5050] len[894]
04-02 17:36:30.913 V/WLAN_PSA(  282): NL MSG, PID: 282
04-02 17:36:30.913 V/WLAN_PSA(  282): NL MSG, len[048], NL type[0x11] WNI type[0x5050] len[028]
04-02 17:36:30.913 V/WLAN_PSA(  282): NL MSG, PID: 282
04-02 17:36:30.938 V/WLAN_PSA(  282): NL MSG, len[4094], NL type[0x1C] WNI type[0x5900] len[58895]
04-02 17:36:30.938 V/WLAN_PSA(  282): NL MSG, PID: 282
04-02 17:36:30.978 V/WLAN_PSA(  282): NL MSG, len[3977], NL type[0x1C] WNI type[0x5900] len[28943]
04-02 17:36:30.978 V/WLAN_PSA(  282): NL MSG, PID: 282
04-02 17:36:31.018 V/WLAN_PSA(  282): NL MSG, len[4050], NL type[0x1C] WNI type[0x5900] len[47631]
04-02 17:36:31.018 V/WLAN_PSA(  282): NL MSG, PID: 282
04-02 17:36:31.054 V/WLAN_PSA(  282): NL MSG, len[914], NL type[0x11] WNI type[0x5050] len[894]
04-02 17:36:31.054 V/WLAN_PSA(  282): NL MSG, PID: 282
04-02 17:36:31.055 V/WLAN_PSA(  282): NL MSG, len[3956], NL type[0x1C] WNI type[0x5900] len[23567]
04-02 17:36:31.055 V/WLAN_PSA(  282): NL MSG, PID: 282
04-02 17:36:31.055 V/WLAN_PSA(  282): NL MSG, len[4050], NL type[0x1C] WNI type[0x5900] len[47631]
04-02 17:36:31.055 V/WLAN_PSA(  282): NL MSG, PID: 282
04-02 17:36:31.055 I/WifiHAL ( 1314): Poll result = 1
04-02 17:36:31.055 I/WifiHAL ( 1314): Found some events!!!
04-02 17:36:31.055 D/WifiHAL ( 1314): no_seq_check received
04-02 17:36:31.055 I/WifiHAL ( 1314): event received NL80211_CMD_NEW_SCAN_RESULTS
04-02 17:36:31.055 I/WifiHAL ( 1314): event received NL80211_CMD_NEW_SCAN_RESULTS, vendor_id = 0x0
04-02 17:36:31.055 I/WifiHAL ( 1314): event ignored!!
04-02 17:36:31.055 D/wpa_supplicant( 2839): nl80211: Event message available
04-02 17:36:31.055 D/wpa_supplicant( 2839): nl80211: Drv Event 34 (NL80211_CMD_NEW_SCAN_RESULTS) received for wlan0
04-02 17:36:31.055 D/wpa_supplicant( 2839): wlan0: nl80211: New scan results available
04-02 17:36:31.055 D/wpa_supplicant( 2839): nl80211: Scan included frequencies: 2412 2437 2462
04-02 17:36:31.055 D/wpa_supplicant( 2839): wlan0: Event SCAN_RESULTS (3) received
04-02 17:36:31.055 D/wpa_supplicant( 2839): wlan0: Scan completed in 0.142698 seconds
04-02 17:36:31.056 D/wpa_supplicant( 2839): nl80211: Associated on 2412 MHz
04-02 17:36:31.056 D/wpa_supplicant( 2839): nl80211: Associated with 00:6b:f1:67:8d:01
04-02 17:36:31.056 D/wpa_supplicant( 2839): nl80211: Received scan results (10 BSSes)
04-02 17:36:31.056 D/wpa_supplicant( 2839): nl80211: Scan results indicate BSS status with 00:6b:f1:67:8d:01 as associated
04-02 17:36:31.056 D/wpa_supplicant( 2839): wlan0: BSS: Start scan result update 921
04-02 17:36:31.056 D/wpa_supplicant( 2839): wlan0: BSS: Remove id 1309 BSSID 34:5b:bb:ba:61:47 SSID 'midea_ca_1730' due to no match in scan
04-02 17:36:31.056 D/wpa_supplicant( 2839): CTRL_IFACE monitor sent successfully to /data/misc/wifi/sockets/wpa_ctrl_291-1\x00
04-02 17:36:31.056 D/wpa_supplicant( 2839): CTRL_IFACE monitor sent successfully to /data/misc/wifi/sockets/wpa_ctrl_1314-3\x00
04-02 17:36:31.056 D/wpa_supplicant( 2839): wlan0: BSS: Remove id 1310 BSSID ec:26:ca:b3:30:c6 SSID 'chenxi1963' due to no match in scan
04-02 17:36:31.056 D/wpa_supplicant( 2839): CTRL_IFACE monitor sent successfully to /data/misc/wifi/sockets/wpa_ctrl_291-1\x00
04-02 17:36:31.057 D/wpa_supplicant( 2839): CTRL_IFACE monitor sent successfully to /data/misc/wifi/sockets/wpa_ctrl_1314-3\x00
04-02 17:36:31.057 D/wpa_supplicant( 2839): BSS: last_scan_res_used=10/32
04-02 17:36:31.057 D/wpa_supplicant( 2839): wlan0: Scan-only results received
04-02 17:36:31.057 D/wpa_supplicant( 2839): CTRL_IFACE monitor sent successfully to /data/misc/wifi/sockets/wpa_ctrl_291-1\x00
04-02 17:36:31.057 D/wpa_supplicant( 2839): CTRL_IFACE monitor sent successfully to /data/misc/wifi/sockets/wpa_ctrl_1314-3\x00
04-02 17:36:31.057 D/wpa_supplicant( 2839): wlan0: Radio work 'scan'@0xb8c3fac8 done in 0.146402 seconds
04-02 17:36:31.061 D/wpa_supplicant( 2839): wlan0: Control interface command 'BSS RANGE=0- MASK=0x21987'
04-02 17:36:31.077 D/wpa_supplicant( 2839): wlan0: Control interface command 'STATUS-NO_EVENTS'
04-02 17:36:31.212 D/wpa_supplicant( 2839): wlan0: Control interface command 'SIGNAL_POLL'
04-02 17:36:32.147 I/SurfaceFlinger(  259): FPS: 5
04-02 17:36:33.068 V/WLAN_PSA(  282): NL MSG, len[4068], NL type[0x1C] WNI type[0x5900] len[52239]
04-02 17:36:33.068 V/WLAN_PSA(  282): NL MSG, PID: 282
04-02 17:36:33.175 I/SurfaceFlinger(  259): FPS: 5
04-02 17:36:34.180 I/SurfaceFlinger(  259): FPS: 4
04-02 17:36:34.230 D/wpa_supplicant( 2839): wlan0: Control interface command 'SIGNAL_POLL'
04-02 17:36:35.648 I/SurfaceFlinger(  259): FPS: 5
04-02 17:36:36.680 I/SurfaceFlinger(  259): FPS: 5
04-02 17:36:37.247 V/WLAN_PSA(  282): NL MSG, len[4095], NL type[0x1C] WNI type[0x5900] len[59151]
04-02 17:36:37.247 V/WLAN_PSA(  282): NL MSG, PID: 282
04-02 17:36:37.248 D/wpa_supplicant( 2839): wlan0: Control interface command 'SIGNAL_POLL'
04-02 17:36:37.560 D/com.socsi.thread.UploadTermInfoThread(24223): CommonConfig.isFirstStart:false
04-02 17:36:37.561 D/com.socsi.thread.UploadTermInfoThread(24223): 上一次的请求时间CommonConfig.lastExeTime:20190402142737
04-02 17:36:37.563 D/com.socsi.thread.UploadTermInfoThread(24223): 下一次的请求时间CommonConfig.nextExeTime:
04-02 17:36:37.564 D/com.socsi.thread.UploadTermInfoThread(24223): 下一次执行时间为空
04-02 17:36:37.572 D/com.socsi.thread.UploadTermInfoThread(24223): 当前状态currentStat:1      上一次状态lastExeStat:1
04-02 17:36:37.575 D/com.socsi.thread.UploadTermInfoThread(24223): 相差天数diffDay:0
04-02 17:36:37.577 D/com.socsi.thread.UploadTermInfoThread(24223): 状态没有变化，不符合发起查询的条件
04-02 17:36:38.159 I/SurfaceFlinger(  259): FPS: 5
04-02 17:36:38.455 D/com.socsi.thread.UploadResultThread(24223): 【进入应用下载结果上送线程】
04-02 17:36:38.457 D/com.socsi.thread.UploadResultThread(24223): ..........终端无应用下载/更新结果可以上送
04-02 17:36:38.460 D/com.socsi.thread.UploadResultThread(24223): ------------结果上送over------------------
04-02 17:36:39.164 I/SurfaceFlinger(  259): FPS: 4
04-02 17:36:39.393 I/ServiceManager( 3707): Waiting for service AtCmdFwd...
04-02 17:36:40.196 I/SurfaceFlinger(  259): FPS: 5
04-02 17:36:40.267 D/wpa_supplicant( 2839): wlan0: Control interface command 'SIGNAL_POLL'
04-02 17:36:40.393 I/ServiceManager( 3707): Waiting for service AtCmdFwd...
04-02 17:36:40.788 E/QCALOG  (  351): [MessageQ] ProcessNewMessage: [XT-CS] unknown deliver target [LOWI-SERVER]
04-02 17:36:41.068 V/WLAN_PSA(  282): NL MSG, len[4093], NL type[0x1C] WNI type[0x5900] len[58639]
04-02 17:36:41.068 V/WLAN_PSA(  282): NL MSG, PID: 282
04-02 17:36:41.394 I/ServiceManager( 3707): Waiting for service AtCmdFwd...
04-02 17:36:41.665 I/SurfaceFlinger(  259): FPS: 5
04-02 17:36:42.395 I/ServiceManager( 3707): Waiting for service AtCmdFwd...
04-02 17:36:42.697 I/SurfaceFlinger(  259): FPS: 5
04-02 17:36:43.286 D/wpa_supplicant( 2839): wlan0: Control interface command 'SIGNAL_POLL'
04-02 17:36:43.395 I/ServiceManager( 3707): Waiting for service AtCmdFwd...
04-02 17:36:44.164 I/SurfaceFlinger(  259): FPS: 5
04-02 17:36:44.395 W/Atfwd_Sendcmd( 3707): AtCmdFwd service not published, waiting... retryCnt : 3
04-02 17:36:44.441 D/UIAutomatorStub(21779): URI: /ping, Method: GET, params, {NanoHttpd.QUERY_STRING=null}, files: {}
04-02 17:36:44.477 D/UIAutomatorStub(21779): URI: /jsonrpc/0, Method: POST, params, {NanoHttpd.QUERY_STRING=null}, files: {postData={"jsonrpc": "2.0", "id": 1, "method": "deviceInfo"}}
04-02 17:36:44.478 W/QueryController(21779): Could not detect idle state.
04-02 17:36:44.498 W/QueryController(21779): Could not detect idle state.
04-02 17:36:44.499 W/QueryController(21779): Could not detect idle state.
04-02 17:36:44.499 W/QueryController(21779): Could not detect idle state.
04-02 17:36:44.826 D/AndroidRuntime( 4095): >>>>>> START com.android.internal.os.RuntimeInit uid 2000 <<<<<<
04-02 17:36:44.830 D/AndroidRuntime( 4095): CheckJNI is OFF
04-02 17:36:44.999 D/AndroidRuntime( 4095): Calling main entry com.android.commands.input.Input
04-02 17:36:45.001 I/Input   ( 4095): injectKeyEvent: KeyEvent { action=ACTION_DOWN, keyCode=KEYCODE_HOME, scanCode=0, metaState=0, flags=0x0, repeatCount=0, eventTime=30639882, downTime=30639882, deviceId=-1, source=0x101 }
04-02 17:36:45.005 I/UnicodeIME(25618): onKeyDown (keyCode='3', event.keyCode='3', metaState='0')
04-02 17:36:45.009 I/Input   ( 4095): injectKeyEvent: KeyEvent { action=ACTION_UP, keyCode=KEYCODE_HOME, scanCode=0, metaState=0, flags=0x0, repeatCount=0, eventTime=30639882, downTime=30639882, deviceId=-1, source=0x101 }
04-02 17:36:45.010 W/Settings( 1314): Setting airplane_mode_on has moved from android.provider.Settings.System to android.provider.Settings.Global, returning read-only value.
04-02 17:36:45.010 D/ldebug  ( 1314): AirplaneMode = 0,WifiState =3
04-02 17:36:45.011 W/TelecomManager( 1314): Telecom Service not found.
04-02 17:36:45.013 I/ActivityManager( 1314): START u0 {act=android.intent.action.MAIN cat=[android.intent.category.HOME] flg=0x10200000 cmp=com.android.launcher3/.Launcher} from uid 1000 on display 0
04-02 17:36:45.035 D/AndroidRuntime( 4095): Shutting down VM
04-02 17:36:45.035 I/UnicodeIME(25618): onKeyUp (keyCode='3', event.keyCode='3', metaState='0')
04-02 17:36:45.077 I/Adreno-EGL( 3096): <qeglDrvAPI_eglInitialize:379>: EGL 1.4 QUALCOMM build: AU_LINUX_ANDROID_LA.BR.1.2.3_RB1.05.01.00.036.053_msm8909_LA.BR.1.2.3_RB1__release_AU (Ibddc658e36)
04-02 17:36:45.077 I/Adreno-EGL( 3096): OpenGL ES Shader Compiler Version: E031.25.03.04
04-02 17:36:45.077 I/Adreno-EGL( 3096): Build Date: 09/10/15 Thu
04-02 17:36:45.077 I/Adreno-EGL( 3096): Local Branch: mybranch13976726
04-02 17:36:45.077 I/Adreno-EGL( 3096): Remote Branch: quic/LA.BR.1.2.3_rb1.79
04-02 17:36:45.077 I/Adreno-EGL( 3096): Local Patches: NONE
04-02 17:36:45.077 I/Adreno-EGL( 3096): Reconstruct Branch: AU_LINUX_ANDROID_LA.BR.1.2.3_RB1.05.01.00.036.053 + 7c4888a + 22ca218 + 855d166 + 95575a0 + 4193eef + 64d916f + 88f4cbe + c272012 + 046ce63 + 9b2bddc + d5b5339 + a2bdc2f +  NOTHING
04-02 17:36:45.077 I/OpenGLRenderer( 3096): Initialized EGL, version 1.4
04-02 17:36:45.107 W/InputMethodManagerService( 1314): Starting input on non-focused client com.android.internal.view.IInputMethodClient$Stub$Proxy@3d3ddd78 (uid=10448 pid=28872)
04-02 17:36:45.108 I/UnicodeIME(25618): onFinishInput: 
04-02 17:36:45.109 W/IInputConnectionWrapper(28872): showStatusIcon on inactive InputConnection
04-02 17:36:45.108 I/UnicodeIME(25618): onStartInput
04-02 17:36:45.143 V/RenderScript( 3096): Application requested CPU execution
04-02 17:36:45.144 V/RenderScript( 3096): 0xb8ac53b8 Launching thread(s), CPUs 4
04-02 17:36:45.179 I/SurfaceFlinger(  259): FPS: 10
04-02 17:36:45.183 I/Timeline( 3096): Timeline: Activity_idle id: android.os.BinderProxy@43b23f0 time:30640065
04-02 17:36:45.451 I/Timeline( 1314): Timeline: Activity_windows_visible id: ActivityRecord{306c0518 u0 com.android.launcher3/.Launcher t2699} time:30640333
04-02 17:36:45.515 D/AndroidRuntime( 4118): >>>>>> START com.android.internal.os.RuntimeInit uid 2000 <<<<<<
04-02 17:36:45.519 D/AndroidRuntime( 4118): CheckJNI is OFF
04-02 17:36:45.664 W/SurfaceFlinger(  259): couldn't log to binary event log: overflow.
04-02 17:36:45.665 W/OpenGLRenderer( 3096): Incorrectly called buildLayer on View: ShortcutAndWidgetContainer, destroying layer...
04-02 17:36:45.665 W/OpenGLRenderer( 3096): Incorrectly called buildLayer on View: ShortcutAndWidgetContainer, destroying layer...
04-02 17:36:45.702 D/AndroidRuntime( 4118): Calling main entry com.android.commands.input.Input
04-02 17:36:45.703 I/Input   ( 4118): injectKeyEvent: KeyEvent { action=ACTION_DOWN, keyCode=KEYCODE_BACK, scanCode=0, metaState=0, flags=0x0, repeatCount=0, eventTime=30640585, downTime=30640585, deviceId=-1, source=0x101 }
04-02 17:36:45.705 I/UnicodeIME(25618): onKeyDown (keyCode='4', event.keyCode='4', metaState='0')
04-02 17:36:45.706 I/Input   ( 4118): injectKeyEvent: KeyEvent { action=ACTION_UP, keyCode=KEYCODE_BACK, scanCode=0, metaState=0, flags=0x0, repeatCount=0, eventTime=30640585, downTime=30640585, deviceId=-1, source=0x101 }
04-02 17:36:45.707 W/Settings( 1314): Setting airplane_mode_on has moved from android.provider.Settings.System to android.provider.Settings.Global, returning read-only value.
04-02 17:36:45.707 D/ldebug  ( 1314): AirplaneMode = 0,WifiState =3
04-02 17:36:45.708 I/UnicodeIME(25618): onKeyUp (keyCode='4', event.keyCode='4', metaState='0')
04-02 17:36:45.711 D/AndroidRuntime( 4118): Shutting down VM
04-02 17:36:45.961 W/WindowManager( 1314): Attempted to remove non-existing token: android.os.Binder@30dffa5b
04-02 17:36:46.066 W/ResourceType( 2713): No package identifier when getting value for resource number 0x00000000
04-02 17:36:46.067 W/PackageManager( 2713): Failure retrieving resources for com.test.ui.activities.nihao: Resource ID #0x0
04-02 17:36:46.182 V/WLAN_PSA(  282): NL MSG, len[4019], NL type[0x1C] WNI type[0x5900] len[39695]
04-02 17:36:46.182 V/WLAN_PSA(  282): NL MSG, PID: 282
04-02 17:36:46.196 I/SurfaceFlinger(  259): FPS: 58
04-02 17:36:46.251 D/AndroidRuntime( 4134): >>>>>> START com.android.internal.os.RuntimeInit uid 2000 <<<<<<
04-02 17:36:46.255 D/AndroidRuntime( 4134): CheckJNI is OFF
04-02 17:36:46.304 D/wpa_supplicant( 2839): wlan0: Control interface command 'SIGNAL_POLL'
04-02 17:36:46.454 D/AndroidRuntime( 4134): Calling main entry com.android.commands.am.Am
04-02 17:36:46.470 I/UIAService(21779): Stopping service
04-02 17:36:46.472 D/AndroidRuntime( 4134): Shutting down VM
04-02 17:36:46.476 E/ActivityThread(21779): Service com.github.uiautomator.Service has leaked IntentReceiver com.github.uiautomator.monitor.BatteryMonitor$1@ba199d5 that was originally registered here. Are you missing a call to unregisterReceiver()?
04-02 17:36:46.476 E/ActivityThread(21779): android.app.IntentReceiverLeaked: Service com.github.uiautomator.Service has leaked IntentReceiver com.github.uiautomator.monitor.BatteryMonitor$1@ba199d5 that was originally registered here. Are you missing a call to unregisterReceiver()?
04-02 17:36:46.476 E/ActivityThread(21779): 	at android.app.LoadedApk$ReceiverDispatcher.<init>(LoadedApk.java:903)
04-02 17:36:46.476 E/ActivityThread(21779): 	at android.app.LoadedApk.getReceiverDispatcher(LoadedApk.java:704)
04-02 17:36:46.476 E/ActivityThread(21779): 	at android.app.ContextImpl.registerReceiverInternal(ContextImpl.java:1665)
04-02 17:36:46.476 E/ActivityThread(21779): 	at android.app.ContextImpl.registerReceiver(ContextImpl.java:1645)
04-02 17:36:46.476 E/ActivityThread(21779): 	at android.app.ContextImpl.registerReceiver(ContextImpl.java:1639)
04-02 17:36:46.476 E/ActivityThread(21779): 	at android.content.ContextWrapper.registerReceiver(ContextWrapper.java:489)
04-02 17:36:46.476 E/ActivityThread(21779): 	at com.github.uiautomator.monitor.BatteryMonitor.register(BatteryMonitor.java:40)
04-02 17:36:46.476 E/ActivityThread(21779): 	at com.github.uiautomator.monitor.AbstractMonitor.<init>(AbstractMonitor.java:17)
04-02 17:36:46.476 E/ActivityThread(21779): 	at com.github.uiautomator.monitor.BatteryMonitor.<init>(BatteryMonitor.java:21)
04-02 17:36:46.476 E/ActivityThread(21779): 	at com.github.uiautomator.Service.onCreate(Service.java:53)
04-02 17:36:46.476 E/ActivityThread(21779): 	at android.app.ActivityThread.handleCreateService(ActivityThread.java:2761)
04-02 17:36:46.476 E/ActivityThread(21779): 	at android.app.ActivityThread.access$1800(ActivityThread.java:151)
04-02 17:36:46.476 E/ActivityThread(21779): 	at android.app.ActivityThread$H.handleMessage(ActivityThread.java:1386)
04-02 17:36:46.476 E/ActivityThread(21779): 	at android.os.Handler.dispatchMessage(Handler.java:102)
04-02 17:36:46.476 E/ActivityThread(21779): 	at android.os.Looper.loop(Looper.java:135)
04-02 17:36:46.476 E/ActivityThread(21779): 	at android.app.ActivityThread.main(ActivityThread.java:5254)
04-02 17:36:46.476 E/ActivityThread(21779): 	at java.lang.reflect.Method.invoke(Native Method)
04-02 17:36:46.476 E/ActivityThread(21779): 	at java.lang.reflect.Method.invoke(Method.java:372)
04-02 17:36:46.476 E/ActivityThread(21779): 	at com.android.internal.os.ZygoteInit$MethodAndArgsCaller.run(ZygoteInit.java:902)
04-02 17:36:46.476 E/ActivityThread(21779): 	at com.android.internal.os.ZygoteInit.main(ZygoteInit.java:697)
04-02 17:36:47.446 D/AndroidRuntime( 4147): >>>>>> START com.android.internal.os.RuntimeInit uid 2000 <<<<<<
04-02 17:36:47.451 D/AndroidRuntime( 4147): CheckJNI is OFF
04-02 17:36:47.623 D/AndroidRuntime( 4147): Calling main entry com.android.commands.am.Am
04-02 17:36:47.637 D/AndroidRuntime( 4147): Shutting down VM
04-02 17:36:47.648 W/TelecomManager( 1314): Telecom Service not found.
04-02 17:36:47.649 V/NotificationService( 1314): pkg=com.github.uiautomator canInterrupt=false intercept=true
04-02 17:36:47.652 I/UIABatteryMonitor(21779): Monitor starting
04-02 17:36:47.653 I/UIARotationMonitor(21779): Monitor starting
04-02 17:36:47.654 I/UIARotationMonitor(21779): Orientation 0
04-02 17:36:47.660 I/UIAService(21779): On StartCommand
04-02 17:36:47.661 W/UIAService(21779): Unknown action null
04-02 17:36:47.661 D/UIABatteryMonitor(21779): notify battery changed. current level 100
04-02 17:36:47.664 D/UIABatteryMonitor(21779): notify battery changed. current level 0
04-02 17:36:47.688 W/TelecomManager( 1314): Telecom Service not found.
04-02 17:36:47.688 V/NotificationService( 1314): pkg=com.github.uiautomator canInterrupt=false intercept=true
04-02 17:36:47.706 W/TelecomManager( 1314): Telecom Service not found.
04-02 17:36:47.707 V/NotificationService( 1314): pkg=com.github.uiautomator canInterrupt=false intercept=true
04-02 17:36:47.765 I/SurfaceFlinger(  259): FPS: 32
04-02 17:36:47.874 D/UIAutomatorStub(21779): URI: /ping, Method: GET, params, {NanoHttpd.QUERY_STRING=null}, files: {}
04-02 17:36:47.944 D/UIAutomatorStub(21779): URI: /jsonrpc/0, Method: POST, params, {NanoHttpd.QUERY_STRING=null}, files: {postData={"jsonrpc": "2.0", "id": 1, "method": "deviceInfo"}}
04-02 17:36:47.945 W/System.err(21779): java.lang.IllegalStateException: UiAutomation not connected!
04-02 17:36:47.946 W/System.err(21779): 	at android.app.UiAutomation.throwIfNotConnectedLocked(UiAutomation.java:914)
04-02 17:36:47.946 W/System.err(21779): 	at android.app.UiAutomation.waitForIdle(UiAutomation.java:576)
04-02 17:36:47.946 W/System.err(21779): 	at android.support.test.uiautomator.QueryController.waitForIdle(QueryController.java:532)
04-02 17:36:47.946 W/System.err(21779): 	at android.support.test.uiautomator.QueryController.waitForIdle(QueryController.java:523)
04-02 17:36:47.946 W/System.err(21779): 	at android.support.test.uiautomator.QueryController.getCurrentPackageName(QueryController.java:511)
04-02 17:36:47.946 W/System.err(21779): 	at android.support.test.uiautomator.UiDevice.getCurrentPackageName(UiDevice.java:653)
04-02 17:36:47.946 W/System.err(21779): 	at com.github.uiautomator.stub.DeviceInfo.<init>(DeviceInfo.java:51)
04-02 17:36:47.946 W/System.err(21779): 	at com.github.uiautomator.stub.DeviceInfo.getDeviceInfo(DeviceInfo.java:44)
04-02 17:36:47.946 W/System.err(21779): 	at com.github.uiautomator.stub.AutomatorServiceImpl.deviceInfo(AutomatorServiceImpl.java:105)
04-02 17:36:47.946 W/System.err(21779): 	at java.lang.reflect.Method.invoke(Native Method)
04-02 17:36:47.947 W/System.err(21779): 	at java.lang.reflect.Method.invoke(Method.java:372)
04-02 17:36:47.947 W/System.err(21779): 	at com.googlecode.jsonrpc4j.JsonRpcBasicServer.invoke(JsonRpcBasicServer.java:467)
04-02 17:36:47.947 W/System.err(21779): 	at com.googlecode.jsonrpc4j.JsonRpcBasicServer.handleObject(JsonRpcBasicServer.java:352)
04-02 17:36:47.947 W/System.err(21779): 	at com.googlecode.jsonrpc4j.JsonRpcBasicServer.handleJsonNodeRequest(JsonRpcBasicServer.java:283)
04-02 17:36:47.947 W/System.err(21779): 	at com.googlecode.jsonrpc4j.JsonRpcBasicServer.handleRequest(JsonRpcBasicServer.java:251)
04-02 17:36:47.947 W/System.err(21779): 	at com.github.uiautomator.stub.AutomatorHttpServer.serve(AutomatorHttpServer.java:100)
04-02 17:36:47.947 W/System.err(21779): 	at fi.iki.elonen.NanoHTTPD.serve(NanoHTTPD.java:2244)
04-02 17:36:47.947 W/System.err(21779): 	at fi.iki.elonen.NanoHTTPD$HTTPSession.execute(NanoHTTPD.java:945)
04-02 17:36:47.947 W/System.err(21779): 	at fi.iki.elonen.NanoHTTPD$ClientHandler.run(NanoHTTPD.java:192)
04-02 17:36:47.947 W/System.err(21779): 	at java.lang.Thread.run(Thread.java:818)
04-02 17:36:47.975 D/AndroidRuntime( 4197): >>>>>> START com.android.internal.os.RuntimeInit uid 2000 <<<<<<
04-02 17:36:47.979 D/AndroidRuntime( 4197): CheckJNI is OFF
04-02 17:36:48.095 D/AndroidRuntime( 4199): >>>>>> START com.android.internal.os.RuntimeInit uid 2000 <<<<<<
04-02 17:36:48.099 D/AndroidRuntime( 4199): CheckJNI is OFF
04-02 17:36:48.161 D/AndroidRuntime( 4197): Calling main entry com.android.commands.am.Am
04-02 17:36:48.167 D/AndroidRuntime( 4197): Shutting down VM
04-02 17:36:48.167 I/UIAService(21779): On StartCommand
04-02 17:36:48.167 W/UIAService(21779): Unknown action null
04-02 17:36:48.280 D/AndroidRuntime( 4199): Calling main entry com.android.commands.am.Am
04-02 17:36:48.317 I/ActivityManager( 1314): Force stopping com.github.uiautomator appid=10574 user=0: start instr
04-02 17:36:48.317 I/ActivityManager( 1314): Killing 21779:com.github.uiautomator/u0a574 (adj 0): stop com.github.uiautomator
04-02 17:36:48.470 D/WifiService( 1314): Client connection lost with reason: 4
04-02 17:36:48.534 W/ActivityManager( 1314): Scheduling restart of crashed service com.github.uiautomator/.Service in 1000ms
04-02 17:36:48.544 W/ActivityManager( 1314): Crash of app com.github.uiautomator running instrumentation ComponentInfo{com.github.uiautomator.test/android.support.test.runner.AndroidJUnitRunner}
04-02 17:36:48.546 I/ActivityManager( 1314): Force stopping com.github.uiautomator appid=10574 user=0: finished inst
04-02 17:36:48.559 E/PackageManager( 1314): checkpermisssion: android.permission.ACCESS_ALL_EXTERNAL_STORAGE packageName: com.github.uiautomator
04-02 17:36:48.612 I/ActivityManager( 1314): Start proc 4225:com.github.uiautomator/u0a574 for added application com.github.uiautomator
04-02 17:36:48.612 W/ActivityManager( 1314): Spurious death for ProcessRecord{3e9f94a8 0:com.github.uiautomator/u0a574}, curProc for 21779: null
04-02 17:36:48.619 I/art     ( 4225): Late-enabling -Xcheck:jni
04-02 17:36:48.703 I/MonitoringInstrumentation( 4225): Instrumentation Started!
04-02 17:36:48.704 I/MonitoringInstrumentation( 4225): Setting context classloader to 'dalvik.system.PathClassLoader[DexPathList[[zip file "/system/framework/android.test.runner.jar", zip file "/data/app/com.github.uiautomator.test-1/base.apk", zip file "/data/app/com.github.uiautomator-1/base.apk"],nativeLibraryDirectories=[/vendor/lib, /system/lib]]]', Original: 'dalvik.system.PathClassLoader[DexPathList[[zip file "/system/framework/android.test.runner.jar", zip file "/data/app/com.github.uiautomator.test-1/base.apk", zip file "/data/app/com.github.uiautomator-1/base.apk"],nativeLibraryDirectories=[/vendor/lib, /system/lib]]]'
04-02 17:36:48.707 I/MonitoringInstrumentation( 4225): No JSBridge.
04-02 17:36:48.729 I/UsageTrackerFacilitator( 4225): Usage tracking enabled
04-02 17:36:48.765 D/TestExecutor( 4225): Adding listener android.support.test.internal.runner.listener.LogRunListener
04-02 17:36:48.770 D/TestExecutor( 4225): Adding listener android.support.test.internal.runner.listener.InstrumentationResultPrinter
04-02 17:36:48.770 D/TestExecutor( 4225): Adding listener android.support.test.internal.runner.listener.ActivityFinisherRunListener
04-02 17:36:48.775 I/TestRunner( 4225): run started: 1 tests
04-02 17:36:48.789 I/TestRunner( 4225): started: testUIAutomatorStub(com.github.uiautomator.stub.Stub)
04-02 17:36:48.797 I/MonitoringInstrumentation( 4225): Activities that are still in CREATED to STOPPED: 0
04-02 17:36:48.833 I/SurfaceFlinger(  259): FPS: 4
04-02 17:36:49.322 D/wpa_supplicant( 2839): wlan0: Control interface command 'SIGNAL_POLL'
04-02 17:36:49.334 W/ResourceType( 3096): No known package when getting name for resource number 0x9c080000
04-02 17:36:49.335 W/ResourceType( 3096): No known package when getting name for resource number 0x9c080100
04-02 17:36:49.335 W/ResourceType( 3096): No known package when getting name for resource number 0x9c080200
04-02 17:36:49.336 W/ResourceType( 3096): No known package when getting name for resource number 0x9c080300
04-02 17:36:49.336 W/ResourceType( 3096): No known package when getting name for resource number 0x9c080101
04-02 17:36:49.337 V/WLAN_PSA(  282): NL MSG, len[4072], NL type[0x1C] WNI type[0x5900] len[53263]
04-02 17:36:49.338 V/WLAN_PSA(  282): NL MSG, PID: 282
04-02 17:36:49.342 W/ResourceType( 3096): No known package when getting name for resource number 0x9c080102
04-02 17:36:49.343 W/ResourceType( 3096): No known package when getting name for resource number 0x9c080202
04-02 17:36:49.343 W/ResourceType( 3096): No known package when getting name for resource number 0x9c080103
04-02 17:36:49.344 W/ResourceType( 3096): No known package when getting name for resource number 0x9c020000
04-02 17:36:49.372 W/ResourceType( 3096): No known package when getting name for resource number 0x9c080000
04-02 17:36:49.372 W/ResourceType( 3096): No known package when getting name for resource number 0x9c080100
04-02 17:36:49.372 W/ResourceType( 3096): No known package when getting name for resource number 0x9c080200
04-02 17:36:49.373 W/ResourceType( 3096): No known package when getting name for resource number 0x9c080300
04-02 17:36:49.373 W/ResourceType( 3096): No known package when getting name for resource number 0x9c080101
04-02 17:36:49.373 W/ResourceType( 3096): No known package when getting name for resource number 0x9c080102
04-02 17:36:49.373 W/ResourceType( 3096): No known package when getting name for resource number 0x9c080202
04-02 17:36:49.374 W/ResourceType( 3096): No known package when getting name for resource number 0x9c080103
04-02 17:36:49.374 W/ResourceType( 3096): No known package when getting name for resource number 0x9c020000
04-02 17:36:49.387 D/UIAutomatorStub( 4225): Launch service
04-02 17:36:49.388 W/ActivityManager( 1314): Unable to start service Intent { act=com.github.uiautomator.ACTION_START pkg=com.github.uiautomator.test } U=0: not found
04-02 17:36:49.402 W/System.err( 4225): SLF4J: Failed to load class "org.slf4j.impl.StaticLoggerBinder".
04-02 17:36:49.402 W/System.err( 4225): SLF4J: Defaulting to no-operation (NOP) logger implementation
04-02 17:36:49.403 W/System.err( 4225): SLF4J: See http://www.slf4j.org/codes.html#StaticLoggerBinder for further details.
04-02 17:36:49.413 W/Java7Support( 4225): Unable to load JDK7 types (annotations, java.nio.file.Path): no Java7 support added
04-02 17:36:50.040 D/UIAutomatorStub( 4225): URI: /ping, Method: GET, params, {NanoHttpd.QUERY_STRING=null}, files: {}
04-02 17:36:50.080 D/UIAutomatorStub( 4225): URI: /jsonrpc/0, Method: POST, params, {NanoHttpd.QUERY_STRING=null}, files: {postData={"jsonrpc": "2.0", "id": 1, "method": "deviceInfo"}}
04-02 17:36:50.117 W/QueryController( 4225): Could not detect idle state.
04-02 17:36:50.120 W/ResourceType( 3096): No known package when getting name for resource number 0x9c080000
04-02 17:36:50.121 W/ResourceType( 3096): No known package when getting name for resource number 0x9c080100
04-02 17:36:50.121 W/ResourceType( 3096): No known package when getting name for resource number 0x9c080200
04-02 17:36:50.121 W/ResourceType( 3096): No known package when getting name for resource number 0x9c080300
04-02 17:36:50.122 W/ResourceType( 3096): No known package when getting name for resource number 0x9c080101
04-02 17:36:50.122 W/ResourceType( 3096): No known package when getting name for resource number 0x9c080102
04-02 17:36:50.122 W/ResourceType( 3096): No known package when getting name for resource number 0x9c080202
04-02 17:36:50.122 W/ResourceType( 3096): No known package when getting name for resource number 0x9c080103
04-02 17:36:50.123 W/ResourceType( 3096): No known package when getting name for resource number 0x9c020000
04-02 17:36:50.129 W/QueryController( 4225): Could not detect idle state.
04-02 17:36:50.129 W/QueryController( 4225): Could not detect idle state.
04-02 17:36:50.129 W/QueryController( 4225): Could not detect idle state.
04-02 17:36:50.500 D/AndroidRuntime( 4261): >>>>>> START com.android.internal.os.RuntimeInit uid 2000 <<<<<<
04-02 17:36:50.504 D/AndroidRuntime( 4261): CheckJNI is OFF
04-02 17:36:50.671 D/AndroidRuntime( 4261): Calling main entry com.android.commands.am.Am
04-02 17:36:50.684 D/AndroidRuntime( 4261): Shutting down VM
04-02 17:36:50.706 W/TelecomManager( 1314): Telecom Service not found.
04-02 17:36:50.707 V/NotificationService( 1314): pkg=com.github.uiautomator canInterrupt=false intercept=true
04-02 17:36:50.741 I/UIABatteryMonitor( 4225): Monitor starting
04-02 17:36:50.743 I/UIARotationMonitor( 4225): Monitor starting
04-02 17:36:50.744 I/UIARotationMonitor( 4225): Orientation 0
04-02 17:36:50.760 I/UIAService( 4225): On StartCommand
04-02 17:36:50.760 W/UIAService( 4225): Unknown action null
04-02 17:36:50.761 D/UIABatteryMonitor( 4225): notify battery changed. current level 100
04-02 17:36:50.762 D/UIABatteryMonitor( 4225): notify battery changed. current level 0
04-02 17:36:50.789 I/SurfaceFlinger(  259): FPS: 3
04-02 17:36:50.814 D/WifiService( 1314): New client listening to asynchronous messages
04-02 17:36:50.830 W/TelecomManager( 1314): Telecom Service not found.
04-02 17:36:50.831 V/NotificationService( 1314): pkg=com.github.uiautomator canInterrupt=false intercept=true
04-02 17:36:50.855 W/TelecomManager( 1314): Telecom Service not found.
04-02 17:36:50.855 V/NotificationService( 1314): pkg=com.github.uiautomator canInterrupt=false intercept=true
04-02 17:36:50.911 E/WifiStateMachine( 1314): WifiStateMachine CMD_START_SCAN source -2 txSuccessRate=0.00 rxSuccessRate=0.00 targetRoamBSSID=any RSSI=-46
04-02 17:36:50.912 D/wpa_supplicant( 2839): wlan0: Control interface command 'SCAN TYPE=ONLY'
04-02 17:36:50.912 D/wpa_supplicant( 2839): wlan0: Setting scan request: 0.000000 sec
04-02 17:36:50.912 D/wpa_supplicant( 2839): wlan0: Starting AP scan for wildcard SSID
04-02 17:36:50.912 D/wpa_supplicant( 2839): wlan0: Add radio work 'scan'@0xb8c3fac8
04-02 17:36:50.912 D/wpa_supplicant( 2839): wlan0: First radio work item in the queue - schedule start immediately
04-02 17:36:50.913 D/wpa_supplicant( 2839): wlan0: Starting radio work 'scan'@0xb8c3fac8 after 0.000085 second wait
04-02 17:36:50.913 D/wpa_supplicant( 2839): wlan0: nl80211: scan request
04-02 17:36:50.913 D/wpa_supplicant( 2839): nl80211: Scan SSID - hexdump(len=0): [NULL]
04-02 17:36:50.913 V/WLAN_PSA(  282): NL MSG, len[914], NL type[0x11] WNI type[0x5050] len[894]
04-02 17:36:50.913 V/WLAN_PSA(  282): NL MSG, PID: 282
04-02 17:36:50.914 D/wpa_supplicant( 2839): Scan requested (ret=0) - scan timeout 30 seconds
04-02 17:36:50.914 D/wpa_supplicant( 2839): nl80211: Event message available
04-02 17:36:50.914 D/wpa_supplicant( 2839): nl80211: Drv Event 33 (NL80211_CMD_TRIGGER_SCAN) received for wlan0
04-02 17:36:50.914 D/wpa_supplicant( 2839): wlan0: nl80211: Scan trigger
04-02 17:36:50.914 D/wpa_supplicant( 2839): wlan0: Event SCAN_STARTED (49) received
04-02 17:36:50.914 D/wpa_supplicant( 2839): wlan0: Own scan request started a scan in 0.000196 seconds
04-02 17:36:50.914 V/WLAN_PSA(  282): NL MSG, len[3961], NL type[0x1C] WNI type[0x5900] len[24847]
04-02 17:36:50.914 V/WLAN_PSA(  282): NL MSG, PID: 282
04-02 17:36:50.914 D/wpa_supplicant( 2839): CTRL_IFACE monitor sent successfully to /data/misc/wifi/sockets/wpa_ctrl_291-1\x00
04-02 17:36:50.914 V/WLAN_PSA(  282): NL MSG, len[048], NL type[0x11] WNI type[0x5050] len[028]
04-02 17:36:50.914 V/WLAN_PSA(  282): NL MSG, PID: 282
04-02 17:36:50.914 I/WifiHAL ( 1314): Poll result = 1
04-02 17:36:50.914 I/WifiHAL ( 1314): Found some events!!!
04-02 17:36:50.914 D/WifiHAL ( 1314): no_seq_check received
04-02 17:36:50.914 I/WifiHAL ( 1314): event received NL80211_CMD_TRIGGER_SCAN
04-02 17:36:50.914 I/WifiHAL ( 1314): event received NL80211_CMD_TRIGGER_SCAN, vendor_id = 0x0
04-02 17:36:50.914 I/WifiHAL ( 1314): event ignored!!
04-02 17:36:50.915 D/wpa_supplicant( 2839): CTRL_IFACE monitor sent successfully to /data/misc/wifi/sockets/wpa_ctrl_1314-3\x00
04-02 17:36:50.938 V/WLAN_PSA(  282): NL MSG, len[4081], NL type[0x1C] WNI type[0x5900] len[55567]
04-02 17:36:50.938 V/WLAN_PSA(  282): NL MSG, PID: 282
04-02 17:36:50.978 V/WLAN_PSA(  282): NL MSG, len[4055], NL type[0x1C] WNI type[0x5900] len[48911]
04-02 17:36:50.978 V/WLAN_PSA(  282): NL MSG, PID: 282
04-02 17:36:51.025 V/WLAN_PSA(  282): NL MSG, len[4082], NL type[0x1C] WNI type[0x5900] len[55823]
04-02 17:36:51.025 V/WLAN_PSA(  282): NL MSG, PID: 282
04-02 17:36:51.078 V/WLAN_PSA(  282): NL MSG, len[4081], NL type[0x1C] WNI type[0x5900] len[55567]
04-02 17:36:51.078 V/WLAN_PSA(  282): NL MSG, PID: 282
04-02 17:36:51.121 D/AndroidRuntime( 4285): >>>>>> START com.android.internal.os.RuntimeInit uid 2000 <<<<<<
04-02 17:36:51.124 D/AndroidRuntime( 4285): CheckJNI is OFF
04-02 17:36:51.128 V/WLAN_PSA(  282): NL MSG, len[4020], NL type[0x1C] WNI type[0x5900] len[39951]
04-02 17:36:51.128 V/WLAN_PSA(  282): NL MSG, PID: 282
04-02 17:36:51.174 V/WLAN_PSA(  282): NL MSG, len[3997], NL type[0x1C] WNI type[0x5900] len[34063]
04-02 17:36:51.175 V/WLAN_PSA(  282): NL MSG, PID: 282
04-02 17:36:51.219 V/WLAN_PSA(  282): NL MSG, len[4080], NL type[0x1C] WNI type[0x5900] len[55311]
04-02 17:36:51.219 V/WLAN_PSA(  282): NL MSG, PID: 282
04-02 17:36:51.278 V/WLAN_PSA(  282): NL MSG, len[4061], NL type[0x1C] WNI type[0x5900] len[50447]
04-02 17:36:51.278 V/WLAN_PSA(  282): NL MSG, PID: 282
04-02 17:36:51.308 V/WLAN_PSA(  282): NL MSG, len[4070], NL type[0x1C] WNI type[0x5900] len[52751]
04-02 17:36:51.308 V/WLAN_PSA(  282): NL MSG, PID: 282
04-02 17:36:51.308 D/AndroidRuntime( 4285): Calling main entry com.android.commands.am.Am
04-02 17:36:51.315 I/UIAService( 4225): On StartCommand
04-02 17:36:51.315 W/UIAService( 4225): Unknown action null
04-02 17:36:51.315 D/AndroidRuntime( 4285): Shutting down VM
04-02 17:36:51.344 V/WLAN_PSA(  282): NL MSG, len[4093], NL type[0x1C] WNI type[0x5900] len[58639]
04-02 17:36:51.345 V/WLAN_PSA(  282): NL MSG, PID: 282
04-02 17:36:51.395 V/WLAN_PSA(  282): NL MSG, len[4072], NL type[0x1C] WNI type[0x5900] len[53263]
04-02 17:36:51.395 V/WLAN_PSA(  282): NL MSG, PID: 282
04-02 17:36:51.428 V/WLAN_PSA(  282): NL MSG, len[4029], NL type[0x1C] WNI type[0x5900] len[42255]
04-02 17:36:51.428 V/WLAN_PSA(  282): NL MSG, PID: 282
04-02 17:36:51.443 V/WLAN_PSA(  282): NL MSG, len[4054], NL type[0x1C] WNI type[0x5900] len[48655]
04-02 17:36:51.443 V/WLAN_PSA(  282): NL MSG, PID: 282
04-02 17:36:51.446 V/WLAN_PSA(  282): NL MSG, len[914], NL type[0x11] WNI type[0x5050] len[894]
04-02 17:36:51.446 V/WLAN_PSA(  282): NL MSG, PID: 282
04-02 17:36:51.446 V/WLAN_PSA(  282): NL MSG, len[3952], NL type[0x1C] WNI type[0x5900] len[22543]
04-02 17:36:51.446 V/WLAN_PSA(  282): NL MSG, PID: 282
04-02 17:36:51.446 V/WLAN_PSA(  282): NL MSG, len[3978], NL type[0x1C] WNI type[0x5900] len[29199]
04-02 17:36:51.446 V/WLAN_PSA(  282): NL MSG, PID: 282
04-02 17:36:51.447 I/WifiHAL ( 1314): Poll result = 1
04-02 17:36:51.447 I/WifiHAL ( 1314): Found some events!!!
04-02 17:36:51.447 D/WifiHAL ( 1314): no_seq_check received
04-02 17:36:51.447 I/WifiHAL ( 1314): event received NL80211_CMD_NEW_SCAN_RESULTS
04-02 17:36:51.447 I/WifiHAL ( 1314): event received NL80211_CMD_NEW_SCAN_RESULTS, vendor_id = 0x0
04-02 17:36:51.447 I/WifiHAL ( 1314): event ignored!!
04-02 17:36:51.447 D/wpa_supplicant( 2839): nl80211: Event message available
04-02 17:36:51.447 D/wpa_supplicant( 2839): nl80211: Drv Event 34 (NL80211_CMD_NEW_SCAN_RESULTS) received for wlan0
04-02 17:36:51.447 D/wpa_supplicant( 2839): wlan0: nl80211: New scan results available
04-02 17:36:51.447 D/wpa_supplicant( 2839): nl80211: Scan included frequencies: 2412 2417 2422 2427 2432 2437 2442 2447 2452 2457 2462 2467 2472
04-02 17:36:51.447 D/wpa_supplicant( 2839): wlan0: Event SCAN_RESULTS (3) received
04-02 17:36:51.447 D/wpa_supplicant( 2839): wlan0: Scan completed in 0.533328 seconds
04-02 17:36:51.447 D/wpa_supplicant( 2839): nl80211: Associated on 2412 MHz
04-02 17:36:51.447 D/wpa_supplicant( 2839): nl80211: Associated with 00:6b:f1:67:8d:01
04-02 17:36:51.448 D/wpa_supplicant( 2839): nl80211: Received scan results (14 BSSes)
04-02 17:36:51.448 D/wpa_supplicant( 2839): nl80211: Scan results indicate BSS status with 00:6b:f1:67:8d:01 as associated
04-02 17:36:51.448 D/wpa_supplicant( 2839): wlan0: BSS: Start scan result update 922
04-02 17:36:51.448 D/wpa_supplicant( 2839): wlan0: BSS: Add new id 1315 BSSID 00:6b:f1:49:f9:51 SSID 'Verifone_Guest'
04-02 17:36:51.448 D/wpa_supplicant( 2839): CTRL_IFACE monitor sent successfully to /data/misc/wifi/sockets/wpa_ctrl_291-1\x00
04-02 17:36:51.448 D/wpa_supplicant( 2839): CTRL_IFACE monitor sent successfully to /data/misc/wifi/sockets/wpa_ctrl_1314-3\x00
04-02 17:36:51.449 D/wpa_supplicant( 2839): wlan0: BSS: Add new id 1316 BSSID 14:a0:f8:d3:6f:40 SSID '4F-30'
04-02 17:36:51.449 D/wpa_supplicant( 2839): CTRL_IFACE monitor sent successfully to /data/misc/wifi/sockets/wpa_ctrl_291-1\x00
04-02 17:36:51.449 D/wpa_supplicant( 2839): CTRL_IFACE monitor sent successfully to /data/misc/wifi/sockets/wpa_ctrl_1314-3\x00
04-02 17:36:51.449 D/wpa_supplicant( 2839): wlan0: BSS: Add new id 1317 BSSID 74:85:c4:54:9a:62 SSID 'amo'
04-02 17:36:51.450 D/wpa_supplicant( 2839): CTRL_IFACE monitor sent successfully to /data/misc/wifi/sockets/wpa_ctrl_291-1\x00
04-02 17:36:51.450 D/wpa_supplicant( 2839): CTRL_IFACE monitor sent successfully to /data/misc/wifi/sockets/wpa_ctrl_1314-3\x00
04-02 17:36:51.450 D/wpa_supplicant( 2839): wlan0: BSS: Add new id 1318 BSSID 00:6b:f1:49:f9:50 SSID 'Verifone_LAN'
04-02 17:36:51.450 D/wpa_supplicant( 2839): CTRL_IFACE monitor sent successfully to /data/misc/wifi/sockets/wpa_ctrl_291-1\x00
04-02 17:36:51.451 D/wpa_supplicant( 2839): CTRL_IFACE monitor sent successfully to /data/misc/wifi/sockets/wpa_ctrl_1314-3\x00
04-02 17:36:51.451 D/wpa_supplicant( 2839): BSS: last_scan_res_used=14/32
04-02 17:36:51.451 D/wpa_supplicant( 2839): wlan0: Scan-only results received
04-02 17:36:51.451 D/wpa_supplicant( 2839): CTRL_IFACE monitor sent successfully to /data/misc/wifi/sockets/wpa_ctrl_291-1\x00
04-02 17:36:51.451 D/wpa_supplicant( 2839): CTRL_IFACE monitor sent successfully to /data/misc/wifi/sockets/wpa_ctrl_1314-3\x00
04-02 17:36:51.451 D/wpa_supplicant( 2839): wlan0: Radio work 'scan'@0xb8c3fac8 done in 0.538639 seconds
04-02 17:36:51.455 D/wpa_supplicant( 2839): wlan0: Control interface command 'BSS RANGE=0- MASK=0x21987'
04-02 17:36:51.473 D/wpa_supplicant( 2839): wlan0: Control interface command 'STATUS-NO_EVENTS'
04-02 17:36:51.477 D/LBSSystemMonitorService( 1314): handleMessage what - 4
04-02 17:36:51.477 D/Wiper_jni( 1314): Send Network Location.
04-02 17:36:52.343 D/wpa_supplicant( 2839): wlan0: Control interface command 'SIGNAL_POLL'
04-02 17:36:52.431 D/UIAutomatorStub( 4225): URI: /ping, Method: GET, params, {NanoHttpd.QUERY_STRING=null}, files: {}
04-02 17:36:52.465 D/UIAutomatorStub( 4225): URI: /jsonrpc/0, Method: POST, params, {NanoHttpd.QUERY_STRING=null}, files: {postData={"jsonrpc": "2.0", "id": 1, "method": "deviceInfo"}}
04-02 17:36:52.466 W/QueryController( 4225): Could not detect idle state.
04-02 17:36:52.470 W/ResourceType( 3096): No known package when getting name for resource number 0x9c080000
04-02 17:36:52.471 W/ResourceType( 3096): No known package when getting name for resource number 0x9c080100
04-02 17:36:52.471 W/ResourceType( 3096): No known package when getting name for resource number 0x9c080200
04-02 17:36:52.471 W/ResourceType( 3096): No known package when getting name for resource number 0x9c080300
04-02 17:36:52.472 W/ResourceType( 3096): No known package when getting name for resource number 0x9c080101
04-02 17:36:52.472 W/ResourceType( 3096): No known package when getting name for resource number 0x9c080102
04-02 17:36:52.472 W/ResourceType( 3096): No known package when getting name for resource number 0x9c080202
04-02 17:36:52.473 W/ResourceType( 3096): No known package when getting name for resource number 0x9c080103
04-02 17:36:52.474 W/ResourceType( 3096): No known package when getting name for resource number 0x9c020000
04-02 17:36:52.489 W/QueryController( 4225): Could not detect idle state.
04-02 17:36:52.490 W/QueryController( 4225): Could not detect idle state.
04-02 17:36:52.491 W/QueryController( 4225): Could not detect idle state.
04-02 17:36:53.174 V/WLAN_PSA(  282): NL MSG, len[4022], NL type[0x1C] WNI type[0x5900] len[40463]
04-02 17:36:53.174 V/WLAN_PSA(  282): NL MSG, PID: 282
04-02 17:36:53.555 D/UIAutomatorStub( 4225): URI: /ping, Method: GET, params, {NanoHttpd.QUERY_STRING=null}, files: {}
04-02 17:36:53.582 D/UIAutomatorStub( 4225): URI: /jsonrpc/0, Method: POST, params, {NanoHttpd.QUERY_STRING=null}, files: {postData={"jsonrpc": "2.0", "id": 1, "method": "deviceInfo"}}
04-02 17:36:53.583 W/QueryController( 4225): Could not detect idle state.
