04-02 17:33:31.068 D/wpa_supplicant( 2839): BSS: last_scan_res_used=9/32
04-02 17:33:31.068 D/wpa_supplicant( 2839): wlan0: Scan-only results received
04-02 17:33:31.068 D/wpa_supplicant( 2839): CTRL_IFACE monitor sent successfully to /data/misc/wifi/sockets/wpa_ctrl_291-1\x00
04-02 17:33:31.068 D/wpa_supplicant( 2839): CTRL_IFACE monitor sent successfully to /data/misc/wifi/sockets/wpa_ctrl_1314-3\x00
04-02 17:33:31.068 D/wpa_supplicant( 2839): wlan0: Radio work 'scan'@0xb8c3fac8 done in 0.185822 seconds
04-02 17:33:31.072 D/wpa_supplicant( 2839): wlan0: Control interface command 'BSS RANGE=0- MASK=0x21987'
04-02 17:33:31.094 D/wpa_supplicant( 2839): wlan0: Control interface command 'STATUS-NO_EVENTS'
04-02 17:33:32.217 I/SurfaceFlinger(  259): FPS: 5
04-02 17:33:33.051 D/wpa_supplicant( 2839): wlan0: Control interface command 'SIGNAL_POLL'
04-02 17:33:33.218 I/SurfaceFlinger(  259): FPS: 4
04-02 17:33:34.068 V/WLAN_PSA(  282): NL MSG, len[4029], NL type[0x1C] WNI type[0x5900] len[42255]
04-02 17:33:34.068 V/WLAN_PSA(  282): NL MSG, PID: 282
04-02 17:33:34.249 I/SurfaceFlinger(  259): FPS: 5
04-02 17:33:34.313 I/ServiceManager( 2543): Waiting for service AtCmdFwd...
04-02 17:33:35.313 I/ServiceManager( 2543): Waiting for service AtCmdFwd...
04-02 17:33:35.734 I/SurfaceFlinger(  259): FPS: 5
04-02 17:33:36.073 D/wpa_supplicant( 2839): wlan0: Control interface command 'SIGNAL_POLL'
04-02 17:33:36.314 I/ServiceManager( 2543): Waiting for service AtCmdFwd...
04-02 17:33:36.735 I/SurfaceFlinger(  259): FPS: 4
04-02 17:33:37.314 I/ServiceManager( 2543): Waiting for service AtCmdFwd...
04-02 17:33:37.532 D/com.socsi.thread.UploadTermInfoThread(24223): CommonConfig.isFirstStart:false
04-02 17:33:37.533 D/com.socsi.thread.UploadTermInfoThread(24223): 上一次的请求时间CommonConfig.lastExeTime:20190402142737
04-02 17:33:37.540 D/com.socsi.thread.UploadTermInfoThread(24223): 下一次的请求时间CommonConfig.nextExeTime:
04-02 17:33:37.541 D/com.socsi.thread.UploadTermInfoThread(24223): 下一次执行时间为空
04-02 17:33:37.548 D/com.socsi.thread.UploadTermInfoThread(24223): 当前状态currentStat:1      上一次状态lastExeStat:1
04-02 17:33:37.554 D/com.socsi.thread.UploadTermInfoThread(24223): 相差天数diffDay:0
04-02 17:33:37.555 D/com.socsi.thread.UploadTermInfoThread(24223): 状态没有变化，不符合发起查询的条件
04-02 17:33:37.766 I/SurfaceFlinger(  259): FPS: 5
04-02 17:33:38.315 I/ServiceManager( 2543): Waiting for service AtCmdFwd...
04-02 17:33:38.439 D/com.socsi.thread.UploadResultThread(24223): 【进入应用下载结果上送线程】
04-02 17:33:38.441 D/com.socsi.thread.UploadResultThread(24223): ..........终端无应用下载/更新结果可以上送
04-02 17:33:38.443 D/com.socsi.thread.UploadResultThread(24223): ------------结果上送over------------------
04-02 17:33:38.951 D/com.socsi.thread.MtmsDownloadThread(24223): 【进入应用下载时机检查线程】
04-02 17:33:38.953 D/com.socsi.thread.MtmsDownloadThread(24223): 没有应用需要下载，不需要检查
04-02 17:33:38.955 D/com.socsi.thread.MtmsDownloadThread(24223): ------------下载时机检查 over------------------
04-02 17:33:39.102 V/WLAN_PSA(  282): NL MSG, len[4037], NL type[0x1C] WNI type[0x5900] len[44303]
04-02 17:33:39.102 V/WLAN_PSA(  282): NL MSG, PID: 282
04-02 17:33:39.103 D/wpa_supplicant( 2839): wlan0: Control interface command 'SIGNAL_POLL'
04-02 17:33:39.235 I/SurfaceFlinger(  259): FPS: 5
04-02 17:33:39.315 W/Atfwd_Sendcmd( 2543): AtCmdFwd service not published, waiting... retryCnt : 5
04-02 17:33:40.266 I/SurfaceFlinger(  259): FPS: 5
04-02 17:33:41.734 I/SurfaceFlinger(  259): FPS: 5
04-02 17:33:42.120 D/wpa_supplicant( 2839): wlan0: Control interface command 'SIGNAL_POLL'
04-02 17:33:42.133 V/WLAN_PSA(  282): NL MSG, len[4041], NL type[0x1C] WNI type[0x5900] len[45327]
04-02 17:33:42.133 V/WLAN_PSA(  282): NL MSG, PID: 282
04-02 17:33:42.767 I/SurfaceFlinger(  259): FPS: 5
04-02 17:33:43.783 I/SurfaceFlinger(  259): FPS: 4
04-02 17:33:45.139 D/wpa_supplicant( 2839): wlan0: Control interface command 'SIGNAL_POLL'
04-02 17:33:45.252 I/SurfaceFlinger(  259): FPS: 5
04-02 17:33:46.284 I/SurfaceFlinger(  259): FPS: 5
04-02 17:33:47.752 I/SurfaceFlinger(  259): FPS: 5
04-02 17:33:47.843 V/WLAN_PSA(  282): NL MSG, len[4052], NL type[0x1C] WNI type[0x5900] len[48143]
04-02 17:33:47.843 V/WLAN_PSA(  282): NL MSG, PID: 282
04-02 17:33:48.157 D/wpa_supplicant( 2839): wlan0: Control interface command 'SIGNAL_POLL'
04-02 17:33:48.784 I/SurfaceFlinger(  259): FPS: 5
04-02 17:33:50.252 I/SurfaceFlinger(  259): FPS: 5
04-02 17:33:50.886 E/WifiStateMachine( 1314): WifiStateMachine CMD_START_SCAN source -2 txSuccessRate=0.00 rxSuccessRate=0.00 targetRoamBSSID=any RSSI=-46
04-02 17:33:50.887 E/WifiStateMachine( 1314): WifiStateMachine starting scan for "Verifone_Guest"-WPA_PSK with 2412,2462,2437
04-02 17:33:50.887 D/wpa_supplicant( 2839): wlan0: Control interface command 'SCAN TYPE=ONLY freq=2412,2462,2437'
04-02 17:33:50.887 D/wpa_supplicant( 2839): wlan0: Setting scan request: 0.000000 sec
04-02 17:33:50.887 D/wpa_supplicant( 2839): wlan0: Starting AP scan for wildcard SSID
04-02 17:33:50.887 D/wpa_supplicant( 2839): wlan0: Limit manual scan to specified channels
04-02 17:33:50.887 D/wpa_supplicant( 2839): wlan0: Add radio work 'scan'@0xb8c3fde8
04-02 17:33:50.887 D/wpa_supplicant( 2839): wlan0: First radio work item in the queue - schedule start immediately
04-02 17:33:50.887 D/wpa_supplicant( 2839): wlan0: Starting radio work 'scan'@0xb8c3fde8 after 0.000065 second wait
04-02 17:33:50.887 D/wpa_supplicant( 2839): wlan0: nl80211: scan request
04-02 17:33:50.887 D/wpa_supplicant( 2839): nl80211: Scan SSID - hexdump(len=0): [NULL]
04-02 17:33:50.887 D/wpa_supplicant( 2839): nl80211: Scan frequency 2412 MHz
04-02 17:33:50.887 D/wpa_supplicant( 2839): nl80211: Scan frequency 2437 MHz
04-02 17:33:50.887 D/wpa_supplicant( 2839): nl80211: Scan frequency 2462 MHz
04-02 17:33:50.888 V/WLAN_PSA(  282): NL MSG, len[4079], NL type[0x1C] WNI type[0x5900] len[55055]
04-02 17:33:50.888 V/WLAN_PSA(  282): NL MSG, PID: 282
04-02 17:33:50.889 V/WLAN_PSA(  282): NL MSG, len[914], NL type[0x11] WNI type[0x5050] len[894]
04-02 17:33:50.889 V/WLAN_PSA(  282): NL MSG, PID: 282
04-02 17:33:50.890 V/WLAN_PSA(  282): NL MSG, len[048], NL type[0x11] WNI type[0x5050] len[028]
04-02 17:33:50.890 V/WLAN_PSA(  282): NL MSG, PID: 282
04-02 17:33:50.890 I/WifiHAL ( 1314): Poll result = 1
04-02 17:33:50.890 I/WifiHAL ( 1314): Found some events!!!
04-02 17:33:50.890 D/WifiHAL ( 1314): no_seq_check received
04-02 17:33:50.890 I/WifiHAL ( 1314): event received NL80211_CMD_TRIGGER_SCAN
04-02 17:33:50.890 I/WifiHAL ( 1314): event received NL80211_CMD_TRIGGER_SCAN, vendor_id = 0x0
04-02 17:33:50.890 I/WifiHAL ( 1314): event ignored!!
04-02 17:33:50.890 D/wpa_supplicant( 2839): Scan requested (ret=0) - scan timeout 30 seconds
04-02 17:33:50.890 D/wpa_supplicant( 2839): nl80211: Event message available
04-02 17:33:50.890 D/wpa_supplicant( 2839): nl80211: Drv Event 33 (NL80211_CMD_TRIGGER_SCAN) received for wlan0
04-02 17:33:50.890 D/wpa_supplicant( 2839): wlan0: nl80211: Scan trigger
04-02 17:33:50.890 D/wpa_supplicant( 2839): wlan0: Event SCAN_STARTED (49) received
04-02 17:33:50.891 D/wpa_supplicant( 2839): wlan0: Own scan request started a scan in 0.000225 seconds
04-02 17:33:50.891 D/wpa_supplicant( 2839): CTRL_IFACE monitor sent successfully to /data/misc/wifi/sockets/wpa_ctrl_291-1\x00
04-02 17:33:50.892 D/wpa_supplicant( 2839): CTRL_IFACE monitor sent successfully to /data/misc/wifi/sockets/wpa_ctrl_1314-3\x00
04-02 17:33:50.902 V/WLAN_PSA(  282): NL MSG, len[4057], NL type[0x1C] WNI type[0x5900] len[49423]
04-02 17:33:50.902 V/WLAN_PSA(  282): NL MSG, PID: 282
04-02 17:33:50.948 V/WLAN_PSA(  282): NL MSG, len[4022], NL type[0x1C] WNI type[0x5900] len[40463]
04-02 17:33:50.948 V/WLAN_PSA(  282): NL MSG, PID: 282
04-02 17:33:50.988 V/WLAN_PSA(  282): NL MSG, len[4073], NL type[0x1C] WNI type[0x5900] len[53519]
04-02 17:33:50.988 V/WLAN_PSA(  282): NL MSG, PID: 282
04-02 17:33:51.048 V/WLAN_PSA(  282): NL MSG, len[4008], NL type[0x1C] WNI type[0x5900] len[36879]
04-02 17:33:51.048 V/WLAN_PSA(  282): NL MSG, PID: 282
04-02 17:33:51.068 V/WLAN_PSA(  282): NL MSG, len[4006], NL type[0x1C] WNI type[0x5900] len[36367]
04-02 17:33:51.068 V/WLAN_PSA(  282): NL MSG, PID: 282
04-02 17:33:51.070 I/WifiHAL ( 1314): Poll result = 1
04-02 17:33:51.070 D/wpa_supplicant( 2839): nl80211: Event message available
04-02 17:33:51.070 I/WifiHAL ( 1314): Found some events!!!
04-02 17:33:51.071 D/WifiHAL ( 1314): no_seq_check received
04-02 17:33:51.070 D/wpa_supplicant( 2839): nl80211: Drv Event 34 (NL80211_CMD_NEW_SCAN_RESULTS) received for wlan0
04-02 17:33:51.071 I/WifiHAL ( 1314): event received NL80211_CMD_NEW_SCAN_RESULTS
04-02 17:33:51.071 D/wpa_supplicant( 2839): wlan0: nl80211: New scan results available
04-02 17:33:51.071 I/WifiHAL ( 1314): event received NL80211_CMD_NEW_SCAN_RESULTS, vendor_id = 0x0
04-02 17:33:51.071 I/WifiHAL ( 1314): event ignored!!
04-02 17:33:51.071 D/wpa_supplicant( 2839): nl80211: Scan included frequencies: 2412 2437 2462
04-02 17:33:51.071 D/wpa_supplicant( 2839): wlan0: Event SCAN_RESULTS (3) received
04-02 17:33:51.071 D/wpa_supplicant( 2839): wlan0: Scan completed in 0.180162 seconds
04-02 17:33:51.071 D/wpa_supplicant( 2839): nl80211: Associated on 2412 MHz
04-02 17:33:51.071 D/wpa_supplicant( 2839): nl80211: Associated with 00:6b:f1:67:8d:01
04-02 17:33:51.071 D/wpa_supplicant( 2839): nl80211: Received scan results (12 BSSes)
04-02 17:33:51.071 D/wpa_supplicant( 2839): nl80211: Scan results indicate BSS status with 00:6b:f1:67:8d:01 as associated
04-02 17:33:51.071 D/wpa_supplicant( 2839): wlan0: BSS: Start scan result update 913
04-02 17:33:51.072 D/wpa_supplicant( 2839): wlan0: BSS: Add new id 1303 BSSID a4:56:02:8d:25:d9 SSID '\xe5\x98\x9f\xe5\x98\x9f2'
04-02 17:33:51.072 V/WLAN_PSA(  282): NL MSG, len[914], NL type[0x11] WNI type[0x5050] len[894]
04-02 17:33:51.072 V/WLAN_PSA(  282): NL MSG, PID: 282
04-02 17:33:51.072 V/WLAN_PSA(  282): NL MSG, len[3981], NL type[0x1C] WNI type[0x5900] len[29967]
04-02 17:33:51.073 V/WLAN_PSA(  282): NL MSG, PID: 282
04-02 17:33:51.073 V/WLAN_PSA(  282): NL MSG, len[4024], NL type[0x1C] WNI type[0x5900] len[40975]
04-02 17:33:51.073 V/WLAN_PSA(  282): NL MSG, PID: 282
04-02 17:33:51.073 D/wpa_supplicant( 2839): CTRL_IFACE monitor sent successfully to /data/misc/wifi/sockets/wpa_ctrl_291-1\x00
04-02 17:33:51.073 D/wpa_supplicant( 2839): CTRL_IFACE monitor sent successfully to /data/misc/wifi/sockets/wpa_ctrl_1314-3\x00
04-02 17:33:51.073 D/wpa_supplicant( 2839): wlan0: BSS: Add new id 1304 BSSID e6:98:80:39:09:0d SSID '\xe2\x80\x9c\xe7\x8e\x8b\xe5\xb2\xb3\xe2\x80\x9d\xe7\x9a\x84 iPhone'
04-02 17:33:51.074 D/wpa_supplicant( 2839): CTRL_IFACE monitor sent successfully to /data/misc/wifi/sockets/wpa_ctrl_291-1\x00
04-02 17:33:51.074 D/wpa_supplicant( 2839): CTRL_IFACE monitor sent successfully to /data/misc/wifi/sockets/wpa_ctrl_1314-3\x00
04-02 17:33:51.074 D/wpa_supplicant( 2839): wlan0: BSS: Add new id 1305 BSSID 78:62:56:02:63:a0 SSID '\xe7\x93\x9c\xe7\x93\x9c'
04-02 17:33:51.074 D/wpa_supplicant( 2839): CTRL_IFACE monitor sent successfully to /data/misc/wifi/sockets/wpa_ctrl_291-1\x00
04-02 17:33:51.074 D/wpa_supplicant( 2839): CTRL_IFACE monitor sent successfully to /data/misc/wifi/sockets/wpa_ctrl_1314-3\x00
04-02 17:33:51.074 D/wpa_supplicant( 2839): BSS: last_scan_res_used=12/32
04-02 17:33:51.074 D/wpa_supplicant( 2839): wlan0: Scan-only results received
04-02 17:33:51.074 D/wpa_supplicant( 2839): CTRL_IFACE monitor sent successfully to /data/misc/wifi/sockets/wpa_ctrl_291-1\x00
04-02 17:33:51.074 D/wpa_supplicant( 2839): CTRL_IFACE monitor sent successfully to /data/misc/wifi/sockets/wpa_ctrl_1314-3\x00
04-02 17:33:51.074 D/wpa_supplicant( 2839): wlan0: Radio work 'scan'@0xb8c3fde8 done in 0.187128 seconds
04-02 17:33:51.078 D/wpa_supplicant( 2839): wlan0: Control interface command 'BSS RANGE=0- MASK=0x21987'
04-02 17:33:51.105 D/wpa_supplicant( 2839): wlan0: Control interface command 'STATUS-NO_EVENTS'
04-02 17:33:51.171 D/wpa_supplicant( 2839): wlan0: Control interface command 'SIGNAL_POLL'
04-02 17:33:51.269 I/SurfaceFlinger(  259): FPS: 4
04-02 17:33:52.301 I/SurfaceFlinger(  259): FPS: 5
04-02 17:33:53.769 I/SurfaceFlinger(  259): FPS: 5
04-02 17:33:54.189 D/wpa_supplicant( 2839): wlan0: Control interface command 'SIGNAL_POLL'
04-02 17:33:54.191 V/WLAN_PSA(  282): NL MSG, len[4090], NL type[0x1C] WNI type[0x5900] len[57871]
04-02 17:33:54.191 V/WLAN_PSA(  282): NL MSG, PID: 282
04-02 17:33:54.801 I/SurfaceFlinger(  259): FPS: 5
04-02 17:33:56.269 I/SurfaceFlinger(  259): FPS: 5
04-02 17:33:57.208 D/wpa_supplicant( 2839): wlan0: Control interface command 'SIGNAL_POLL'
04-02 17:33:57.301 I/SurfaceFlinger(  259): FPS: 5
04-02 17:33:58.068 V/WLAN_PSA(  282): NL MSG, len[4035], NL type[0x1C] WNI type[0x5900] len[43791]
04-02 17:33:58.068 V/WLAN_PSA(  282): NL MSG, PID: 282
04-02 17:33:58.510 D/wpa_supplicant( 2839): wlan0: BSS: Remove id 1291 BSSID 08:9b:4b:9a:3b:d5 SSID '106\xe5\xae\xbf\xe8\x88\x8d\xef\xbc\x88\xe4\xb8\x83\xe5\xb1\x82\xef\xbc\x89' due to wpa_bss_flush_by_age
04-02 17:33:58.510 D/wpa_supplicant( 2839): CTRL_IFACE monitor sent successfully to /data/misc/wifi/sockets/wpa_ctrl_291-1\x00
04-02 17:33:58.510 D/wpa_supplicant( 2839): CTRL_IFACE monitor sent successfully to /data/misc/wifi/sockets/wpa_ctrl_1314-3\x00
04-02 17:33:58.510 D/wpa_supplicant( 2839): wlan0: BSS: Remove id 1292 BSSID f8:75:88:d6:9d:1c SSID 'CU_JbE2' due to wpa_bss_flush_by_age
04-02 17:33:58.510 D/wpa_supplicant( 2839): CTRL_IFACE monitor sent successfully to /data/misc/wifi/sockets/wpa_ctrl_291-1\x00
04-02 17:33:58.510 D/wpa_supplicant( 2839): CTRL_IFACE monitor sent successfully to /data/misc/wifi/sockets/wpa_ctrl_1314-3\x00
04-02 17:33:58.770 I/SurfaceFlinger(  259): FPS: 5
04-02 17:33:59.801 I/SurfaceFlinger(  259): FPS: 5
04-02 17:34:00.227 D/wpa_supplicant( 2839): wlan0: Control interface command 'SIGNAL_POLL'
04-02 17:34:00.818 I/SurfaceFlinger(  259): FPS: 6
04-02 17:34:02.286 I/SurfaceFlinger(  259): FPS: 5
04-02 17:34:03.248 V/WLAN_PSA(  282): NL MSG, len[4037], NL type[0x1C] WNI type[0x5900] len[44303]
04-02 17:34:03.248 V/WLAN_PSA(  282): NL MSG, PID: 282
04-02 17:34:03.249 D/wpa_supplicant( 2839): wlan0: Control interface command 'SIGNAL_POLL'
04-02 17:34:03.318 I/SurfaceFlinger(  259): FPS: 5
04-02 17:34:04.315 I/Atfwd_Sendcmd( 2543): AtCmdFwd service not ready - Exhausted retry attempts - :6
04-02 17:34:04.315 I/Atfwd_Daemon( 2543): result : -1 	 ,Init step :2 	 ,qmiErrorCode: 0
04-02 17:34:04.322 I/SurfaceFlinger(  259): FPS: 4
04-02 17:34:04.505 D/VM_BMS  (  472): wake_lock acquired
04-02 17:34:04.505 D/VM_BMS  (  472): New BMS data - Size=56
04-02 17:34:04.506 D/VM_BMS  (  472): Start process_bms_data
04-02 17:34:04.506 D/VM_BMS  (  472): Battery charge_cycle=17 fcc_adjust=527 rbatt_adjust=527 cycle_changed=false
04-02 17:34:04.507 D/VM_BMS  (  472): For batt_temp=288 fcc_mah=4997
04-02 17:34:04.507 D/VM_BMS  (  472): Lookup fcc_mah=4997.000000  adjusted fcc_mah=4970.666016
04-02 17:34:04.507 D/VM_BMS  (  472): For ocv=4193127 batt_temp=288 soc=100
04-02 17:34:04.507 D/VM_BMS  (  472): fifo_count=5 acc_count=0
04-02 17:34:04.508 D/VM_BMS  (  472): INIT: ocv=4193127 last_ocv=4193127 batt_temp=288 soc=100
04-02 17:34:04.508 D/VM_BMS  (  472): For soc=100 batt_temp=288 slope=14800
04-02 17:34:04.508 D/VM_BMS  (  472): For soc=100 batt_temp=288 rbatt_sf=99
04-02 17:34:04.508 D/VM_BMS  (  472): rbatt_mohm_default=100, rbatt_mohm=99, sf=99 batt_temp=288
04-02 17:34:04.508 D/VM_BMS  (  472): Lookup rbatt=99.000000  adjusted rbatt=99.521729
04-02 17:34:04.508 D/VM_BMS  (  472): For ocv=4193114 batt_temp=288 soc=100
04-02 17:34:04.508 D/VM_BMS  (  472): FIFO=0 fifo_avg=4.190476 rbatt=0.149522 slope=1.480000 ibatt=0.017687 ocv=4.193114 soc=100 fcc_ah=4.970666 sample_count=128 sample_interval=70 seq_num=752
04-02 17:34:04.508 D/VM_BMS  (  472): For soc=100 batt_temp=288 slope=14800
04-02 17:34:04.508 D/VM_BMS  (  472): For soc=100 batt_temp=288 rbatt_sf=99
04-02 17:34:04.508 D/VM_BMS  (  472): rbatt_mohm_default=100, rbatt_mohm=99, sf=99 batt_temp=288
04-02 17:34:04.508 D/VM_BMS  (  472): Lookup rbatt=99.000000  adjusted rbatt=99.521729
04-02 17:34:04.508 D/VM_BMS  (  472): For ocv=4193101 batt_temp=288 soc=100
04-02 17:34:04.508 D/VM_BMS  (  472): FIFO=1 fifo_avg=4.190476 rbatt=0.149522 slope=1.480000 ibatt=0.017598 ocv=4.193101 soc=100 fcc_ah=4.970666 sample_count=128 sample_interval=70 seq_num=752
04-02 17:34:04.508 D/VM_BMS  (  472): For soc=100 batt_temp=288 slope=14800
04-02 17:34:04.508 D/VM_BMS  (  472): For soc=100 batt_temp=288 rbatt_sf=99
04-02 17:34:04.508 D/VM_BMS  (  472): rbatt_mohm_default=100, rbatt_mohm=99, sf=99 batt_temp=288
04-02 17:34:04.508 D/VM_BMS  (  472): Lookup rbatt=99.000000  adjusted rbatt=99.521729
04-02 17:34:04.508 D/VM_BMS  (  472): For ocv=4193088 batt_temp=288 soc=100
04-02 17:34:04.508 D/VM_BMS  (  472): FIFO=2 fifo_avg=4.190488 rbatt=0.149522 slope=1.480000 ibatt=0.017433 ocv=4.193088 soc=100 fcc_ah=4.970666 sample_count=128 sample_interval=70 seq_num=752
04-02 17:34:04.508 D/VM_BMS  (  472): For soc=100 batt_temp=288 slope=14800
04-02 17:34:04.508 D/VM_BMS  (  472): For soc=100 batt_temp=288 rbatt_sf=99
04-02 17:34:04.508 D/VM_BMS  (  472): rbatt_mohm_default=100, rbatt_mohm=99, sf=99 batt_temp=288
04-02 17:34:04.508 D/VM_BMS  (  472): Lookup rbatt=99.000000  adjusted rbatt=99.521729
04-02 17:34:04.508 D/VM_BMS  (  472): For ocv=4193075 batt_temp=288 soc=100
04-02 17:34:04.508 D/VM_BMS  (  472): FIFO=3 fifo_avg=4.190476 rbatt=0.149522 slope=1.480000 ibatt=0.017427 ocv=4.193075 soc=100 fcc_ah=4.970666 sample_count=128 sample_interval=70 seq_num=752
04-02 17:34:04.509 D/VM_BMS  (  472): For soc=100 batt_temp=288 slope=14800
04-02 17:34:04.509 D/VM_BMS  (  472): For soc=100 batt_temp=288 rbatt_sf=99
04-02 17:34:04.509 D/VM_BMS  (  472): rbatt_mohm_default=100, rbatt_mohm=99, sf=99 batt_temp=288
04-02 17:34:04.509 D/VM_BMS  (  472): Lookup rbatt=99.000000  adjusted rbatt=99.521729
04-02 17:34:04.509 D/VM_BMS  (  472): For ocv=4193062 batt_temp=288 soc=100
04-02 17:34:04.509 D/VM_BMS  (  472): FIFO=4 fifo_avg=4.190476 rbatt=0.149522 slope=1.480000 ibatt=0.017341 ocv=4.193062 soc=100 fcc_ah=4.970666 sample_count=128 sample_interval=70 seq_num=752
04-02 17:34:04.510 I/VM_BMS  (  472): power_supply_update: ocv_uv=4193062 ibatt=17340 soc=100 seq_num=752
04-02 17:34:04.510 D/VM_BMS  (  472): End process_bms_data
04-02 17:34:04.511 D/VM_BMS  (  472): wake_lock released
04-02 17:34:05.803 I/SurfaceFlinger(  259): FPS: 5
04-02 17:34:06.267 D/wpa_supplicant( 2839): wlan0: Control interface command 'SIGNAL_POLL'
04-02 17:34:06.280 V/WLAN_PSA(  282): NL MSG, len[4041], NL type[0x1C] WNI type[0x5900] len[45327]
04-02 17:34:06.280 V/WLAN_PSA(  282): NL MSG, PID: 282
04-02 17:34:06.835 I/SurfaceFlinger(  259): FPS: 5
04-02 17:34:08.303 I/SurfaceFlinger(  259): FPS: 5
04-02 17:34:09.285 D/wpa_supplicant( 2839): wlan0: Control interface command 'SIGNAL_POLL'
04-02 17:34:09.319 I/SurfaceFlinger(  259): FPS: 4
04-02 17:34:10.335 I/SurfaceFlinger(  259): FPS: 5
04-02 17:34:10.889 E/WifiStateMachine( 1314): WifiStateMachine CMD_START_SCAN source -2 txSuccessRate=0.00 rxSuccessRate=0.00 targetRoamBSSID=any RSSI=-43
04-02 17:34:10.889 D/wpa_supplicant( 2839): wlan0: Control interface command 'SCAN TYPE=ONLY'
04-02 17:34:10.889 D/wpa_supplicant( 2839): wlan0: Setting scan request: 0.000000 sec
04-02 17:34:10.889 D/wpa_supplicant( 2839): wlan0: Starting AP scan for wildcard SSID
04-02 17:34:10.890 D/wpa_supplicant( 2839): wlan0: Add radio work 'scan'@0xb8c3fde8
04-02 17:34:10.890 D/wpa_supplicant( 2839): wlan0: First radio work item in the queue - schedule start immediately
04-02 17:34:10.890 D/wpa_supplicant( 2839): wlan0: Starting radio work 'scan'@0xb8c3fde8 after 0.000065 second wait
04-02 17:34:10.890 D/wpa_supplicant( 2839): wlan0: nl80211: scan request
04-02 17:34:10.890 D/wpa_supplicant( 2839): nl80211: Scan SSID - hexdump(len=0): [NULL]
04-02 17:34:10.891 I/WifiHAL ( 1314): Poll result = 1
04-02 17:34:10.891 I/WifiHAL ( 1314): Found some events!!!
04-02 17:34:10.891 D/wpa_supplicant( 2839): Scan requested (ret=0) - scan timeout 30 seconds
04-02 17:34:10.891 D/WifiHAL ( 1314): no_seq_check received
04-02 17:34:10.891 D/wpa_supplicant( 2839): nl80211: Event message available
04-02 17:34:10.891 I/WifiHAL ( 1314): event received NL80211_CMD_TRIGGER_SCAN
04-02 17:34:10.891 I/WifiHAL ( 1314): event received NL80211_CMD_TRIGGER_SCAN, vendor_id = 0x0
04-02 17:34:10.891 D/wpa_supplicant( 2839): nl80211: Drv Event 33 (NL80211_CMD_TRIGGER_SCAN) received for wlan0
04-02 17:34:10.891 I/WifiHAL ( 1314): event ignored!!
04-02 17:34:10.891 D/wpa_supplicant( 2839): wlan0: nl80211: Scan trigger
04-02 17:34:10.891 D/wpa_supplicant( 2839): wlan0: Event SCAN_STARTED (49) received
04-02 17:34:10.891 D/wpa_supplicant( 2839): wlan0: Own scan request started a scan in 0.000181 seconds
04-02 17:34:10.891 V/WLAN_PSA(  282): NL MSG, len[914], NL type[0x11] WNI type[0x5050] len[894]
04-02 17:34:10.891 D/wpa_supplicant( 2839): CTRL_IFACE monitor sent successfully to /data/misc/wifi/sockets/wpa_ctrl_291-1\x00
04-02 17:34:10.891 V/WLAN_PSA(  282): NL MSG, PID: 282
04-02 17:34:10.891 D/wpa_supplicant( 2839): CTRL_IFACE monitor sent successfully to /data/misc/wifi/sockets/wpa_ctrl_1314-3\x00
04-02 17:34:10.891 V/WLAN_PSA(  282): NL MSG, len[048], NL type[0x11] WNI type[0x5050] len[028]
04-02 17:34:10.891 V/WLAN_PSA(  282): NL MSG, PID: 282
04-02 17:34:10.892 V/WLAN_PSA(  282): NL MSG, len[4051], NL type[0x1C] WNI type[0x5900] len[47887]
04-02 17:34:10.892 V/WLAN_PSA(  282): NL MSG, PID: 282
04-02 17:34:10.892 V/WLAN_PSA(  282): NL MSG, len[4009], NL type[0x1C] WNI type[0x5900] len[37135]
04-02 17:34:10.892 V/WLAN_PSA(  282): NL MSG, PID: 282
04-02 17:34:10.949 V/WLAN_PSA(  282): NL MSG, len[4086], NL type[0x1C] WNI type[0x5900] len[56847]
04-02 17:34:10.949 V/WLAN_PSA(  282): NL MSG, PID: 282
04-02 17:34:10.998 V/WLAN_PSA(  282): NL MSG, len[4021], NL type[0x1C] WNI type[0x5900] len[40207]
04-02 17:34:10.998 V/WLAN_PSA(  282): NL MSG, PID: 282
04-02 17:34:11.048 V/WLAN_PSA(  282): NL MSG, len[4093], NL type[0x1C] WNI type[0x5900] len[58639]
04-02 17:34:11.048 V/WLAN_PSA(  282): NL MSG, PID: 282
04-02 17:34:11.075 V/WLAN_PSA(  282): NL MSG, len[4015], NL type[0x1C] WNI type[0x5900] len[38671]
04-02 17:34:11.075 V/WLAN_PSA(  282): NL MSG, PID: 282
04-02 17:34:11.108 V/WLAN_PSA(  282): NL MSG, len[4093], NL type[0x1C] WNI type[0x5900] len[58639]
04-02 17:34:11.108 V/WLAN_PSA(  282): NL MSG, PID: 282
04-02 17:34:11.158 V/WLAN_PSA(  282): NL MSG, len[4014], NL type[0x1C] WNI type[0x5900] len[38415]
04-02 17:34:11.158 V/WLAN_PSA(  282): NL MSG, PID: 282
04-02 17:34:11.208 V/WLAN_PSA(  282): NL MSG, len[4088], NL type[0x1C] WNI type[0x5900] len[57359]
04-02 17:34:11.208 V/WLAN_PSA(  282): NL MSG, PID: 282
04-02 17:34:11.238 V/WLAN_PSA(  282): NL MSG, len[4073], NL type[0x1C] WNI type[0x5900] len[53519]
04-02 17:34:11.238 V/WLAN_PSA(  282): NL MSG, PID: 282
04-02 17:34:11.288 V/WLAN_PSA(  282): NL MSG, len[4036], NL type[0x1C] WNI type[0x5900] len[44047]
04-02 17:34:11.288 V/WLAN_PSA(  282): NL MSG, PID: 282
04-02 17:34:11.338 V/WLAN_PSA(  282): NL MSG, len[3983], NL type[0x1C] WNI type[0x5900] len[30479]
04-02 17:34:11.338 V/WLAN_PSA(  282): NL MSG, PID: 282
04-02 17:34:11.382 V/WLAN_PSA(  282): NL MSG, len[4036], NL type[0x1C] WNI type[0x5900] len[44047]
04-02 17:34:11.382 V/WLAN_PSA(  282): NL MSG, PID: 282
04-02 17:34:11.384 V/WLAN_PSA(  282): NL MSG, len[914], NL type[0x11] WNI type[0x5050] len[894]
04-02 17:34:11.384 V/WLAN_PSA(  282): NL MSG, PID: 282
04-02 17:34:11.385 I/WifiHAL ( 1314): Poll result = 1
04-02 17:34:11.385 I/WifiHAL ( 1314): Found some events!!!
04-02 17:34:11.385 D/WifiHAL ( 1314): no_seq_check received
04-02 17:34:11.386 I/WifiHAL ( 1314): event received NL80211_CMD_NEW_SCAN_RESULTS
04-02 17:34:11.386 I/WifiHAL ( 1314): event received NL80211_CMD_NEW_SCAN_RESULTS, vendor_id = 0x0
04-02 17:34:11.386 I/WifiHAL ( 1314): event ignored!!
04-02 17:34:11.386 D/wpa_supplicant( 2839): nl80211: Event message available
04-02 17:34:11.386 D/wpa_supplicant( 2839): nl80211: Drv Event 34 (NL80211_CMD_NEW_SCAN_RESULTS) received for wlan0
04-02 17:34:11.386 D/wpa_supplicant( 2839): wlan0: nl80211: New scan results available
04-02 17:34:11.386 D/wpa_supplicant( 2839): nl80211: Scan included frequencies: 2412 2417 2422 2427 2432 2437 2442 2447 2452 2457 2462 2467 2472
04-02 17:34:11.386 D/wpa_supplicant( 2839): wlan0: Event SCAN_RESULTS (3) received
04-02 17:34:11.386 D/wpa_supplicant( 2839): wlan0: Scan completed in 0.494981 seconds
04-02 17:34:11.386 D/wpa_supplicant( 2839): nl80211: Associated on 2412 MHz
04-02 17:34:11.386 D/wpa_supplicant( 2839): nl80211: Associated with 00:6b:f1:67:8d:01
04-02 17:34:11.387 D/wpa_supplicant( 2839): nl80211: Received scan results (16 BSSes)
04-02 17:34:11.387 D/wpa_supplicant( 2839): nl80211: Scan results indicate BSS status with 00:6b:f1:67:8d:01 as associated
04-02 17:34:11.387 D/wpa_supplicant( 2839): wlan0: BSS: Start scan result update 914
04-02 17:34:11.387 D/wpa_supplicant( 2839): wlan0: BSS: Add new id 1306 BSSID b8:f8:83:a1:7f:95 SSID 'TP-LINK-102'
04-02 17:34:11.387 D/wpa_supplicant( 2839): CTRL_IFACE monitor sent successfully to /data/misc/wifi/sockets/wpa_ctrl_291-1\x00
04-02 17:34:11.388 D/wpa_supplicant( 2839): CTRL_IFACE monitor sent successfully to /data/misc/wifi/sockets/wpa_ctrl_1314-3\x00
04-02 17:34:11.388 D/wpa_supplicant( 2839): wlan0: BSS: Add new id 1307 BSSID 14:d1:69:43:20:45 SSID '\x00\x00\x00\x00\x00\x00\x00\x00\x00\x00\x00\x00\x00\x00\x00'
04-02 17:34:11.389 V/WLAN_PSA(  282): NL MSG, len[4001], NL type[0x1C] WNI type[0x5900] len[35087]
04-02 17:34:11.389 V/WLAN_PSA(  282): NL MSG, PID: 282
04-02 17:34:11.389 V/WLAN_PSA(  282): NL MSG, len[4006], NL type[0x1C] WNI type[0x5900] len[36367]
04-02 17:34:11.389 V/WLAN_PSA(  282): NL MSG, PID: 282
04-02 17:34:11.389 D/wpa_supplicant( 2839): CTRL_IFACE monitor sent successfully to /data/misc/wifi/sockets/wpa_ctrl_291-1\x00
04-02 17:34:11.389 D/wpa_supplicant( 2839): CTRL_IFACE monitor sent successfully to /data/misc/wifi/sockets/wpa_ctrl_1314-3\x00
04-02 17:34:11.389 D/wpa_supplicant( 2839): wlan0: BSS: Add new id 1308 BSSID 08:9b:4b:94:d2:ad SSID 'iK9-1'
04-02 17:34:11.390 D/wpa_supplicant( 2839): CTRL_IFACE monitor sent successfully to /data/misc/wifi/sockets/wpa_ctrl_291-1\x00
04-02 17:34:11.390 D/wpa_supplicant( 2839): CTRL_IFACE monitor sent successfully to /data/misc/wifi/sockets/wpa_ctrl_1314-3\x00
04-02 17:34:11.390 D/wpa_supplicant( 2839): wlan0: BSS: Remove id 1298 BSSID a8:0c:ca:04:4c:85 SSID 'jxbx' due to no match in scan
04-02 17:34:11.391 D/wpa_supplicant( 2839): CTRL_IFACE monitor sent successfully to /data/misc/wifi/sockets/wpa_ctrl_291-1\x00
04-02 17:34:11.391 D/wpa_supplicant( 2839): CTRL_IFACE monitor sent successfully to /data/misc/wifi/sockets/wpa_ctrl_1314-3\x00
04-02 17:34:11.391 D/wpa_supplicant( 2839): BSS: last_scan_res_used=16/32
04-02 17:34:11.391 D/wpa_supplicant( 2839): wlan0: Scan-only results received
04-02 17:34:11.391 D/wpa_supplicant( 2839): CTRL_IFACE monitor sent successfully to /data/misc/wifi/sockets/wpa_ctrl_291-1\x00
04-02 17:34:11.391 D/wpa_supplicant( 2839): CTRL_IFACE monitor sent successfully to /data/misc/wifi/sockets/wpa_ctrl_1314-3\x00
04-02 17:34:11.392 D/wpa_supplicant( 2839): wlan0: Radio work 'scan'@0xb8c3fde8 done in 0.501876 seconds
04-02 17:34:11.396 V/WLAN_PSA(  282): NL MSG, len[4089], NL type[0x1C] WNI type[0x5900] len[57615]
04-02 17:34:11.396 V/WLAN_PSA(  282): NL MSG, PID: 282
04-02 17:34:11.397 D/wpa_supplicant( 2839): wlan0: Control interface command 'BSS RANGE=0- MASK=0x21987'
04-02 17:34:11.411 D/wpa_supplicant( 2839): wlan0: Control interface command 'STATUS-NO_EVENTS'
04-02 17:34:11.431 D/LBSSystemMonitorService( 1314): handleMessage what - 4
04-02 17:34:11.431 D/Wiper_jni( 1314): Send Network Location.
04-02 17:34:11.821 I/SurfaceFlinger(  259): FPS: 5
04-02 17:34:12.306 D/wpa_supplicant( 2839): wlan0: Control interface command 'SIGNAL_POLL'
04-02 17:34:12.852 I/SurfaceFlinger(  259): FPS: 5
04-02 17:34:14.320 I/SurfaceFlinger(  259): FPS: 5
04-02 17:34:15.328 D/wpa_supplicant( 2839): wlan0: Control interface command 'SIGNAL_POLL'
04-02 17:34:15.329 V/WLAN_PSA(  282): NL MSG, len[4025], NL type[0x1C] WNI type[0x5900] len[41231]
04-02 17:34:15.329 V/WLAN_PSA(  282): NL MSG, PID: 282
04-02 17:34:15.353 I/SurfaceFlinger(  259): FPS: 5
04-02 17:34:16.821 I/SurfaceFlinger(  259): FPS: 5
04-02 17:34:17.837 I/SurfaceFlinger(  259): FPS: 4
04-02 17:34:18.349 D/wpa_supplicant( 2839): wlan0: Control interface command 'SIGNAL_POLL'
04-02 17:34:18.838 I/SurfaceFlinger(  259): FPS: 4
04-02 17:34:18.900 V/WLAN_PSA(  282): NL MSG, len[4049], NL type[0x1C] WNI type[0x5900] len[47375]
04-02 17:34:18.900 V/WLAN_PSA(  282): NL MSG, PID: 282
04-02 17:34:19.870 I/SurfaceFlinger(  259): FPS: 5
04-02 17:34:21.337 I/SurfaceFlinger(  259): FPS: 5
04-02 17:34:21.366 D/wpa_supplicant( 2839): wlan0: Control interface command 'SIGNAL_POLL'
04-02 17:34:22.370 I/SurfaceFlinger(  259): FPS: 5
04-02 17:34:23.838 I/SurfaceFlinger(  259): FPS: 5
04-02 17:34:24.068 V/WLAN_PSA(  282): NL MSG, len[4030], NL type[0x1C] WNI type[0x5900] len[42511]
04-02 17:34:24.068 V/WLAN_PSA(  282): NL MSG, PID: 282
04-02 17:34:24.382 D/wpa_supplicant( 2839): wlan0: Control interface command 'SIGNAL_POLL'
04-02 17:34:24.870 I/SurfaceFlinger(  259): FPS: 5
04-02 17:34:25.886 I/SurfaceFlinger(  259): FPS: 4
04-02 17:34:27.354 I/SurfaceFlinger(  259): FPS: 5
04-02 17:34:27.404 D/wpa_supplicant( 2839): wlan0: Control interface command 'SIGNAL_POLL'
04-02 17:34:27.417 V/WLAN_PSA(  282): NL MSG, len[4026], NL type[0x1C] WNI type[0x5900] len[41487]
04-02 17:34:27.417 V/WLAN_PSA(  282): NL MSG, PID: 282
04-02 17:34:28.387 I/SurfaceFlinger(  259): FPS: 5
04-02 17:34:29.315 I/Atfwd_Daemon( 2543): baron2.
04-02 17:34:29.315 I/Atfwd_Daemon( 2543): baron3.
04-02 17:34:29.316 W/ATFWD-daemon( 2543): type=1400 audit(0.0:756): avc: denied { connectto } for path="/dev/socket/property_service" scontext=u:r:atfwd:s0 tcontext=u:r:init:s0 tclass=unix_stream_socket permissive=0
04-02 17:34:29.318 E/QC-QMI  ( 2543): qmi_client [2543] 55: failed to locate client data
04-02 17:34:29.319 E/QC-QMI  (  462): qmuxd: RX on fd=20 returned error=0 errno[2:No such file or directory]
04-02 17:34:29.319 E/QC-QMI  (  462): QMUX qmux_client_id=55 not found in qmux client list, unable to remove
04-02 17:34:29.320 I/Atfwd_Daemon( 2543): baron4.
04-02 17:34:29.320 I/Atfwd_Daemon( 2543): Stop the daemon....
04-02 17:34:29.322 I/Atfwd_Daemon( 2543): baron5.
04-02 17:34:29.362 I/Atfwd_Daemon( 3707): baron1.
04-02 17:34:29.370 I/Atfwd_Daemon( 3707): result : 255 	 ,Init step :0 	 ,qmiErrorCode: 0
04-02 17:34:29.370 I/Atfwd_Daemon( 3707): baron2.
04-02 17:34:29.370 I/Atfwd_Daemon( 3707): result : 0 	 ,Init step :1 	 ,qmiErrorCode: 0
04-02 17:34:29.370 I/Atfwd_Daemon( 3707): baron2.
04-02 17:34:29.371 I/ServiceManager( 3707): Waiting for service AtCmdFwd...
04-02 17:34:29.389 I/SurfaceFlinger(  259): FPS: 4
04-02 17:34:30.371 I/ServiceManager( 3707): Waiting for service AtCmdFwd...
04-02 17:34:30.425 D/wpa_supplicant( 2839): wlan0: Control interface command 'SIGNAL_POLL'
04-02 17:34:30.854 I/SurfaceFlinger(  259): FPS: 5
04-02 17:34:30.891 E/WifiStateMachine( 1314): WifiStateMachine CMD_START_SCAN source -2 txSuccessRate=0.00 rxSuccessRate=0.00 targetRoamBSSID=any RSSI=-47
04-02 17:34:30.891 E/WifiStateMachine( 1314): WifiStateMachine starting scan for "Verifone_Guest"-WPA_PSK with 2412,2462,2437
04-02 17:34:30.891 D/wpa_supplicant( 2839): wlan0: Control interface command 'SCAN TYPE=ONLY freq=2412,2462,2437'
04-02 17:34:30.892 D/wpa_supplicant( 2839): wlan0: Setting scan request: 0.000000 sec
04-02 17:34:30.892 D/wpa_supplicant( 2839): wlan0: Starting AP scan for wildcard SSID
04-02 17:34:30.892 D/wpa_supplicant( 2839): wlan0: Limit manual scan to specified channels
04-02 17:34:30.892 D/wpa_supplicant( 2839): wlan0: Add radio work 'scan'@0xb8c3fde8
04-02 17:34:30.892 D/wpa_supplicant( 2839): wlan0: First radio work item in the queue - schedule start immediately
04-02 17:34:30.892 D/wpa_supplicant( 2839): wlan0: Starting radio work 'scan'@0xb8c3fde8 after 0.000063 second wait
04-02 17:34:30.892 D/wpa_supplicant( 2839): wlan0: nl80211: scan request
04-02 17:34:30.892 D/wpa_supplicant( 2839): nl80211: Scan SSID - hexdump(len=0): [NULL]
04-02 17:34:30.892 D/wpa_supplicant( 2839): nl80211: Scan frequency 2412 MHz
04-02 17:34:30.892 D/wpa_supplicant( 2839): nl80211: Scan frequency 2437 MHz
04-02 17:34:30.892 D/wpa_supplicant( 2839): nl80211: Scan frequency 2462 MHz
04-02 17:34:30.893 V/WLAN_PSA(  282): NL MSG, len[4064], NL type[0x1C] WNI type[0x5900] len[51215]
04-02 17:34:30.893 V/WLAN_PSA(  282): NL MSG, PID: 282
04-02 17:34:30.894 V/WLAN_PSA(  282): NL MSG, len[914], NL type[0x11] WNI type[0x5050] len[894]
04-02 17:34:30.894 V/WLAN_PSA(  282): NL MSG, PID: 282
04-02 17:34:30.894 D/wpa_supplicant( 2839): Scan requested (ret=0) - scan timeout 30 seconds
04-02 17:34:30.894 D/wpa_supplicant( 2839): nl80211: Event message available
04-02 17:34:30.894 D/wpa_supplicant( 2839): nl80211: Drv Event 33 (NL80211_CMD_TRIGGER_SCAN) received for wlan0
04-02 17:34:30.894 D/wpa_supplicant( 2839): wlan0: nl80211: Scan trigger
04-02 17:34:30.894 D/wpa_supplicant( 2839): wlan0: Event SCAN_STARTED (49) received
04-02 17:34:30.894 I/WifiHAL ( 1314): Poll result = 1
04-02 17:34:30.894 I/WifiHAL ( 1314): Found some events!!!
04-02 17:34:30.894 D/wpa_supplicant( 2839): wlan0: Own scan request started a scan in 0.000197 seconds
04-02 17:34:30.894 D/WifiHAL ( 1314): no_seq_check received
04-02 17:34:30.894 I/WifiHAL ( 1314): event received NL80211_CMD_TRIGGER_SCAN
04-02 17:34:30.894 D/wpa_supplicant( 2839): CTRL_IFACE monitor sent successfully to /data/misc/wifi/sockets/wpa_ctrl_291-1\x00
04-02 17:34:30.894 I/WifiHAL ( 1314): event received NL80211_CMD_TRIGGER_SCAN, vendor_id = 0x0
04-02 17:34:30.894 I/WifiHAL ( 1314): event ignored!!
04-02 17:34:30.894 D/wpa_supplicant( 2839): CTRL_IFACE monitor sent successfully to /data/misc/wifi/sockets/wpa_ctrl_1314-3\x00
04-02 17:34:30.895 V/WLAN_PSA(  282): NL MSG, len[048], NL type[0x11] WNI type[0x5050] len[028]
04-02 17:34:30.895 V/WLAN_PSA(  282): NL MSG, PID: 282
04-02 17:34:30.908 V/WLAN_PSA(  282): NL MSG, len[4057], NL type[0x1C] WNI type[0x5900] len[49423]
04-02 17:34:30.908 V/WLAN_PSA(  282): NL MSG, PID: 282
04-02 17:34:30.948 V/WLAN_PSA(  282): NL MSG, len[3954], NL type[0x1C] WNI type[0x5900] len[23055]
04-02 17:34:30.948 V/WLAN_PSA(  282): NL MSG, PID: 282
04-02 17:34:30.998 V/WLAN_PSA(  282): NL MSG, len[3980], NL type[0x1C] WNI type[0x5900] len[29711]
04-02 17:34:30.998 V/WLAN_PSA(  282): NL MSG, PID: 282
04-02 17:34:31.035 V/WLAN_PSA(  282): NL MSG, len[914], NL type[0x11] WNI type[0x5050] len[894]
04-02 17:34:31.035 V/WLAN_PSA(  282): NL MSG, PID: 282
04-02 17:34:31.035 V/WLAN_PSA(  282): NL MSG, len[4054], NL type[0x1C] WNI type[0x5900] len[48655]
04-02 17:34:31.035 V/WLAN_PSA(  282): NL MSG, PID: 282
04-02 17:34:31.035 V/WLAN_PSA(  282): NL MSG, len[4033], NL type[0x1C] WNI type[0x5900] len[43279]
04-02 17:34:31.035 V/WLAN_PSA(  282): NL MSG, PID: 282
04-02 17:34:31.035 I/WifiHAL ( 1314): Poll result = 1
04-02 17:34:31.035 I/WifiHAL ( 1314): Found some events!!!
04-02 17:34:31.035 D/WifiHAL ( 1314): no_seq_check received
04-02 17:34:31.035 I/WifiHAL ( 1314): event received NL80211_CMD_NEW_SCAN_RESULTS
04-02 17:34:31.035 I/WifiHAL ( 1314): event received NL80211_CMD_NEW_SCAN_RESULTS, vendor_id = 0x0
04-02 17:34:31.035 I/WifiHAL ( 1314): event ignored!!
04-02 17:34:31.036 D/wpa_supplicant( 2839): nl80211: Event message available
04-02 17:34:31.036 D/wpa_supplicant( 2839): nl80211: Drv Event 34 (NL80211_CMD_NEW_SCAN_RESULTS) received for wlan0
04-02 17:34:31.036 D/wpa_supplicant( 2839): wlan0: nl80211: New scan results available
04-02 17:34:31.036 D/wpa_supplicant( 2839): nl80211: Scan included frequencies: 2412 2437 2462
04-02 17:34:31.036 D/wpa_supplicant( 2839): wlan0: Event SCAN_RESULTS (3) received
04-02 17:34:31.036 D/wpa_supplicant( 2839): wlan0: Scan completed in 0.141827 seconds
04-02 17:34:31.036 D/wpa_supplicant( 2839): nl80211: Associated on 2412 MHz
04-02 17:34:31.036 D/wpa_supplicant( 2839): nl80211: Associated with 00:6b:f1:67:8d:01
04-02 17:34:31.036 D/wpa_supplicant( 2839): nl80211: Received scan results (16 BSSes)
04-02 17:34:31.036 D/wpa_supplicant( 2839): nl80211: Scan results indicate BSS status with 00:6b:f1:67:8d:01 as associated
04-02 17:34:31.036 D/wpa_supplicant( 2839): wlan0: BSS: Start scan result update 915
04-02 17:34:31.037 D/wpa_supplicant( 2839): BSS: last_scan_res_used=16/32
04-02 17:34:31.037 D/wpa_supplicant( 2839): wlan0: Scan-only results received
04-02 17:34:31.038 D/wpa_supplicant( 2839): CTRL_IFACE monitor sent successfully to /data/misc/wifi/sockets/wpa_ctrl_291-1\x00
04-02 17:34:31.040 D/wpa_supplicant( 2839): CTRL_IFACE monitor sent successfully to /data/misc/wifi/sockets/wpa_ctrl_1314-3\x00
04-02 17:34:31.040 D/wpa_supplicant( 2839): wlan0: Radio work 'scan'@0xb8c3fde8 done in 0.147943 seconds
04-02 17:34:31.042 V/WLAN_PSA(  282): NL MSG, len[4024], NL type[0x1C] WNI type[0x5900] len[40975]
04-02 17:34:31.042 V/WLAN_PSA(  282): NL MSG, PID: 282
04-02 17:34:31.043 D/wpa_supplicant( 2839): wlan0: Control interface command 'BSS RANGE=0- MASK=0x21987'
04-02 17:34:31.057 D/wpa_supplicant( 2839): wlan0: Control interface command 'STATUS-NO_EVENTS'
04-02 17:34:31.372 I/ServiceManager( 3707): Waiting for service AtCmdFwd...
04-02 17:34:31.887 I/SurfaceFlinger(  259): FPS: 5
04-02 17:34:32.372 I/ServiceManager( 3707): Waiting for service AtCmdFwd...
04-02 17:34:32.904 I/SurfaceFlinger(  259): FPS: 4
04-02 17:34:33.373 I/ServiceManager( 3707): Waiting for service AtCmdFwd...
04-02 17:34:33.443 D/wpa_supplicant( 2839): wlan0: Control interface command 'SIGNAL_POLL'
04-02 17:34:34.372 I/SurfaceFlinger(  259): FPS: 5
04-02 17:34:34.373 W/Atfwd_Sendcmd( 3707): AtCmdFwd service not published, waiting... retryCnt : 1
04-02 17:34:35.068 V/WLAN_PSA(  282): NL MSG, len[4054], NL type[0x1C] WNI type[0x5900] len[48655]
04-02 17:34:35.068 V/WLAN_PSA(  282): NL MSG, PID: 282
04-02 17:34:35.404 I/SurfaceFlinger(  259): FPS: 5
04-02 17:34:36.460 D/wpa_supplicant( 2839): wlan0: Control interface command 'SIGNAL_POLL'
04-02 17:34:36.872 I/SurfaceFlinger(  259): FPS: 5
04-02 17:34:37.904 I/SurfaceFlinger(  259): FPS: 5
04-02 17:34:38.444 D/com.socsi.thread.UploadResultThread(24223): 【进入应用下载结果上送线程】
04-02 17:34:38.446 D/com.socsi.thread.UploadResultThread(24223): ..........终端无应用下载/更新结果可以上送
04-02 17:34:38.448 D/com.socsi.thread.UploadResultThread(24223): ------------结果上送over------------------
04-02 17:34:39.372 I/SurfaceFlinger(  259): FPS: 5
04-02 17:34:39.374 I/ServiceManager( 3707): Waiting for service AtCmdFwd...
04-02 17:34:39.480 D/wpa_supplicant( 2839): wlan0: Control interface command 'SIGNAL_POLL'
04-02 17:34:39.483 V/WLAN_PSA(  282): NL MSG, len[4058], NL type[0x1C] WNI type[0x5900] len[49679]
04-02 17:34:39.483 V/WLAN_PSA(  282): NL MSG, PID: 282
04-02 17:34:40.375 I/ServiceManager( 3707): Waiting for service AtCmdFwd...
04-02 17:34:40.404 I/SurfaceFlinger(  259): FPS: 5
04-02 17:34:41.376 I/ServiceManager( 3707): Waiting for service AtCmdFwd...
04-02 17:34:41.437 I/SurfaceFlinger(  259): FPS: 4
04-02 17:34:42.376 I/ServiceManager( 3707): Waiting for service AtCmdFwd...
04-02 17:34:42.501 D/wpa_supplicant( 2839): wlan0: Control interface command 'SIGNAL_POLL'
04-02 17:34:42.889 I/SurfaceFlinger(  259): FPS: 5
04-02 17:34:43.068 V/WLAN_PSA(  282): NL MSG, len[4035], NL type[0x1C] WNI type[0x5900] len[43791]
04-02 17:34:43.068 V/WLAN_PSA(  282): NL MSG, PID: 282
04-02 17:34:43.377 I/ServiceManager( 3707): Waiting for service AtCmdFwd...
04-02 17:34:43.921 I/SurfaceFlinger(  259): FPS: 5
04-02 17:34:44.377 W/Atfwd_Sendcmd( 3707): AtCmdFwd service not published, waiting... retryCnt : 2
04-02 17:34:45.389 I/SurfaceFlinger(  259): FPS: 5
04-02 17:34:45.527 D/wpa_supplicant( 2839): wlan0: Control interface command 'SIGNAL_POLL'
04-02 17:34:46.421 I/SurfaceFlinger(  259): FPS: 5
04-02 17:34:47.890 I/SurfaceFlinger(  259): FPS: 5
04-02 17:34:48.546 V/WLAN_PSA(  282): NL MSG, len[4021], NL type[0x1C] WNI type[0x5900] len[40207]
04-02 17:34:48.546 V/WLAN_PSA(  282): NL MSG, PID: 282
04-02 17:34:48.548 D/wpa_supplicant( 2839): wlan0: Control interface command 'SIGNAL_POLL'
04-02 17:34:48.907 I/SurfaceFlinger(  259): FPS: 4
04-02 17:34:49.939 I/SurfaceFlinger(  259): FPS: 5
04-02 17:34:50.895 E/WifiStateMachine( 1314): WifiStateMachine CMD_START_SCAN source -2 txSuccessRate=0.00 rxSuccessRate=0.00 targetRoamBSSID=any RSSI=-45
04-02 17:34:50.896 E/WifiStateMachine( 1314): WifiStateMachine starting scan for "Verifone_Guest"-WPA_PSK with 2412,2462,2437
04-02 17:34:50.896 D/wpa_supplicant( 2839): wlan0: Control interface command 'SCAN TYPE=ONLY freq=2412,2462,2437'
04-02 17:34:50.896 D/wpa_supplicant( 2839): wlan0: Setting scan request: 0.000000 sec
04-02 17:34:50.896 D/wpa_supplicant( 2839): wlan0: Starting AP scan for wildcard SSID
04-02 17:34:50.896 D/wpa_supplicant( 2839): wlan0: Limit manual scan to specified channels
04-02 17:34:50.896 D/wpa_supplicant( 2839): wlan0: Add radio work 'scan'@0xb8c3fde8
04-02 17:34:50.896 D/wpa_supplicant( 2839): wlan0: First radio work item in the queue - schedule start immediately
04-02 17:34:50.896 D/wpa_supplicant( 2839): wlan0: Starting radio work 'scan'@0xb8c3fde8 after 0.000063 second wait
04-02 17:34:50.896 D/wpa_supplicant( 2839): wlan0: nl80211: scan request
04-02 17:34:50.896 D/wpa_supplicant( 2839): nl80211: Scan SSID - hexdump(len=0): [NULL]
04-02 17:34:50.896 D/wpa_supplicant( 2839): nl80211: Scan frequency 2412 MHz
04-02 17:34:50.896 D/wpa_supplicant( 2839): nl80211: Scan frequency 2437 MHz
04-02 17:34:50.896 D/wpa_supplicant( 2839): nl80211: Scan frequency 2462 MHz
04-02 17:34:50.897 D/wpa_supplicant( 2839): Scan requested (ret=0) - scan timeout 30 seconds
04-02 17:34:50.897 I/WifiHAL ( 1314): Poll result = 1
04-02 17:34:50.897 I/WifiHAL ( 1314): Found some events!!!
04-02 17:34:50.897 D/WifiHAL ( 1314): no_seq_check received
04-02 17:34:50.897 D/wpa_supplicant( 2839): nl80211: Event message available
04-02 17:34:50.898 I/WifiHAL ( 1314): event received NL80211_CMD_TRIGGER_SCAN
04-02 17:34:50.898 D/wpa_supplicant( 2839): nl80211: Drv Event 33 (NL80211_CMD_TRIGGER_SCAN) received for wlan0
04-02 17:34:50.898 I/WifiHAL ( 1314): event received NL80211_CMD_TRIGGER_SCAN, vendor_id = 0x0
04-02 17:34:50.898 I/WifiHAL ( 1314): event ignored!!
04-02 17:34:50.898 D/wpa_supplicant( 2839): wlan0: nl80211: Scan trigger
04-02 17:34:50.898 D/wpa_supplicant( 2839): wlan0: Event SCAN_STARTED (49) received
04-02 17:34:50.898 D/wpa_supplicant( 2839): wlan0: Own scan request started a scan in 0.000180 seconds
04-02 17:34:50.898 V/WLAN_PSA(  282): NL MSG, len[4079], NL type[0x1C] WNI type[0x5900] len[55055]
04-02 17:34:50.898 D/wpa_supplicant( 2839): CTRL_IFACE monitor sent successfully to /data/misc/wifi/sockets/wpa_ctrl_291-1\x00
04-02 17:34:50.898 V/WLAN_PSA(  282): NL MSG, PID: 282
04-02 17:34:50.898 D/wpa_supplicant( 2839): CTRL_IFACE monitor sent successfully to /data/misc/wifi/sockets/wpa_ctrl_1314-3\x00
04-02 17:34:50.898 V/WLAN_PSA(  282): NL MSG, len[914], NL type[0x11] WNI type[0x5050] len[894]
04-02 17:34:50.898 V/WLAN_PSA(  282): NL MSG, PID: 282
04-02 17:34:50.898 V/WLAN_PSA(  282): NL MSG, len[048], NL type[0x11] WNI type[0x5050] len[028]
04-02 17:34:50.898 V/WLAN_PSA(  282): NL MSG, PID: 282
04-02 17:34:50.912 V/WLAN_PSA(  282): NL MSG, len[4012], NL type[0x1C] WNI type[0x5900] len[37903]
04-02 17:34:50.912 V/WLAN_PSA(  282): NL MSG, PID: 282
04-02 17:34:50.960 V/WLAN_PSA(  282): NL MSG, len[4080], NL type[0x1C] WNI type[0x5900] len[55311]
04-02 17:34:50.960 V/WLAN_PSA(  282): NL MSG, PID: 282
04-02 17:34:51.008 V/WLAN_PSA(  282): NL MSG, len[4072], NL type[0x1C] WNI type[0x5900] len[53263]
04-02 17:34:51.008 V/WLAN_PSA(  282): NL MSG, PID: 282
04-02 17:34:51.054 V/WLAN_PSA(  282): NL MSG, len[914], NL type[0x11] WNI type[0x5050] len[894]
04-02 17:34:51.055 V/WLAN_PSA(  282): NL MSG, PID: 282
04-02 17:34:51.055 V/WLAN_PSA(  282): NL MSG, len[4074], NL type[0x1C] WNI type[0x5900] len[53775]
04-02 17:34:51.055 V/WLAN_PSA(  282): NL MSG, PID: 282
04-02 17:34:51.055 V/WLAN_PSA(  282): NL MSG, len[4023], NL type[0x1C] WNI type[0x5900] len[40719]
04-02 17:34:51.055 V/WLAN_PSA(  282): NL MSG, PID: 282
04-02 17:34:51.055 I/WifiHAL ( 1314): Poll result = 1
04-02 17:34:51.055 I/WifiHAL ( 1314): Found some events!!!
04-02 17:34:51.055 D/WifiHAL ( 1314): no_seq_check received
04-02 17:34:51.055 I/WifiHAL ( 1314): event received NL80211_CMD_NEW_SCAN_RESULTS
04-02 17:34:51.055 I/WifiHAL ( 1314): event received NL80211_CMD_NEW_SCAN_RESULTS, vendor_id = 0x0
04-02 17:34:51.055 I/WifiHAL ( 1314): event ignored!!
04-02 17:34:51.055 D/wpa_supplicant( 2839): nl80211: Event message available
04-02 17:34:51.055 D/wpa_supplicant( 2839): nl80211: Drv Event 34 (NL80211_CMD_NEW_SCAN_RESULTS) received for wlan0
04-02 17:34:51.055 D/wpa_supplicant( 2839): wlan0: nl80211: New scan results available
04-02 17:34:51.055 D/wpa_supplicant( 2839): nl80211: Scan included frequencies: 2412 2437 2462
04-02 17:34:51.055 D/wpa_supplicant( 2839): wlan0: Event SCAN_RESULTS (3) received
04-02 17:34:51.055 D/wpa_supplicant( 2839): wlan0: Scan completed in 0.157731 seconds
04-02 17:34:51.056 D/wpa_supplicant( 2839): nl80211: Associated on 2412 MHz
04-02 17:34:51.056 D/wpa_supplicant( 2839): nl80211: Associated with 00:6b:f1:67:8d:01
04-02 17:34:51.056 D/wpa_supplicant( 2839): nl80211: Received scan results (12 BSSes)
04-02 17:34:51.056 D/wpa_supplicant( 2839): nl80211: Scan results indicate BSS status with 00:6b:f1:67:8d:01 as associated
04-02 17:34:51.056 D/wpa_supplicant( 2839): wlan0: BSS: Start scan result update 916
04-02 17:34:51.056 D/wpa_supplicant( 2839): BSS: last_scan_res_used=12/32
04-02 17:34:51.056 D/wpa_supplicant( 2839): wlan0: Scan-only results received
04-02 17:34:51.056 D/wpa_supplicant( 2839): CTRL_IFACE monitor sent successfully to /data/misc/wifi/sockets/wpa_ctrl_291-1\x00
04-02 17:34:51.056 D/wpa_supplicant( 2839): CTRL_IFACE monitor sent successfully to /data/misc/wifi/sockets/wpa_ctrl_1314-3\x00
04-02 17:34:51.056 D/wpa_supplicant( 2839): wlan0: Radio work 'scan'@0xb8c3fde8 done in 0.160215 seconds
04-02 17:34:51.061 D/wpa_supplicant( 2839): wlan0: Control interface command 'BSS RANGE=0- MASK=0x21987'
04-02 17:34:51.078 D/wpa_supplicant( 2839): wlan0: Control interface command 'STATUS-NO_EVENTS'
04-02 17:34:51.407 I/SurfaceFlinger(  259): FPS: 5
04-02 17:34:51.563 V/WLAN_PSA(  282): NL MSG, len[4058], NL type[0x1C] WNI type[0x5900] len[49679]
04-02 17:34:51.563 V/WLAN_PSA(  282): NL MSG, PID: 282
04-02 17:34:51.565 D/wpa_supplicant( 2839): wlan0: Control interface command 'SIGNAL_POLL'
04-02 17:34:52.439 I/SurfaceFlinger(  259): FPS: 5
04-02 17:34:52.648 D/VM_BMS  (  472): wake_lock acquired
04-02 17:34:52.648 D/VM_BMS  (  472): New BMS data - Size=56
04-02 17:34:52.648 D/VM_BMS  (  472): Start process_bms_data
04-02 17:34:52.649 D/VM_BMS  (  472): Battery charge_cycle=17 fcc_adjust=527 rbatt_adjust=527 cycle_changed=false
04-02 17:34:52.650 D/VM_BMS  (  472): For batt_temp=288 fcc_mah=4997
04-02 17:34:52.650 D/VM_BMS  (  472): Lookup fcc_mah=4997.000000  adjusted fcc_mah=4970.666016
04-02 17:34:52.650 D/VM_BMS  (  472): For ocv=4193062 batt_temp=288 soc=100
04-02 17:34:52.650 D/VM_BMS  (  472): fifo_count=5 acc_count=0
04-02 17:34:52.650 D/VM_BMS  (  472): INIT: ocv=4193062 last_ocv=4193062 batt_temp=288 soc=100
04-02 17:34:52.650 D/VM_BMS  (  472): For soc=100 batt_temp=288 slope=14800
04-02 17:34:52.651 D/VM_BMS  (  472): For soc=100 batt_temp=288 rbatt_sf=99
04-02 17:34:52.651 D/VM_BMS  (  472): rbatt_mohm_default=100, rbatt_mohm=99, sf=99 batt_temp=288
04-02 17:34:52.651 D/VM_BMS  (  472): Lookup rbatt=99.000000  adjusted rbatt=99.521729
04-02 17:34:52.651 D/VM_BMS  (  472): For ocv=4193042 batt_temp=288 soc=100
04-02 17:34:52.651 D/VM_BMS  (  472): FIFO=0 fifo_avg=4.189214 rbatt=0.149522 slope=1.480000 ibatt=0.025669 ocv=4.193043 soc=100 fcc_ah=4.970666 sample_count=128 sample_interval=70 seq_num=753
04-02 17:34:52.651 D/VM_BMS  (  472): For soc=100 batt_temp=288 slope=14800
04-02 17:34:52.651 D/VM_BMS  (  472): For soc=100 batt_temp=288 rbatt_sf=99
04-02 17:34:52.651 D/VM_BMS  (  472): rbatt_mohm_default=100, rbatt_mohm=99, sf=99 batt_temp=288
04-02 17:34:52.651 D/VM_BMS  (  472): Lookup rbatt=99.000000  adjusted rbatt=99.521729
04-02 17:34:52.651 D/VM_BMS  (  472): For ocv=4193026 batt_temp=288 soc=100
04-02 17:34:52.651 D/VM_BMS  (  472): FIFO=1 fifo_avg=4.189825 rbatt=0.149522 slope=1.480000 ibatt=0.021460 ocv=4.193026 soc=100 fcc_ah=4.970666 sample_count=128 sample_interval=70 seq_num=753
04-02 17:34:52.651 D/VM_BMS  (  472): For soc=100 batt_temp=288 slope=14800
04-02 17:34:52.651 D/VM_BMS  (  472): For soc=100 batt_temp=288 rbatt_sf=99
04-02 17:34:52.651 D/VM_BMS  (  472): rbatt_mohm_default=100, rbatt_mohm=99, sf=99 batt_temp=288
04-02 17:34:52.651 D/VM_BMS  (  472): Lookup rbatt=99.000000  adjusted rbatt=99.521729
04-02 17:34:52.651 D/VM_BMS  (  472): For ocv=4193009 batt_temp=288 soc=100
