--------- beginning of main
04-02 17:29:22.579 W/QueryController(21779): Could not detect idle state.
04-02 17:29:22.953 D/AndroidRuntime( 2685): >>>>>> START com.android.internal.os.RuntimeInit uid 2000 <<<<<<
04-02 17:29:22.956 D/AndroidRuntime( 2685): CheckJNI is OFF
04-02 17:29:23.133 D/AndroidRuntime( 2685): Calling main entry com.android.commands.monkey.Monkey
--------- beginning of system
04-02 17:29:23.152 W/BroadcastQueue( 1314): Skipping deliver [background] BroadcastRecord{de3408 u-1 android.net.conn.CONNECTIVITY_CHANGE} to ReceiverList{18a6c7a1 2685 (unknown name)/2000/u-1 remote:30345bfa}: process crashing
04-02 17:29:23.164 I/Timeline( 2685): Timeline: Activity_launch_request id:com.test.ui.activities.nihao time:30198045
04-02 17:29:23.164 I/ActivityManager( 1314): START u0 {act=android.intent.action.MAIN cat=[android.intent.category.LAUNCHER] flg=0x10200000 cmp=com.test.ui.activities.nihao/com.test.ui.activities.MainActivity} from uid 2000 on display 0
04-02 17:29:23.171 V/WindowManager( 1314): addAppToken: AppWindowToken{92688b4 token=Token{1a3cd187 ActivityRecord{175c3dc6 u0 com.test.ui.activities.nihao/com.test.ui.activities.MainActivity t2729}}} to stack=1 task=2729 at 0
04-02 17:29:23.173 W/SurfaceFlinger(  259): FB is protected: PERMISSION_DENIED
04-02 17:29:23.173 W/WindowManager( 1314): Screenshot failure taking screenshot for (720x1280) to layer 21015
04-02 17:29:23.174 I/System.out(23762): BaseMvpActivity : [(BaseMvpActivity.java:85)(OnPause)] ----onPause=MainActivity
04-02 17:29:23.176 I/ViewRootImpl( 1314): CPU Rendering VSync enable = true
04-02 17:29:23.179 V/WindowManager( 1314): Adding window Window{34046a7f u0 Starting com.test.ui.activities.nihao} at 4 of 8 (after Window{28e2c2e1 u0 com.verifone.scb.presentation/com.verifone.adc.presentation.view.activities.MainActivity})
04-02 17:29:23.189 D/MyApplication(28872): Add activity=com.test.ui.activities.MainActivity
04-02 17:29:23.204 I/SurfaceFlinger(  259): FPS: 2
04-02 17:29:23.237 I/ViewRootImpl(28872): CPU Rendering VSync enable = true
04-02 17:29:23.250 V/WindowManager( 1314): Adding window Window{21c9f713 u0 com.test.ui.activities.nihao/com.test.ui.activities.MainActivity} at 4 of 9 (before Window{34046a7f u0 Starting com.test.ui.activities.nihao})
04-02 17:29:23.258 I/art     ( 2685): System.exit called, status: 0
04-02 17:29:23.258 I/AndroidRuntime( 2685): VM exiting with result code 0.
04-02 17:29:23.288 D/UIAutomatorStub(21779): URI: /jsonrpc/0, Method: POST, params, {NanoHttpd.QUERY_STRING=null}, files: {postData={"jsonrpc": "2.0", "id": "e9925b6ac7196cc1676885f07e4f24e9", "method": "waitForExists", "params": [{"mask": 1, "childOrSibling": [], "childOrSiblingSelector": [], "text": "\u6d4b\u8bd5\u5de5\u5177"}, 10000]}}
04-02 17:29:23.290 W/QueryController(21779): Could not detect idle state.
04-02 17:29:23.316 I/Adreno-EGL(28872): <qeglDrvAPI_eglInitialize:379>: EGL 1.4 QUALCOMM build: AU_LINUX_ANDROID_LA.BR.1.2.3_RB1.05.01.00.036.053_msm8909_LA.BR.1.2.3_RB1__release_AU (Ibddc658e36)
04-02 17:29:23.316 I/Adreno-EGL(28872): OpenGL ES Shader Compiler Version: E031.25.03.04
04-02 17:29:23.316 I/Adreno-EGL(28872): Build Date: 09/10/15 Thu
04-02 17:29:23.316 I/Adreno-EGL(28872): Local Branch: mybranch13976726
04-02 17:29:23.316 I/Adreno-EGL(28872): Remote Branch: quic/LA.BR.1.2.3_rb1.79
04-02 17:29:23.316 I/Adreno-EGL(28872): Local Patches: NONE
04-02 17:29:23.316 I/Adreno-EGL(28872): Reconstruct Branch: AU_LINUX_ANDROID_LA.BR.1.2.3_RB1.05.01.00.036.053 + 7c4888a + 22ca218 + 855d166 + 95575a0 + 4193eef + 64d916f + 88f4cbe + c272012 + 046ce63 + 9b2bddc + d5b5339 + a2bdc2f +  NOTHING
04-02 17:29:23.316 I/OpenGLRenderer(28872): Initialized EGL, version 1.4
04-02 17:29:23.338 W/UiDevice(21779): Skipping null root node for window: AccessibilityWindowInfo[id=870, type=TYPE_APPLICATION, layer=21015, bounds=Rect(0, 0 - 720, 1280), focused=true, active=true, hasParent=false, hasChildren=false]
04-02 17:29:23.393 I/UnicodeIME(25618): onFinishInput: 
04-02 17:29:23.396 I/UnicodeIME(25618): onStartInput
04-02 17:29:23.409 I/ActivityManager( 1314): Displayed com.test.ui.activities.nihao/com.test.ui.activities.MainActivity: +232ms
04-02 17:29:23.439 I/Timeline(28872): Timeline: Activity_idle id: android.os.BinderProxy@3d6d908b time:30198321
04-02 17:29:23.985 I/Timeline( 1314): Timeline: Activity_windows_visible id: ActivityRecord{175c3dc6 u0 com.test.ui.activities.nihao/com.test.ui.activities.MainActivity t2729} time:30198867
04-02 17:29:23.987 I/System.out(23762): BaseMvpActivity : [(BaseMvpActivity.java:102)(OnSaveInstanceState)] ----onSaveInstanceState=MainActivity
04-02 17:29:23.990 I/System.out(23762): BasePresenter : [(BasePresenter.java:51)(DetachUI)] ============detachUI
04-02 17:29:23.992 I/System.out(23762): BasePresenter : [(BasePresenter.java:53)(DetachUI)] UI=MainActivity
04-02 17:29:23.993 I/System.out(23762): BaseMvpActivity : [(BaseMvpActivity.java:93)(OnStop)] ----onStop=MainActivity
04-02 17:29:23.994 I/System.out(23762): BasePresenter : [(BasePresenter.java:51)(DetachUI)] ============detachUI
04-02 17:29:24.192 W/ResourceType( 2713): No package identifier when getting value for resource number 0x00000000
04-02 17:29:24.192 W/PackageManager( 2713): Failure retrieving resources for com.verifone.scb.presentation: Resource ID #0x0
04-02 17:29:24.342 W/QueryController(21779): Could not detect idle state.
04-02 17:29:24.381 D/UIAutomatorStub(21779): URI: /jsonrpc/0, Method: POST, params, {NanoHttpd.QUERY_STRING=null}, files: {postData={"jsonrpc": "2.0", "id": "fe9a818a28f1b70f50c329ede26bac28", "method": "objInfo", "params": [{"mask": 1, "childOrSibling": [], "childOrSiblingSelector": [], "text": "\u6d4b\u8bd5\u5de5\u5177"}]}}
04-02 17:29:24.383 W/QueryController(21779): Could not detect idle state.
04-02 17:29:24.404 W/QueryController(21779): Could not detect idle state.
04-02 17:29:24.407 W/QueryController(21779): Could not detect idle state.
04-02 17:29:24.410 W/QueryController(21779): Could not detect idle state.
04-02 17:29:24.412 W/QueryController(21779): Could not detect idle state.
04-02 17:29:24.414 W/QueryController(21779): Could not detect idle state.
04-02 17:29:24.416 W/QueryController(21779): Could not detect idle state.
04-02 17:29:24.418 W/QueryController(21779): Could not detect idle state.
04-02 17:29:24.419 W/QueryController(21779): Could not detect idle state.
04-02 17:29:24.421 W/QueryController(21779): Could not detect idle state.
04-02 17:29:24.423 W/QueryController(21779): Could not detect idle state.
04-02 17:29:24.425 W/QueryController(21779): Could not detect idle state.
04-02 17:29:24.427 W/QueryController(21779): Could not detect idle state.
04-02 17:29:24.429 W/QueryController(21779): Could not detect idle state.
04-02 17:29:24.431 W/QueryController(21779): Could not detect idle state.
04-02 17:29:24.432 W/QueryController(21779): Could not detect idle state.
04-02 17:29:24.435 W/QueryController(21779): Could not detect idle state.
04-02 17:29:24.437 W/QueryController(21779): Could not detect idle state.
04-02 17:29:24.485 D/UIAutomatorStub(21779): URI: /jsonrpc/0, Method: POST, params, {NanoHttpd.QUERY_STRING=null}, files: {postData={"jsonrpc": "2.0", "id": "ac71562f3f5c3a1039bd778dd53f2081", "method": "click", "params": [360.0, 1089.0]}}
04-02 17:29:24.487 D/InteractionController(21779): clickNoSync (360, 1089)
04-02 17:29:24.518 I/SurfaceFlinger(  259): FPS: 48
04-02 17:29:24.593 D/MainActivity(28872): Entry[测试工具] been clicked
04-02 17:29:24.593 I/Timeline(28872): Timeline: Activity_launch_request id:com.test.ui.activities.nihao time:30199475
04-02 17:29:24.594 E/AudioPolicyManager(  274): unknown stream type 13
04-02 17:29:24.594 I/ActivityManager( 1314): START u0 {cmp=com.test.ui.activities.nihao/com.test.ui.activities.other.test_tools.TestToolsActivity} from uid 10448 on display 0
04-02 17:29:24.594 E/AudioPolicyManager(  274): unknown stream type 13
04-02 17:29:24.594 E/AudioPolicyManager(  274): unknown stream type 13
04-02 17:29:24.594 E/AudioPolicyManager(  274): unknown stream type 13
04-02 17:29:24.594 E/AudioPolicyManager(  274): unknown stream type 13
04-02 17:29:24.594 E/AudioPolicyManager(  274): unknown stream type 13
04-02 17:29:24.594 E/AudioPolicyManager(  274): unknown stream type 13
04-02 17:29:24.594 E/AudioPolicyManager(  274): unknown stream type 13
04-02 17:29:24.594 E/AudioPolicyManager(  274): unknown stream type 13
04-02 17:29:24.598 D/audio_hw_primary(  274): start_output_stream: enter: stream(0xb8fe2e28)usecase(1: low-latency-playback) devices(0x2)
04-02 17:29:24.598 D/audio_hw_primary(  274): select_devices: out_snd_device(2: speaker) in_snd_device(0: )
04-02 17:29:24.598 D/hardware_info(  274): hw_info_append_hw_type : device_name = speaker
04-02 17:29:24.598 I/soundtrigger(  274): audio_extn_sound_trigger_update_device_status: device 0x2 of type 0 for Event 1, with Raise=0
04-02 17:29:24.600 V/WindowManager( 1314): addAppToken: AppWindowToken{3c3ace7c token=Token{3ad2f16f ActivityRecord{88cc4e u0 com.test.ui.activities.nihao/com.test.ui.activities.other.test_tools.TestToolsActivity t2729}}} to stack=1 task=2729 at 1
04-02 17:29:24.603 W/audio_hw_utils(  274): audio_extn_utils_update_stream_app_type_cfg: App type could not be selected. Falling back to default
04-02 17:29:24.603 I/audio_hw_primary(  274): select_devices Selected apptype: 69936
04-02 17:29:24.603 D/soundtrigger(  274): audio_extn_sound_trigger_update_stream_status: uc_id 1 of type 0 for Event 3, with Raise=0
04-02 17:29:24.603 D/ACDB-LOADER(  274): ACDB -> send_audio_cal, acdb_id = 14, path =  0
04-02 17:29:24.603 D/ACDB-LOADER(  274): ACDB -> send_asm_topology
04-02 17:29:24.603 D/ACDB-LOADER(  274): ACDB -> ACDB_CMD_GET_AUDPROC_STREAM_TOPOLOGY_ID
04-02 17:29:24.603 D/ACDB-LOADER(  274): ACDB -> send_adm_topology
04-02 17:29:24.603 D/ACDB-LOADER(  274): ACDB -> ACDB_CMD_GET_AUDPROC_COMMON_TOPOLOGY_ID
04-02 17:29:24.603 D/ACDB-LOADER(  274): ACDB -> send_audtable
04-02 17:29:24.603 D/ACDB-LOADER(  274): ACDB -> ACDB_CMD_GET_AUDPROC_COMMON_TABLE
04-02 17:29:24.603 D/ACDB-LOADER(  274): ACDB -> AUDIO_SET_AUDPROC_CAL
04-02 17:29:24.603 D/ACDB-LOADER(  274): ACDB -> send_audvoltable
04-02 17:29:24.603 D/ACDB-LOADER(  274): ACDB -> ACDB_CMD_GET_AUDPROC_GAIN_DEP_STEP_TABLE
04-02 17:29:24.603 D/ACDB-LOADER(  274): ACDB -> AUDIO_SET_AUDPROC_VOL_CAL
04-02 17:29:24.603 D/ACDB-LOADER(  274): ACDB -> send_afe_cal
04-02 17:29:24.603 D/ACDB-LOADER(  274): ACDB -> ACDB_CMD_GET_AFE_COMMON_TABLE
04-02 17:29:24.603 D/ACDB-LOADER(  274): ACDB -> AUDIO_SET_AFE_CAL
04-02 17:29:24.603 D/ACDB-LOADER(  274): ACDB -> send_hw_delay : acdb_id = 14 path = 0
04-02 17:29:24.603 D/ACDB-LOADER(  274): ACDB -> ACDB_AVSYNC_INFO: ACDB_CMD_GET_DEVICE_PROPERTY
04-02 17:29:24.604 I/audio_hw_utils(  274): audio_extn_utils_send_app_type_cfg app_type 69936, acdb_dev_id 14, sample_rate 48000
04-02 17:29:24.605 D/audio_hw_primary(  274): select_devices: done
04-02 17:29:24.626 D/MyApplication(28872): Add activity=com.test.ui.activities.other.test_tools.TestToolsActivity
04-02 17:29:24.662 I/ViewRootImpl(28872): CPU Rendering VSync enable = true
04-02 17:29:24.666 V/WindowManager( 1314): Adding window Window{aa95f5a u0 com.test.ui.activities.nihao/com.test.ui.activities.other.test_tools.TestToolsActivity} at 5 of 9 (after Window{21c9f713 u0 com.test.ui.activities.nihao/com.test.ui.activities.MainActivity})
04-02 17:29:24.750 I/ActivityManager( 1314): Displayed com.test.ui.activities.nihao/com.test.ui.activities.other.test_tools.TestToolsActivity: +134ms
04-02 17:29:24.764 I/UnicodeIME(25618): onFinishInput: 
04-02 17:29:24.764 I/UnicodeIME(25618): onStartInput
04-02 17:29:24.767 E/AudioPolicyManager(  274): unknown stream type 13
04-02 17:29:24.767 E/AudioPolicyManager(  274): unknown stream type 13
04-02 17:29:24.767 E/AudioPolicyManager(  274): unknown stream type 13
04-02 17:29:24.767 E/AudioPolicyManager(  274): unknown stream type 13
04-02 17:29:24.767 E/AudioPolicyManager(  274): unknown stream type 13
04-02 17:29:24.767 E/AudioPolicyManager(  274): unknown stream type 13
04-02 17:29:24.767 E/AudioPolicyManager(  274): unknown stream type 13
04-02 17:29:24.767 E/AudioPolicyManager(  274): unknown stream type 13
04-02 17:29:24.767 E/AudioPolicyManager(  274): unknown stream type 13
04-02 17:29:24.767 E/AudioPolicyManager(  274): unknown stream type 13
04-02 17:29:24.767 E/AudioPolicyManager(  274): unknown stream type 13
04-02 17:29:24.767 E/AudioPolicyManager(  274): unknown stream type 13
04-02 17:29:24.767 E/AudioPolicyManager(  274): unknown stream type 13
04-02 17:29:24.767 E/AudioPolicyManager(  274): unknown stream type 13
04-02 17:29:24.767 E/AudioPolicyManager(  274): unknown stream type 13
04-02 17:29:24.767 E/AudioPolicyManager(  274): unknown stream type 13
04-02 17:29:24.767 E/AudioPolicyManager(  274): unknown stream type 13
04-02 17:29:24.835 D/OpenGLRenderer(28872): endAllStagingAnimators on 0xb8938250 (RippleDrawable) with handle 0xb899f4f8
04-02 17:29:24.842 I/Timeline(28872): Timeline: Activity_idle id: android.os.BinderProxy@21e4231f time:30199724
04-02 17:29:25.131 I/Timeline( 1314): Timeline: Activity_windows_visible id: ActivityRecord{88cc4e u0 com.test.ui.activities.nihao/com.test.ui.activities.other.test_tools.TestToolsActivity t2729} time:30200013
04-02 17:29:25.439 D/wpa_supplicant( 2839): wlan0: Control interface command 'SIGNAL_POLL'
04-02 17:29:27.202 D/TaskPersister( 1314): removeObsoleteFile: deleting file=2728_task.xml
04-02 17:29:27.203 D/TaskPersister( 1314): removeObsoleteFile: deleting file=2728_task_thumbnail.png
04-02 17:29:27.371 V/WLAN_PSA(  282): NL MSG, len[4074], NL type[0x1C] WNI type[0x5900] len[53775]
04-02 17:29:27.371 V/WLAN_PSA(  282): NL MSG, PID: 282
04-02 17:29:27.746 D/audio_hw_primary(  274): out_standby: enter: stream (0xb8fe2e28) usecase(1: low-latency-playback)
04-02 17:29:27.801 D/soundtrigger(  274): audio_extn_sound_trigger_update_stream_status: uc_id 1 of type 0 for Event 2, with Raise=0
04-02 17:29:27.801 D/hardware_info(  274): hw_info_append_hw_type : device_name = speaker
04-02 17:29:27.805 I/soundtrigger(  274): audio_extn_sound_trigger_update_device_status: device 0x2 of type 0 for Event 0, with Raise=0
04-02 17:29:28.456 D/wpa_supplicant( 2839): wlan0: Control interface command 'SIGNAL_POLL'
04-02 17:29:28.698 D/UIAutomatorStub(21779): URI: /jsonrpc/0, Method: POST, params, {NanoHttpd.QUERY_STRING=null}, files: {postData={"jsonrpc": "2.0", "id": "b0d764ee2484d7a9b65e9cdf4e01ac19", "method": "waitForExists", "params": [{"mask": 1, "childOrSibling": [], "childOrSiblingSelector": [], "text": "SCB_QR_SCAN"}, 10000]}}
04-02 17:29:28.700 W/QueryController(21779): Could not detect idle state.
04-02 17:29:28.756 D/UIAutomatorStub(21779): URI: /jsonrpc/0, Method: POST, params, {NanoHttpd.QUERY_STRING=null}, files: {postData={"jsonrpc": "2.0", "id": "33739908dc34fc43db5863cdc71aa33e", "method": "objInfo", "params": [{"mask": 1, "childOrSibling": [], "childOrSiblingSelector": [], "text": "SCB_QR_SCAN"}]}}
04-02 17:29:28.757 W/QueryController(21779): Could not detect idle state.
04-02 17:29:28.785 W/QueryController(21779): Could not detect idle state.
04-02 17:29:28.791 W/QueryController(21779): Could not detect idle state.
04-02 17:29:28.796 W/QueryController(21779): Could not detect idle state.
04-02 17:29:28.799 W/QueryController(21779): Could not detect idle state.
04-02 17:29:28.801 W/QueryController(21779): Could not detect idle state.
04-02 17:29:28.803 W/QueryController(21779): Could not detect idle state.
04-02 17:29:28.805 W/QueryController(21779): Could not detect idle state.
04-02 17:29:28.807 W/QueryController(21779): Could not detect idle state.
04-02 17:29:28.809 W/QueryController(21779): Could not detect idle state.
04-02 17:29:28.812 W/QueryController(21779): Could not detect idle state.
04-02 17:29:28.815 W/QueryController(21779): Could not detect idle state.
04-02 17:29:28.817 W/QueryController(21779): Could not detect idle state.
04-02 17:29:28.819 W/QueryController(21779): Could not detect idle state.
04-02 17:29:28.826 W/QueryController(21779): Could not detect idle state.
04-02 17:29:28.830 W/QueryController(21779): Could not detect idle state.
04-02 17:29:28.833 W/QueryController(21779): Could not detect idle state.
04-02 17:29:28.835 W/QueryController(21779): Could not detect idle state.
04-02 17:29:28.885 D/UIAutomatorStub(21779): URI: /jsonrpc/0, Method: POST, params, {NanoHttpd.QUERY_STRING=null}, files: {postData={"jsonrpc": "2.0", "id": "cb20494e00a44cac07037657a1596d94", "method": "click", "params": [360.0, 824.0]}}
04-02 17:29:28.887 D/InteractionController(21779): clickNoSync (360, 824)
04-02 17:29:28.921 I/SurfaceFlinger(  259): FPS: 37
04-02 17:29:29.016 E/AudioPolicyManager(  274): unknown stream type 13
04-02 17:29:29.017 E/AudioPolicyManager(  274): unknown stream type 13
04-02 17:29:29.017 E/AudioPolicyManager(  274): unknown stream type 13
04-02 17:29:29.017 E/AudioPolicyManager(  274): unknown stream type 13
04-02 17:29:29.017 E/AudioPolicyManager(  274): unknown stream type 13
04-02 17:29:29.017 E/AudioPolicyManager(  274): unknown stream type 13
04-02 17:29:29.017 E/AudioPolicyManager(  274): unknown stream type 13
04-02 17:29:29.017 E/AudioPolicyManager(  274): unknown stream type 13
04-02 17:29:29.017 E/AudioPolicyManager(  274): unknown stream type 13
04-02 17:29:29.018 D/audio_hw_primary(  274): start_output_stream: enter: stream(0xb8fe2e28)usecase(1: low-latency-playback) devices(0x2)
04-02 17:29:29.019 D/audio_hw_primary(  274): select_devices: out_snd_device(2: speaker) in_snd_device(0: )
04-02 17:29:29.019 D/hardware_info(  274): hw_info_append_hw_type : device_name = speaker
04-02 17:29:29.019 I/soundtrigger(  274): audio_extn_sound_trigger_update_device_status: device 0x2 of type 0 for Event 1, with Raise=0
04-02 17:29:29.022 I/Timeline(28872): Timeline: Activity_launch_request id:com.test.ui.activities.nihao time:30203904
04-02 17:29:29.028 I/ActivityManager( 1314): START u0 {cmp=com.test.ui.activities.nihao/com.test.ui.activities.other.test_tools.scb_qr_scan.QRScanActivity} from uid 10448 on display 0
04-02 17:29:29.033 W/audio_hw_utils(  274): audio_extn_utils_update_stream_app_type_cfg: App type could not be selected. Falling back to default
04-02 17:29:29.033 I/audio_hw_primary(  274): select_devices Selected apptype: 69936
04-02 17:29:29.033 D/soundtrigger(  274): audio_extn_sound_trigger_update_stream_status: uc_id 1 of type 0 for Event 3, with Raise=0
04-02 17:29:29.033 D/ACDB-LOADER(  274): ACDB -> send_audio_cal, acdb_id = 14, path =  0
04-02 17:29:29.033 D/ACDB-LOADER(  274): ACDB -> send_asm_topology
04-02 17:29:29.033 D/ACDB-LOADER(  274): ACDB -> ACDB_CMD_GET_AUDPROC_STREAM_TOPOLOGY_ID
04-02 17:29:29.034 D/ACDB-LOADER(  274): ACDB -> send_adm_topology
04-02 17:29:29.034 D/ACDB-LOADER(  274): ACDB -> ACDB_CMD_GET_AUDPROC_COMMON_TOPOLOGY_ID
04-02 17:29:29.034 D/ACDB-LOADER(  274): ACDB -> send_audtable
04-02 17:29:29.034 D/ACDB-LOADER(  274): ACDB -> ACDB_CMD_GET_AUDPROC_COMMON_TABLE
04-02 17:29:29.034 D/ACDB-LOADER(  274): ACDB -> AUDIO_SET_AUDPROC_CAL
04-02 17:29:29.034 D/ACDB-LOADER(  274): ACDB -> send_audvoltable
04-02 17:29:29.034 D/ACDB-LOADER(  274): ACDB -> ACDB_CMD_GET_AUDPROC_GAIN_DEP_STEP_TABLE
04-02 17:29:29.034 D/ACDB-LOADER(  274): ACDB -> AUDIO_SET_AUDPROC_VOL_CAL
04-02 17:29:29.034 D/ACDB-LOADER(  274): ACDB -> send_afe_cal
04-02 17:29:29.034 D/ACDB-LOADER(  274): ACDB -> ACDB_CMD_GET_AFE_COMMON_TABLE
04-02 17:29:29.034 D/ACDB-LOADER(  274): ACDB -> AUDIO_SET_AFE_CAL
04-02 17:29:29.034 D/ACDB-LOADER(  274): ACDB -> send_hw_delay : acdb_id = 14 path = 0
04-02 17:29:29.034 D/ACDB-LOADER(  274): ACDB -> ACDB_AVSYNC_INFO: ACDB_CMD_GET_DEVICE_PROPERTY
04-02 17:29:29.034 V/WindowManager( 1314): addAppToken: AppWindowToken{db47fb2 token=Token{19886dbd ActivityRecord{f9c7114 u0 com.test.ui.activities.nihao/com.test.ui.activities.other.test_tools.scb_qr_scan.QRScanActivity t2729}}} to stack=1 task=2729 at 2
04-02 17:29:29.034 I/audio_hw_utils(  274): audio_extn_utils_send_app_type_cfg app_type 69936, acdb_dev_id 14, sample_rate 48000
04-02 17:29:29.035 D/audio_hw_primary(  274): select_devices: done
04-02 17:29:29.080 D/AndroidUtil(28872): Bind Service.....
04-02 17:29:29.085 D/MyApplication(28872): Add activity=com.test.ui.activities.other.test_tools.scb_qr_scan.QRScanActivity
04-02 17:29:29.198 E/AudioPolicyManager(  274): unknown stream type 13
04-02 17:29:29.198 E/AudioPolicyManager(  274): unknown stream type 13
04-02 17:29:29.198 E/AudioPolicyManager(  274): unknown stream type 13
04-02 17:29:29.198 E/AudioPolicyManager(  274): unknown stream type 13
04-02 17:29:29.198 E/AudioPolicyManager(  274): unknown stream type 13
04-02 17:29:29.198 E/AudioPolicyManager(  274): unknown stream type 13
04-02 17:29:29.198 E/AudioPolicyManager(  274): unknown stream type 13
04-02 17:29:29.198 E/AudioPolicyManager(  274): unknown stream type 13
04-02 17:29:29.198 E/AudioPolicyManager(  274): unknown stream type 13
04-02 17:29:29.198 E/AudioPolicyManager(  274): unknown stream type 13
04-02 17:29:29.198 E/AudioPolicyManager(  274): unknown stream type 13
04-02 17:29:29.198 E/AudioPolicyManager(  274): unknown stream type 13
04-02 17:29:29.198 E/AudioPolicyManager(  274): unknown stream type 13
04-02 17:29:29.198 E/AudioPolicyManager(  274): unknown stream type 13
04-02 17:29:29.198 E/AudioPolicyManager(  274): unknown stream type 13
04-02 17:29:29.198 E/AudioPolicyManager(  274): unknown stream type 13
04-02 17:29:29.198 E/AudioPolicyManager(  274): unknown stream type 13
04-02 17:29:29.237 I/ViewRootImpl(28872): CPU Rendering VSync enable = true
04-02 17:29:29.243 V/WindowManager( 1314): Adding window Window{4e6e4fe u0 com.test.ui.activities.nihao/com.test.ui.activities.other.test_tools.scb_qr_scan.QRScanActivity} at 6 of 10 (after Window{aa95f5a u0 com.test.ui.activities.nihao/com.test.ui.activities.other.test_tools.TestToolsActivity})
04-02 17:29:29.310 D/QRScanActivity(28872): onServiceConnected
04-02 17:29:29.367 I/UnicodeIME(25618): onFinishInput: 
04-02 17:29:29.367 I/UnicodeIME(25618): onStartInput
04-02 17:29:29.370 I/ActivityManager( 1314): Displayed com.test.ui.activities.nihao/com.test.ui.activities.other.test_tools.scb_qr_scan.QRScanActivity: +313ms
04-02 17:29:29.456 I/Timeline(28872): Timeline: Activity_idle id: android.os.BinderProxy@3243138c time:30204338
04-02 17:29:29.632 W/SurfaceFlinger(  259): couldn't log to binary event log: overflow.
04-02 17:29:29.751 I/Timeline( 1314): Timeline: Activity_windows_visible id: ActivityRecord{f9c7114 u0 com.test.ui.activities.nihao/com.test.ui.activities.other.test_tools.scb_qr_scan.QRScanActivity t2729} time:30204633
04-02 17:29:30.384 I/SurfaceFlinger(  259): FPS: 49
04-02 17:29:30.849 E/WifiStateMachine( 1314): WifiStateMachine CMD_START_SCAN source -2 txSuccessRate=0.00 rxSuccessRate=0.00 targetRoamBSSID=any RSSI=-49
04-02 17:29:30.849 E/WifiStateMachine( 1314): WifiStateMachine starting scan for "Verifone_Guest"-WPA_PSK with 2412,2462,2437
04-02 17:29:30.849 D/wpa_supplicant( 2839): wlan0: Control interface command 'SCAN TYPE=ONLY freq=2412,2462,2437'
04-02 17:29:30.849 D/wpa_supplicant( 2839): wlan0: Setting scan request: 0.000000 sec
04-02 17:29:30.849 D/wpa_supplicant( 2839): wlan0: Starting AP scan for wildcard SSID
04-02 17:29:30.849 D/wpa_supplicant( 2839): wlan0: Limit manual scan to specified channels
04-02 17:29:30.850 D/wpa_supplicant( 2839): wlan0: Add radio work 'scan'@0xb8c3fde8
04-02 17:29:30.850 D/wpa_supplicant( 2839): wlan0: First radio work item in the queue - schedule start immediately
04-02 17:29:30.850 D/wpa_supplicant( 2839): wlan0: Starting radio work 'scan'@0xb8c3fde8 after 0.000048 second wait
04-02 17:29:30.850 D/wpa_supplicant( 2839): wlan0: nl80211: scan request
04-02 17:29:30.850 D/wpa_supplicant( 2839): nl80211: Scan SSID - hexdump(len=0): [NULL]
04-02 17:29:30.850 D/wpa_supplicant( 2839): nl80211: Scan frequency 2412 MHz
04-02 17:29:30.850 D/wpa_supplicant( 2839): nl80211: Scan frequency 2437 MHz
04-02 17:29:30.850 D/wpa_supplicant( 2839): nl80211: Scan frequency 2462 MHz
04-02 17:29:30.851 D/wpa_supplicant( 2839): Scan requested (ret=0) - scan timeout 30 seconds
04-02 17:29:30.851 D/wpa_supplicant( 2839): nl80211: Event message available
04-02 17:29:30.851 D/wpa_supplicant( 2839): nl80211: Drv Event 33 (NL80211_CMD_TRIGGER_SCAN) received for wlan0
04-02 17:29:30.851 D/wpa_supplicant( 2839): wlan0: nl80211: Scan trigger
04-02 17:29:30.851 D/wpa_supplicant( 2839): wlan0: Event SCAN_STARTED (49) received
04-02 17:29:30.851 D/wpa_supplicant( 2839): wlan0: Own scan request started a scan in 0.000138 seconds
04-02 17:29:30.852 V/WLAN_PSA(  282): NL MSG, len[914], NL type[0x11] WNI type[0x5050] len[894]
04-02 17:29:30.852 V/WLAN_PSA(  282): NL MSG, PID: 282
04-02 17:29:30.852 V/WLAN_PSA(  282): NL MSG, len[048], NL type[0x11] WNI type[0x5050] len[028]
04-02 17:29:30.852 V/WLAN_PSA(  282): NL MSG, PID: 282
04-02 17:29:30.852 V/WLAN_PSA(  282): NL MSG, len[4039], NL type[0x1C] WNI type[0x5900] len[44815]
04-02 17:29:30.852 V/WLAN_PSA(  282): NL MSG, PID: 282
04-02 17:29:30.852 I/WifiHAL ( 1314): Poll result = 1
04-02 17:29:30.853 I/WifiHAL ( 1314): Found some events!!!
04-02 17:29:30.853 D/WifiHAL ( 1314): no_seq_check received
04-02 17:29:30.853 I/WifiHAL ( 1314): event received NL80211_CMD_TRIGGER_SCAN
04-02 17:29:30.853 I/WifiHAL ( 1314): event received NL80211_CMD_TRIGGER_SCAN, vendor_id = 0x0
04-02 17:29:30.853 I/WifiHAL ( 1314): event ignored!!
04-02 17:29:30.868 D/wpa_supplicant( 2839): CTRL_IFACE monitor sent successfully to /data/misc/wifi/sockets/wpa_ctrl_291-1\x00
04-02 17:29:30.871 V/WLAN_PSA(  282): NL MSG, len[4044], NL type[0x1C] WNI type[0x5900] len[46095]
04-02 17:29:30.871 V/WLAN_PSA(  282): NL MSG, PID: 282
04-02 17:29:30.869 D/wpa_supplicant( 2839): CTRL_IFACE monitor sent successfully to /data/misc/wifi/sockets/wpa_ctrl_1314-3\x00
04-02 17:29:30.918 V/WLAN_PSA(  282): NL MSG, len[4049], NL type[0x1C] WNI type[0x5900] len[47375]
04-02 17:29:30.919 V/WLAN_PSA(  282): NL MSG, PID: 282
04-02 17:29:30.952 V/WLAN_PSA(  282): NL MSG, len[4078], NL type[0x1C] WNI type[0x5900] len[54799]
04-02 17:29:30.952 V/WLAN_PSA(  282): NL MSG, PID: 282
04-02 17:29:30.998 V/WLAN_PSA(  282): NL MSG, len[4048], NL type[0x1C] WNI type[0x5900] len[47119]
04-02 17:29:30.998 V/WLAN_PSA(  282): NL MSG, PID: 282
04-02 17:29:31.033 V/WLAN_PSA(  282): NL MSG, len[4045], NL type[0x1C] WNI type[0x5900] len[46351]
04-02 17:29:31.033 V/WLAN_PSA(  282): NL MSG, PID: 282
04-02 17:29:31.035 V/WLAN_PSA(  282): NL MSG, len[914], NL type[0x11] WNI type[0x5050] len[894]
04-02 17:29:31.035 V/WLAN_PSA(  282): NL MSG, PID: 282
04-02 17:29:31.036 V/WLAN_PSA(  282): NL MSG, len[4080], NL type[0x1C] WNI type[0x5900] len[55311]
04-02 17:29:31.036 V/WLAN_PSA(  282): NL MSG, PID: 282
04-02 17:29:31.038 V/WLAN_PSA(  282): NL MSG, len[4023], NL type[0x1C] WNI type[0x5900] len[40719]
04-02 17:29:31.039 V/WLAN_PSA(  282): NL MSG, PID: 282
04-02 17:29:31.039 I/WifiHAL ( 1314): Poll result = 1
04-02 17:29:31.039 I/WifiHAL ( 1314): Found some events!!!
04-02 17:29:31.039 D/WifiHAL ( 1314): no_seq_check received
04-02 17:29:31.039 I/WifiHAL ( 1314): event received NL80211_CMD_NEW_SCAN_RESULTS
04-02 17:29:31.039 I/WifiHAL ( 1314): event received NL80211_CMD_NEW_SCAN_RESULTS, vendor_id = 0x0
04-02 17:29:31.039 I/WifiHAL ( 1314): event ignored!!
04-02 17:29:31.039 D/wpa_supplicant( 2839): nl80211: Event message available
04-02 17:29:31.039 D/wpa_supplicant( 2839): nl80211: Drv Event 34 (NL80211_CMD_NEW_SCAN_RESULTS) received for wlan0
04-02 17:29:31.039 D/wpa_supplicant( 2839): wlan0: nl80211: New scan results available
04-02 17:29:31.039 D/wpa_supplicant( 2839): nl80211: Scan included frequencies: 2412 2437 2462
04-02 17:29:31.039 D/wpa_supplicant( 2839): wlan0: Event SCAN_RESULTS (3) received
04-02 17:29:31.039 D/wpa_supplicant( 2839): wlan0: Scan completed in 0.188218 seconds
04-02 17:29:31.039 D/wpa_supplicant( 2839): nl80211: Associated on 2412 MHz
04-02 17:29:31.039 D/wpa_supplicant( 2839): nl80211: Associated with 00:6b:f1:67:8d:01
04-02 17:29:31.039 D/wpa_supplicant( 2839): nl80211: Received scan results (14 BSSes)
04-02 17:29:31.040 D/wpa_supplicant( 2839): nl80211: Scan results indicate BSS status with 00:6b:f1:67:8d:01 as associated
04-02 17:29:31.040 D/wpa_supplicant( 2839): wlan0: BSS: Start scan result update 900
04-02 17:29:31.040 D/wpa_supplicant( 2839): wlan0: BSS: Add new id 1289 BSSID 70:ba:ef:c2:60:12 SSID 'wifi2017'
04-02 17:29:31.040 D/wpa_supplicant( 2839): CTRL_IFACE monitor sent successfully to /data/misc/wifi/sockets/wpa_ctrl_291-1\x00
04-02 17:29:31.040 D/wpa_supplicant( 2839): CTRL_IFACE monitor sent successfully to /data/misc/wifi/sockets/wpa_ctrl_1314-3\x00
04-02 17:29:31.040 D/wpa_supplicant( 2839): wlan0: BSS: Add new id 1290 BSSID 88:e6:28:12:3d:de SSID 'HCL901581910000709015626'
04-02 17:29:31.041 D/wpa_supplicant( 2839): CTRL_IFACE monitor sent successfully to /data/misc/wifi/sockets/wpa_ctrl_291-1\x00
04-02 17:29:31.041 D/wpa_supplicant( 2839): CTRL_IFACE monitor sent successfully to /data/misc/wifi/sockets/wpa_ctrl_1314-3\x00
04-02 17:29:31.041 D/wpa_supplicant( 2839): wlan0: BSS: Remove id 1284 BSSID e6:98:80:39:09:0d SSID '\xe2\x80\x9c\xe7\x8e\x8b\xe5\xb2\xb3\xe2\x80\x9d\xe7\x9a\x84 iPhone' due to no match in scan
04-02 17:29:31.041 D/wpa_supplicant( 2839): CTRL_IFACE monitor sent successfully to /data/misc/wifi/sockets/wpa_ctrl_291-1\x00
04-02 17:29:31.041 D/wpa_supplicant( 2839): CTRL_IFACE monitor sent successfully to /data/misc/wifi/sockets/wpa_ctrl_1314-3\x00
04-02 17:29:31.041 D/wpa_supplicant( 2839): BSS: last_scan_res_used=14/32
04-02 17:29:31.041 D/wpa_supplicant( 2839): wlan0: Scan-only results received
04-02 17:29:31.041 D/wpa_supplicant( 2839): CTRL_IFACE monitor sent successfully to /data/misc/wifi/sockets/wpa_ctrl_291-1\x00
04-02 17:29:31.045 D/wpa_supplicant( 2839): CTRL_IFACE monitor sent successfully to /data/misc/wifi/sockets/wpa_ctrl_1314-3\x00
04-02 17:29:31.045 D/wpa_supplicant( 2839): wlan0: Radio work 'scan'@0xb8c3fde8 done in 0.195128 seconds
04-02 17:29:31.045 D/wpa_supplicant( 2839): wlan0: Control interface command 'BSS RANGE=0- MASK=0x21987'
04-02 17:29:31.063 D/wpa_supplicant( 2839): wlan0: Control interface command 'STATUS-NO_EVENTS'
04-02 17:29:31.415 I/SurfaceFlinger(  259): FPS: 5
04-02 17:29:31.473 D/wpa_supplicant( 2839): wlan0: Control interface command 'SIGNAL_POLL'
04-02 17:29:32.177 D/audio_hw_primary(  274): out_standby: enter: stream (0xb8fe2e28) usecase(1: low-latency-playback)
04-02 17:29:32.238 D/soundtrigger(  274): audio_extn_sound_trigger_update_stream_status: uc_id 1 of type 0 for Event 2, with Raise=0
04-02 17:29:32.238 D/hardware_info(  274): hw_info_append_hw_type : device_name = speaker
04-02 17:29:32.241 I/soundtrigger(  274): audio_extn_sound_trigger_update_device_status: device 0x2 of type 0 for Event 0, with Raise=0
04-02 17:29:32.883 I/SurfaceFlinger(  259): FPS: 5
04-02 17:29:33.380 V/WLAN_PSA(  282): NL MSG, len[4060], NL type[0x1C] WNI type[0x5900] len[50191]
04-02 17:29:33.380 V/WLAN_PSA(  282): NL MSG, PID: 282
04-02 17:29:33.915 I/SurfaceFlinger(  259): FPS: 5
04-02 17:29:34.064 W/ProcessCpuTracker( 1314): Skipping unknown process pid 2765
04-02 17:29:34.490 D/wpa_supplicant( 2839): wlan0: Control interface command 'SIGNAL_POLL'
04-02 17:29:34.932 I/SurfaceFlinger(  259): FPS: 4
04-02 17:29:36.401 I/SurfaceFlinger(  259): FPS: 5
04-02 17:29:36.663 D/AndroidRuntime( 2779): >>>>>> START com.android.internal.os.RuntimeInit uid 2000 <<<<<<
04-02 17:29:36.667 D/AndroidRuntime( 2779): CheckJNI is OFF
04-02 17:29:36.835 D/AndroidRuntime( 2779): Calling main entry com.android.commands.am.Am
04-02 17:29:36.855 D/AndroidRuntime( 2779): Shutting down VM
04-02 17:29:37.432 I/SurfaceFlinger(  259): FPS: 4
04-02 17:29:37.507 D/wpa_supplicant( 2839): wlan0: Control interface command 'SIGNAL_POLL'
04-02 17:29:37.508 V/WLAN_PSA(  282): NL MSG, len[4019], NL type[0x1C] WNI type[0x5900] len[39695]
04-02 17:29:37.508 V/WLAN_PSA(  282): NL MSG, PID: 282
04-02 17:29:38.410 D/com.socsi.thread.UploadResultThread(24223): 【进入应用下载结果上送线程】
04-02 17:29:38.413 D/com.socsi.thread.UploadResultThread(24223): ..........终端无应用下载/更新结果可以上送
04-02 17:29:38.415 D/com.socsi.thread.UploadResultThread(24223): ------------结果上送over------------------
04-02 17:29:38.449 I/SurfaceFlinger(  259): FPS: 4
04-02 17:29:38.939 D/com.socsi.thread.MtmsDownloadThread(24223): 【进入应用下载时机检查线程】
04-02 17:29:38.942 D/com.socsi.thread.MtmsDownloadThread(24223): 没有应用需要下载，不需要检查
04-02 17:29:38.944 D/com.socsi.thread.MtmsDownloadThread(24223): ------------下载时机检查 over------------------
04-02 17:29:39.277 I/ServiceManager( 2543): Waiting for service AtCmdFwd...
04-02 17:29:39.901 I/SurfaceFlinger(  259): FPS: 5
04-02 17:29:40.277 I/ServiceManager( 2543): Waiting for service AtCmdFwd...
04-02 17:29:40.527 D/wpa_supplicant( 2839): wlan0: Control interface command 'SIGNAL_POLL'
04-02 17:29:40.932 I/SurfaceFlinger(  259): FPS: 5
04-02 17:29:41.278 I/ServiceManager( 2543): Waiting for service AtCmdFwd...
04-02 17:29:41.395 V/WLAN_PSA(  282): NL MSG, len[4074], NL type[0x1C] WNI type[0x5900] len[53775]
04-02 17:29:41.395 V/WLAN_PSA(  282): NL MSG, PID: 282
04-02 17:29:41.949 I/SurfaceFlinger(  259): FPS: 4
04-02 17:29:42.279 I/ServiceManager( 2543): Waiting for service AtCmdFwd...
04-02 17:29:43.279 I/ServiceManager( 2543): Waiting for service AtCmdFwd...
04-02 17:29:43.417 I/SurfaceFlinger(  259): FPS: 5
04-02 17:29:43.544 D/wpa_supplicant( 2839): wlan0: Control interface command 'SIGNAL_POLL'
04-02 17:29:44.280 W/Atfwd_Sendcmd( 2543): AtCmdFwd service not published, waiting... retryCnt : 5
04-02 17:29:44.450 I/SurfaceFlinger(  259): FPS: 5
04-02 17:29:45.466 I/SurfaceFlinger(  259): FPS: 4
04-02 17:29:46.559 V/WLAN_PSA(  282): NL MSG, len[4091], NL type[0x1C] WNI type[0x5900] len[58127]
04-02 17:29:46.560 V/WLAN_PSA(  282): NL MSG, PID: 282
04-02 17:29:46.561 D/wpa_supplicant( 2839): wlan0: Control interface command 'SIGNAL_POLL'
04-02 17:29:46.917 I/SurfaceFlinger(  259): FPS: 5
04-02 17:29:47.919 I/SurfaceFlinger(  259): FPS: 4
04-02 17:29:48.934 I/SurfaceFlinger(  259): FPS: 4
04-02 17:29:49.579 D/wpa_supplicant( 2839): wlan0: Control interface command 'SIGNAL_POLL'
04-02 17:29:49.592 V/WLAN_PSA(  282): NL MSG, len[4041], NL type[0x1C] WNI type[0x5900] len[45327]
04-02 17:29:49.592 V/WLAN_PSA(  282): NL MSG, PID: 282
04-02 17:29:49.967 I/SurfaceFlinger(  259): FPS: 5
04-02 17:29:50.852 E/WifiStateMachine( 1314): WifiStateMachine CMD_START_SCAN source -2 txSuccessRate=0.00 rxSuccessRate=0.00 targetRoamBSSID=any RSSI=-53
04-02 17:29:50.852 D/wpa_supplicant( 2839): wlan0: Control interface command 'SCAN TYPE=ONLY'
04-02 17:29:50.852 D/wpa_supplicant( 2839): wlan0: Setting scan request: 0.000000 sec
04-02 17:29:50.852 D/wpa_supplicant( 2839): wlan0: Starting AP scan for wildcard SSID
04-02 17:29:50.852 D/wpa_supplicant( 2839): wlan0: Add radio work 'scan'@0xb8c3fde8
04-02 17:29:50.852 D/wpa_supplicant( 2839): wlan0: First radio work item in the queue - schedule start immediately
04-02 17:29:50.852 D/wpa_supplicant( 2839): wlan0: Starting radio work 'scan'@0xb8c3fde8 after 0.000062 second wait
04-02 17:29:50.852 D/wpa_supplicant( 2839): wlan0: nl80211: scan request
04-02 17:29:50.853 D/wpa_supplicant( 2839): nl80211: Scan SSID - hexdump(len=0): [NULL]
04-02 17:29:50.854 D/wpa_supplicant( 2839): Scan requested (ret=0) - scan timeout 30 seconds
04-02 17:29:50.854 D/wpa_supplicant( 2839): nl80211: Event message available
04-02 17:29:50.854 D/wpa_supplicant( 2839): nl80211: Drv Event 33 (NL80211_CMD_TRIGGER_SCAN) received for wlan0
04-02 17:29:50.854 D/wpa_supplicant( 2839): wlan0: nl80211: Scan trigger
04-02 17:29:50.854 I/WifiHAL ( 1314): Poll result = 1
04-02 17:29:50.854 D/wpa_supplicant( 2839): wlan0: Event SCAN_STARTED (49) received
04-02 17:29:50.854 I/WifiHAL ( 1314): Found some events!!!
04-02 17:29:50.854 D/wpa_supplicant( 2839): wlan0: Own scan request started a scan in 0.000182 seconds
04-02 17:29:50.854 D/WifiHAL ( 1314): no_seq_check received
04-02 17:29:50.854 I/WifiHAL ( 1314): event received NL80211_CMD_TRIGGER_SCAN
04-02 17:29:50.854 I/WifiHAL ( 1314): event received NL80211_CMD_TRIGGER_SCAN, vendor_id = 0x0
04-02 17:29:50.854 I/WifiHAL ( 1314): event ignored!!
04-02 17:29:50.854 D/wpa_supplicant( 2839): CTRL_IFACE monitor sent successfully to /data/misc/wifi/sockets/wpa_ctrl_291-1\x00
04-02 17:29:50.854 D/wpa_supplicant( 2839): CTRL_IFACE monitor sent successfully to /data/misc/wifi/sockets/wpa_ctrl_1314-3\x00
04-02 17:29:50.855 V/WLAN_PSA(  282): NL MSG, len[914], NL type[0x11] WNI type[0x5050] len[894]
04-02 17:29:50.855 V/WLAN_PSA(  282): NL MSG, PID: 282
04-02 17:29:50.855 V/WLAN_PSA(  282): NL MSG, len[048], NL type[0x11] WNI type[0x5050] len[028]
04-02 17:29:50.855 V/WLAN_PSA(  282): NL MSG, PID: 282
04-02 17:29:50.855 V/WLAN_PSA(  282): NL MSG, len[4007], NL type[0x1C] WNI type[0x5900] len[36623]
04-02 17:29:50.855 V/WLAN_PSA(  282): NL MSG, PID: 282
04-02 17:29:50.889 V/WLAN_PSA(  282): NL MSG, len[4036], NL type[0x1C] WNI type[0x5900] len[44047]
04-02 17:29:50.889 V/WLAN_PSA(  282): NL MSG, PID: 282
04-02 17:29:50.928 V/WLAN_PSA(  282): NL MSG, len[4007], NL type[0x1C] WNI type[0x5900] len[36623]
04-02 17:29:50.928 V/WLAN_PSA(  282): NL MSG, PID: 282
04-02 17:29:50.989 V/WLAN_PSA(  282): NL MSG, len[4031], NL type[0x1C] WNI type[0x5900] len[42767]
04-02 17:29:50.989 V/WLAN_PSA(  282): NL MSG, PID: 282
04-02 17:29:51.019 V/WLAN_PSA(  282): NL MSG, len[4070], NL type[0x1C] WNI type[0x5900] len[52751]
04-02 17:29:51.019 V/WLAN_PSA(  282): NL MSG, PID: 282
04-02 17:29:51.066 V/WLAN_PSA(  282): NL MSG, len[4028], NL type[0x1C] WNI type[0x5900] len[41999]
04-02 17:29:51.066 V/WLAN_PSA(  282): NL MSG, PID: 282
04-02 17:29:51.116 V/WLAN_PSA(  282): NL MSG, len[3997], NL type[0x1C] WNI type[0x5900] len[34063]
04-02 17:29:51.116 V/WLAN_PSA(  282): NL MSG, PID: 282
04-02 17:29:51.166 V/WLAN_PSA(  282): NL MSG, len[3996], NL type[0x1C] WNI type[0x5900] len[33807]
04-02 17:29:51.166 V/WLAN_PSA(  282): NL MSG, PID: 282
04-02 17:29:51.215 V/WLAN_PSA(  282): NL MSG, len[3966], NL type[0x1C] WNI type[0x5900] len[26127]
04-02 17:29:51.215 V/WLAN_PSA(  282): NL MSG, PID: 282
04-02 17:29:51.266 V/WLAN_PSA(  282): NL MSG, len[4039], NL type[0x1C] WNI type[0x5900] len[44815]
04-02 17:29:51.266 V/WLAN_PSA(  282): NL MSG, PID: 282
04-02 17:29:51.315 V/WLAN_PSA(  282): NL MSG, len[4044], NL type[0x1C] WNI type[0x5900] len[46095]
04-02 17:29:51.315 V/WLAN_PSA(  282): NL MSG, PID: 282
04-02 17:29:51.366 V/WLAN_PSA(  282): NL MSG, len[4015], NL type[0x1C] WNI type[0x5900] len[38671]
04-02 17:29:51.366 V/WLAN_PSA(  282): NL MSG, PID: 282
04-02 17:29:51.389 V/WLAN_PSA(  282): NL MSG, len[4042], NL type[0x1C] WNI type[0x5900] len[45583]
04-02 17:29:51.389 V/WLAN_PSA(  282): NL MSG, PID: 282
04-02 17:29:51.434 I/SurfaceFlinger(  259): FPS: 5
04-02 17:29:51.443 V/WLAN_PSA(  282): NL MSG, len[4059], NL type[0x1C] WNI type[0x5900] len[49935]
04-02 17:29:51.443 V/WLAN_PSA(  282): NL MSG, PID: 282
04-02 17:29:51.444 V/WLAN_PSA(  282): NL MSG, len[4050], NL type[0x1C] WNI type[0x5900] len[47631]
04-02 17:29:51.444 V/WLAN_PSA(  282): NL MSG, PID: 282
04-02 17:29:51.447 V/WLAN_PSA(  282): NL MSG, len[914], NL type[0x11] WNI type[0x5050] len[894]
04-02 17:29:51.447 V/WLAN_PSA(  282): NL MSG, PID: 282
04-02 17:29:51.450 V/WLAN_PSA(  282): NL MSG, len[4006], NL type[0x1C] WNI type[0x5900] len[36367]
04-02 17:29:51.450 V/WLAN_PSA(  282): NL MSG, PID: 282
04-02 17:29:51.451 V/WLAN_PSA(  282): NL MSG, len[4040], NL type[0x1C] WNI type[0x5900] len[45071]
04-02 17:29:51.451 V/WLAN_PSA(  282): NL MSG, PID: 282
04-02 17:29:51.455 I/WifiHAL ( 1314): Poll result = 1
04-02 17:29:51.455 I/WifiHAL ( 1314): Found some events!!!
04-02 17:29:51.455 D/WifiHAL ( 1314): no_seq_check received
04-02 17:29:51.455 I/WifiHAL ( 1314): event received NL80211_CMD_NEW_SCAN_RESULTS
04-02 17:29:51.455 I/WifiHAL ( 1314): event received NL80211_CMD_NEW_SCAN_RESULTS, vendor_id = 0x0
04-02 17:29:51.455 I/WifiHAL ( 1314): event ignored!!
04-02 17:29:51.455 D/wpa_supplicant( 2839): nl80211: Event message available
04-02 17:29:51.456 D/wpa_supplicant( 2839): nl80211: Drv Event 34 (NL80211_CMD_NEW_SCAN_RESULTS) received for wlan0
04-02 17:29:51.456 D/wpa_supplicant( 2839): wlan0: nl80211: New scan results available
04-02 17:29:51.456 D/wpa_supplicant( 2839): nl80211: Scan included frequencies: 2412 2417 2422 2427 2432 2437 2442 2447 2452 2457 2462 2467 2472
04-02 17:29:51.456 D/wpa_supplicant( 2839): wlan0: Event SCAN_RESULTS (3) received
04-02 17:29:51.456 D/wpa_supplicant( 2839): wlan0: Scan completed in 0.601906 seconds
04-02 17:29:51.456 D/wpa_supplicant( 2839): nl80211: Associated on 2412 MHz
04-02 17:29:51.456 D/wpa_supplicant( 2839): nl80211: Associated with 00:6b:f1:67:8d:01
04-02 17:29:51.456 D/wpa_supplicant( 2839): nl80211: Received scan results (18 BSSes)
04-02 17:29:51.456 D/wpa_supplicant( 2839): nl80211: Scan results indicate BSS status with 00:6b:f1:67:8d:01 as associated
04-02 17:29:51.456 D/wpa_supplicant( 2839): wlan0: BSS: Start scan result update 901
04-02 17:29:51.457 D/wpa_supplicant( 2839): wlan0: BSS: Add new id 1291 BSSID 08:9b:4b:9a:3b:d5 SSID '106\xe5\xae\xbf\xe8\x88\x8d\xef\xbc\x88\xe4\xb8\x83\xe5\xb1\x82\xef\xbc\x89'
04-02 17:29:51.457 D/wpa_supplicant( 2839): CTRL_IFACE monitor sent successfully to /data/misc/wifi/sockets/wpa_ctrl_291-1\x00
04-02 17:29:51.457 D/wpa_supplicant( 2839): CTRL_IFACE monitor sent successfully to /data/misc/wifi/sockets/wpa_ctrl_1314-3\x00
04-02 17:29:51.457 D/wpa_supplicant( 2839): wlan0: BSS: Add new id 1292 BSSID f8:75:88:d6:9d:1c SSID 'CU_JbE2'
04-02 17:29:51.457 D/wpa_supplicant( 2839): CTRL_IFACE monitor sent successfully to /data/misc/wifi/sockets/wpa_ctrl_291-1\x00
04-02 17:29:51.458 D/wpa_supplicant( 2839): CTRL_IFACE monitor sent successfully to /data/misc/wifi/sockets/wpa_ctrl_1314-3\x00
04-02 17:29:51.458 D/wpa_supplicant( 2839): wlan0: BSS: Add new id 1293 BSSID 34:5b:bb:ba:61:47 SSID 'midea_ca_1730'
04-02 17:29:51.458 D/wpa_supplicant( 2839): CTRL_IFACE monitor sent successfully to /data/misc/wifi/sockets/wpa_ctrl_291-1\x00
04-02 17:29:51.459 D/wpa_supplicant( 2839): CTRL_IFACE monitor sent successfully to /data/misc/wifi/sockets/wpa_ctrl_1314-3\x00
04-02 17:29:51.459 D/wpa_supplicant( 2839): wlan0: BSS: Remove id 1283 BSSID a8:0c:ca:04:4c:85 SSID 'jxbx' due to no match in scan
04-02 17:29:51.459 D/wpa_supplicant( 2839): CTRL_IFACE monitor sent successfully to /data/misc/wifi/sockets/wpa_ctrl_291-1\x00
04-02 17:29:51.459 D/wpa_supplicant( 2839): CTRL_IFACE monitor sent successfully to /data/misc/wifi/sockets/wpa_ctrl_1314-3\x00
04-02 17:29:51.459 D/wpa_supplicant( 2839): wlan0: BSS: Remove id 1280 BSSID bc:5f:f6:2e:84:f1 SSID 'Sync ' due to no match in scan
04-02 17:29:51.461 D/wpa_supplicant( 2839): CTRL_IFACE monitor sent successfully to /data/misc/wifi/sockets/wpa_ctrl_291-1\x00
04-02 17:29:51.461 D/wpa_supplicant( 2839): CTRL_IFACE monitor sent successfully to /data/misc/wifi/sockets/wpa_ctrl_1314-3\x00
04-02 17:29:51.461 D/wpa_supplicant( 2839): BSS: last_scan_res_used=18/32
04-02 17:29:51.461 D/wpa_supplicant( 2839): wlan0: Scan-only results received
04-02 17:29:51.462 D/wpa_supplicant( 2839): CTRL_IFACE monitor sent successfully to /data/misc/wifi/sockets/wpa_ctrl_291-1\x00
04-02 17:29:51.466 D/wpa_supplicant( 2839): CTRL_IFACE monitor sent successfully to /data/misc/wifi/sockets/wpa_ctrl_1314-3\x00
04-02 17:29:51.466 D/wpa_supplicant( 2839): wlan0: Radio work 'scan'@0xb8c3fde8 done in 0.613647 seconds
04-02 17:29:51.466 D/wpa_supplicant( 2839): wlan0: Control interface command 'BSS RANGE=0- MASK=0x21987'
04-02 17:29:51.484 D/wpa_supplicant( 2839): wlan0: Control interface command 'STATUS-NO_EVENTS'
04-02 17:29:51.486 D/LBSSystemMonitorService( 1314): handleMessage what - 4
04-02 17:29:51.486 D/Wiper_jni( 1314): Send Network Location.
04-02 17:29:52.466 I/SurfaceFlinger(  259): FPS: 5
04-02 17:29:52.597 D/wpa_supplicant( 2839): wlan0: Control interface command 'SIGNAL_POLL'
04-02 17:29:53.934 I/SurfaceFlinger(  259): FPS: 5
04-02 17:29:54.967 I/SurfaceFlinger(  259): FPS: 5
04-02 17:29:55.048 V/WLAN_PSA(  282): NL MSG, len[4029], NL type[0x1C] WNI type[0x5900] len[42255]
04-02 17:29:55.048 V/WLAN_PSA(  282): NL MSG, PID: 282
04-02 17:29:55.615 D/wpa_supplicant( 2839): wlan0: Control interface command 'SIGNAL_POLL'
04-02 17:29:55.984 I/SurfaceFlinger(  259): FPS: 4
04-02 17:29:56.064 I/UnicodeIME(25618): onKeyDown (keyCode='4', event.keyCode='4', metaState='0')
04-02 17:29:56.178 W/Settings( 1314): Setting airplane_mode_on has moved from android.provider.Settings.System to android.provider.Settings.Global, returning read-only value.
04-02 17:29:56.179 D/ldebug  ( 1314): AirplaneMode = 0,WifiState =3
04-02 17:29:56.180 I/UnicodeIME(25618): onKeyUp (keyCode='4', event.keyCode='4', metaState='0')
04-02 17:29:56.221 I/UnicodeIME(25618): onFinishInput: 
04-02 17:29:56.221 I/UnicodeIME(25618): onStartInput
04-02 17:29:56.244 I/Timeline(28872): Timeline: Activity_idle id: android.os.BinderProxy@21e4231f time:30231126
04-02 17:29:56.536 I/Timeline( 1314): Timeline: Activity_windows_visible id: ActivityRecord{88cc4e u0 com.test.ui.activities.nihao/com.test.ui.activities.other.test_tools.TestToolsActivity t2729} time:30231418
04-02 17:29:56.547 D/MyApplication(28872): Remove activity=com.test.ui.activities.other.test_tools.scb_qr_scan.QRScanActivity
04-02 17:29:56.549 W/SurfaceFlinger(  259): couldn't log to binary event log: overflow.
04-02 17:29:58.633 D/wpa_supplicant( 2839): wlan0: Control interface command 'SIGNAL_POLL'
04-02 17:29:58.646 V/WLAN_PSA(  282): NL MSG, len[4056], NL type[0x1C] WNI type[0x5900] len[49167]
04-02 17:29:58.646 V/WLAN_PSA(  282): NL MSG, PID: 282
04-02 17:30:00.036 I/SurfaceFlinger(  259): FPS: 23
04-02 17:30:01.653 D/wpa_supplicant( 2839): wlan0: Control interface command 'SIGNAL_POLL'
04-02 17:30:03.048 V/WLAN_PSA(  282): NL MSG, len[4037], NL type[0x1C] WNI type[0x5900] len[44303]
04-02 17:30:03.048 V/WLAN_PSA(  282): NL MSG, PID: 282
04-02 17:30:03.789 D/VM_BMS  (  472): wake_lock acquired
04-02 17:30:03.789 D/VM_BMS  (  472): New BMS data - Size=56
04-02 17:30:03.789 D/VM_BMS  (  472): Start process_bms_data
04-02 17:30:03.790 D/VM_BMS  (  472): Battery charge_cycle=17 fcc_adjust=527 rbatt_adjust=527 cycle_changed=false
04-02 17:30:03.791 D/VM_BMS  (  472): For batt_temp=287 fcc_mah=4997
04-02 17:30:03.791 D/VM_BMS  (  472): Lookup fcc_mah=4997.000000  adjusted fcc_mah=4970.666016
04-02 17:30:03.791 D/VM_BMS  (  472): For ocv=4193480 batt_temp=287 soc=100
04-02 17:30:03.792 D/VM_BMS  (  472): fifo_count=5 acc_count=0
04-02 17:30:03.792 D/VM_BMS  (  472): INIT: ocv=4193480 last_ocv=4193480 batt_temp=287 soc=100
04-02 17:30:03.792 D/VM_BMS  (  472): For soc=100 batt_temp=287 slope=14800
04-02 17:30:03.792 D/VM_BMS  (  472): For soc=100 batt_temp=287 rbatt_sf=100
04-02 17:30:03.792 D/VM_BMS  (  472): rbatt_mohm_default=100, rbatt_mohm=100, sf=100 batt_temp=287
04-02 17:30:03.792 D/VM_BMS  (  472): Lookup rbatt=100.000000  adjusted rbatt=100.527000
04-02 17:30:03.792 D/VM_BMS  (  472): For ocv=4193461 batt_temp=287 soc=100
04-02 17:30:03.792 D/VM_BMS  (  472): FIFO=0 fifo_avg=4.189597 rbatt=0.150527 slope=1.480000 ibatt=0.025732 ocv=4.193461 soc=100 fcc_ah=4.970666 sample_count=128 sample_interval=70 seq_num=747
04-02 17:30:03.792 D/VM_BMS  (  472): For soc=100 batt_temp=287 slope=14800
04-02 17:30:03.792 D/VM_BMS  (  472): For soc=100 batt_temp=287 rbatt_sf=100
04-02 17:30:03.792 D/VM_BMS  (  472): rbatt_mohm_default=100, rbatt_mohm=100, sf=100 batt_temp=287
04-02 17:30:03.792 D/VM_BMS  (  472): Lookup rbatt=100.000000  adjusted rbatt=100.527000
04-02 17:30:03.792 D/VM_BMS  (  472): For ocv=4193439 batt_temp=287 soc=100
04-02 17:30:03.792 D/VM_BMS  (  472): FIFO=1 fifo_avg=4.189006 rbatt=0.150527 slope=1.480000 ibatt=0.029524 ocv=4.193439 soc=100 fcc_ah=4.970666 sample_count=128 sample_interval=70 seq_num=747
04-02 17:30:03.792 D/VM_BMS  (  472): For soc=100 batt_temp=287 slope=14800
04-02 17:30:03.792 D/VM_BMS  (  472): For soc=100 batt_temp=287 rbatt_sf=100
04-02 17:30:03.792 D/VM_BMS  (  472): rbatt_mohm_default=100, rbatt_mohm=100, sf=100 batt_temp=287
04-02 17:30:03.792 D/VM_BMS  (  472): Lookup rbatt=100.000000  adjusted rbatt=100.527000
04-02 17:30:03.792 D/VM_BMS  (  472): For ocv=4193429 batt_temp=287 soc=100
04-02 17:30:03.792 D/VM_BMS  (  472): FIFO=2 fifo_avg=4.191370 rbatt=0.150527 slope=1.480000 ibatt=0.013711 ocv=4.193429 soc=100 fcc_ah=4.970666 sample_count=128 sample_interval=70 seq_num=747
04-02 17:30:03.792 D/VM_BMS  (  472): For soc=100 batt_temp=287 slope=14800
04-02 17:30:03.792 D/VM_BMS  (  472): For soc=100 batt_temp=287 rbatt_sf=100
04-02 17:30:03.792 D/VM_BMS  (  472): rbatt_mohm_default=100, rbatt_mohm=100, sf=100 batt_temp=287
04-02 17:30:03.792 D/VM_BMS  (  472): Lookup rbatt=100.000000  adjusted rbatt=100.527000
04-02 17:30:03.792 D/VM_BMS  (  472): For ocv=4193426 batt_temp=287 soc=100
04-02 17:30:03.792 D/VM_BMS  (  472): FIFO=3 fifo_avg=4.192842 rbatt=0.150527 slope=1.480000 ibatt=0.003890 ocv=4.193426 soc=100 fcc_ah=4.970666 sample_count=128 sample_interval=70 seq_num=747
04-02 17:30:03.792 D/VM_BMS  (  472): For soc=100 batt_temp=287 slope=14800
04-02 17:30:03.792 D/VM_BMS  (  472): For soc=100 batt_temp=287 rbatt_sf=100
