04-02 17:05:13.552 D/wpa_supplicant( 2839): nl80211: Associated on 2412 MHz
04-02 17:05:13.552 D/wpa_supplicant( 2839): nl80211: Associated with 00:6b:f1:67:8d:01
04-02 17:05:13.552 D/wpa_supplicant( 2839): nl80211: Received scan results (13 BSSes)
04-02 17:05:13.552 D/wpa_supplicant( 2839): nl80211: Scan results indicate BSS status with 00:6b:f1:67:8d:01 as associated
04-02 17:05:13.552 D/wpa_supplicant( 2839): wlan0: BSS: Start scan result update 849
04-02 17:05:13.553 D/wpa_supplicant( 2839): wlan0: BSS: Add new id 1213 BSSID 04:5f:a7:62:66:f0 SSID 'GreenTea'
04-02 17:05:13.553 D/wpa_supplicant( 2839): CTRL_IFACE monitor sent successfully to /data/misc/wifi/sockets/wpa_ctrl_291-1\x00
04-02 17:05:13.553 D/wpa_supplicant( 2839): CTRL_IFACE monitor sent successfully to /data/misc/wifi/sockets/wpa_ctrl_1314-3\x00
04-02 17:05:13.553 D/wpa_supplicant( 2839): wlan0: BSS: Remove id 1209 BSSID ec:26:ca:b3:30:c6 SSID 'chenxi1963' due to no match in scan
04-02 17:05:13.553 D/wpa_supplicant( 2839): CTRL_IFACE monitor sent successfully to /data/misc/wifi/sockets/wpa_ctrl_291-1\x00
04-02 17:05:13.553 D/wpa_supplicant( 2839): CTRL_IFACE monitor sent successfully to /data/misc/wifi/sockets/wpa_ctrl_1314-3\x00
04-02 17:05:13.553 D/wpa_supplicant( 2839): BSS: last_scan_res_used=13/32
04-02 17:05:13.553 D/wpa_supplicant( 2839): wlan0: Scan-only results received
04-02 17:05:13.553 D/wpa_supplicant( 2839): CTRL_IFACE monitor sent successfully to /data/misc/wifi/sockets/wpa_ctrl_291-1\x00
04-02 17:05:13.553 D/wpa_supplicant( 2839): CTRL_IFACE monitor sent successfully to /data/misc/wifi/sockets/wpa_ctrl_1314-3\x00
04-02 17:05:13.553 D/wpa_supplicant( 2839): wlan0: Radio work 'scan'@0xb8c3fde8 done in 0.182014 seconds
04-02 17:05:13.556 D/wpa_supplicant( 2839): wlan0: Control interface command 'SIGNAL_POLL'
04-02 17:05:13.556 V/WLAN_PSA(  282): NL MSG, len[4073], NL type[0x1C] WNI type[0x5900] len[53519]
04-02 17:05:13.556 V/WLAN_PSA(  282): NL MSG, PID: 282
04-02 17:05:13.570 D/wpa_supplicant( 2839): wlan0: Control interface command 'BSS RANGE=0- MASK=0x21987'
04-02 17:05:13.582 D/wpa_supplicant( 2839): wlan0: Control interface command 'STATUS-NO_EVENTS'
04-02 17:05:16.571 D/wpa_supplicant( 2839): wlan0: Control interface command 'SIGNAL_POLL'
04-02 17:05:16.583 V/WLAN_PSA(  282): NL MSG, len[4065], NL type[0x1C] WNI type[0x5900] len[51471]
04-02 17:05:16.583 V/WLAN_PSA(  282): NL MSG, PID: 282
04-02 17:05:18.884 I/Atfwd_Sendcmd( 1925): AtCmdFwd service not ready - Exhausted retry attempts - :6
04-02 17:05:18.884 I/Atfwd_Daemon( 1925): result : -1 	 ,Init step :2 	 ,qmiErrorCode: 0
04-02 17:05:19.589 D/wpa_supplicant( 2839): wlan0: Control interface command 'SIGNAL_POLL'
04-02 17:05:20.694 V/WLAN_PSA(  282): NL MSG, len[4088], NL type[0x1C] WNI type[0x5900] len[57359]
04-02 17:05:20.694 V/WLAN_PSA(  282): NL MSG, PID: 282
04-02 17:05:22.607 D/wpa_supplicant( 2839): wlan0: Control interface command 'SIGNAL_POLL'
04-02 17:05:25.628 D/wpa_supplicant( 2839): wlan0: Control interface command 'SIGNAL_POLL'
04-02 17:05:25.629 V/WLAN_PSA(  282): NL MSG, len[4044], NL type[0x1C] WNI type[0x5900] len[46095]
04-02 17:05:25.629 V/WLAN_PSA(  282): NL MSG, PID: 282
04-02 17:05:28.646 D/wpa_supplicant( 2839): wlan0: Control interface command 'SIGNAL_POLL'
04-02 17:05:28.711 V/WLAN_PSA(  282): NL MSG, len[4049], NL type[0x1C] WNI type[0x5900] len[47375]
04-02 17:05:28.711 V/WLAN_PSA(  282): NL MSG, PID: 282
04-02 17:05:31.669 D/wpa_supplicant( 2839): wlan0: Control interface command 'SIGNAL_POLL'
04-02 17:05:33.373 E/WifiStateMachine( 1314): WifiStateMachine CMD_START_SCAN source -2 txSuccessRate=0.00 rxSuccessRate=0.00 targetRoamBSSID=any RSSI=-45
04-02 17:05:33.373 E/WifiStateMachine( 1314): WifiStateMachine starting scan for "Verifone_Guest"-WPA_PSK with 2412,2462,2437
04-02 17:05:33.374 D/wpa_supplicant( 2839): wlan0: Control interface command 'SCAN TYPE=ONLY freq=2412,2462,2437'
04-02 17:05:33.374 D/wpa_supplicant( 2839): wlan0: Setting scan request: 0.000000 sec
04-02 17:05:33.374 D/wpa_supplicant( 2839): wlan0: Starting AP scan for wildcard SSID
04-02 17:05:33.374 D/wpa_supplicant( 2839): wlan0: Limit manual scan to specified channels
04-02 17:05:33.374 D/wpa_supplicant( 2839): wlan0: Add radio work 'scan'@0xb8c3fde8
04-02 17:05:33.374 D/wpa_supplicant( 2839): wlan0: First radio work item in the queue - schedule start immediately
04-02 17:05:33.374 D/wpa_supplicant( 2839): wlan0: Starting radio work 'scan'@0xb8c3fde8 after 0.000064 second wait
04-02 17:05:33.374 D/wpa_supplicant( 2839): wlan0: nl80211: scan request
04-02 17:05:33.374 D/wpa_supplicant( 2839): nl80211: Scan SSID - hexdump(len=0): [NULL]
04-02 17:05:33.374 D/wpa_supplicant( 2839): nl80211: Scan frequency 2412 MHz
04-02 17:05:33.374 D/wpa_supplicant( 2839): nl80211: Scan frequency 2437 MHz
04-02 17:05:33.374 D/wpa_supplicant( 2839): nl80211: Scan frequency 2462 MHz
04-02 17:05:33.375 I/WifiHAL ( 1314): Poll result = 1
04-02 17:05:33.375 I/WifiHAL ( 1314): Found some events!!!
04-02 17:05:33.375 D/WifiHAL ( 1314): no_seq_check received
04-02 17:05:33.375 I/WifiHAL ( 1314): event received NL80211_CMD_TRIGGER_SCAN
04-02 17:05:33.375 I/WifiHAL ( 1314): event received NL80211_CMD_TRIGGER_SCAN, vendor_id = 0x0
04-02 17:05:33.375 I/WifiHAL ( 1314): event ignored!!
04-02 17:05:33.376 V/WLAN_PSA(  282): NL MSG, len[914], NL type[0x11] WNI type[0x5050] len[894]
04-02 17:05:33.376 V/WLAN_PSA(  282): NL MSG, PID: 282
04-02 17:05:33.376 V/WLAN_PSA(  282): NL MSG, len[048], NL type[0x11] WNI type[0x5050] len[028]
04-02 17:05:33.376 V/WLAN_PSA(  282): NL MSG, PID: 282
04-02 17:05:33.376 D/wpa_supplicant( 2839): Scan requested (ret=0) - scan timeout 30 seconds
04-02 17:05:33.376 D/wpa_supplicant( 2839): nl80211: Event message available
04-02 17:05:33.376 D/wpa_supplicant( 2839): nl80211: Drv Event 33 (NL80211_CMD_TRIGGER_SCAN) received for wlan0
04-02 17:05:33.376 D/wpa_supplicant( 2839): wlan0: nl80211: Scan trigger
04-02 17:05:33.376 D/wpa_supplicant( 2839): wlan0: Event SCAN_STARTED (49) received
04-02 17:05:33.376 D/wpa_supplicant( 2839): wlan0: Own scan request started a scan in 0.000216 seconds
04-02 17:05:33.377 V/WLAN_PSA(  282): NL MSG, len[4067], NL type[0x1C] WNI type[0x5900] len[51983]
04-02 17:05:33.377 V/WLAN_PSA(  282): NL MSG, PID: 282
04-02 17:05:33.378 D/wpa_supplicant( 2839): CTRL_IFACE monitor sent successfully to /data/misc/wifi/sockets/wpa_ctrl_291-1\x00
04-02 17:05:33.378 D/wpa_supplicant( 2839): CTRL_IFACE monitor sent successfully to /data/misc/wifi/sockets/wpa_ctrl_1314-3\x00
04-02 17:05:33.379 V/WLAN_PSA(  282): NL MSG, len[4044], NL type[0x1C] WNI type[0x5900] len[46095]
04-02 17:05:33.379 V/WLAN_PSA(  282): NL MSG, PID: 282
04-02 17:05:33.428 V/WLAN_PSA(  282): NL MSG, len[4039], NL type[0x1C] WNI type[0x5900] len[44815]
04-02 17:05:33.428 V/WLAN_PSA(  282): NL MSG, PID: 282
04-02 17:05:33.459 V/WLAN_PSA(  282): NL MSG, len[4035], NL type[0x1C] WNI type[0x5900] len[43791]
04-02 17:05:33.459 V/WLAN_PSA(  282): NL MSG, PID: 282
04-02 17:05:33.506 V/WLAN_PSA(  282): NL MSG, len[3999], NL type[0x1C] WNI type[0x5900] len[34575]
04-02 17:05:33.506 V/WLAN_PSA(  282): NL MSG, PID: 282
04-02 17:05:33.543 V/WLAN_PSA(  282): NL MSG, len[4059], NL type[0x1C] WNI type[0x5900] len[49935]
04-02 17:05:33.543 V/WLAN_PSA(  282): NL MSG, PID: 282
04-02 17:05:33.550 V/WLAN_PSA(  282): NL MSG, len[3984], NL type[0x1C] WNI type[0x5900] len[30735]
04-02 17:05:33.550 V/WLAN_PSA(  282): NL MSG, PID: 282
04-02 17:05:33.550 V/WLAN_PSA(  282): NL MSG, len[914], NL type[0x11] WNI type[0x5050] len[894]
04-02 17:05:33.550 V/WLAN_PSA(  282): NL MSG, PID: 282
04-02 17:05:33.554 V/WLAN_PSA(  282): NL MSG, len[4089], NL type[0x1C] WNI type[0x5900] len[57615]
04-02 17:05:33.555 V/WLAN_PSA(  282): NL MSG, PID: 282
04-02 17:05:33.555 I/WifiHAL ( 1314): Poll result = 1
04-02 17:05:33.555 I/WifiHAL ( 1314): Found some events!!!
04-02 17:05:33.555 D/WifiHAL ( 1314): no_seq_check received
04-02 17:05:33.555 I/WifiHAL ( 1314): event received NL80211_CMD_NEW_SCAN_RESULTS
04-02 17:05:33.555 I/WifiHAL ( 1314): event received NL80211_CMD_NEW_SCAN_RESULTS, vendor_id = 0x0
04-02 17:05:33.555 I/WifiHAL ( 1314): event ignored!!
04-02 17:05:33.555 D/wpa_supplicant( 2839): nl80211: Event message available
04-02 17:05:33.555 D/wpa_supplicant( 2839): nl80211: Drv Event 34 (NL80211_CMD_NEW_SCAN_RESULTS) received for wlan0
04-02 17:05:33.555 D/wpa_supplicant( 2839): wlan0: nl80211: New scan results available
04-02 17:05:33.555 D/wpa_supplicant( 2839): nl80211: Scan included frequencies: 2412 2437 2462
04-02 17:05:33.555 D/wpa_supplicant( 2839): wlan0: Event SCAN_RESULTS (3) received
04-02 17:05:33.555 D/wpa_supplicant( 2839): wlan0: Scan completed in 0.178918 seconds
04-02 17:05:33.555 D/wpa_supplicant( 2839): nl80211: Associated on 2412 MHz
04-02 17:05:33.555 D/wpa_supplicant( 2839): nl80211: Associated with 00:6b:f1:67:8d:01
04-02 17:05:33.556 D/wpa_supplicant( 2839): nl80211: Received scan results (13 BSSes)
04-02 17:05:33.556 D/wpa_supplicant( 2839): nl80211: Scan results indicate BSS status with 00:6b:f1:67:8d:01 as associated
04-02 17:05:33.556 D/wpa_supplicant( 2839): wlan0: BSS: Start scan result update 850
04-02 17:05:33.556 D/wpa_supplicant( 2839): wlan0: BSS: Add new id 1214 BSSID 48:bd:3d:5f:8c:90 SSID 'ZDGF'
04-02 17:05:33.556 D/wpa_supplicant( 2839): CTRL_IFACE monitor sent successfully to /data/misc/wifi/sockets/wpa_ctrl_291-1\x00
04-02 17:05:33.557 D/wpa_supplicant( 2839): CTRL_IFACE monitor sent successfully to /data/misc/wifi/sockets/wpa_ctrl_1314-3\x00
04-02 17:05:33.557 D/wpa_supplicant( 2839): wlan0: BSS: Remove id 1210 BSSID 0c:4b:54:bb:5a:ca SSID 'jingjing' due to no match in scan
04-02 17:05:33.557 D/wpa_supplicant( 2839): CTRL_IFACE monitor sent successfully to /data/misc/wifi/sockets/wpa_ctrl_291-1\x00
04-02 17:05:33.557 D/wpa_supplicant( 2839): CTRL_IFACE monitor sent successfully to /data/misc/wifi/sockets/wpa_ctrl_1314-3\x00
04-02 17:05:33.557 D/wpa_supplicant( 2839): BSS: last_scan_res_used=13/32
04-02 17:05:33.557 D/wpa_supplicant( 2839): wlan0: Scan-only results received
04-02 17:05:33.557 D/wpa_supplicant( 2839): CTRL_IFACE monitor sent successfully to /data/misc/wifi/sockets/wpa_ctrl_291-1\x00
04-02 17:05:33.558 D/wpa_supplicant( 2839): CTRL_IFACE monitor sent successfully to /data/misc/wifi/sockets/wpa_ctrl_1314-3\x00
04-02 17:05:33.558 D/wpa_supplicant( 2839): wlan0: Radio work 'scan'@0xb8c3fde8 done in 0.183575 seconds
04-02 17:05:33.561 D/wpa_supplicant( 2839): wlan0: Control interface command 'BSS RANGE=0- MASK=0x21987'
04-02 17:05:33.571 D/wpa_supplicant( 2839): wlan0: Control interface command 'STATUS-NO_EVENTS'
04-02 17:05:34.688 D/wpa_supplicant( 2839): wlan0: Control interface command 'SIGNAL_POLL'
04-02 17:05:34.701 V/WLAN_PSA(  282): NL MSG, len[4004], NL type[0x1C] WNI type[0x5900] len[35855]
04-02 17:05:34.701 V/WLAN_PSA(  282): NL MSG, PID: 282
04-02 17:05:37.706 D/wpa_supplicant( 2839): wlan0: Control interface command 'SIGNAL_POLL'
04-02 17:05:38.208 D/com.socsi.thread.UploadResultThread(24223): 【进入应用下载结果上送线程】
04-02 17:05:38.211 D/com.socsi.thread.UploadResultThread(24223): ..........终端无应用下载/更新结果可以上送
04-02 17:05:38.212 D/com.socsi.thread.UploadResultThread(24223): ------------结果上送over------------------
04-02 17:05:38.824 D/com.socsi.thread.MtmsDownloadThread(24223): 【进入应用下载时机检查线程】
04-02 17:05:38.828 D/com.socsi.thread.MtmsDownloadThread(24223): 没有应用需要下载，不需要检查
04-02 17:05:38.830 D/com.socsi.thread.MtmsDownloadThread(24223): ------------下载时机检查 over------------------
04-02 17:05:39.732 V/WLAN_PSA(  282): NL MSG, len[4036], NL type[0x1C] WNI type[0x5900] len[44047]
04-02 17:05:39.732 V/WLAN_PSA(  282): NL MSG, PID: 282
04-02 17:05:40.727 D/wpa_supplicant( 2839): wlan0: Control interface command 'SIGNAL_POLL'
04-02 17:05:43.745 D/wpa_supplicant( 2839): wlan0: Control interface command 'SIGNAL_POLL'
04-02 17:05:43.748 V/WLAN_PSA(  282): NL MSG, len[4019], NL type[0x1C] WNI type[0x5900] len[39695]
04-02 17:05:43.748 V/WLAN_PSA(  282): NL MSG, PID: 282
04-02 17:05:43.884 I/Atfwd_Daemon( 1925): baron2.
04-02 17:05:43.884 I/Atfwd_Daemon( 1925): baron3.
04-02 17:05:43.887 E/QC-QMI  ( 1925): qmi_client [1925] 52: failed to locate client data
04-02 17:05:43.886 W/ATFWD-daemon( 1925): type=1400 audit(0.0:753): avc: denied { connectto } for path="/dev/socket/property_service" scontext=u:r:atfwd:s0 tcontext=u:r:init:s0 tclass=unix_stream_socket permissive=0
04-02 17:05:43.888 I/Atfwd_Daemon( 1925): baron4.
04-02 17:05:43.888 I/Atfwd_Daemon( 1925): Stop the daemon....
04-02 17:05:43.888 E/QC-QMI  (  462): qmuxd: RX on fd=20 returned error=0 errno[2:No such file or directory]
04-02 17:05:43.888 E/QC-QMI  (  462): QMUX qmux_client_id=52 not found in qmux client list, unable to remove
04-02 17:05:43.889 I/Atfwd_Daemon( 1925): baron5.
04-02 17:05:43.916 I/Atfwd_Daemon( 2162): baron1.
04-02 17:05:43.925 I/Atfwd_Daemon( 2162): result : 255 	 ,Init step :0 	 ,qmiErrorCode: 0
04-02 17:05:43.925 I/Atfwd_Daemon( 2162): baron2.
04-02 17:05:43.925 I/Atfwd_Daemon( 2162): result : 0 	 ,Init step :1 	 ,qmiErrorCode: 0
04-02 17:05:43.925 I/Atfwd_Daemon( 2162): baron2.
04-02 17:05:43.928 I/ServiceManager( 2162): Waiting for service AtCmdFwd...
04-02 17:05:44.929 I/ServiceManager( 2162): Waiting for service AtCmdFwd...
04-02 17:05:45.930 I/ServiceManager( 2162): Waiting for service AtCmdFwd...
04-02 17:05:46.770 D/wpa_supplicant( 2839): wlan0: Control interface command 'SIGNAL_POLL'
04-02 17:05:46.931 I/ServiceManager( 2162): Waiting for service AtCmdFwd...
04-02 17:05:47.749 V/WLAN_PSA(  282): NL MSG, len[4074], NL type[0x1C] WNI type[0x5900] len[53775]
04-02 17:05:47.749 V/WLAN_PSA(  282): NL MSG, PID: 282
04-02 17:05:47.931 I/ServiceManager( 2162): Waiting for service AtCmdFwd...
04-02 17:05:48.932 W/Atfwd_Sendcmd( 2162): AtCmdFwd service not published, waiting... retryCnt : 1
04-02 17:05:49.206 D/AndroidRuntime( 2168): >>>>>> START com.android.internal.os.RuntimeInit uid 2000 <<<<<<
04-02 17:05:49.210 D/AndroidRuntime( 2168): CheckJNI is OFF
04-02 17:05:49.385 D/AndroidRuntime( 2168): Calling main entry com.android.commands.am.Am
04-02 17:05:49.397 D/AndroidRuntime( 2168): Shutting down VM
04-02 17:05:49.398 I/UIAService(21779): On StartCommand
04-02 17:05:49.398 W/UIAService(21779): Unknown action null
04-02 17:05:49.788 D/wpa_supplicant( 2839): wlan0: Control interface command 'SIGNAL_POLL'
04-02 17:05:52.806 V/WLAN_PSA(  282): NL MSG, len[4091], NL type[0x1C] WNI type[0x5900] len[58127]
04-02 17:05:52.806 V/WLAN_PSA(  282): NL MSG, PID: 282
04-02 17:05:52.807 D/wpa_supplicant( 2839): wlan0: Control interface command 'SIGNAL_POLL'
04-02 17:05:53.375 E/WifiStateMachine( 1314): WifiStateMachine CMD_START_SCAN source -2 txSuccessRate=0.00 rxSuccessRate=0.00 targetRoamBSSID=any RSSI=-45
04-02 17:05:53.376 E/WifiStateMachine( 1314): WifiStateMachine starting scan for "Verifone_Guest"-WPA_PSK with 2412,2462,2437
04-02 17:05:53.376 D/wpa_supplicant( 2839): wlan0: Control interface command 'SCAN TYPE=ONLY freq=2412,2462,2437'
04-02 17:05:53.376 D/wpa_supplicant( 2839): wlan0: Setting scan request: 0.000000 sec
04-02 17:05:53.376 D/wpa_supplicant( 2839): wlan0: Starting AP scan for wildcard SSID
04-02 17:05:53.376 D/wpa_supplicant( 2839): wlan0: Limit manual scan to specified channels
04-02 17:05:53.376 D/wpa_supplicant( 2839): wlan0: Add radio work 'scan'@0xb8c3fde8
04-02 17:05:53.376 D/wpa_supplicant( 2839): wlan0: First radio work item in the queue - schedule start immediately
04-02 17:05:53.376 D/wpa_supplicant( 2839): wlan0: Starting radio work 'scan'@0xb8c3fde8 after 0.000062 second wait
04-02 17:05:53.376 D/wpa_supplicant( 2839): wlan0: nl80211: scan request
04-02 17:05:53.376 D/wpa_supplicant( 2839): nl80211: Scan SSID - hexdump(len=0): [NULL]
04-02 17:05:53.376 D/wpa_supplicant( 2839): nl80211: Scan frequency 2412 MHz
04-02 17:05:53.376 D/wpa_supplicant( 2839): nl80211: Scan frequency 2437 MHz
04-02 17:05:53.376 D/wpa_supplicant( 2839): nl80211: Scan frequency 2462 MHz
04-02 17:05:53.377 V/WLAN_PSA(  282): NL MSG, len[3991], NL type[0x1C] WNI type[0x5900] len[32527]
04-02 17:05:53.377 V/WLAN_PSA(  282): NL MSG, PID: 282
04-02 17:05:53.379 V/WLAN_PSA(  282): NL MSG, len[914], NL type[0x11] WNI type[0x5050] len[894]
04-02 17:05:53.379 V/WLAN_PSA(  282): NL MSG, PID: 282
04-02 17:05:53.379 V/WLAN_PSA(  282): NL MSG, len[048], NL type[0x11] WNI type[0x5050] len[028]
04-02 17:05:53.379 V/WLAN_PSA(  282): NL MSG, PID: 282
04-02 17:05:53.379 I/WifiHAL ( 1314): Poll result = 1
04-02 17:05:53.379 I/WifiHAL ( 1314): Found some events!!!
04-02 17:05:53.379 D/WifiHAL ( 1314): no_seq_check received
04-02 17:05:53.379 I/WifiHAL ( 1314): event received NL80211_CMD_TRIGGER_SCAN
04-02 17:05:53.379 I/WifiHAL ( 1314): event received NL80211_CMD_TRIGGER_SCAN, vendor_id = 0x0
04-02 17:05:53.379 I/WifiHAL ( 1314): event ignored!!
04-02 17:05:53.380 D/wpa_supplicant( 2839): Scan requested (ret=0) - scan timeout 30 seconds
04-02 17:05:53.380 D/wpa_supplicant( 2839): nl80211: Event message available
04-02 17:05:53.380 D/wpa_supplicant( 2839): nl80211: Drv Event 33 (NL80211_CMD_TRIGGER_SCAN) received for wlan0
04-02 17:05:53.380 D/wpa_supplicant( 2839): wlan0: nl80211: Scan trigger
04-02 17:05:53.380 D/wpa_supplicant( 2839): wlan0: Event SCAN_STARTED (49) received
04-02 17:05:53.380 D/wpa_supplicant( 2839): wlan0: Own scan request started a scan in 0.000234 seconds
04-02 17:05:53.380 D/wpa_supplicant( 2839): CTRL_IFACE monitor sent successfully to /data/misc/wifi/sockets/wpa_ctrl_291-1\x00
04-02 17:05:53.381 D/wpa_supplicant( 2839): CTRL_IFACE monitor sent successfully to /data/misc/wifi/sockets/wpa_ctrl_1314-3\x00
04-02 17:05:53.399 V/WLAN_PSA(  282): NL MSG, len[4094], NL type[0x1C] WNI type[0x5900] len[58895]
04-02 17:05:53.399 V/WLAN_PSA(  282): NL MSG, PID: 282
04-02 17:05:53.446 V/WLAN_PSA(  282): NL MSG, len[4029], NL type[0x1C] WNI type[0x5900] len[42255]
04-02 17:05:53.446 V/WLAN_PSA(  282): NL MSG, PID: 282
04-02 17:05:53.489 V/WLAN_PSA(  282): NL MSG, len[4047], NL type[0x1C] WNI type[0x5900] len[46863]
04-02 17:05:53.489 V/WLAN_PSA(  282): NL MSG, PID: 282
04-02 17:05:53.538 V/WLAN_PSA(  282): NL MSG, len[4022], NL type[0x1C] WNI type[0x5900] len[40463]
04-02 17:05:53.538 V/WLAN_PSA(  282): NL MSG, PID: 282
04-02 17:05:53.557 V/WLAN_PSA(  282): NL MSG, len[4062], NL type[0x1C] WNI type[0x5900] len[50703]
04-02 17:05:53.557 V/WLAN_PSA(  282): NL MSG, PID: 282
04-02 17:05:53.559 V/WLAN_PSA(  282): NL MSG, len[914], NL type[0x11] WNI type[0x5050] len[894]
04-02 17:05:53.559 V/WLAN_PSA(  282): NL MSG, PID: 282
04-02 17:05:53.560 V/WLAN_PSA(  282): NL MSG, len[4091], NL type[0x1C] WNI type[0x5900] len[58127]
04-02 17:05:53.560 V/WLAN_PSA(  282): NL MSG, PID: 282
04-02 17:05:53.560 I/WifiHAL ( 1314): Poll result = 1
04-02 17:05:53.560 I/WifiHAL ( 1314): Found some events!!!
04-02 17:05:53.560 D/WifiHAL ( 1314): no_seq_check received
04-02 17:05:53.560 D/wpa_supplicant( 2839): nl80211: Event message available
04-02 17:05:53.560 I/WifiHAL ( 1314): event received NL80211_CMD_NEW_SCAN_RESULTS
04-02 17:05:53.560 I/WifiHAL ( 1314): event received NL80211_CMD_NEW_SCAN_RESULTS, vendor_id = 0x0
04-02 17:05:53.560 D/wpa_supplicant( 2839): nl80211: Drv Event 34 (NL80211_CMD_NEW_SCAN_RESULTS) received for wlan0
04-02 17:05:53.561 I/WifiHAL ( 1314): event ignored!!
04-02 17:05:53.561 D/wpa_supplicant( 2839): wlan0: nl80211: New scan results available
04-02 17:05:53.561 D/wpa_supplicant( 2839): nl80211: Scan included frequencies: 2412 2437 2462
04-02 17:05:53.561 D/wpa_supplicant( 2839): wlan0: Event SCAN_RESULTS (3) received
04-02 17:05:53.561 D/wpa_supplicant( 2839): wlan0: Scan completed in 0.180801 seconds
04-02 17:05:53.561 D/wpa_supplicant( 2839): nl80211: Associated on 2412 MHz
04-02 17:05:53.561 D/wpa_supplicant( 2839): nl80211: Associated with 00:6b:f1:67:8d:01
04-02 17:05:53.561 D/wpa_supplicant( 2839): nl80211: Received scan results (14 BSSes)
04-02 17:05:53.561 D/wpa_supplicant( 2839): nl80211: Scan results indicate BSS status with 00:6b:f1:67:8d:01 as associated
04-02 17:05:53.561 D/wpa_supplicant( 2839): wlan0: BSS: Start scan result update 851
04-02 17:05:53.562 D/wpa_supplicant( 2839): wlan0: BSS: Add new id 1215 BSSID 2c:61:04:1a:29:30 SSID '360WiFi-aimeiao1'
04-02 17:05:53.562 D/wpa_supplicant( 2839): CTRL_IFACE monitor sent successfully to /data/misc/wifi/sockets/wpa_ctrl_291-1\x00
04-02 17:05:53.562 D/wpa_supplicant( 2839): CTRL_IFACE monitor sent successfully to /data/misc/wifi/sockets/wpa_ctrl_1314-3\x00
04-02 17:05:53.562 D/wpa_supplicant( 2839): wlan0: BSS: Remove id 1208 BSSID 34:ce:00:4d:b4:a8 SSID '302' due to no match in scan
04-02 17:05:53.562 D/wpa_supplicant( 2839): CTRL_IFACE monitor sent successfully to /data/misc/wifi/sockets/wpa_ctrl_291-1\x00
04-02 17:05:53.562 D/wpa_supplicant( 2839): CTRL_IFACE monitor sent successfully to /data/misc/wifi/sockets/wpa_ctrl_1314-3\x00
04-02 17:05:53.562 D/wpa_supplicant( 2839): BSS: last_scan_res_used=14/32
04-02 17:05:53.562 D/wpa_supplicant( 2839): wlan0: Scan-only results received
04-02 17:05:53.562 D/wpa_supplicant( 2839): CTRL_IFACE monitor sent successfully to /data/misc/wifi/sockets/wpa_ctrl_291-1\x00
04-02 17:05:53.563 D/wpa_supplicant( 2839): CTRL_IFACE monitor sent successfully to /data/misc/wifi/sockets/wpa_ctrl_1314-3\x00
04-02 17:05:53.563 D/wpa_supplicant( 2839): wlan0: Radio work 'scan'@0xb8c3fde8 done in 0.186686 seconds
04-02 17:05:53.566 D/wpa_supplicant( 2839): wlan0: Control interface command 'BSS RANGE=0- MASK=0x21987'
04-02 17:05:53.581 D/wpa_supplicant( 2839): wlan0: Control interface command 'STATUS-NO_EVENTS'
04-02 17:05:53.761 V/WLAN_PSA(  282): NL MSG, len[4064], NL type[0x1C] WNI type[0x5900] len[51215]
04-02 17:05:53.761 V/WLAN_PSA(  282): NL MSG, PID: 282
04-02 17:05:53.932 I/ServiceManager( 2162): Waiting for service AtCmdFwd...
04-02 17:05:54.933 I/ServiceManager( 2162): Waiting for service AtCmdFwd...
04-02 17:05:55.825 D/wpa_supplicant( 2839): wlan0: Control interface command 'SIGNAL_POLL'
04-02 17:05:55.933 I/ServiceManager( 2162): Waiting for service AtCmdFwd...
04-02 17:05:56.934 I/ServiceManager( 2162): Waiting for service AtCmdFwd...
04-02 17:05:57.935 I/ServiceManager( 2162): Waiting for service AtCmdFwd...
04-02 17:05:58.771 V/WLAN_PSA(  282): NL MSG, len[4089], NL type[0x1C] WNI type[0x5900] len[57615]
04-02 17:05:58.771 V/WLAN_PSA(  282): NL MSG, PID: 282
04-02 17:05:58.842 D/wpa_supplicant( 2839): wlan0: Control interface command 'SIGNAL_POLL'
04-02 17:05:58.935 W/Atfwd_Sendcmd( 2162): AtCmdFwd service not published, waiting... retryCnt : 2
04-02 17:05:59.454 D/VM_BMS  (  472): wake_lock acquired
04-02 17:05:59.455 D/VM_BMS  (  472): New BMS data - Size=56
04-02 17:05:59.455 D/VM_BMS  (  472): Start process_bms_data
04-02 17:05:59.455 D/VM_BMS  (  472): Battery charge_cycle=17 fcc_adjust=527 rbatt_adjust=527 cycle_changed=false
04-02 17:05:59.458 D/VM_BMS  (  472): For batt_temp=285 fcc_mah=4997
04-02 17:05:59.458 D/VM_BMS  (  472): Lookup fcc_mah=4997.000000  adjusted fcc_mah=4970.666016
04-02 17:05:59.458 D/VM_BMS  (  472): For ocv=4192598 batt_temp=285 soc=100
04-02 17:05:59.458 D/VM_BMS  (  472): fifo_count=5 acc_count=0
04-02 17:05:59.458 D/VM_BMS  (  472): INIT: ocv=4192598 last_ocv=4192598 batt_temp=285 soc=100
04-02 17:05:59.458 D/VM_BMS  (  472): For soc=100 batt_temp=285 slope=14800
04-02 17:05:59.458 D/VM_BMS  (  472): For soc=100 batt_temp=285 rbatt_sf=100
04-02 17:05:59.458 D/VM_BMS  (  472): rbatt_mohm_default=100, rbatt_mohm=100, sf=100 batt_temp=285
04-02 17:05:59.458 D/VM_BMS  (  472): Lookup rbatt=100.000000  adjusted rbatt=100.527000
04-02 17:05:59.458 D/VM_BMS  (  472): For ocv=4192589 batt_temp=285 soc=100
04-02 17:05:59.458 D/VM_BMS  (  472): FIFO=0 fifo_avg=4.190947 rbatt=0.150527 slope=1.480000 ibatt=0.010940 ocv=4.192590 soc=100 fcc_ah=4.970666 sample_count=128 sample_interval=70 seq_num=717
04-02 17:05:59.458 D/VM_BMS  (  472): For soc=100 batt_temp=285 slope=14800
04-02 17:05:59.459 D/VM_BMS  (  472): For soc=100 batt_temp=285 rbatt_sf=100
04-02 17:05:59.459 D/VM_BMS  (  472): rbatt_mohm_default=100, rbatt_mohm=100, sf=100 batt_temp=285
04-02 17:05:59.459 D/VM_BMS  (  472): Lookup rbatt=100.000000  adjusted rbatt=100.527000
04-02 17:05:59.459 D/VM_BMS  (  472): For ocv=4192585 batt_temp=285 soc=100
04-02 17:05:59.459 D/VM_BMS  (  472): FIFO=1 fifo_avg=4.191832 rbatt=0.150527 slope=1.480000 ibatt=0.005015 ocv=4.192585 soc=100 fcc_ah=4.970666 sample_count=128 sample_interval=70 seq_num=717
04-02 17:05:59.459 D/VM_BMS  (  472): For soc=100 batt_temp=285 slope=14800
04-02 17:05:59.459 D/VM_BMS  (  472): For soc=100 batt_temp=285 rbatt_sf=100
04-02 17:05:59.459 D/VM_BMS  (  472): rbatt_mohm_default=100, rbatt_mohm=100, sf=100 batt_temp=285
04-02 17:05:59.459 D/VM_BMS  (  472): Lookup rbatt=100.000000  adjusted rbatt=100.527000
04-02 17:05:59.459 D/VM_BMS  (  472): For ocv=4192578 batt_temp=285 soc=100
04-02 17:05:59.459 D/VM_BMS  (  472): FIFO=2 fifo_avg=4.191241 rbatt=0.150527 slope=1.480000 ibatt=0.008908 ocv=4.192578 soc=100 fcc_ah=4.970666 sample_count=128 sample_interval=70 seq_num=717
04-02 17:05:59.459 D/VM_BMS  (  472): For soc=100 batt_temp=285 slope=14800
04-02 17:05:59.459 D/VM_BMS  (  472): For soc=100 batt_temp=285 rbatt_sf=100
04-02 17:05:59.459 D/VM_BMS  (  472): rbatt_mohm_default=100, rbatt_mohm=100, sf=100 batt_temp=285
04-02 17:05:59.459 D/VM_BMS  (  472): Lookup rbatt=100.000000  adjusted rbatt=100.527000
04-02 17:05:59.459 D/VM_BMS  (  472): For ocv=4192572 batt_temp=285 soc=100
04-02 17:05:59.459 D/VM_BMS  (  472): FIFO=3 fifo_avg=4.191538 rbatt=0.150527 slope=1.480000 ibatt=0.006892 ocv=4.192573 soc=100 fcc_ah=4.970666 sample_count=128 sample_interval=70 seq_num=717
04-02 17:05:59.459 D/VM_BMS  (  472): For soc=100 batt_temp=285 slope=14800
04-02 17:05:59.459 D/VM_BMS  (  472): For soc=100 batt_temp=285 rbatt_sf=100
04-02 17:05:59.459 D/VM_BMS  (  472): rbatt_mohm_default=100, rbatt_mohm=100, sf=100 batt_temp=285
04-02 17:05:59.459 D/VM_BMS  (  472): Lookup rbatt=100.000000  adjusted rbatt=100.527000
04-02 17:05:59.459 D/VM_BMS  (  472): For ocv=4192564 batt_temp=285 soc=100
04-02 17:05:59.459 D/VM_BMS  (  472): FIFO=4 fifo_avg=4.190956 rbatt=0.150527 slope=1.480000 ibatt=0.010709 ocv=4.192564 soc=100 fcc_ah=4.970666 sample_count=128 sample_interval=70 seq_num=717
04-02 17:05:59.460 I/VM_BMS  (  472): power_supply_update: ocv_uv=4192564 ibatt=10709 soc=100 seq_num=717
04-02 17:05:59.460 D/VM_BMS  (  472): End process_bms_data
04-02 17:05:59.460 D/VM_BMS  (  472): wake_lock released
04-02 17:06:00.045 I/SurfaceFlinger(  259): FPS: 2
04-02 17:06:01.860 D/wpa_supplicant( 2839): wlan0: Control interface command 'SIGNAL_POLL'
04-02 17:06:01.876 V/WLAN_PSA(  282): NL MSG, len[4019], NL type[0x1C] WNI type[0x5900] len[39695]
04-02 17:06:01.876 V/WLAN_PSA(  282): NL MSG, PID: 282
04-02 17:06:04.882 D/wpa_supplicant( 2839): wlan0: Control interface command 'SIGNAL_POLL'
04-02 17:06:06.787 V/WLAN_PSA(  282): NL MSG, len[4074], NL type[0x1C] WNI type[0x5900] len[53775]
04-02 17:06:06.787 V/WLAN_PSA(  282): NL MSG, PID: 282
04-02 17:06:07.903 D/wpa_supplicant( 2839): wlan0: Control interface command 'SIGNAL_POLL'
04-02 17:06:08.936 I/ServiceManager( 2162): Waiting for service AtCmdFwd...
04-02 17:06:09.936 I/ServiceManager( 2162): Waiting for service AtCmdFwd...
04-02 17:06:10.925 D/wpa_supplicant( 2839): wlan0: Control interface command 'SIGNAL_POLL'
04-02 17:06:10.928 V/WLAN_PSA(  282): NL MSG, len[4051], NL type[0x1C] WNI type[0x5900] len[47887]
04-02 17:06:10.928 V/WLAN_PSA(  282): NL MSG, PID: 282
04-02 17:06:10.937 I/ServiceManager( 2162): Waiting for service AtCmdFwd...
04-02 17:06:11.938 I/ServiceManager( 2162): Waiting for service AtCmdFwd...
04-02 17:06:12.939 I/ServiceManager( 2162): Waiting for service AtCmdFwd...
04-02 17:06:13.379 E/WifiStateMachine( 1314): WifiStateMachine CMD_START_SCAN source -2 txSuccessRate=0.00 rxSuccessRate=0.00 targetRoamBSSID=any RSSI=-46
04-02 17:06:13.380 E/WifiStateMachine( 1314): WifiStateMachine starting scan for "Verifone_Guest"-WPA_PSK with 2412,2462,2437
04-02 17:06:13.380 D/wpa_supplicant( 2839): wlan0: Control interface command 'SCAN TYPE=ONLY freq=2412,2462,2437'
04-02 17:06:13.380 D/wpa_supplicant( 2839): wlan0: Setting scan request: 0.000000 sec
04-02 17:06:13.380 D/wpa_supplicant( 2839): wlan0: Starting AP scan for wildcard SSID
04-02 17:06:13.380 D/wpa_supplicant( 2839): wlan0: Limit manual scan to specified channels
04-02 17:06:13.380 D/wpa_supplicant( 2839): wlan0: Add radio work 'scan'@0xb8c3fde8
04-02 17:06:13.380 D/wpa_supplicant( 2839): wlan0: First radio work item in the queue - schedule start immediately
04-02 17:06:13.380 D/wpa_supplicant( 2839): wlan0: Starting radio work 'scan'@0xb8c3fde8 after 0.000055 second wait
04-02 17:06:13.380 D/wpa_supplicant( 2839): wlan0: nl80211: scan request
04-02 17:06:13.380 D/wpa_supplicant( 2839): nl80211: Scan SSID - hexdump(len=0): [NULL]
04-02 17:06:13.380 D/wpa_supplicant( 2839): nl80211: Scan frequency 2412 MHz
04-02 17:06:13.380 D/wpa_supplicant( 2839): nl80211: Scan frequency 2437 MHz
04-02 17:06:13.380 D/wpa_supplicant( 2839): nl80211: Scan frequency 2462 MHz
04-02 17:06:13.381 V/WLAN_PSA(  282): NL MSG, len[4051], NL type[0x1C] WNI type[0x5900] len[47887]
04-02 17:06:13.381 V/WLAN_PSA(  282): NL MSG, PID: 282
04-02 17:06:13.381 D/wpa_supplicant( 2839): Scan requested (ret=0) - scan timeout 30 seconds
04-02 17:06:13.381 V/WLAN_PSA(  282): NL MSG, len[914], NL type[0x11] WNI type[0x5050] len[894]
04-02 17:06:13.381 V/WLAN_PSA(  282): NL MSG, PID: 282
04-02 17:06:13.381 D/wpa_supplicant( 2839): nl80211: Event message available
04-02 17:06:13.381 D/wpa_supplicant( 2839): nl80211: Drv Event 33 (NL80211_CMD_TRIGGER_SCAN) received for wlan0
04-02 17:06:13.381 I/WifiHAL ( 1314): Poll result = 1
04-02 17:06:13.381 D/wpa_supplicant( 2839): wlan0: nl80211: Scan trigger
04-02 17:06:13.381 I/WifiHAL ( 1314): Found some events!!!
04-02 17:06:13.381 D/wpa_supplicant( 2839): wlan0: Event SCAN_STARTED (49) received
04-02 17:06:13.381 D/wpa_supplicant( 2839): wlan0: Own scan request started a scan in 0.000152 seconds
04-02 17:06:13.381 D/WifiHAL ( 1314): no_seq_check received
04-02 17:06:13.381 I/WifiHAL ( 1314): event received NL80211_CMD_TRIGGER_SCAN
04-02 17:06:13.381 I/WifiHAL ( 1314): event received NL80211_CMD_TRIGGER_SCAN, vendor_id = 0x0
04-02 17:06:13.381 I/WifiHAL ( 1314): event ignored!!
04-02 17:06:13.381 D/wpa_supplicant( 2839): CTRL_IFACE monitor sent successfully to /data/misc/wifi/sockets/wpa_ctrl_291-1\x00
04-02 17:06:13.382 D/wpa_supplicant( 2839): CTRL_IFACE monitor sent successfully to /data/misc/wifi/sockets/wpa_ctrl_1314-3\x00
04-02 17:06:13.382 V/WLAN_PSA(  282): NL MSG, len[048], NL type[0x11] WNI type[0x5050] len[028]
04-02 17:06:13.382 V/WLAN_PSA(  282): NL MSG, PID: 282
04-02 17:06:13.398 V/WLAN_PSA(  282): NL MSG, len[4036], NL type[0x1C] WNI type[0x5900] len[44047]
04-02 17:06:13.398 V/WLAN_PSA(  282): NL MSG, PID: 282
04-02 17:06:13.447 V/WLAN_PSA(  282): NL MSG, len[4051], NL type[0x1C] WNI type[0x5900] len[47887]
04-02 17:06:13.447 V/WLAN_PSA(  282): NL MSG, PID: 282
04-02 17:06:13.489 V/WLAN_PSA(  282): NL MSG, len[3983], NL type[0x1C] WNI type[0x5900] len[30479]
04-02 17:06:13.489 V/WLAN_PSA(  282): NL MSG, PID: 282
04-02 17:06:13.548 V/WLAN_PSA(  282): NL MSG, len[3965], NL type[0x1C] WNI type[0x5900] len[25871]
04-02 17:06:13.548 V/WLAN_PSA(  282): NL MSG, PID: 282
04-02 17:06:13.565 V/WLAN_PSA(  282): NL MSG, len[914], NL type[0x11] WNI type[0x5050] len[894]
04-02 17:06:13.565 V/WLAN_PSA(  282): NL MSG, PID: 282
04-02 17:06:13.566 V/WLAN_PSA(  282): NL MSG, len[4006], NL type[0x1C] WNI type[0x5900] len[36367]
04-02 17:06:13.566 V/WLAN_PSA(  282): NL MSG, PID: 282
04-02 17:06:13.567 V/WLAN_PSA(  282): NL MSG, len[4004], NL type[0x1C] WNI type[0x5900] len[35855]
04-02 17:06:13.567 V/WLAN_PSA(  282): NL MSG, PID: 282
04-02 17:06:13.568 I/WifiHAL ( 1314): Poll result = 1
04-02 17:06:13.568 I/WifiHAL ( 1314): Found some events!!!
04-02 17:06:13.568 D/WifiHAL ( 1314): no_seq_check received
04-02 17:06:13.568 I/WifiHAL ( 1314): event received NL80211_CMD_NEW_SCAN_RESULTS
04-02 17:06:13.568 I/WifiHAL ( 1314): event received NL80211_CMD_NEW_SCAN_RESULTS, vendor_id = 0x0
04-02 17:06:13.568 I/WifiHAL ( 1314): event ignored!!
04-02 17:06:13.568 D/wpa_supplicant( 2839): nl80211: Event message available
04-02 17:06:13.568 D/wpa_supplicant( 2839): nl80211: Drv Event 34 (NL80211_CMD_NEW_SCAN_RESULTS) received for wlan0
04-02 17:06:13.568 D/wpa_supplicant( 2839): wlan0: nl80211: New scan results available
04-02 17:06:13.568 D/wpa_supplicant( 2839): nl80211: Scan included frequencies: 2412 2437 2462
04-02 17:06:13.569 D/wpa_supplicant( 2839): wlan0: Event SCAN_RESULTS (3) received
04-02 17:06:13.569 D/wpa_supplicant( 2839): wlan0: Scan completed in 0.187160 seconds
04-02 17:06:13.569 D/wpa_supplicant( 2839): nl80211: Associated on 2412 MHz
04-02 17:06:13.569 D/wpa_supplicant( 2839): nl80211: Associated with 00:6b:f1:67:8d:01
04-02 17:06:13.569 D/wpa_supplicant( 2839): nl80211: Received scan results (14 BSSes)
04-02 17:06:13.569 D/wpa_supplicant( 2839): nl80211: Scan results indicate BSS status with 00:6b:f1:67:8d:01 as associated
04-02 17:06:13.569 D/wpa_supplicant( 2839): wlan0: BSS: Start scan result update 852
04-02 17:06:13.569 D/wpa_supplicant( 2839): wlan0: BSS: Add new id 1216 BSSID 34:ce:00:4d:b4:a8 SSID '302'
04-02 17:06:13.570 D/wpa_supplicant( 2839): CTRL_IFACE monitor sent successfully to /data/misc/wifi/sockets/wpa_ctrl_291-1\x00
04-02 17:06:13.570 D/wpa_supplicant( 2839): CTRL_IFACE monitor sent successfully to /data/misc/wifi/sockets/wpa_ctrl_1314-3\x00
04-02 17:06:13.570 D/wpa_supplicant( 2839): BSS: last_scan_res_used=14/32
04-02 17:06:13.570 D/wpa_supplicant( 2839): wlan0: Scan-only results received
04-02 17:06:13.570 D/wpa_supplicant( 2839): CTRL_IFACE monitor sent successfully to /data/misc/wifi/sockets/wpa_ctrl_291-1\x00
04-02 17:06:13.574 D/wpa_supplicant( 2839): CTRL_IFACE monitor sent successfully to /data/misc/wifi/sockets/wpa_ctrl_1314-3\x00
04-02 17:06:13.574 D/wpa_supplicant( 2839): wlan0: Radio work 'scan'@0xb8c3fde8 done in 0.193490 seconds
04-02 17:06:13.575 V/WLAN_PSA(  282): NL MSG, len[4090], NL type[0x1C] WNI type[0x5900] len[57871]
04-02 17:06:13.575 V/WLAN_PSA(  282): NL MSG, PID: 282
04-02 17:06:13.575 D/wpa_supplicant( 2839): wlan0: Control interface command 'BSS RANGE=0- MASK=0x21987'
04-02 17:06:13.588 D/wpa_supplicant( 2839): wlan0: Control interface command 'STATUS-NO_EVENTS'
04-02 17:06:13.939 W/Atfwd_Sendcmd( 2162): AtCmdFwd service not published, waiting... retryCnt : 3
04-02 17:06:13.942 D/wpa_supplicant( 2839): wlan0: Control interface command 'SIGNAL_POLL'
04-02 17:06:16.960 D/wpa_supplicant( 2839): wlan0: Control interface command 'SIGNAL_POLL'
04-02 17:06:16.960 V/WLAN_PSA(  282): NL MSG, len[4039], NL type[0x1C] WNI type[0x5900] len[44815]
04-02 17:06:16.961 V/WLAN_PSA(  282): NL MSG, PID: 282
04-02 17:06:19.983 D/wpa_supplicant( 2839): wlan0: Control interface command 'SIGNAL_POLL'
04-02 17:06:20.813 V/WLAN_PSA(  282): NL MSG, len[4074], NL type[0x1C] WNI type[0x5900] len[53775]
04-02 17:06:20.813 V/WLAN_PSA(  282): NL MSG, PID: 282
04-02 17:06:23.003 D/wpa_supplicant( 2839): wlan0: Control interface command 'SIGNAL_POLL'
04-02 17:06:25.988 V/WLAN_PSA(  282): NL MSG, len[4091], NL type[0x1C] WNI type[0x5900] len[58127]
04-02 17:06:25.988 V/WLAN_PSA(  282): NL MSG, PID: 282
04-02 17:06:26.027 D/wpa_supplicant( 2839): wlan0: Control interface command 'SIGNAL_POLL'
04-02 17:06:28.940 I/ServiceManager( 2162): Waiting for service AtCmdFwd...
04-02 17:06:29.046 D/wpa_supplicant( 2839): wlan0: Control interface command 'SIGNAL_POLL'
04-02 17:06:29.059 V/WLAN_PSA(  282): NL MSG, len[4018], NL type[0x1C] WNI type[0x5900] len[39439]
04-02 17:06:29.059 V/WLAN_PSA(  282): NL MSG, PID: 282
04-02 17:06:29.941 I/ServiceManager( 2162): Waiting for service AtCmdFwd...
04-02 17:06:30.941 I/ServiceManager( 2162): Waiting for service AtCmdFwd...
04-02 17:06:31.942 I/ServiceManager( 2162): Waiting for service AtCmdFwd...
04-02 17:06:32.065 D/wpa_supplicant( 2839): wlan0: Control interface command 'SIGNAL_POLL'
04-02 17:06:32.943 I/ServiceManager( 2162): Waiting for service AtCmdFwd...
04-02 17:06:33.382 E/WifiStateMachine( 1314): WifiStateMachine CMD_START_SCAN source -2 txSuccessRate=0.00 rxSuccessRate=0.00 targetRoamBSSID=any RSSI=-50
04-02 17:06:33.382 E/WifiStateMachine( 1314): WifiStateMachine starting scan for "Verifone_Guest"-WPA_PSK with 2412,2462,2437
04-02 17:06:33.382 D/wpa_supplicant( 2839): wlan0: Control interface command 'SCAN TYPE=ONLY freq=2412,2462,2437'
04-02 17:06:33.382 D/wpa_supplicant( 2839): wlan0: Setting scan request: 0.000000 sec
04-02 17:06:33.382 D/wpa_supplicant( 2839): wlan0: Starting AP scan for wildcard SSID
04-02 17:06:33.382 D/wpa_supplicant( 2839): wlan0: Limit manual scan to specified channels
04-02 17:06:33.382 D/wpa_supplicant( 2839): wlan0: Add radio work 'scan'@0xb8c3fde8
04-02 17:06:33.382 D/wpa_supplicant( 2839): wlan0: First radio work item in the queue - schedule start immediately
04-02 17:06:33.383 D/wpa_supplicant( 2839): wlan0: Starting radio work 'scan'@0xb8c3fde8 after 0.000063 second wait
04-02 17:06:33.383 D/wpa_supplicant( 2839): wlan0: nl80211: scan request
04-02 17:06:33.383 D/wpa_supplicant( 2839): nl80211: Scan SSID - hexdump(len=0): [NULL]
04-02 17:06:33.383 D/wpa_supplicant( 2839): nl80211: Scan frequency 2412 MHz
04-02 17:06:33.383 D/wpa_supplicant( 2839): nl80211: Scan frequency 2437 MHz
04-02 17:06:33.383 D/wpa_supplicant( 2839): nl80211: Scan frequency 2462 MHz
04-02 17:06:33.384 I/WifiHAL ( 1314): Poll result = 1
04-02 17:06:33.384 I/WifiHAL ( 1314): Found some events!!!
04-02 17:06:33.384 D/WifiHAL ( 1314): no_seq_check received
04-02 17:06:33.384 I/WifiHAL ( 1314): event received NL80211_CMD_TRIGGER_SCAN
04-02 17:06:33.384 I/WifiHAL ( 1314): event received NL80211_CMD_TRIGGER_SCAN, vendor_id = 0x0
04-02 17:06:33.384 I/WifiHAL ( 1314): event ignored!!
04-02 17:06:33.384 V/WLAN_PSA(  282): NL MSG, len[914], NL type[0x11] WNI type[0x5050] len[894]
04-02 17:06:33.384 V/WLAN_PSA(  282): NL MSG, PID: 282
04-02 17:06:33.384 D/wpa_supplicant( 2839): Scan requested (ret=0) - scan timeout 30 seconds
04-02 17:06:33.384 V/WLAN_PSA(  282): NL MSG, len[048], NL type[0x11] WNI type[0x5050] len[028]
04-02 17:06:33.384 D/wpa_supplicant( 2839): nl80211: Event message available
04-02 17:06:33.384 V/WLAN_PSA(  282): NL MSG, PID: 282
04-02 17:06:33.384 D/wpa_supplicant( 2839): nl80211: Drv Event 33 (NL80211_CMD_TRIGGER_SCAN) received for wlan0
04-02 17:06:33.384 D/wpa_supplicant( 2839): wlan0: nl80211: Scan trigger
04-02 17:06:33.384 V/WLAN_PSA(  282): NL MSG, len[4065], NL type[0x1C] WNI type[0x5900] len[51471]
04-02 17:06:33.384 V/WLAN_PSA(  282): NL MSG, PID: 282
04-02 17:06:33.384 D/wpa_supplicant( 2839): wlan0: Event SCAN_STARTED (49) received
04-02 17:06:33.384 D/wpa_supplicant( 2839): wlan0: Own scan request started a scan in 0.000309 seconds
04-02 17:06:33.385 V/WLAN_PSA(  282): NL MSG, len[4026], NL type[0x1C] WNI type[0x5900] len[41487]
04-02 17:06:33.385 V/WLAN_PSA(  282): NL MSG, PID: 282
04-02 17:06:33.386 D/wpa_supplicant( 2839): CTRL_IFACE monitor sent successfully to /data/misc/wifi/sockets/wpa_ctrl_291-1\x00
04-02 17:06:33.387 D/wpa_supplicant( 2839): CTRL_IFACE monitor sent successfully to /data/misc/wifi/sockets/wpa_ctrl_1314-3\x00
04-02 17:06:33.430 V/WLAN_PSA(  282): NL MSG, len[4086], NL type[0x1C] WNI type[0x5900] len[56847]
04-02 17:06:33.430 V/WLAN_PSA(  282): NL MSG, PID: 282
04-02 17:06:33.469 V/WLAN_PSA(  282): NL MSG, len[4006], NL type[0x1C] WNI type[0x5900] len[36367]
04-02 17:06:33.469 V/WLAN_PSA(  282): NL MSG, PID: 282
04-02 17:06:33.515 V/WLAN_PSA(  282): NL MSG, len[3997], NL type[0x1C] WNI type[0x5900] len[34063]
04-02 17:06:33.515 V/WLAN_PSA(  282): NL MSG, PID: 282
04-02 17:06:33.553 V/WLAN_PSA(  282): NL MSG, len[3995], NL type[0x1C] WNI type[0x5900] len[33551]
04-02 17:06:33.553 V/WLAN_PSA(  282): NL MSG, PID: 282
04-02 17:06:33.560 V/WLAN_PSA(  282): NL MSG, len[914], NL type[0x11] WNI type[0x5050] len[894]
04-02 17:06:33.560 V/WLAN_PSA(  282): NL MSG, PID: 282
04-02 17:06:33.561 V/WLAN_PSA(  282): NL MSG, len[3974], NL type[0x1C] WNI type[0x5900] len[28175]
04-02 17:06:33.561 V/WLAN_PSA(  282): NL MSG, PID: 282
04-02 17:06:33.561 V/WLAN_PSA(  282): NL MSG, len[4080], NL type[0x1C] WNI type[0x5900] len[55311]
04-02 17:06:33.561 V/WLAN_PSA(  282): NL MSG, PID: 282
04-02 17:06:33.562 I/WifiHAL ( 1314): Poll result = 1
04-02 17:06:33.562 I/WifiHAL ( 1314): Found some events!!!
04-02 17:06:33.562 D/wpa_supplicant( 2839): nl80211: Event message available
04-02 17:06:33.562 D/WifiHAL ( 1314): no_seq_check received
04-02 17:06:33.562 I/WifiHAL ( 1314): event received NL80211_CMD_NEW_SCAN_RESULTS
04-02 17:06:33.562 D/wpa_supplicant( 2839): nl80211: Drv Event 34 (NL80211_CMD_NEW_SCAN_RESULTS) received for wlan0
04-02 17:06:33.562 I/WifiHAL ( 1314): event received NL80211_CMD_NEW_SCAN_RESULTS, vendor_id = 0x0
04-02 17:06:33.562 I/WifiHAL ( 1314): event ignored!!
04-02 17:06:33.562 D/wpa_supplicant( 2839): wlan0: nl80211: New scan results available
04-02 17:06:33.562 D/wpa_supplicant( 2839): nl80211: Scan included frequencies: 2412 2437 2462
04-02 17:06:33.562 D/wpa_supplicant( 2839): wlan0: Event SCAN_RESULTS (3) received
04-02 17:06:33.562 D/wpa_supplicant( 2839): wlan0: Scan completed in 0.177464 seconds
04-02 17:06:33.562 D/wpa_supplicant( 2839): nl80211: Associated on 2412 MHz
04-02 17:06:33.562 D/wpa_supplicant( 2839): nl80211: Associated with 00:6b:f1:67:8d:01
04-02 17:06:33.562 D/wpa_supplicant( 2839): nl80211: Received scan results (12 BSSes)
04-02 17:06:33.563 D/wpa_supplicant( 2839): nl80211: Scan results indicate BSS status with 00:6b:f1:67:8d:01 as associated
04-02 17:06:33.563 D/wpa_supplicant( 2839): wlan0: BSS: Start scan result update 853
04-02 17:06:33.563 D/wpa_supplicant( 2839): wlan0: BSS: Remove id 1213 BSSID 04:5f:a7:62:66:f0 SSID 'GreenTea' due to no match in scan
04-02 17:06:33.563 D/wpa_supplicant( 2839): CTRL_IFACE monitor sent successfully to /data/misc/wifi/sockets/wpa_ctrl_291-1\x00
04-02 17:06:33.563 D/wpa_supplicant( 2839): CTRL_IFACE monitor sent successfully to /data/misc/wifi/sockets/wpa_ctrl_1314-3\x00
04-02 17:06:33.563 D/wpa_supplicant( 2839): BSS: last_scan_res_used=12/32
04-02 17:06:33.564 D/wpa_supplicant( 2839): wlan0: Scan-only results received
04-02 17:06:33.564 D/wpa_supplicant( 2839): CTRL_IFACE monitor sent successfully to /data/misc/wifi/sockets/wpa_ctrl_291-1\x00
04-02 17:06:33.564 D/wpa_supplicant( 2839): CTRL_IFACE monitor sent successfully to /data/misc/wifi/sockets/wpa_ctrl_1314-3\x00
04-02 17:06:33.564 D/wpa_supplicant( 2839): wlan0: Radio work 'scan'@0xb8c3fde8 done in 0.181436 seconds
04-02 17:06:33.567 D/wpa_supplicant( 2839): wlan0: Control interface command 'BSS RANGE=0- MASK=0x21987'
04-02 17:06:33.592 D/wpa_supplicant( 2839): wlan0: Control interface command 'STATUS-NO_EVENTS'
04-02 17:06:33.943 W/Atfwd_Sendcmd( 2162): AtCmdFwd service not published, waiting... retryCnt : 4
04-02 17:06:35.082 D/wpa_supplicant( 2839): wlan0: Control interface command 'SIGNAL_POLL'
04-02 17:06:35.988 V/WLAN_PSA(  282): NL MSG, len[4076], NL type[0x1C] WNI type[0x5900] len[54287]
04-02 17:06:35.988 V/WLAN_PSA(  282): NL MSG, PID: 282
04-02 17:06:37.336 D/com.socsi.thread.UploadTermInfoThread(24223): CommonConfig.isFirstStart:false
04-02 17:06:37.338 D/com.socsi.thread.UploadTermInfoThread(24223): 上一次的请求时间CommonConfig.lastExeTime:20190402142737
04-02 17:06:37.339 D/com.socsi.thread.UploadTermInfoThread(24223): 下一次的请求时间CommonConfig.nextExeTime:
04-02 17:06:37.340 D/com.socsi.thread.UploadTermInfoThread(24223): 下一次执行时间为空
04-02 17:06:37.348 D/com.socsi.thread.UploadTermInfoThread(24223): 当前状态currentStat:1      上一次状态lastExeStat:1
04-02 17:06:37.352 D/com.socsi.thread.UploadTermInfoThread(24223): 相差天数diffDay:0
04-02 17:06:37.353 D/com.socsi.thread.UploadTermInfoThread(24223): 状态没有变化，不符合发起查询的条件
04-02 17:06:38.102 D/wpa_supplicant( 2839): wlan0: Control interface command 'SIGNAL_POLL'
04-02 17:06:38.214 D/com.socsi.thread.UploadResultThread(24223): 【进入应用下载结果上送线程】
04-02 17:06:38.216 D/com.socsi.thread.UploadResultThread(24223): ..........终端无应用下载/更新结果可以上送
04-02 17:06:38.217 D/com.socsi.thread.UploadResultThread(24223): ------------结果上送over------------------
04-02 17:06:40.787 E/QCALOG  (  351): [MessageQ] ProcessNewMessage: [XT-CS] unknown deliver target [LOWI-SERVER]
04-02 17:06:41.119 V/WLAN_PSA(  282): NL MSG, len[4021], NL type[0x1C] WNI type[0x5900] len[40207]
04-02 17:06:41.119 V/WLAN_PSA(  282): NL MSG, PID: 282
04-02 17:06:41.123 D/wpa_supplicant( 2839): wlan0: Control interface command 'SIGNAL_POLL'
04-02 17:06:44.141 D/wpa_supplicant( 2839): wlan0: Control interface command 'SIGNAL_POLL'
04-02 17:06:44.154 V/WLAN_PSA(  282): NL MSG, len[4055], NL type[0x1C] WNI type[0x5900] len[48911]
04-02 17:06:44.154 V/WLAN_PSA(  282): NL MSG, PID: 282
04-02 17:06:47.160 D/wpa_supplicant( 2839): wlan0: Control interface command 'SIGNAL_POLL'
04-02 17:06:47.613 D/VM_BMS  (  472): wake_lock acquired
04-02 17:06:47.613 D/VM_BMS  (  472): New BMS data - Size=56
04-02 17:06:47.613 D/VM_BMS  (  472): Start process_bms_data
04-02 17:06:47.613 D/VM_BMS  (  472): Battery charge_cycle=17 fcc_adjust=527 rbatt_adjust=527 cycle_changed=false
04-02 17:06:47.617 D/VM_BMS  (  472): For batt_temp=285 fcc_mah=4997
04-02 17:06:47.617 D/VM_BMS  (  472): Lookup fcc_mah=4997.000000  adjusted fcc_mah=4970.666016
04-02 17:06:47.617 D/VM_BMS  (  472): For ocv=4192564 batt_temp=285 soc=100
04-02 17:06:47.617 D/VM_BMS  (  472): fifo_count=5 acc_count=0
04-02 17:06:47.617 D/VM_BMS  (  472): INIT: ocv=4192564 last_ocv=4192564 batt_temp=285 soc=100
04-02 17:06:47.617 D/VM_BMS  (  472): For soc=100 batt_temp=285 slope=14800
04-02 17:06:47.617 D/VM_BMS  (  472): For soc=100 batt_temp=285 rbatt_sf=100
04-02 17:06:47.617 D/VM_BMS  (  472): rbatt_mohm_default=100, rbatt_mohm=100, sf=100 batt_temp=285
04-02 17:06:47.617 D/VM_BMS  (  472): Lookup rbatt=100.000000  adjusted rbatt=100.527000
04-02 17:06:47.617 D/VM_BMS  (  472): For ocv=4192564 batt_temp=285 soc=100
04-02 17:06:47.617 D/VM_BMS  (  472): FIFO=0 fifo_avg=4.192603 rbatt=0.150527 slope=1.480000 ibatt=-0.000259 ocv=4.192564 soc=100 fcc_ah=4.970666 sample_count=128 sample_interval=70 seq_num=718
04-02 17:06:47.617 D/VM_BMS  (  472): For soc=100 batt_temp=285 slope=14800
04-02 17:06:47.617 D/VM_BMS  (  472): For soc=100 batt_temp=285 rbatt_sf=100
04-02 17:06:47.617 D/VM_BMS  (  472): rbatt_mohm_default=100, rbatt_mohm=100, sf=100 batt_temp=285
04-02 17:06:47.617 D/VM_BMS  (  472): Lookup rbatt=100.000000  adjusted rbatt=100.527000
04-02 17:06:47.617 D/VM_BMS  (  472): For ocv=4192559 batt_temp=285 soc=100
04-02 17:06:47.617 D/VM_BMS  (  472): FIFO=1 fifo_avg=4.191715 rbatt=0.150527 slope=1.480000 ibatt=0.005628 ocv=4.192560 soc=100 fcc_ah=4.970666 sample_count=128 sample_interval=70 seq_num=718
04-02 17:06:47.617 D/VM_BMS  (  472): For soc=100 batt_temp=285 slope=14800
04-02 17:06:47.617 D/VM_BMS  (  472): For soc=100 batt_temp=285 rbatt_sf=100
04-02 17:06:47.617 D/VM_BMS  (  472): rbatt_mohm_default=100, rbatt_mohm=100, sf=100 batt_temp=285
04-02 17:06:47.617 D/VM_BMS  (  472): Lookup rbatt=100.000000  adjusted rbatt=100.527000
04-02 17:06:47.617 D/VM_BMS  (  472): For ocv=4192560 batt_temp=285 soc=100
04-02 17:06:47.617 D/VM_BMS  (  472): FIFO=2 fifo_avg=4.192897 rbatt=0.150527 slope=1.480000 ibatt=-0.002240 ocv=4.192560 soc=100 fcc_ah=4.970666 sample_count=128 sample_interval=70 seq_num=718
04-02 17:06:47.617 D/VM_BMS  (  472): For soc=100 batt_temp=285 slope=14800
04-02 17:06:47.618 D/VM_BMS  (  472): For soc=100 batt_temp=285 rbatt_sf=100
04-02 17:06:47.618 D/VM_BMS  (  472): rbatt_mohm_default=100, rbatt_mohm=100, sf=100 batt_temp=285
04-02 17:06:47.618 D/VM_BMS  (  472): Lookup rbatt=100.000000  adjusted rbatt=100.527000
04-02 17:06:47.618 D/VM_BMS  (  472): For ocv=4192557 batt_temp=285 soc=100
04-02 17:06:47.618 D/VM_BMS  (  472): FIFO=3 fifo_avg=4.192012 rbatt=0.150527 slope=1.480000 ibatt=0.003634 ocv=4.192557 soc=100 fcc_ah=4.970666 sample_count=128 sample_interval=70 seq_num=718
04-02 17:06:47.618 D/VM_BMS  (  472): For soc=100 batt_temp=285 slope=14800
04-02 17:06:47.618 D/VM_BMS  (  472): For soc=100 batt_temp=285 rbatt_sf=100
04-02 17:06:47.618 D/VM_BMS  (  472): rbatt_mohm_default=100, rbatt_mohm=100, sf=100 batt_temp=285
04-02 17:06:47.618 D/VM_BMS  (  472): Lookup rbatt=100.000000  adjusted rbatt=100.527000
04-02 17:06:47.618 D/VM_BMS  (  472): For ocv=4192558 batt_temp=285 soc=100
04-02 17:06:47.619 D/VM_BMS  (  472): FIFO=4 fifo_avg=4.192876 rbatt=0.150527 slope=1.480000 ibatt=-0.002114 ocv=4.192558 soc=100 fcc_ah=4.970666 sample_count=128 sample_interval=70 seq_num=718
04-02 17:06:47.619 I/VM_BMS  (  472): power_supply_update: ocv_uv=4192558 ibatt=-2114 soc=100 seq_num=718
04-02 17:06:47.620 D/VM_BMS  (  472): End process_bms_data
04-02 17:06:47.620 D/VM_BMS  (  472): wake_lock released
04-02 17:06:49.871 V/WLAN_PSA(  282): NL MSG, len[4036], NL type[0x1C] WNI type[0x5900] len[44047]
04-02 17:06:49.871 V/WLAN_PSA(  282): NL MSG, PID: 282
04-02 17:06:50.185 D/wpa_supplicant( 2839): wlan0: Control interface command 'SIGNAL_POLL'
04-02 17:06:53.203 D/wpa_supplicant( 2839): wlan0: Control interface command 'SIGNAL_POLL'
