04-02 17:06:53.222 V/WLAN_PSA(  282): NL MSG, len[4070], NL type[0x1C] WNI type[0x5900] len[52751]
04-02 17:06:53.222 V/WLAN_PSA(  282): NL MSG, PID: 282
04-02 17:06:53.384 E/WifiStateMachine( 1314): WifiStateMachine CMD_START_SCAN source -2 txSuccessRate=0.00 rxSuccessRate=0.00 targetRoamBSSID=any RSSI=-47
04-02 17:06:53.385 D/wpa_supplicant( 2839): wlan0: Control interface command 'SCAN TYPE=ONLY'
04-02 17:06:53.385 D/wpa_supplicant( 2839): wlan0: Setting scan request: 0.000000 sec
04-02 17:06:53.385 D/wpa_supplicant( 2839): wlan0: Starting AP scan for wildcard SSID
04-02 17:06:53.385 D/wpa_supplicant( 2839): wlan0: Add radio work 'scan'@0xb8c3fde8
04-02 17:06:53.385 D/wpa_supplicant( 2839): wlan0: First radio work item in the queue - schedule start immediately
04-02 17:06:53.385 D/wpa_supplicant( 2839): wlan0: Starting radio work 'scan'@0xb8c3fde8 after 0.000063 second wait
04-02 17:06:53.385 D/wpa_supplicant( 2839): wlan0: nl80211: scan request
04-02 17:06:53.385 D/wpa_supplicant( 2839): nl80211: Scan SSID - hexdump(len=0): [NULL]
04-02 17:06:53.386 D/wpa_supplicant( 2839): Scan requested (ret=0) - scan timeout 30 seconds
04-02 17:06:53.386 D/wpa_supplicant( 2839): nl80211: Event message available
04-02 17:06:53.386 D/wpa_supplicant( 2839): nl80211: Drv Event 33 (NL80211_CMD_TRIGGER_SCAN) received for wlan0
04-02 17:06:53.386 D/wpa_supplicant( 2839): wlan0: nl80211: Scan trigger
04-02 17:06:53.386 I/WifiHAL ( 1314): Poll result = 1
04-02 17:06:53.386 D/wpa_supplicant( 2839): wlan0: Event SCAN_STARTED (49) received
04-02 17:06:53.386 I/WifiHAL ( 1314): Found some events!!!
04-02 17:06:53.387 D/wpa_supplicant( 2839): wlan0: Own scan request started a scan in 0.000190 seconds
04-02 17:06:53.387 D/WifiHAL ( 1314): no_seq_check received
04-02 17:06:53.387 I/WifiHAL ( 1314): event received NL80211_CMD_TRIGGER_SCAN
04-02 17:06:53.387 I/WifiHAL ( 1314): event received NL80211_CMD_TRIGGER_SCAN, vendor_id = 0x0
04-02 17:06:53.387 I/WifiHAL ( 1314): event ignored!!
04-02 17:06:53.387 D/wpa_supplicant( 2839): CTRL_IFACE monitor sent successfully to /data/misc/wifi/sockets/wpa_ctrl_291-1\x00
04-02 17:06:53.387 D/wpa_supplicant( 2839): CTRL_IFACE monitor sent successfully to /data/misc/wifi/sockets/wpa_ctrl_1314-3\x00
04-02 17:06:53.387 V/WLAN_PSA(  282): NL MSG, len[914], NL type[0x11] WNI type[0x5050] len[894]
04-02 17:06:53.387 V/WLAN_PSA(  282): NL MSG, PID: 282
04-02 17:06:53.387 V/WLAN_PSA(  282): NL MSG, len[048], NL type[0x11] WNI type[0x5050] len[028]
04-02 17:06:53.387 V/WLAN_PSA(  282): NL MSG, PID: 282
04-02 17:06:53.388 V/WLAN_PSA(  282): NL MSG, len[3996], NL type[0x1C] WNI type[0x5900] len[33807]
04-02 17:06:53.388 V/WLAN_PSA(  282): NL MSG, PID: 282
04-02 17:06:53.418 V/WLAN_PSA(  282): NL MSG, len[4067], NL type[0x1C] WNI type[0x5900] len[51983]
04-02 17:06:53.418 V/WLAN_PSA(  282): NL MSG, PID: 282
04-02 17:06:53.458 V/WLAN_PSA(  282): NL MSG, len[4031], NL type[0x1C] WNI type[0x5900] len[42767]
04-02 17:06:53.458 V/WLAN_PSA(  282): NL MSG, PID: 282
04-02 17:06:53.498 V/WLAN_PSA(  282): NL MSG, len[4091], NL type[0x1C] WNI type[0x5900] len[58127]
04-02 17:06:53.498 V/WLAN_PSA(  282): NL MSG, PID: 282
04-02 17:06:53.548 V/WLAN_PSA(  282): NL MSG, len[4026], NL type[0x1C] WNI type[0x5900] len[41487]
04-02 17:06:53.548 V/WLAN_PSA(  282): NL MSG, PID: 282
04-02 17:06:53.608 V/WLAN_PSA(  282): NL MSG, len[3982], NL type[0x1C] WNI type[0x5900] len[30223]
04-02 17:06:53.608 V/WLAN_PSA(  282): NL MSG, PID: 282
04-02 17:06:53.652 V/WLAN_PSA(  282): NL MSG, len[3982], NL type[0x1C] WNI type[0x5900] len[30223]
04-02 17:06:53.653 V/WLAN_PSA(  282): NL MSG, PID: 282
04-02 17:06:53.698 V/WLAN_PSA(  282): NL MSG, len[4045], NL type[0x1C] WNI type[0x5900] len[46351]
04-02 17:06:53.698 V/WLAN_PSA(  282): NL MSG, PID: 282
04-02 17:06:53.746 V/WLAN_PSA(  282): NL MSG, len[4029], NL type[0x1C] WNI type[0x5900] len[42255]
04-02 17:06:53.746 V/WLAN_PSA(  282): NL MSG, PID: 282
04-02 17:06:53.799 V/WLAN_PSA(  282): NL MSG, len[4038], NL type[0x1C] WNI type[0x5900] len[44559]
04-02 17:06:53.799 V/WLAN_PSA(  282): NL MSG, PID: 282
04-02 17:06:53.838 V/WLAN_PSA(  282): NL MSG, len[4012], NL type[0x1C] WNI type[0x5900] len[37903]
04-02 17:06:53.838 V/WLAN_PSA(  282): NL MSG, PID: 282
04-02 17:06:53.880 V/WLAN_PSA(  282): NL MSG, len[4093], NL type[0x1C] WNI type[0x5900] len[58639]
04-02 17:06:53.881 V/WLAN_PSA(  282): NL MSG, PID: 282
04-02 17:06:53.928 V/WLAN_PSA(  282): NL MSG, len[4018], NL type[0x1C] WNI type[0x5900] len[39439]
04-02 17:06:53.928 V/WLAN_PSA(  282): NL MSG, PID: 282
04-02 17:06:53.944 I/ServiceManager( 2162): Waiting for service AtCmdFwd...
04-02 17:06:53.979 V/WLAN_PSA(  282): NL MSG, len[4073], NL type[0x1C] WNI type[0x5900] len[53519]
04-02 17:06:53.979 V/WLAN_PSA(  282): NL MSG, PID: 282
04-02 17:06:54.023 V/WLAN_PSA(  282): NL MSG, len[4088], NL type[0x1C] WNI type[0x5900] len[57359]
04-02 17:06:54.023 V/WLAN_PSA(  282): NL MSG, PID: 282
04-02 17:06:54.025 V/WLAN_PSA(  282): NL MSG, len[914], NL type[0x11] WNI type[0x5050] len[894]
04-02 17:06:54.025 V/WLAN_PSA(  282): NL MSG, PID: 282
04-02 17:06:54.026 V/WLAN_PSA(  282): NL MSG, len[3954], NL type[0x1C] WNI type[0x5900] len[23055]
04-02 17:06:54.026 V/WLAN_PSA(  282): NL MSG, PID: 282
04-02 17:06:54.027 I/WifiHAL ( 1314): Poll result = 1
04-02 17:06:54.027 I/WifiHAL ( 1314): Found some events!!!
04-02 17:06:54.027 D/WifiHAL ( 1314): no_seq_check received
04-02 17:06:54.027 I/WifiHAL ( 1314): event received NL80211_CMD_NEW_SCAN_RESULTS
04-02 17:06:54.027 I/WifiHAL ( 1314): event received NL80211_CMD_NEW_SCAN_RESULTS, vendor_id = 0x0
04-02 17:06:54.027 I/WifiHAL ( 1314): event ignored!!
04-02 17:06:54.027 D/wpa_supplicant( 2839): nl80211: Event message available
04-02 17:06:54.027 D/wpa_supplicant( 2839): nl80211: Drv Event 34 (NL80211_CMD_NEW_SCAN_RESULTS) received for wlan0
04-02 17:06:54.027 D/wpa_supplicant( 2839): wlan0: nl80211: New scan results available
04-02 17:06:54.027 D/wpa_supplicant( 2839): nl80211: Scan included frequencies: 2412 2417 2422 2427 2432 2437 2442 2447 2452 2457 2462 2467 2472
04-02 17:06:54.027 D/wpa_supplicant( 2839): wlan0: Event SCAN_RESULTS (3) received
04-02 17:06:54.027 D/wpa_supplicant( 2839): wlan0: Scan completed in 0.640704 seconds
04-02 17:06:54.027 D/wpa_supplicant( 2839): nl80211: Associated on 2412 MHz
04-02 17:06:54.027 D/wpa_supplicant( 2839): nl80211: Associated with 00:6b:f1:67:8d:01
04-02 17:06:54.028 D/wpa_supplicant( 2839): nl80211: Received scan results (11 BSSes)
04-02 17:06:54.028 D/wpa_supplicant( 2839): nl80211: Scan results indicate BSS status with 00:6b:f1:67:8d:01 as associated
04-02 17:06:54.028 D/wpa_supplicant( 2839): wlan0: BSS: Start scan result update 854
04-02 17:06:54.028 D/wpa_supplicant( 2839): wlan0: BSS: Add new id 1217 BSSID a8:0c:ca:04:4a:0c SSID 'jxbx'
04-02 17:06:54.028 D/wpa_supplicant( 2839): CTRL_IFACE monitor sent successfully to /data/misc/wifi/sockets/wpa_ctrl_291-1\x00
04-02 17:06:54.028 D/wpa_supplicant( 2839): CTRL_IFACE monitor sent successfully to /data/misc/wifi/sockets/wpa_ctrl_1314-3\x00
04-02 17:06:54.028 D/wpa_supplicant( 2839): wlan0: BSS: Remove id 1211 BSSID e6:98:80:39:09:0d SSID '\xe2\x80\x9c\xe7\x8e\x8b\xe5\xb2\xb3\xe2\x80\x9d\xe7\x9a\x84 iPhone' due to no match in scan
04-02 17:06:54.029 D/wpa_supplicant( 2839): CTRL_IFACE monitor sent successfully to /data/misc/wifi/sockets/wpa_ctrl_291-1\x00
04-02 17:06:54.029 D/wpa_supplicant( 2839): CTRL_IFACE monitor sent successfully to /data/misc/wifi/sockets/wpa_ctrl_1314-3\x00
04-02 17:06:54.029 D/wpa_supplicant( 2839): wlan0: BSS: Remove id 1214 BSSID 48:bd:3d:5f:8c:90 SSID 'ZDGF' due to no match in scan
04-02 17:06:54.029 D/wpa_supplicant( 2839): CTRL_IFACE monitor sent successfully to /data/misc/wifi/sockets/wpa_ctrl_291-1\x00
04-02 17:06:54.029 D/wpa_supplicant( 2839): CTRL_IFACE monitor sent successfully to /data/misc/wifi/sockets/wpa_ctrl_1314-3\x00
04-02 17:06:54.029 D/wpa_supplicant( 2839): BSS: last_scan_res_used=11/32
04-02 17:06:54.029 D/wpa_supplicant( 2839): wlan0: Scan-only results received
04-02 17:06:54.029 D/wpa_supplicant( 2839): CTRL_IFACE monitor sent successfully to /data/misc/wifi/sockets/wpa_ctrl_291-1\x00
04-02 17:06:54.029 D/wpa_supplicant( 2839): CTRL_IFACE monitor sent successfully to /data/misc/wifi/sockets/wpa_ctrl_1314-3\x00
04-02 17:06:54.029 D/wpa_supplicant( 2839): wlan0: Radio work 'scan'@0xb8c3fde8 done in 0.643936 seconds
04-02 17:06:54.033 V/WLAN_PSA(  282): NL MSG, len[4034], NL type[0x1C] WNI type[0x5900] len[43535]
04-02 17:06:54.033 V/WLAN_PSA(  282): NL MSG, PID: 282
04-02 17:06:54.035 D/wpa_supplicant( 2839): wlan0: Control interface command 'BSS RANGE=0- MASK=0x21987'
04-02 17:06:54.044 D/wpa_supplicant( 2839): wlan0: Control interface command 'STATUS-NO_EVENTS'
04-02 17:06:54.049 D/LBSSystemMonitorService( 1314): handleMessage what - 4
04-02 17:06:54.049 D/Wiper_jni( 1314): Send Network Location.
04-02 17:06:54.944 I/ServiceManager( 2162): Waiting for service AtCmdFwd...
04-02 17:06:55.945 I/ServiceManager( 2162): Waiting for service AtCmdFwd...
04-02 17:06:56.228 D/wpa_supplicant( 2839): wlan0: Control interface command 'SIGNAL_POLL'
04-02 17:06:56.709 E/GpsXtraDownloader( 1314): No XTRA servers were specified in the GPS configuration
04-02 17:06:56.945 I/ServiceManager( 2162): Waiting for service AtCmdFwd...
04-02 17:06:57.946 I/ServiceManager( 2162): Waiting for service AtCmdFwd...
04-02 17:06:57.988 V/WLAN_PSA(  282): NL MSG, len[4075], NL type[0x1C] WNI type[0x5900] len[54031]
04-02 17:06:57.988 V/WLAN_PSA(  282): NL MSG, PID: 282
04-02 17:06:58.946 W/Atfwd_Sendcmd( 2162): AtCmdFwd service not published, waiting... retryCnt : 5
04-02 17:06:59.249 D/wpa_supplicant( 2839): wlan0: Control interface command 'SIGNAL_POLL'
04-02 17:07:00.034 I/SurfaceFlinger(  259): FPS: 2
04-02 17:07:02.267 D/wpa_supplicant( 2839): wlan0: Control interface command 'SIGNAL_POLL'
04-02 17:07:02.269 V/WLAN_PSA(  282): NL MSG, len[4058], NL type[0x1C] WNI type[0x5900] len[49679]
04-02 17:07:02.269 V/WLAN_PSA(  282): NL MSG, PID: 282
04-02 17:07:05.287 D/wpa_supplicant( 2839): wlan0: Control interface command 'SIGNAL_POLL'
04-02 17:07:05.988 V/WLAN_PSA(  282): NL MSG, len[4035], NL type[0x1C] WNI type[0x5900] len[43791]
04-02 17:07:05.988 V/WLAN_PSA(  282): NL MSG, PID: 282
04-02 17:07:08.306 D/wpa_supplicant( 2839): wlan0: Control interface command 'SIGNAL_POLL'
04-02 17:07:11.326 V/WLAN_PSA(  282): NL MSG, len[4037], NL type[0x1C] WNI type[0x5900] len[44303]
04-02 17:07:11.326 V/WLAN_PSA(  282): NL MSG, PID: 282
04-02 17:07:11.329 D/wpa_supplicant( 2839): wlan0: Control interface command 'SIGNAL_POLL'
04-02 17:07:13.387 E/WifiStateMachine( 1314): WifiStateMachine CMD_START_SCAN source -2 txSuccessRate=0.00 rxSuccessRate=0.00 targetRoamBSSID=any RSSI=-44
04-02 17:07:13.388 E/WifiStateMachine( 1314): WifiStateMachine starting scan for "Verifone_Guest"-WPA_PSK with 2412,2462,2437
04-02 17:07:13.388 D/wpa_supplicant( 2839): wlan0: Control interface command 'SCAN TYPE=ONLY freq=2412,2462,2437'
04-02 17:07:13.388 D/wpa_supplicant( 2839): wlan0: Setting scan request: 0.000000 sec
04-02 17:07:13.388 D/wpa_supplicant( 2839): wlan0: Starting AP scan for wildcard SSID
04-02 17:07:13.388 D/wpa_supplicant( 2839): wlan0: Limit manual scan to specified channels
04-02 17:07:13.388 D/wpa_supplicant( 2839): wlan0: Add radio work 'scan'@0xb8c3fac8
04-02 17:07:13.388 D/wpa_supplicant( 2839): wlan0: First radio work item in the queue - schedule start immediately
04-02 17:07:13.389 D/wpa_supplicant( 2839): wlan0: Starting radio work 'scan'@0xb8c3fac8 after 0.000064 second wait
04-02 17:07:13.389 D/wpa_supplicant( 2839): wlan0: nl80211: scan request
04-02 17:07:13.389 D/wpa_supplicant( 2839): nl80211: Scan SSID - hexdump(len=0): [NULL]
04-02 17:07:13.389 D/wpa_supplicant( 2839): nl80211: Scan frequency 2412 MHz
04-02 17:07:13.389 D/wpa_supplicant( 2839): nl80211: Scan frequency 2437 MHz
04-02 17:07:13.389 D/wpa_supplicant( 2839): nl80211: Scan frequency 2462 MHz
04-02 17:07:13.390 I/WifiHAL ( 1314): Poll result = 1
04-02 17:07:13.390 I/WifiHAL ( 1314): Found some events!!!
04-02 17:07:13.390 D/WifiHAL ( 1314): no_seq_check received
04-02 17:07:13.390 I/WifiHAL ( 1314): event received NL80211_CMD_TRIGGER_SCAN
04-02 17:07:13.390 I/WifiHAL ( 1314): event received NL80211_CMD_TRIGGER_SCAN, vendor_id = 0x0
04-02 17:07:13.390 I/WifiHAL ( 1314): event ignored!!
04-02 17:07:13.390 V/WLAN_PSA(  282): NL MSG, len[4019], NL type[0x1C] WNI type[0x5900] len[39695]
04-02 17:07:13.390 V/WLAN_PSA(  282): NL MSG, PID: 282
04-02 17:07:13.390 V/WLAN_PSA(  282): NL MSG, len[914], NL type[0x11] WNI type[0x5050] len[894]
04-02 17:07:13.390 V/WLAN_PSA(  282): NL MSG, PID: 282
04-02 17:07:13.390 V/WLAN_PSA(  282): NL MSG, len[048], NL type[0x11] WNI type[0x5050] len[028]
04-02 17:07:13.390 V/WLAN_PSA(  282): NL MSG, PID: 282
04-02 17:07:13.391 D/wpa_supplicant( 2839): Scan requested (ret=0) - scan timeout 30 seconds
04-02 17:07:13.391 D/wpa_supplicant( 2839): nl80211: Event message available
04-02 17:07:13.391 D/wpa_supplicant( 2839): nl80211: Drv Event 33 (NL80211_CMD_TRIGGER_SCAN) received for wlan0
04-02 17:07:13.391 D/wpa_supplicant( 2839): wlan0: nl80211: Scan trigger
04-02 17:07:13.391 D/wpa_supplicant( 2839): wlan0: Event SCAN_STARTED (49) received
04-02 17:07:13.391 D/wpa_supplicant( 2839): wlan0: Own scan request started a scan in 0.000225 seconds
04-02 17:07:13.394 D/wpa_supplicant( 2839): CTRL_IFACE monitor sent successfully to /data/misc/wifi/sockets/wpa_ctrl_291-1\x00
04-02 17:07:13.394 D/wpa_supplicant( 2839): CTRL_IFACE monitor sent successfully to /data/misc/wifi/sockets/wpa_ctrl_1314-3\x00
04-02 17:07:13.404 V/WLAN_PSA(  282): NL MSG, len[4058], NL type[0x1C] WNI type[0x5900] len[49679]
04-02 17:07:13.404 V/WLAN_PSA(  282): NL MSG, PID: 282
04-02 17:07:13.449 V/WLAN_PSA(  282): NL MSG, len[4084], NL type[0x1C] WNI type[0x5900] len[56335]
04-02 17:07:13.449 V/WLAN_PSA(  282): NL MSG, PID: 282
04-02 17:07:13.498 V/WLAN_PSA(  282): NL MSG, len[3986], NL type[0x1C] WNI type[0x5900] len[31247]
04-02 17:07:13.498 V/WLAN_PSA(  282): NL MSG, PID: 282
04-02 17:07:13.536 V/WLAN_PSA(  282): NL MSG, len[4079], NL type[0x1C] WNI type[0x5900] len[55055]
04-02 17:07:13.536 V/WLAN_PSA(  282): NL MSG, PID: 282
04-02 17:07:13.563 V/WLAN_PSA(  282): NL MSG, len[4042], NL type[0x1C] WNI type[0x5900] len[45583]
04-02 17:07:13.563 V/WLAN_PSA(  282): NL MSG, PID: 282
04-02 17:07:13.569 V/WLAN_PSA(  282): NL MSG, len[4053], NL type[0x1C] WNI type[0x5900] len[48399]
04-02 17:07:13.569 V/WLAN_PSA(  282): NL MSG, PID: 282
04-02 17:07:13.570 V/WLAN_PSA(  282): NL MSG, len[914], NL type[0x11] WNI type[0x5050] len[894]
04-02 17:07:13.570 V/WLAN_PSA(  282): NL MSG, PID: 282
04-02 17:07:13.571 V/WLAN_PSA(  282): NL MSG, len[4094], NL type[0x1C] WNI type[0x5900] len[58895]
04-02 17:07:13.571 V/WLAN_PSA(  282): NL MSG, PID: 282
04-02 17:07:13.571 I/WifiHAL ( 1314): Poll result = 1
04-02 17:07:13.571 I/WifiHAL ( 1314): Found some events!!!
04-02 17:07:13.571 D/WifiHAL ( 1314): no_seq_check received
04-02 17:07:13.571 I/WifiHAL ( 1314): event received NL80211_CMD_NEW_SCAN_RESULTS
04-02 17:07:13.571 I/WifiHAL ( 1314): event received NL80211_CMD_NEW_SCAN_RESULTS, vendor_id = 0x0
04-02 17:07:13.571 I/WifiHAL ( 1314): event ignored!!
04-02 17:07:13.571 D/wpa_supplicant( 2839): nl80211: Event message available
04-02 17:07:13.572 D/wpa_supplicant( 2839): nl80211: Drv Event 34 (NL80211_CMD_NEW_SCAN_RESULTS) received for wlan0
04-02 17:07:13.572 D/wpa_supplicant( 2839): wlan0: nl80211: New scan results available
04-02 17:07:13.572 D/wpa_supplicant( 2839): nl80211: Scan included frequencies: 2412 2437 2462
04-02 17:07:13.572 D/wpa_supplicant( 2839): wlan0: Event SCAN_RESULTS (3) received
04-02 17:07:13.572 D/wpa_supplicant( 2839): wlan0: Scan completed in 0.180772 seconds
04-02 17:07:13.572 D/wpa_supplicant( 2839): nl80211: Associated on 2412 MHz
04-02 17:07:13.572 D/wpa_supplicant( 2839): nl80211: Associated with 00:6b:f1:67:8d:01
04-02 17:07:13.572 D/wpa_supplicant( 2839): nl80211: Received scan results (13 BSSes)
04-02 17:07:13.572 D/wpa_supplicant( 2839): nl80211: Scan results indicate BSS status with 00:6b:f1:67:8d:01 as associated
04-02 17:07:13.573 D/wpa_supplicant( 2839): wlan0: BSS: Start scan result update 855
04-02 17:07:13.573 D/wpa_supplicant( 2839): wlan0: BSS: Add new id 1218 BSSID e6:98:80:39:09:0d SSID '\xe2\x80\x9c\xe7\x8e\x8b\xe5\xb2\xb3\xe2\x80\x9d\xe7\x9a\x84 iPhone'
04-02 17:07:13.573 D/wpa_supplicant( 2839): CTRL_IFACE monitor sent successfully to /data/misc/wifi/sockets/wpa_ctrl_291-1\x00
04-02 17:07:13.574 D/wpa_supplicant( 2839): CTRL_IFACE monitor sent successfully to /data/misc/wifi/sockets/wpa_ctrl_1314-3\x00
04-02 17:07:13.574 D/wpa_supplicant( 2839): wlan0: BSS: Add new id 1219 BSSID 34:5b:bb:ba:61:47 SSID 'midea_ca_1730'
04-02 17:07:13.574 D/wpa_supplicant( 2839): CTRL_IFACE monitor sent successfully to /data/misc/wifi/sockets/wpa_ctrl_291-1\x00
04-02 17:07:13.575 D/wpa_supplicant( 2839): CTRL_IFACE monitor sent successfully to /data/misc/wifi/sockets/wpa_ctrl_1314-3\x00
04-02 17:07:13.575 D/wpa_supplicant( 2839): wlan0: BSS: Add new id 1220 BSSID b8:f8:83:a1:7f:95 SSID 'TP-LINK-102'
04-02 17:07:13.575 D/wpa_supplicant( 2839): CTRL_IFACE monitor sent successfully to /data/misc/wifi/sockets/wpa_ctrl_291-1\x00
04-02 17:07:13.575 D/wpa_supplicant( 2839): CTRL_IFACE monitor sent successfully to /data/misc/wifi/sockets/wpa_ctrl_1314-3\x00
04-02 17:07:13.575 D/wpa_supplicant( 2839): wlan0: BSS: Remove id 1212 BSSID bc:5f:f6:2e:84:f1 SSID 'Sync ' due to no match in scan
04-02 17:07:13.576 D/wpa_supplicant( 2839): CTRL_IFACE monitor sent successfully to /data/misc/wifi/sockets/wpa_ctrl_291-1\x00
04-02 17:07:13.577 D/wpa_supplicant( 2839): CTRL_IFACE monitor sent successfully to /data/misc/wifi/sockets/wpa_ctrl_1314-3\x00
04-02 17:07:13.577 D/wpa_supplicant( 2839): wlan0: BSS: Remove id 1215 BSSID 2c:61:04:1a:29:30 SSID '360WiFi-aimeiao1' due to no match in scan
04-02 17:07:13.579 D/wpa_supplicant( 2839): CTRL_IFACE monitor sent successfully to /data/misc/wifi/sockets/wpa_ctrl_291-1\x00
04-02 17:07:13.580 D/wpa_supplicant( 2839): CTRL_IFACE monitor sent successfully to /data/misc/wifi/sockets/wpa_ctrl_1314-3\x00
04-02 17:07:13.580 D/wpa_supplicant( 2839): BSS: last_scan_res_used=13/32
04-02 17:07:13.580 D/wpa_supplicant( 2839): wlan0: Scan-only results received
04-02 17:07:13.580 D/wpa_supplicant( 2839): CTRL_IFACE monitor sent successfully to /data/misc/wifi/sockets/wpa_ctrl_291-1\x00
04-02 17:07:13.584 D/wpa_supplicant( 2839): CTRL_IFACE monitor sent successfully to /data/misc/wifi/sockets/wpa_ctrl_1314-3\x00
04-02 17:07:13.589 D/wpa_supplicant( 2839): wlan0: Radio work 'scan'@0xb8c3fac8 done in 0.200443 seconds
04-02 17:07:13.589 D/wpa_supplicant( 2839): wlan0: Control interface command 'BSS RANGE=0- MASK=0x21987'
04-02 17:07:13.601 D/wpa_supplicant( 2839): wlan0: Control interface command 'STATUS-NO_EVENTS'
04-02 17:07:14.344 D/wpa_supplicant( 2839): wlan0: Control interface command 'SIGNAL_POLL'
04-02 17:07:14.988 V/WLAN_PSA(  282): NL MSG, len[4020], NL type[0x1C] WNI type[0x5900] len[39951]
04-02 17:07:14.988 V/WLAN_PSA(  282): NL MSG, PID: 282
04-02 17:07:17.362 D/wpa_supplicant( 2839): wlan0: Control interface command 'SIGNAL_POLL'
04-02 17:07:20.379 V/WLAN_PSA(  282): NL MSG, len[4037], NL type[0x1C] WNI type[0x5900] len[44303]
04-02 17:07:20.379 V/WLAN_PSA(  282): NL MSG, PID: 282
04-02 17:07:20.381 D/wpa_supplicant( 2839): wlan0: Control interface command 'SIGNAL_POLL'
04-02 17:07:23.400 D/wpa_supplicant( 2839): wlan0: Control interface command 'SIGNAL_POLL'
04-02 17:07:23.412 V/WLAN_PSA(  282): NL MSG, len[4041], NL type[0x1C] WNI type[0x5900] len[45327]
04-02 17:07:23.412 V/WLAN_PSA(  282): NL MSG, PID: 282
04-02 17:07:23.947 I/Atfwd_Sendcmd( 2162): AtCmdFwd service not ready - Exhausted retry attempts - :6
04-02 17:07:23.947 I/Atfwd_Daemon( 2162): result : -1 	 ,Init step :2 	 ,qmiErrorCode: 0
04-02 17:07:26.419 D/wpa_supplicant( 2839): wlan0: Control interface command 'SIGNAL_POLL'
04-02 17:07:28.948 V/WLAN_PSA(  282): NL MSG, len[4052], NL type[0x1C] WNI type[0x5900] len[48143]
04-02 17:07:28.949 V/WLAN_PSA(  282): NL MSG, PID: 282
04-02 17:07:28.949 I/ServiceManager( 2162): Waiting for service AtCmdFwd...
04-02 17:07:29.442 D/wpa_supplicant( 2839): wlan0: Control interface command 'SIGNAL_POLL'
04-02 17:07:29.950 I/ServiceManager( 2162): Waiting for service AtCmdFwd...
04-02 17:07:30.951 I/ServiceManager( 2162): Waiting for service AtCmdFwd...
04-02 17:07:31.952 I/ServiceManager( 2162): Waiting for service AtCmdFwd...
04-02 17:07:32.461 D/wpa_supplicant( 2839): wlan0: Control interface command 'SIGNAL_POLL'
04-02 17:07:32.474 V/WLAN_PSA(  282): NL MSG, len[4056], NL type[0x1C] WNI type[0x5900] len[49167]
04-02 17:07:32.474 V/WLAN_PSA(  282): NL MSG, PID: 282
04-02 17:07:32.952 I/ServiceManager( 2162): Waiting for service AtCmdFwd...
04-02 17:07:33.390 E/WifiStateMachine( 1314): WifiStateMachine CMD_START_SCAN source -2 txSuccessRate=0.00 rxSuccessRate=0.00 targetRoamBSSID=any RSSI=-44
04-02 17:07:33.390 E/WifiStateMachine( 1314): WifiStateMachine starting scan for "Verifone_Guest"-WPA_PSK with 2412,2462,2437
04-02 17:07:33.390 D/wpa_supplicant( 2839): wlan0: Control interface command 'SCAN TYPE=ONLY freq=2412,2462,2437'
04-02 17:07:33.390 D/wpa_supplicant( 2839): wlan0: Setting scan request: 0.000000 sec
04-02 17:07:33.390 D/wpa_supplicant( 2839): wlan0: Starting AP scan for wildcard SSID
04-02 17:07:33.390 D/wpa_supplicant( 2839): wlan0: Limit manual scan to specified channels
04-02 17:07:33.391 D/wpa_supplicant( 2839): wlan0: Add radio work 'scan'@0xb8c3fac8
04-02 17:07:33.391 D/wpa_supplicant( 2839): wlan0: First radio work item in the queue - schedule start immediately
04-02 17:07:33.391 D/wpa_supplicant( 2839): wlan0: Starting radio work 'scan'@0xb8c3fac8 after 0.000063 second wait
04-02 17:07:33.391 D/wpa_supplicant( 2839): wlan0: nl80211: scan request
04-02 17:07:33.391 D/wpa_supplicant( 2839): nl80211: Scan SSID - hexdump(len=0): [NULL]
04-02 17:07:33.391 D/wpa_supplicant( 2839): nl80211: Scan frequency 2412 MHz
04-02 17:07:33.391 D/wpa_supplicant( 2839): nl80211: Scan frequency 2437 MHz
04-02 17:07:33.391 D/wpa_supplicant( 2839): nl80211: Scan frequency 2462 MHz
04-02 17:07:33.392 I/WifiHAL ( 1314): Poll result = 1
04-02 17:07:33.392 I/WifiHAL ( 1314): Found some events!!!
04-02 17:07:33.392 D/WifiHAL ( 1314): no_seq_check received
04-02 17:07:33.392 I/WifiHAL ( 1314): event received NL80211_CMD_TRIGGER_SCAN
04-02 17:07:33.392 I/WifiHAL ( 1314): event received NL80211_CMD_TRIGGER_SCAN, vendor_id = 0x0
04-02 17:07:33.392 I/WifiHAL ( 1314): event ignored!!
04-02 17:07:33.392 V/WLAN_PSA(  282): NL MSG, len[914], NL type[0x11] WNI type[0x5050] len[894]
04-02 17:07:33.392 D/wpa_supplicant( 2839): Scan requested (ret=0) - scan timeout 30 seconds
04-02 17:07:33.392 V/WLAN_PSA(  282): NL MSG, PID: 282
04-02 17:07:33.392 D/wpa_supplicant( 2839): nl80211: Event message available
04-02 17:07:33.392 V/WLAN_PSA(  282): NL MSG, len[3889], NL type[0x1C] WNI type[0x5900] len[6415]
04-02 17:07:33.392 D/wpa_supplicant( 2839): nl80211: Drv Event 33 (NL80211_CMD_TRIGGER_SCAN) received for wlan0
04-02 17:07:33.392 V/WLAN_PSA(  282): NL MSG, PID: 282
04-02 17:07:33.392 D/wpa_supplicant( 2839): wlan0: nl80211: Scan trigger
04-02 17:07:33.392 D/wpa_supplicant( 2839): wlan0: Event SCAN_STARTED (49) received
04-02 17:07:33.393 D/wpa_supplicant( 2839): wlan0: Own scan request started a scan in 0.000270 seconds
04-02 17:07:33.393 V/WLAN_PSA(  282): NL MSG, len[048], NL type[0x11] WNI type[0x5050] len[028]
04-02 17:07:33.393 V/WLAN_PSA(  282): NL MSG, PID: 282
04-02 17:07:33.395 D/wpa_supplicant( 2839): CTRL_IFACE monitor sent successfully to /data/misc/wifi/sockets/wpa_ctrl_291-1\x00
04-02 17:07:33.395 D/wpa_supplicant( 2839): CTRL_IFACE monitor sent successfully to /data/misc/wifi/sockets/wpa_ctrl_1314-3\x00
04-02 17:07:33.425 V/WLAN_PSA(  282): NL MSG, len[4055], NL type[0x1C] WNI type[0x5900] len[48911]
04-02 17:07:33.426 V/WLAN_PSA(  282): NL MSG, PID: 282
04-02 17:07:33.458 V/WLAN_PSA(  282): NL MSG, len[4058], NL type[0x1C] WNI type[0x5900] len[49679]
04-02 17:07:33.458 V/WLAN_PSA(  282): NL MSG, PID: 282
04-02 17:07:33.505 V/WLAN_PSA(  282): NL MSG, len[4065], NL type[0x1C] WNI type[0x5900] len[51471]
04-02 17:07:33.505 V/WLAN_PSA(  282): NL MSG, PID: 282
04-02 17:07:33.563 V/WLAN_PSA(  282): NL MSG, len[4045], NL type[0x1C] WNI type[0x5900] len[46351]
04-02 17:07:33.563 V/WLAN_PSA(  282): NL MSG, PID: 282
04-02 17:07:33.570 V/WLAN_PSA(  282): NL MSG, len[4053], NL type[0x1C] WNI type[0x5900] len[48399]
04-02 17:07:33.570 V/WLAN_PSA(  282): NL MSG, PID: 282
04-02 17:07:33.570 V/WLAN_PSA(  282): NL MSG, len[914], NL type[0x11] WNI type[0x5050] len[894]
04-02 17:07:33.570 V/WLAN_PSA(  282): NL MSG, PID: 282
04-02 17:07:33.571 V/WLAN_PSA(  282): NL MSG, len[4058], NL type[0x1C] WNI type[0x5900] len[49679]
04-02 17:07:33.571 V/WLAN_PSA(  282): NL MSG, PID: 282
04-02 17:07:33.572 I/WifiHAL ( 1314): Poll result = 1
04-02 17:07:33.572 I/WifiHAL ( 1314): Found some events!!!
04-02 17:07:33.572 D/WifiHAL ( 1314): no_seq_check received
04-02 17:07:33.572 I/WifiHAL ( 1314): event received NL80211_CMD_NEW_SCAN_RESULTS
04-02 17:07:33.572 I/WifiHAL ( 1314): event received NL80211_CMD_NEW_SCAN_RESULTS, vendor_id = 0x0
04-02 17:07:33.572 I/WifiHAL ( 1314): event ignored!!
04-02 17:07:33.572 D/wpa_supplicant( 2839): nl80211: Event message available
04-02 17:07:33.572 D/wpa_supplicant( 2839): nl80211: Drv Event 34 (NL80211_CMD_NEW_SCAN_RESULTS) received for wlan0
04-02 17:07:33.572 D/wpa_supplicant( 2839): wlan0: nl80211: New scan results available
04-02 17:07:33.572 D/wpa_supplicant( 2839): nl80211: Scan included frequencies: 2412 2437 2462
04-02 17:07:33.572 D/wpa_supplicant( 2839): wlan0: Event SCAN_RESULTS (3) received
04-02 17:07:33.572 D/wpa_supplicant( 2839): wlan0: Scan completed in 0.179969 seconds
04-02 17:07:33.573 D/wpa_supplicant( 2839): nl80211: Associated on 2412 MHz
04-02 17:07:33.573 D/wpa_supplicant( 2839): nl80211: Associated with 00:6b:f1:67:8d:01
04-02 17:07:33.573 D/wpa_supplicant( 2839): nl80211: Received scan results (13 BSSes)
04-02 17:07:33.573 D/wpa_supplicant( 2839): nl80211: Scan results indicate BSS status with 00:6b:f1:67:8d:01 as associated
04-02 17:07:33.573 D/wpa_supplicant( 2839): wlan0: BSS: Start scan result update 856
04-02 17:07:33.573 D/wpa_supplicant( 2839): wlan0: BSS: Remove id 1216 BSSID 34:ce:00:4d:b4:a8 SSID '302' due to no match in scan
04-02 17:07:33.574 D/wpa_supplicant( 2839): CTRL_IFACE monitor sent successfully to /data/misc/wifi/sockets/wpa_ctrl_291-1\x00
04-02 17:07:33.575 D/wpa_supplicant( 2839): CTRL_IFACE monitor sent successfully to /data/misc/wifi/sockets/wpa_ctrl_1314-3\x00
04-02 17:07:33.575 D/wpa_supplicant( 2839): BSS: last_scan_res_used=13/32
04-02 17:07:33.575 D/wpa_supplicant( 2839): wlan0: Scan-only results received
04-02 17:07:33.576 D/wpa_supplicant( 2839): CTRL_IFACE monitor sent successfully to /data/misc/wifi/sockets/wpa_ctrl_291-1\x00
04-02 17:07:33.576 D/wpa_supplicant( 2839): CTRL_IFACE monitor sent successfully to /data/misc/wifi/sockets/wpa_ctrl_1314-3\x00
04-02 17:07:33.576 D/wpa_supplicant( 2839): wlan0: Radio work 'scan'@0xb8c3fac8 done in 0.185269 seconds
04-02 17:07:33.580 D/wpa_supplicant( 2839): wlan0: Control interface command 'BSS RANGE=0- MASK=0x21987'
04-02 17:07:33.591 D/wpa_supplicant( 2839): wlan0: Control interface command 'STATUS-NO_EVENTS'
04-02 17:07:33.953 W/Atfwd_Sendcmd( 2162): AtCmdFwd service not published, waiting... retryCnt : 1
04-02 17:07:35.478 V/WLAN_PSA(  282): NL MSG, len[4032], NL type[0x1C] WNI type[0x5900] len[43023]
04-02 17:07:35.478 V/WLAN_PSA(  282): NL MSG, PID: 282
04-02 17:07:35.478 D/wpa_supplicant( 2839): wlan0: Control interface command 'SIGNAL_POLL'
04-02 17:07:35.754 D/VM_BMS  (  472): wake_lock acquired
04-02 17:07:35.754 D/VM_BMS  (  472): New BMS data - Size=56
04-02 17:07:35.754 D/VM_BMS  (  472): Start process_bms_data
04-02 17:07:35.754 D/VM_BMS  (  472): Battery charge_cycle=17 fcc_adjust=527 rbatt_adjust=527 cycle_changed=false
04-02 17:07:35.756 D/VM_BMS  (  472): For batt_temp=285 fcc_mah=4997
04-02 17:07:35.756 D/VM_BMS  (  472): Lookup fcc_mah=4997.000000  adjusted fcc_mah=4970.666016
04-02 17:07:35.756 D/VM_BMS  (  472): For ocv=4192558 batt_temp=285 soc=100
04-02 17:07:35.756 D/VM_BMS  (  472): fifo_count=5 acc_count=0
04-02 17:07:35.756 D/VM_BMS  (  472): INIT: ocv=4192558 last_ocv=4192558 batt_temp=285 soc=100
04-02 17:07:35.756 D/VM_BMS  (  472): For soc=100 batt_temp=285 slope=14800
04-02 17:07:35.756 D/VM_BMS  (  472): For soc=100 batt_temp=285 rbatt_sf=100
04-02 17:07:35.756 D/VM_BMS  (  472): rbatt_mohm_default=100, rbatt_mohm=100, sf=100 batt_temp=285
04-02 17:07:35.756 D/VM_BMS  (  472): Lookup rbatt=100.000000  adjusted rbatt=100.527000
04-02 17:07:35.756 D/VM_BMS  (  472): For ocv=4192554 batt_temp=285 soc=100
04-02 17:07:35.756 D/VM_BMS  (  472): FIFO=0 fifo_avg=4.191880 rbatt=0.150527 slope=1.480000 ibatt=0.004490 ocv=4.192554 soc=100 fcc_ah=4.970666 sample_count=128 sample_interval=70 seq_num=719
04-02 17:07:35.756 D/VM_BMS  (  472): For soc=100 batt_temp=285 slope=14800
04-02 17:07:35.756 D/VM_BMS  (  472): For soc=100 batt_temp=285 rbatt_sf=100
04-02 17:07:35.756 D/VM_BMS  (  472): rbatt_mohm_default=100, rbatt_mohm=100, sf=100 batt_temp=285
04-02 17:07:35.756 D/VM_BMS  (  472): Lookup rbatt=100.000000  adjusted rbatt=100.527000
04-02 17:07:35.756 D/VM_BMS  (  472): For ocv=4192550 batt_temp=285 soc=100
04-02 17:07:35.757 D/VM_BMS  (  472): FIFO=1 fifo_avg=4.191889 rbatt=0.150527 slope=1.480000 ibatt=0.004408 ocv=4.192551 soc=100 fcc_ah=4.970666 sample_count=128 sample_interval=70 seq_num=719
04-02 17:07:35.757 D/VM_BMS  (  472): For soc=100 batt_temp=285 slope=14800
04-02 17:07:35.757 D/VM_BMS  (  472): For soc=100 batt_temp=285 rbatt_sf=100
04-02 17:07:35.757 D/VM_BMS  (  472): rbatt_mohm_default=100, rbatt_mohm=100, sf=100 batt_temp=285
04-02 17:07:35.757 D/VM_BMS  (  472): Lookup rbatt=100.000000  adjusted rbatt=100.527000
04-02 17:07:35.757 D/VM_BMS  (  472): For ocv=4192548 batt_temp=285 soc=100
04-02 17:07:35.757 D/VM_BMS  (  472): FIFO=2 fifo_avg=4.192177 rbatt=0.150527 slope=1.480000 ibatt=0.002474 ocv=4.192548 soc=100 fcc_ah=4.970666 sample_count=128 sample_interval=70 seq_num=719
04-02 17:07:35.757 D/VM_BMS  (  472): For soc=100 batt_temp=285 slope=14800
04-02 17:07:35.757 D/VM_BMS  (  472): For soc=100 batt_temp=285 rbatt_sf=100
04-02 17:07:35.757 D/VM_BMS  (  472): rbatt_mohm_default=100, rbatt_mohm=100, sf=100 batt_temp=285
04-02 17:07:35.757 D/VM_BMS  (  472): Lookup rbatt=100.000000  adjusted rbatt=100.527000
04-02 17:07:35.757 D/VM_BMS  (  472): For ocv=4192546 batt_temp=285 soc=100
04-02 17:07:35.757 D/VM_BMS  (  472): FIFO=3 fifo_avg=4.192186 rbatt=0.150527 slope=1.480000 ibatt=0.002398 ocv=4.192546 soc=100 fcc_ah=4.970666 sample_count=128 sample_interval=70 seq_num=719
04-02 17:07:35.757 D/VM_BMS  (  472): For soc=100 batt_temp=285 slope=14800
04-02 17:07:35.757 D/VM_BMS  (  472): For soc=100 batt_temp=285 rbatt_sf=100
04-02 17:07:35.757 D/VM_BMS  (  472): rbatt_mohm_default=100, rbatt_mohm=100, sf=100 batt_temp=285
04-02 17:07:35.757 D/VM_BMS  (  472): Lookup rbatt=100.000000  adjusted rbatt=100.527000
04-02 17:07:35.757 D/VM_BMS  (  472): For ocv=4192544 batt_temp=285 soc=100
04-02 17:07:35.757 D/VM_BMS  (  472): FIFO=4 fifo_avg=4.192186 rbatt=0.150527 slope=1.480000 ibatt=0.002386 ocv=4.192544 soc=100 fcc_ah=4.970666 sample_count=128 sample_interval=70 seq_num=719
04-02 17:07:35.759 I/VM_BMS  (  472): power_supply_update: ocv_uv=4192544 ibatt=2385 soc=100 seq_num=719
04-02 17:07:35.759 D/VM_BMS  (  472): End process_bms_data
04-02 17:07:35.759 D/VM_BMS  (  472): wake_lock released
04-02 17:07:38.219 D/com.socsi.thread.UploadResultThread(24223): 【进入应用下载结果上送线程】
04-02 17:07:38.221 D/com.socsi.thread.UploadResultThread(24223): ..........终端无应用下载/更新结果可以上送
04-02 17:07:38.222 D/com.socsi.thread.UploadResultThread(24223): ------------结果上送over------------------
04-02 17:07:38.496 D/wpa_supplicant( 2839): wlan0: Control interface command 'SIGNAL_POLL'
04-02 17:07:38.831 D/com.socsi.thread.MtmsDownloadThread(24223): 【进入应用下载时机检查线程】
04-02 17:07:38.838 D/com.socsi.thread.MtmsDownloadThread(24223): 没有应用需要下载，不需要检查
04-02 17:07:38.843 D/com.socsi.thread.MtmsDownloadThread(24223): ------------下载时机检查 over------------------
04-02 17:07:38.953 I/ServiceManager( 2162): Waiting for service AtCmdFwd...
04-02 17:07:38.974 V/WLAN_PSA(  282): NL MSG, len[4077], NL type[0x1C] WNI type[0x5900] len[54543]
04-02 17:07:38.975 V/WLAN_PSA(  282): NL MSG, PID: 282
04-02 17:07:39.954 I/ServiceManager( 2162): Waiting for service AtCmdFwd...
04-02 17:07:40.955 I/ServiceManager( 2162): Waiting for service AtCmdFwd...
04-02 17:07:41.515 D/wpa_supplicant( 2839): wlan0: Control interface command 'SIGNAL_POLL'
04-02 17:07:41.956 I/ServiceManager( 2162): Waiting for service AtCmdFwd...
04-02 17:07:42.956 I/ServiceManager( 2162): Waiting for service AtCmdFwd...
04-02 17:07:43.957 W/Atfwd_Sendcmd( 2162): AtCmdFwd service not published, waiting... retryCnt : 2
04-02 17:07:43.985 V/WLAN_PSA(  282): NL MSG, len[4089], NL type[0x1C] WNI type[0x5900] len[57615]
04-02 17:07:43.985 V/WLAN_PSA(  282): NL MSG, PID: 282
04-02 17:07:44.537 D/wpa_supplicant( 2839): wlan0: Control interface command 'SIGNAL_POLL'
04-02 17:07:47.556 D/wpa_supplicant( 2839): wlan0: Control interface command 'SIGNAL_POLL'
04-02 17:07:47.568 V/WLAN_PSA(  282): NL MSG, len[4005], NL type[0x1C] WNI type[0x5900] len[36111]
04-02 17:07:47.569 V/WLAN_PSA(  282): NL MSG, PID: 282
04-02 17:07:50.577 D/wpa_supplicant( 2839): wlan0: Control interface command 'SIGNAL_POLL'
04-02 17:07:52.001 V/WLAN_PSA(  282): NL MSG, len[4036], NL type[0x1C] WNI type[0x5900] len[44047]
04-02 17:07:52.001 V/WLAN_PSA(  282): NL MSG, PID: 282
04-02 17:07:53.395 E/WifiStateMachine( 1314): WifiStateMachine CMD_START_SCAN source -2 txSuccessRate=0.00 rxSuccessRate=0.00 targetRoamBSSID=any RSSI=-44
04-02 17:07:53.395 E/WifiStateMachine( 1314): WifiStateMachine starting scan for "Verifone_Guest"-WPA_PSK with 2412,2462,2437
04-02 17:07:53.395 D/wpa_supplicant( 2839): wlan0: Control interface command 'SCAN TYPE=ONLY freq=2412,2462,2437'
04-02 17:07:53.395 D/wpa_supplicant( 2839): wlan0: Setting scan request: 0.000000 sec
04-02 17:07:53.395 D/wpa_supplicant( 2839): wlan0: Starting AP scan for wildcard SSID
04-02 17:07:53.395 D/wpa_supplicant( 2839): wlan0: Limit manual scan to specified channels
04-02 17:07:53.395 D/wpa_supplicant( 2839): wlan0: Add radio work 'scan'@0xb8c3fac8
04-02 17:07:53.395 D/wpa_supplicant( 2839): wlan0: First radio work item in the queue - schedule start immediately
04-02 17:07:53.395 D/wpa_supplicant( 2839): wlan0: Starting radio work 'scan'@0xb8c3fac8 after 0.000064 second wait
04-02 17:07:53.396 D/wpa_supplicant( 2839): wlan0: nl80211: scan request
04-02 17:07:53.396 D/wpa_supplicant( 2839): nl80211: Scan SSID - hexdump(len=0): [NULL]
04-02 17:07:53.396 D/wpa_supplicant( 2839): nl80211: Scan frequency 2412 MHz
04-02 17:07:53.396 D/wpa_supplicant( 2839): nl80211: Scan frequency 2437 MHz
04-02 17:07:53.396 D/wpa_supplicant( 2839): nl80211: Scan frequency 2462 MHz
04-02 17:07:53.397 D/wpa_supplicant( 2839): Scan requested (ret=0) - scan timeout 30 seconds
04-02 17:07:53.397 I/WifiHAL ( 1314): Poll result = 1
04-02 17:07:53.397 I/WifiHAL ( 1314): Found some events!!!
04-02 17:07:53.397 D/wpa_supplicant( 2839): nl80211: Event message available
04-02 17:07:53.397 D/WifiHAL ( 1314): no_seq_check received
04-02 17:07:53.397 I/WifiHAL ( 1314): event received NL80211_CMD_TRIGGER_SCAN
04-02 17:07:53.397 D/wpa_supplicant( 2839): nl80211: Drv Event 33 (NL80211_CMD_TRIGGER_SCAN) received for wlan0
04-02 17:07:53.397 I/WifiHAL ( 1314): event received NL80211_CMD_TRIGGER_SCAN, vendor_id = 0x0
04-02 17:07:53.397 D/wpa_supplicant( 2839): wlan0: nl80211: Scan trigger
04-02 17:07:53.397 I/WifiHAL ( 1314): event ignored!!
04-02 17:07:53.397 D/wpa_supplicant( 2839): wlan0: Event SCAN_STARTED (49) received
04-02 17:07:53.397 D/wpa_supplicant( 2839): wlan0: Own scan request started a scan in 0.000180 seconds
04-02 17:07:53.397 V/WLAN_PSA(  282): NL MSG, len[914], NL type[0x11] WNI type[0x5050] len[894]
04-02 17:07:53.397 V/WLAN_PSA(  282): NL MSG, PID: 282
04-02 17:07:53.397 V/WLAN_PSA(  282): NL MSG, len[048], NL type[0x11] WNI type[0x5050] len[028]
04-02 17:07:53.397 V/WLAN_PSA(  282): NL MSG, PID: 282
04-02 17:07:53.397 V/WLAN_PSA(  282): NL MSG, len[4095], NL type[0x1C] WNI type[0x5900] len[59151]
04-02 17:07:53.397 V/WLAN_PSA(  282): NL MSG, PID: 282
04-02 17:07:53.398 D/wpa_supplicant( 2839): CTRL_IFACE monitor sent successfully to /data/misc/wifi/sockets/wpa_ctrl_291-1\x00
04-02 17:07:53.399 D/wpa_supplicant( 2839): CTRL_IFACE monitor sent successfully to /data/misc/wifi/sockets/wpa_ctrl_1314-3\x00
04-02 17:07:53.429 V/WLAN_PSA(  282): NL MSG, len[4048], NL type[0x1C] WNI type[0x5900] len[47119]
04-02 17:07:53.429 V/WLAN_PSA(  282): NL MSG, PID: 282
04-02 17:07:53.479 V/WLAN_PSA(  282): NL MSG, len[4009], NL type[0x1C] WNI type[0x5900] len[37135]
04-02 17:07:53.479 V/WLAN_PSA(  282): NL MSG, PID: 282
04-02 17:07:53.538 V/WLAN_PSA(  282): NL MSG, len[4022], NL type[0x1C] WNI type[0x5900] len[40463]
04-02 17:07:53.538 V/WLAN_PSA(  282): NL MSG, PID: 282
04-02 17:07:53.556 V/WLAN_PSA(  282): NL MSG, len[914], NL type[0x11] WNI type[0x5050] len[894]
04-02 17:07:53.556 V/WLAN_PSA(  282): NL MSG, PID: 282
04-02 17:07:53.556 V/WLAN_PSA(  282): NL MSG, len[4034], NL type[0x1C] WNI type[0x5900] len[43535]
04-02 17:07:53.556 V/WLAN_PSA(  282): NL MSG, PID: 282
04-02 17:07:53.556 V/WLAN_PSA(  282): NL MSG, len[4050], NL type[0x1C] WNI type[0x5900] len[47631]
04-02 17:07:53.556 V/WLAN_PSA(  282): NL MSG, PID: 282
04-02 17:07:53.557 I/WifiHAL ( 1314): Poll result = 1
04-02 17:07:53.557 I/WifiHAL ( 1314): Found some events!!!
04-02 17:07:53.557 D/WifiHAL ( 1314): no_seq_check received
04-02 17:07:53.557 I/WifiHAL ( 1314): event received NL80211_CMD_NEW_SCAN_RESULTS
04-02 17:07:53.557 I/WifiHAL ( 1314): event received NL80211_CMD_NEW_SCAN_RESULTS, vendor_id = 0x0
04-02 17:07:53.557 I/WifiHAL ( 1314): event ignored!!
04-02 17:07:53.557 D/wpa_supplicant( 2839): nl80211: Event message available
04-02 17:07:53.557 D/wpa_supplicant( 2839): nl80211: Drv Event 34 (NL80211_CMD_NEW_SCAN_RESULTS) received for wlan0
04-02 17:07:53.557 D/wpa_supplicant( 2839): wlan0: nl80211: New scan results available
04-02 17:07:53.557 D/wpa_supplicant( 2839): nl80211: Scan included frequencies: 2412 2437 2462
04-02 17:07:53.557 D/wpa_supplicant( 2839): wlan0: Event SCAN_RESULTS (3) received
04-02 17:07:53.557 D/wpa_supplicant( 2839): wlan0: Scan completed in 0.160109 seconds
04-02 17:07:53.557 D/wpa_supplicant( 2839): nl80211: Associated on 2412 MHz
04-02 17:07:53.557 D/wpa_supplicant( 2839): nl80211: Associated with 00:6b:f1:67:8d:01
04-02 17:07:53.557 D/wpa_supplicant( 2839): nl80211: Received scan results (13 BSSes)
04-02 17:07:53.558 D/wpa_supplicant( 2839): nl80211: Scan results indicate BSS status with 00:6b:f1:67:8d:01 as associated
04-02 17:07:53.558 D/wpa_supplicant( 2839): wlan0: BSS: Start scan result update 857
04-02 17:07:53.558 D/wpa_supplicant( 2839): BSS: last_scan_res_used=13/32
04-02 17:07:53.558 D/wpa_supplicant( 2839): wlan0: Scan-only results received
04-02 17:07:53.558 D/wpa_supplicant( 2839): CTRL_IFACE monitor sent successfully to /data/misc/wifi/sockets/wpa_ctrl_291-1\x00
04-02 17:07:53.558 D/wpa_supplicant( 2839): CTRL_IFACE monitor sent successfully to /data/misc/wifi/sockets/wpa_ctrl_1314-3\x00
04-02 17:07:53.558 D/wpa_supplicant( 2839): wlan0: Radio work 'scan'@0xb8c3fac8 done in 0.162751 seconds
04-02 17:07:53.562 D/wpa_supplicant( 2839): wlan0: Control interface command 'BSS RANGE=0- MASK=0x21987'
04-02 17:07:53.576 D/wpa_supplicant( 2839): wlan0: Control interface command 'STATUS-NO_EVENTS'
04-02 17:07:53.592 D/wpa_supplicant( 2839): wlan0: Control interface command 'SIGNAL_POLL'
04-02 17:07:53.958 I/ServiceManager( 2162): Waiting for service AtCmdFwd...
04-02 17:07:54.449 V/WLAN_PSA(  282): NL MSG, len[4050], NL type[0x1C] WNI type[0x5900] len[47631]
04-02 17:07:54.450 V/WLAN_PSA(  282): NL MSG, PID: 282
04-02 17:07:54.958 I/ServiceManager( 2162): Waiting for service AtCmdFwd...
04-02 17:07:55.959 I/ServiceManager( 2162): Waiting for service AtCmdFwd...
04-02 17:07:56.611 D/wpa_supplicant( 2839): wlan0: Control interface command 'SIGNAL_POLL'
04-02 17:07:56.959 I/ServiceManager( 2162): Waiting for service AtCmdFwd...
04-02 17:07:57.960 I/ServiceManager( 2162): Waiting for service AtCmdFwd...
04-02 17:07:58.014 V/WLAN_PSA(  282): NL MSG, len[4019], NL type[0x1C] WNI type[0x5900] len[39695]
04-02 17:07:58.014 V/WLAN_PSA(  282): NL MSG, PID: 282
04-02 17:07:58.960 W/Atfwd_Sendcmd( 2162): AtCmdFwd service not published, waiting... retryCnt : 3
04-02 17:07:59.628 D/wpa_supplicant( 2839): wlan0: Control interface command 'SIGNAL_POLL'
04-02 17:08:00.032 I/SurfaceFlinger(  259): FPS: 2
04-02 17:08:02.650 D/wpa_supplicant( 2839): wlan0: Control interface command 'SIGNAL_POLL'
04-02 17:08:02.654 V/WLAN_PSA(  282): NL MSG, len[4051], NL type[0x1C] WNI type[0x5900] len[47887]
04-02 17:08:02.654 V/WLAN_PSA(  282): NL MSG, PID: 282
04-02 17:08:05.671 D/wpa_supplicant( 2839): wlan0: Control interface command 'SIGNAL_POLL'
04-02 17:08:06.028 V/WLAN_PSA(  282): NL MSG, len[4042], NL type[0x1C] WNI type[0x5900] len[45583]
04-02 17:08:06.028 V/WLAN_PSA(  282): NL MSG, PID: 282
04-02 17:08:08.692 D/wpa_supplicant( 2839): wlan0: Control interface command 'SIGNAL_POLL'
04-02 17:08:11.710 V/WLAN_PSA(  282): NL MSG, len[4095], NL type[0x1C] WNI type[0x5900] len[59151]
04-02 17:08:11.710 V/WLAN_PSA(  282): NL MSG, PID: 282
04-02 17:08:11.712 D/wpa_supplicant( 2839): wlan0: Control interface command 'SIGNAL_POLL'
04-02 17:08:13.398 E/WifiStateMachine( 1314): WifiStateMachine CMD_START_SCAN source -2 txSuccessRate=0.00 rxSuccessRate=0.00 targetRoamBSSID=any RSSI=-45
04-02 17:08:13.399 E/WifiStateMachine( 1314): WifiStateMachine starting scan for "Verifone_Guest"-WPA_PSK with 2412,2462,2437
04-02 17:08:13.399 D/wpa_supplicant( 2839): wlan0: Control interface command 'SCAN TYPE=ONLY freq=2412,2462,2437'
04-02 17:08:13.399 D/wpa_supplicant( 2839): wlan0: Setting scan request: 0.000000 sec
04-02 17:08:13.399 D/wpa_supplicant( 2839): wlan0: Starting AP scan for wildcard SSID
04-02 17:08:13.399 D/wpa_supplicant( 2839): wlan0: Limit manual scan to specified channels
04-02 17:08:13.399 D/wpa_supplicant( 2839): wlan0: Add radio work 'scan'@0xb8c3fac8
04-02 17:08:13.399 D/wpa_supplicant( 2839): wlan0: First radio work item in the queue - schedule start immediately
04-02 17:08:13.399 D/wpa_supplicant( 2839): wlan0: Starting radio work 'scan'@0xb8c3fac8 after 0.000064 second wait
04-02 17:08:13.399 D/wpa_supplicant( 2839): wlan0: nl80211: scan request
04-02 17:08:13.399 D/wpa_supplicant( 2839): nl80211: Scan SSID - hexdump(len=0): [NULL]
04-02 17:08:13.399 D/wpa_supplicant( 2839): nl80211: Scan frequency 2412 MHz
04-02 17:08:13.399 D/wpa_supplicant( 2839): nl80211: Scan frequency 2437 MHz
04-02 17:08:13.399 D/wpa_supplicant( 2839): nl80211: Scan frequency 2462 MHz
04-02 17:08:13.400 I/WifiHAL ( 1314): Poll result = 1
04-02 17:08:13.400 I/WifiHAL ( 1314): Found some events!!!
04-02 17:08:13.400 D/WifiHAL ( 1314): no_seq_check received
04-02 17:08:13.400 I/WifiHAL ( 1314): event received NL80211_CMD_TRIGGER_SCAN
04-02 17:08:13.400 I/WifiHAL ( 1314): event received NL80211_CMD_TRIGGER_SCAN, vendor_id = 0x0
04-02 17:08:13.400 I/WifiHAL ( 1314): event ignored!!
04-02 17:08:13.401 V/WLAN_PSA(  282): NL MSG, len[3998], NL type[0x1C] WNI type[0x5900] len[34319]
04-02 17:08:13.401 V/WLAN_PSA(  282): NL MSG, PID: 282
04-02 17:08:13.401 V/WLAN_PSA(  282): NL MSG, len[914], NL type[0x11] WNI type[0x5050] len[894]
04-02 17:08:13.401 V/WLAN_PSA(  282): NL MSG, PID: 282
04-02 17:08:13.401 V/WLAN_PSA(  282): NL MSG, len[048], NL type[0x11] WNI type[0x5050] len[028]
04-02 17:08:13.401 V/WLAN_PSA(  282): NL MSG, PID: 282
04-02 17:08:13.401 D/wpa_supplicant( 2839): Scan requested (ret=0) - scan timeout 30 seconds
04-02 17:08:13.401 D/wpa_supplicant( 2839): nl80211: Event message available
04-02 17:08:13.401 D/wpa_supplicant( 2839): nl80211: Drv Event 33 (NL80211_CMD_TRIGGER_SCAN) received for wlan0
04-02 17:08:13.401 D/wpa_supplicant( 2839): wlan0: nl80211: Scan trigger
04-02 17:08:13.402 D/wpa_supplicant( 2839): wlan0: Event SCAN_STARTED (49) received
04-02 17:08:13.402 D/wpa_supplicant( 2839): wlan0: Own scan request started a scan in 0.000252 seconds
04-02 17:08:13.402 D/wpa_supplicant( 2839): CTRL_IFACE monitor sent successfully to /data/misc/wifi/sockets/wpa_ctrl_291-1\x00
04-02 17:08:13.403 D/wpa_supplicant( 2839): CTRL_IFACE monitor sent successfully to /data/misc/wifi/sockets/wpa_ctrl_1314-3\x00
04-02 17:08:13.415 V/WLAN_PSA(  282): NL MSG, len[4012], NL type[0x1C] WNI type[0x5900] len[37903]
04-02 17:08:13.415 V/WLAN_PSA(  282): NL MSG, PID: 282
04-02 17:08:13.466 V/WLAN_PSA(  282): NL MSG, len[4047], NL type[0x1C] WNI type[0x5900] len[46863]
04-02 17:08:13.466 V/WLAN_PSA(  282): NL MSG, PID: 282
04-02 17:08:13.509 V/WLAN_PSA(  282): NL MSG, len[3980], NL type[0x1C] WNI type[0x5900] len[29711]
04-02 17:08:13.509 V/WLAN_PSA(  282): NL MSG, PID: 282
04-02 17:08:13.558 V/WLAN_PSA(  282): NL MSG, len[4077], NL type[0x1C] WNI type[0x5900] len[54543]
04-02 17:08:13.558 V/WLAN_PSA(  282): NL MSG, PID: 282
04-02 17:08:13.579 V/WLAN_PSA(  282): NL MSG, len[914], NL type[0x11] WNI type[0x5050] len[894]
04-02 17:08:13.579 V/WLAN_PSA(  282): NL MSG, PID: 282
04-02 17:08:13.579 V/WLAN_PSA(  282): NL MSG, len[4002], NL type[0x1C] WNI type[0x5900] len[35343]
04-02 17:08:13.579 V/WLAN_PSA(  282): NL MSG, PID: 282
04-02 17:08:13.580 V/WLAN_PSA(  282): NL MSG, len[4014], NL type[0x1C] WNI type[0x5900] len[38415]
04-02 17:08:13.580 V/WLAN_PSA(  282): NL MSG, PID: 282
04-02 17:08:13.581 V/WLAN_PSA(  282): NL MSG, len[4079], NL type[0x1C] WNI type[0x5900] len[55055]
04-02 17:08:13.581 V/WLAN_PSA(  282): NL MSG, PID: 282
04-02 17:08:13.581 I/WifiHAL ( 1314): Poll result = 1
04-02 17:08:13.581 I/WifiHAL ( 1314): Found some events!!!
04-02 17:08:13.581 D/WifiHAL ( 1314): no_seq_check received
04-02 17:08:13.581 I/WifiHAL ( 1314): event received NL80211_CMD_NEW_SCAN_RESULTS
04-02 17:08:13.581 I/WifiHAL ( 1314): event received NL80211_CMD_NEW_SCAN_RESULTS, vendor_id = 0x0
04-02 17:08:13.581 I/WifiHAL ( 1314): event ignored!!
04-02 17:08:13.581 D/wpa_supplicant( 2839): nl80211: Event message available
04-02 17:08:13.581 D/wpa_supplicant( 2839): nl80211: Drv Event 34 (NL80211_CMD_NEW_SCAN_RESULTS) received for wlan0
04-02 17:08:13.581 D/wpa_supplicant( 2839): wlan0: nl80211: New scan results available
04-02 17:08:13.581 D/wpa_supplicant( 2839): nl80211: Scan included frequencies: 2412 2437 2462
04-02 17:08:13.582 D/wpa_supplicant( 2839): wlan0: Event SCAN_RESULTS (3) received
04-02 17:08:13.582 D/wpa_supplicant( 2839): wlan0: Scan completed in 0.180001 seconds
04-02 17:08:13.582 D/wpa_supplicant( 2839): nl80211: Associated on 2412 MHz
04-02 17:08:13.582 D/wpa_supplicant( 2839): nl80211: Associated with 00:6b:f1:67:8d:01
04-02 17:08:13.582 D/wpa_supplicant( 2839): nl80211: Received scan results (12 BSSes)
04-02 17:08:13.582 D/wpa_supplicant( 2839): nl80211: Scan results indicate BSS status with 00:6b:f1:67:8d:01 as associated
04-02 17:08:13.582 D/wpa_supplicant( 2839): wlan0: BSS: Start scan result update 858
04-02 17:08:13.582 D/wpa_supplicant( 2839): wlan0: BSS: Add new id 1221 BSSID 02:95:8e:9c:fd:bf SSID 'Hello-haolinju'
04-02 17:08:13.583 D/wpa_supplicant( 2839): CTRL_IFACE monitor sent successfully to /data/misc/wifi/sockets/wpa_ctrl_291-1\x00
04-02 17:08:13.585 D/wpa_supplicant( 2839): CTRL_IFACE monitor sent successfully to /data/misc/wifi/sockets/wpa_ctrl_1314-3\x00
04-02 17:08:13.585 D/wpa_supplicant( 2839): wlan0: BSS: Add new id 1222 BSSID 48:7d:2e:d0:8d:ba SSID 'huaxia'
04-02 17:08:13.586 D/wpa_supplicant( 2839): CTRL_IFACE monitor sent successfully to /data/misc/wifi/sockets/wpa_ctrl_291-1\x00
04-02 17:08:13.586 D/wpa_supplicant( 2839): CTRL_IFACE monitor sent successfully to /data/misc/wifi/sockets/wpa_ctrl_1314-3\x00
04-02 17:08:13.586 D/wpa_supplicant( 2839): BSS: last_scan_res_used=12/32
04-02 17:08:13.586 D/wpa_supplicant( 2839): wlan0: Scan-only results received
04-02 17:08:13.586 D/wpa_supplicant( 2839): CTRL_IFACE monitor sent successfully to /data/misc/wifi/sockets/wpa_ctrl_291-1\x00
04-02 17:08:13.590 D/wpa_supplicant( 2839): CTRL_IFACE monitor sent successfully to /data/misc/wifi/sockets/wpa_ctrl_1314-3\x00
04-02 17:08:13.590 D/wpa_supplicant( 2839): wlan0: Radio work 'scan'@0xb8c3fac8 done in 0.191129 seconds
04-02 17:08:13.590 D/wpa_supplicant( 2839): wlan0: Control interface command 'BSS RANGE=0- MASK=0x21987'
04-02 17:08:13.604 D/wpa_supplicant( 2839): wlan0: Control interface command 'STATUS-NO_EVENTS'
04-02 17:08:13.961 I/ServiceManager( 2162): Waiting for service AtCmdFwd...
04-02 17:08:14.728 D/wpa_supplicant( 2839): wlan0: Control interface command 'SIGNAL_POLL'
04-02 17:08:14.961 I/ServiceManager( 2162): Waiting for service AtCmdFwd...
04-02 17:08:15.962 I/ServiceManager( 2162): Waiting for service AtCmdFwd...
