04-02 17:11:38.258 D/com.socsi.thread.UploadResultThread(24223): 【进入应用下载结果上送线程】
04-02 17:11:38.262 D/com.socsi.thread.UploadResultThread(24223): ..........终端无应用下载/更新结果可以上送
04-02 17:11:38.263 D/com.socsi.thread.UploadResultThread(24223): ------------结果上送over------------------
04-02 17:11:38.856 D/com.socsi.thread.MtmsDownloadThread(24223): 【进入应用下载时机检查线程】
04-02 17:11:38.859 D/com.socsi.thread.MtmsDownloadThread(24223): 没有应用需要下载，不需要检查
04-02 17:11:38.861 D/com.socsi.thread.MtmsDownloadThread(24223): ------------下载时机检查 over------------------
04-02 17:11:39.000 I/ServiceManager( 2162): Waiting for service AtCmdFwd...
04-02 17:11:40.000 I/ServiceManager( 2162): Waiting for service AtCmdFwd...
04-02 17:11:41.001 I/ServiceManager( 2162): Waiting for service AtCmdFwd...
04-02 17:11:42.002 I/ServiceManager( 2162): Waiting for service AtCmdFwd...
04-02 17:11:43.003 I/ServiceManager( 2162): Waiting for service AtCmdFwd...
04-02 17:11:44.003 W/Atfwd_Sendcmd( 2162): AtCmdFwd service not published, waiting... retryCnt : 3
04-02 17:11:56.735 E/GpsXtraDownloader( 1314): No XTRA servers were specified in the GPS configuration
04-02 17:11:56.988 V/WLAN_PSA(  282): NL MSG, len[4006], NL type[0x1C] WNI type[0x5900] len[36367]
04-02 17:11:56.988 V/WLAN_PSA(  282): NL MSG, PID: 282
04-02 17:11:59.004 I/ServiceManager( 2162): Waiting for service AtCmdFwd...
04-02 17:12:00.005 I/ServiceManager( 2162): Waiting for service AtCmdFwd...
04-02 17:12:01.005 I/ServiceManager( 2162): Waiting for service AtCmdFwd...
04-02 17:12:02.006 I/ServiceManager( 2162): Waiting for service AtCmdFwd...
04-02 17:12:03.007 I/ServiceManager( 2162): Waiting for service AtCmdFwd...
04-02 17:12:04.007 W/Atfwd_Sendcmd( 2162): AtCmdFwd service not published, waiting... retryCnt : 4
04-02 17:12:18.989 V/WLAN_PSA(  282): NL MSG, len[4006], NL type[0x1C] WNI type[0x5900] len[36367]
04-02 17:12:18.990 V/WLAN_PSA(  282): NL MSG, PID: 282
04-02 17:12:24.008 I/ServiceManager( 2162): Waiting for service AtCmdFwd...
04-02 17:12:24.617 D/VM_BMS  (  472): wake_lock acquired
04-02 17:12:24.617 D/VM_BMS  (  472): New BMS data - Size=56
04-02 17:12:24.617 D/VM_BMS  (  472): Start process_bms_data
04-02 17:12:24.617 D/VM_BMS  (  472): Battery charge_cycle=17 fcc_adjust=527 rbatt_adjust=527 cycle_changed=false
04-02 17:12:24.619 D/VM_BMS  (  472): For batt_temp=284 fcc_mah=4997
04-02 17:12:24.619 D/VM_BMS  (  472): Lookup fcc_mah=4997.000000  adjusted fcc_mah=4970.666016
04-02 17:12:24.619 D/VM_BMS  (  472): For ocv=4193145 batt_temp=284 soc=100
04-02 17:12:24.619 D/VM_BMS  (  472): fifo_count=5 acc_count=0
04-02 17:12:24.619 D/VM_BMS  (  472): INIT: ocv=4193145 last_ocv=4193145 batt_temp=284 soc=100
04-02 17:12:24.619 D/VM_BMS  (  472): For soc=100 batt_temp=284 slope=14800
04-02 17:12:24.619 D/VM_BMS  (  472): For soc=100 batt_temp=284 rbatt_sf=100
04-02 17:12:24.619 D/VM_BMS  (  472): rbatt_mohm_default=100, rbatt_mohm=100, sf=100 batt_temp=284
04-02 17:12:24.619 D/VM_BMS  (  472): Lookup rbatt=100.000000  adjusted rbatt=100.527000
04-02 17:12:24.619 D/VM_BMS  (  472): For ocv=4193178 batt_temp=284 soc=100
04-02 17:12:24.619 D/VM_BMS  (  472): FIFO=0 fifo_avg=4.200079 rbatt=0.150527 slope=1.480000 ibatt=-0.045953 ocv=4.193179 soc=100 fcc_ah=4.970666 sample_count=128 sample_interval=70 seq_num=725
04-02 17:12:24.619 D/VM_BMS  (  472): For soc=100 batt_temp=284 slope=14800
04-02 17:12:24.619 D/VM_BMS  (  472): For soc=100 batt_temp=284 rbatt_sf=100
04-02 17:12:24.619 D/VM_BMS  (  472): rbatt_mohm_default=100, rbatt_mohm=100, sf=100 batt_temp=284
04-02 17:12:24.619 D/VM_BMS  (  472): Lookup rbatt=100.000000  adjusted rbatt=100.527000
04-02 17:12:24.619 D/VM_BMS  (  472): For ocv=4193216 batt_temp=284 soc=100
04-02 17:12:24.619 D/VM_BMS  (  472): FIFO=1 fifo_avg=4.200951 rbatt=0.150527 slope=1.480000 ibatt=-0.051511 ocv=4.193216 soc=100 fcc_ah=4.970666 sample_count=128 sample_interval=70 seq_num=725
04-02 17:12:24.619 D/VM_BMS  (  472): For soc=100 batt_temp=284 slope=14800
04-02 17:12:24.620 D/VM_BMS  (  472): For soc=100 batt_temp=284 rbatt_sf=100
04-02 17:12:24.620 D/VM_BMS  (  472): rbatt_mohm_default=100, rbatt_mohm=100, sf=100 batt_temp=284
04-02 17:12:24.620 D/VM_BMS  (  472): Lookup rbatt=100.000000  adjusted rbatt=100.527000
04-02 17:12:24.620 D/VM_BMS  (  472): For ocv=4193249 batt_temp=284 soc=100
04-02 17:12:24.620 D/VM_BMS  (  472): FIFO=2 fifo_avg=4.200066 rbatt=0.150527 slope=1.480000 ibatt=-0.045397 ocv=4.193250 soc=100 fcc_ah=4.970666 sample_count=128 sample_interval=70 seq_num=725
04-02 17:12:24.620 D/VM_BMS  (  472): For soc=100 batt_temp=284 slope=14800
04-02 17:12:24.620 D/VM_BMS  (  472): For soc=100 batt_temp=284 rbatt_sf=100
04-02 17:12:24.620 D/VM_BMS  (  472): rbatt_mohm_default=100, rbatt_mohm=100, sf=100 batt_temp=284
04-02 17:12:24.620 D/VM_BMS  (  472): Lookup rbatt=100.000000  adjusted rbatt=100.527000
04-02 17:12:24.620 D/VM_BMS  (  472): For ocv=4193288 batt_temp=284 soc=100
04-02 17:12:24.620 D/VM_BMS  (  472): FIFO=3 fifo_avg=4.201240 rbatt=0.150527 slope=1.480000 ibatt=-0.052955 ocv=4.193288 soc=100 fcc_ah=4.970666 sample_count=128 sample_interval=70 seq_num=725
04-02 17:12:24.620 D/VM_BMS  (  472): For soc=100 batt_temp=284 slope=14800
04-02 17:12:24.620 D/VM_BMS  (  472): For soc=100 batt_temp=284 rbatt_sf=100
04-02 17:12:24.620 D/VM_BMS  (  472): rbatt_mohm_default=100, rbatt_mohm=100, sf=100 batt_temp=284
04-02 17:12:24.620 D/VM_BMS  (  472): Lookup rbatt=100.000000  adjusted rbatt=100.527000
04-02 17:12:24.620 D/VM_BMS  (  472): For ocv=4193328 batt_temp=284 soc=100
04-02 17:12:24.620 D/VM_BMS  (  472): FIFO=4 fifo_avg=4.201531 rbatt=0.150527 slope=1.480000 ibatt=-0.054627 ocv=4.193328 soc=100 fcc_ah=4.970666 sample_count=128 sample_interval=70 seq_num=725
04-02 17:12:24.621 I/VM_BMS  (  472): power_supply_update: ocv_uv=4193328 ibatt=-54627 soc=100 seq_num=725
04-02 17:12:24.621 D/VM_BMS  (  472): End process_bms_data
04-02 17:12:24.621 D/VM_BMS  (  472): wake_lock released
04-02 17:12:25.008 I/ServiceManager( 2162): Waiting for service AtCmdFwd...
04-02 17:12:26.009 I/ServiceManager( 2162): Waiting for service AtCmdFwd...
04-02 17:12:27.009 I/ServiceManager( 2162): Waiting for service AtCmdFwd...
04-02 17:12:28.010 I/ServiceManager( 2162): Waiting for service AtCmdFwd...
04-02 17:12:29.010 W/Atfwd_Sendcmd( 2162): AtCmdFwd service not published, waiting... retryCnt : 5
04-02 17:12:37.378 D/com.socsi.thread.UploadTermInfoThread(24223): CommonConfig.isFirstStart:false
04-02 17:12:37.383 D/com.socsi.thread.UploadTermInfoThread(24223): 上一次的请求时间CommonConfig.lastExeTime:20190402142737
04-02 17:12:37.384 D/com.socsi.thread.UploadTermInfoThread(24223): 下一次的请求时间CommonConfig.nextExeTime:
04-02 17:12:37.386 D/com.socsi.thread.UploadTermInfoThread(24223): 下一次执行时间为空
04-02 17:12:37.389 D/com.socsi.thread.UploadTermInfoThread(24223): 当前状态currentStat:1      上一次状态lastExeStat:1
04-02 17:12:37.398 D/com.socsi.thread.UploadTermInfoThread(24223): 相差天数diffDay:0
04-02 17:12:37.399 D/com.socsi.thread.UploadTermInfoThread(24223): 状态没有变化，不符合发起查询的条件
04-02 17:12:38.265 D/com.socsi.thread.UploadResultThread(24223): 【进入应用下载结果上送线程】
04-02 17:12:38.267 D/com.socsi.thread.UploadResultThread(24223): ..........终端无应用下载/更新结果可以上送
04-02 17:12:38.269 D/com.socsi.thread.UploadResultThread(24223): ------------结果上送over------------------
04-02 17:12:40.988 V/WLAN_PSA(  282): NL MSG, len[4006], NL type[0x1C] WNI type[0x5900] len[36367]
04-02 17:12:40.988 V/WLAN_PSA(  282): NL MSG, PID: 282
04-02 17:12:54.011 I/Atfwd_Sendcmd( 2162): AtCmdFwd service not ready - Exhausted retry attempts - :6
04-02 17:12:54.011 I/Atfwd_Daemon( 2162): result : -1 	 ,Init step :2 	 ,qmiErrorCode: 0
04-02 17:13:02.988 V/WLAN_PSA(  282): NL MSG, len[4006], NL type[0x1C] WNI type[0x5900] len[36367]
04-02 17:13:02.988 V/WLAN_PSA(  282): NL MSG, PID: 282
04-02 17:13:12.767 D/VM_BMS  (  472): wake_lock acquired
04-02 17:13:12.767 D/VM_BMS  (  472): New BMS data - Size=56
04-02 17:13:12.767 D/VM_BMS  (  472): Start process_bms_data
04-02 17:13:12.767 D/VM_BMS  (  472): Battery charge_cycle=17 fcc_adjust=527 rbatt_adjust=527 cycle_changed=false
04-02 17:13:12.771 D/VM_BMS  (  472): For batt_temp=284 fcc_mah=4997
04-02 17:13:12.771 D/VM_BMS  (  472): Lookup fcc_mah=4997.000000  adjusted fcc_mah=4970.666016
04-02 17:13:12.771 D/VM_BMS  (  472): For ocv=4193328 batt_temp=284 soc=100
04-02 17:13:12.771 D/VM_BMS  (  472): fifo_count=5 acc_count=0
04-02 17:13:12.771 D/VM_BMS  (  472): INIT: ocv=4193328 last_ocv=4193328 batt_temp=284 soc=100
04-02 17:13:12.771 D/VM_BMS  (  472): For soc=100 batt_temp=284 slope=14800
04-02 17:13:12.771 D/VM_BMS  (  472): For soc=100 batt_temp=284 rbatt_sf=100
04-02 17:13:12.771 D/VM_BMS  (  472): rbatt_mohm_default=100, rbatt_mohm=100, sf=100 batt_temp=284
04-02 17:13:12.771 D/VM_BMS  (  472): Lookup rbatt=100.000000  adjusted rbatt=100.527000
04-02 17:13:12.771 D/VM_BMS  (  472): For ocv=4193362 batt_temp=284 soc=100
04-02 17:13:12.771 D/VM_BMS  (  472): FIFO=0 fifo_avg=4.200375 rbatt=0.150527 slope=1.480000 ibatt=-0.046702 ocv=4.193363 soc=100 fcc_ah=4.970666 sample_count=128 sample_interval=70 seq_num=726
04-02 17:13:12.771 D/VM_BMS  (  472): For soc=100 batt_temp=284 slope=14800
04-02 17:13:12.771 D/VM_BMS  (  472): For soc=100 batt_temp=284 rbatt_sf=100
04-02 17:13:12.771 D/VM_BMS  (  472): rbatt_mohm_default=100, rbatt_mohm=100, sf=100 batt_temp=284
04-02 17:13:12.771 D/VM_BMS  (  472): Lookup rbatt=100.000000  adjusted rbatt=100.527000
04-02 17:13:12.771 D/VM_BMS  (  472): For ocv=4193399 batt_temp=284 soc=100
04-02 17:13:12.771 D/VM_BMS  (  472): FIFO=1 fifo_avg=4.200963 rbatt=0.150527 slope=1.480000 ibatt=-0.050370 ocv=4.193399 soc=100 fcc_ah=4.970666 sample_count=128 sample_interval=70 seq_num=726
04-02 17:13:12.771 D/VM_BMS  (  472): For soc=100 batt_temp=284 slope=14800
04-02 17:13:12.771 D/VM_BMS  (  472): For soc=100 batt_temp=284 rbatt_sf=100
04-02 17:13:12.771 D/VM_BMS  (  472): rbatt_mohm_default=100, rbatt_mohm=100, sf=100 batt_temp=284
04-02 17:13:12.771 D/VM_BMS  (  472): Lookup rbatt=100.000000  adjusted rbatt=100.527000
04-02 17:13:12.771 D/VM_BMS  (  472): For ocv=4193437 batt_temp=284 soc=100
04-02 17:13:12.772 D/VM_BMS  (  472): FIFO=2 fifo_avg=4.201252 rbatt=0.150527 slope=1.480000 ibatt=-0.052042 ocv=4.193438 soc=100 fcc_ah=4.970666 sample_count=128 sample_interval=70 seq_num=726
04-02 17:13:12.772 D/VM_BMS  (  472): For soc=100 batt_temp=284 slope=14800
04-02 17:13:12.772 D/VM_BMS  (  472): For soc=100 batt_temp=284 rbatt_sf=100
04-02 17:13:12.772 D/VM_BMS  (  472): rbatt_mohm_default=100, rbatt_mohm=100, sf=100 batt_temp=284
04-02 17:13:12.772 D/VM_BMS  (  472): Lookup rbatt=100.000000  adjusted rbatt=100.527000
04-02 17:13:12.772 D/VM_BMS  (  472): For ocv=4193471 batt_temp=284 soc=100
04-02 17:13:12.772 D/VM_BMS  (  472): FIFO=3 fifo_avg=4.200367 rbatt=0.150527 slope=1.480000 ibatt=-0.045924 ocv=4.193471 soc=100 fcc_ah=4.970666 sample_count=128 sample_interval=70 seq_num=726
04-02 17:13:12.772 D/VM_BMS  (  472): For soc=100 batt_temp=284 slope=14800
04-02 17:13:12.772 D/VM_BMS  (  472): For soc=100 batt_temp=284 rbatt_sf=100
04-02 17:13:12.772 D/VM_BMS  (  472): rbatt_mohm_default=100, rbatt_mohm=100, sf=100 batt_temp=284
04-02 17:13:12.772 D/VM_BMS  (  472): Lookup rbatt=100.000000  adjusted rbatt=100.527000
04-02 17:13:12.772 D/VM_BMS  (  472): For ocv=4193509 batt_temp=284 soc=100
04-02 17:13:12.772 D/VM_BMS  (  472): FIFO=4 fifo_avg=4.201260 rbatt=0.150527 slope=1.480000 ibatt=-0.051619 ocv=4.193509 soc=100 fcc_ah=4.970666 sample_count=128 sample_interval=70 seq_num=726
04-02 17:13:12.772 I/VM_BMS  (  472): power_supply_update: ocv_uv=4193509 ibatt=-51618 soc=100 seq_num=726
04-02 17:13:12.772 D/VM_BMS  (  472): End process_bms_data
04-02 17:13:12.772 D/VM_BMS  (  472): wake_lock released
04-02 17:13:14.013 I/ServiceManager( 2162): Waiting for service AtCmdFwd...
04-02 17:13:15.014 I/ServiceManager( 2162): Waiting for service AtCmdFwd...
04-02 17:13:16.015 I/ServiceManager( 2162): Waiting for service AtCmdFwd...
04-02 17:13:17.015 I/ServiceManager( 2162): Waiting for service AtCmdFwd...
04-02 17:13:18.016 I/ServiceManager( 2162): Waiting for service AtCmdFwd...
04-02 17:13:19.016 W/Atfwd_Sendcmd( 2162): AtCmdFwd service not published, waiting... retryCnt : 1
04-02 17:13:24.017 I/ServiceManager( 2162): Waiting for service AtCmdFwd...
04-02 17:13:24.988 V/WLAN_PSA(  282): NL MSG, len[4006], NL type[0x1C] WNI type[0x5900] len[36367]
04-02 17:13:24.988 V/WLAN_PSA(  282): NL MSG, PID: 282
04-02 17:13:25.017 I/ServiceManager( 2162): Waiting for service AtCmdFwd...
04-02 17:13:26.018 I/ServiceManager( 2162): Waiting for service AtCmdFwd...
04-02 17:13:27.019 I/ServiceManager( 2162): Waiting for service AtCmdFwd...
04-02 17:13:28.020 I/ServiceManager( 2162): Waiting for service AtCmdFwd...
04-02 17:13:29.020 W/Atfwd_Sendcmd( 2162): AtCmdFwd service not published, waiting... retryCnt : 2
04-02 17:13:38.271 D/com.socsi.thread.UploadResultThread(24223): 【进入应用下载结果上送线程】
04-02 17:13:38.276 D/com.socsi.thread.UploadResultThread(24223): ..........终端无应用下载/更新结果可以上送
04-02 17:13:38.278 D/com.socsi.thread.UploadResultThread(24223): ------------结果上送over------------------
04-02 17:13:38.863 D/com.socsi.thread.MtmsDownloadThread(24223): 【进入应用下载时机检查线程】
04-02 17:13:38.868 D/com.socsi.thread.MtmsDownloadThread(24223): 没有应用需要下载，不需要检查
04-02 17:13:38.870 D/com.socsi.thread.MtmsDownloadThread(24223): ------------下载时机检查 over------------------
04-02 17:13:39.021 I/ServiceManager( 2162): Waiting for service AtCmdFwd...
04-02 17:13:40.022 I/ServiceManager( 2162): Waiting for service AtCmdFwd...
04-02 17:13:41.022 I/ServiceManager( 2162): Waiting for service AtCmdFwd...
04-02 17:13:42.023 I/ServiceManager( 2162): Waiting for service AtCmdFwd...
04-02 17:13:43.024 I/ServiceManager( 2162): Waiting for service AtCmdFwd...
04-02 17:13:44.024 W/Atfwd_Sendcmd( 2162): AtCmdFwd service not published, waiting... retryCnt : 3
04-02 17:13:46.988 V/WLAN_PSA(  282): NL MSG, len[4006], NL type[0x1C] WNI type[0x5900] len[36367]
04-02 17:13:46.988 V/WLAN_PSA(  282): NL MSG, PID: 282
04-02 17:13:59.025 I/ServiceManager( 2162): Waiting for service AtCmdFwd...
04-02 17:14:00.025 I/ServiceManager( 2162): Waiting for service AtCmdFwd...
04-02 17:14:00.905 D/VM_BMS  (  472): wake_lock acquired
04-02 17:14:00.905 D/VM_BMS  (  472): New BMS data - Size=56
04-02 17:14:00.905 D/VM_BMS  (  472): Start process_bms_data
04-02 17:14:00.906 D/VM_BMS  (  472): Battery charge_cycle=17 fcc_adjust=527 rbatt_adjust=527 cycle_changed=false
04-02 17:14:00.907 D/VM_BMS  (  472): For batt_temp=284 fcc_mah=4997
04-02 17:14:00.907 D/VM_BMS  (  472): Lookup fcc_mah=4997.000000  adjusted fcc_mah=4970.666016
04-02 17:14:00.907 D/VM_BMS  (  472): For ocv=4193509 batt_temp=284 soc=100
04-02 17:14:00.907 D/VM_BMS  (  472): fifo_count=5 acc_count=0
04-02 17:14:00.908 D/VM_BMS  (  472): INIT: ocv=4193509 last_ocv=4193509 batt_temp=284 soc=100
04-02 17:14:00.908 D/VM_BMS  (  472): For soc=100 batt_temp=284 slope=14800
04-02 17:14:00.908 D/VM_BMS  (  472): For soc=100 batt_temp=284 rbatt_sf=100
04-02 17:14:00.908 D/VM_BMS  (  472): rbatt_mohm_default=100, rbatt_mohm=100, sf=100 batt_temp=284
04-02 17:14:00.908 D/VM_BMS  (  472): Lookup rbatt=100.000000  adjusted rbatt=100.527000
04-02 17:14:00.908 D/VM_BMS  (  472): For ocv=4193542 batt_temp=284 soc=100
04-02 17:14:00.908 D/VM_BMS  (  472): FIFO=0 fifo_avg=4.200312 rbatt=0.150527 slope=1.480000 ibatt=-0.045084 ocv=4.193542 soc=100 fcc_ah=4.970666 sample_count=128 sample_interval=70 seq_num=727
04-02 17:14:00.908 D/VM_BMS  (  472): For soc=100 batt_temp=284 slope=14800
04-02 17:14:00.908 D/VM_BMS  (  472): For soc=100 batt_temp=284 rbatt_sf=100
04-02 17:14:00.908 D/VM_BMS  (  472): rbatt_mohm_default=100, rbatt_mohm=100, sf=100 batt_temp=284
04-02 17:14:00.908 D/VM_BMS  (  472): Lookup rbatt=100.000000  adjusted rbatt=100.527000
04-02 17:14:00.908 D/VM_BMS  (  472): For ocv=4193579 batt_temp=284 soc=100
04-02 17:14:00.908 D/VM_BMS  (  472): FIFO=1 fifo_avg=4.201189 rbatt=0.150527 slope=1.480000 ibatt=-0.050677 ocv=4.193580 soc=100 fcc_ah=4.970666 sample_count=128 sample_interval=70 seq_num=727
04-02 17:14:00.908 D/VM_BMS  (  472): For soc=100 batt_temp=284 slope=14800
04-02 17:14:00.908 D/VM_BMS  (  472): For soc=100 batt_temp=284 rbatt_sf=100
04-02 17:14:00.908 D/VM_BMS  (  472): rbatt_mohm_default=100, rbatt_mohm=100, sf=100 batt_temp=284
04-02 17:14:00.908 D/VM_BMS  (  472): Lookup rbatt=100.000000  adjusted rbatt=100.527000
04-02 17:14:00.908 D/VM_BMS  (  472): For ocv=4193616 batt_temp=284 soc=100
04-02 17:14:00.908 D/VM_BMS  (  472): FIFO=2 fifo_avg=4.201197 rbatt=0.150527 slope=1.480000 ibatt=-0.050484 ocv=4.193616 soc=100 fcc_ah=4.970666 sample_count=128 sample_interval=70 seq_num=727
04-02 17:14:00.908 D/VM_BMS  (  472): For soc=100 batt_temp=284 slope=14800
04-02 17:14:00.908 D/VM_BMS  (  472): For soc=100 batt_temp=284 rbatt_sf=100
04-02 17:14:00.908 D/VM_BMS  (  472): rbatt_mohm_default=100, rbatt_mohm=100, sf=100 batt_temp=284
04-02 17:14:00.908 D/VM_BMS  (  472): Lookup rbatt=100.000000  adjusted rbatt=100.527000
04-02 17:14:00.908 D/VM_BMS  (  472): For ocv=4193653 batt_temp=284 soc=100
04-02 17:14:00.908 D/VM_BMS  (  472): FIFO=3 fifo_avg=4.201197 rbatt=0.150527 slope=1.480000 ibatt=-0.050241 ocv=4.193653 soc=100 fcc_ah=4.970666 sample_count=128 sample_interval=70 seq_num=727
04-02 17:14:00.909 D/VM_BMS  (  472): For soc=100 batt_temp=284 slope=14800
04-02 17:14:00.909 D/VM_BMS  (  472): For soc=100 batt_temp=284 rbatt_sf=100
04-02 17:14:00.909 D/VM_BMS  (  472): rbatt_mohm_default=100, rbatt_mohm=100, sf=100 batt_temp=284
04-02 17:14:00.909 D/VM_BMS  (  472): Lookup rbatt=100.000000  adjusted rbatt=100.527000
04-02 17:14:00.909 D/VM_BMS  (  472): For ocv=4193690 batt_temp=284 soc=100
04-02 17:14:00.909 D/VM_BMS  (  472): FIFO=4 fifo_avg=4.201210 rbatt=0.150527 slope=1.480000 ibatt=-0.050080 ocv=4.193690 soc=100 fcc_ah=4.970666 sample_count=128 sample_interval=70 seq_num=727
04-02 17:14:00.910 I/VM_BMS  (  472): power_supply_update: ocv_uv=4193690 ibatt=-50079 soc=100 seq_num=727
04-02 17:14:00.910 D/VM_BMS  (  472): End process_bms_data
04-02 17:14:00.910 D/VM_BMS  (  472): wake_lock released
04-02 17:14:01.026 I/ServiceManager( 2162): Waiting for service AtCmdFwd...
04-02 17:14:02.027 I/ServiceManager( 2162): Waiting for service AtCmdFwd...
04-02 17:14:03.027 I/ServiceManager( 2162): Waiting for service AtCmdFwd...
04-02 17:14:04.027 W/Atfwd_Sendcmd( 2162): AtCmdFwd service not published, waiting... retryCnt : 4
04-02 17:14:08.988 V/WLAN_PSA(  282): NL MSG, len[4006], NL type[0x1C] WNI type[0x5900] len[36367]
04-02 17:14:08.988 V/WLAN_PSA(  282): NL MSG, PID: 282
04-02 17:14:24.028 I/ServiceManager( 2162): Waiting for service AtCmdFwd...
04-02 17:14:25.028 I/ServiceManager( 2162): Waiting for service AtCmdFwd...
04-02 17:14:26.029 I/ServiceManager( 2162): Waiting for service AtCmdFwd...
04-02 17:14:27.030 I/ServiceManager( 2162): Waiting for service AtCmdFwd...
04-02 17:14:28.032 I/ServiceManager( 2162): Waiting for service AtCmdFwd...
04-02 17:14:29.032 W/Atfwd_Sendcmd( 2162): AtCmdFwd service not published, waiting... retryCnt : 5
04-02 17:14:30.988 V/WLAN_PSA(  282): NL MSG, len[4006], NL type[0x1C] WNI type[0x5900] len[36367]
04-02 17:14:30.988 V/WLAN_PSA(  282): NL MSG, PID: 282
04-02 17:14:32.179 W/TelecomManager( 1314): Telecom Service not found.
04-02 17:14:32.180 W/ContextImpl( 1314): Calling a method in the system process without a qualified user: android.app.ContextImpl.sendBroadcast:1349 com.android.internal.policy.impl.PhoneWindowManager.interceptKeyBeforeQueueing:5368 com.android.server.wm.InputMonitor.interceptKeyBeforeQueueing:370 com.android.server.input.InputManagerService.interceptKeyBeforeQueueing:1476 <bottom of call stack> 
04-02 17:14:32.181 W/TelecomManager( 1314): Telecom Service not found.
04-02 17:14:32.181 I/PowerManagerService( 1314): Waking up from dozing (uid 1000)...
04-02 17:14:32.182 I/QCOM PowerHAL( 1314): Got set_interactive hint
04-02 17:14:32.182 I/DisplayPowerController( 1314): Blocking screen on until initial contents have been drawn.
04-02 17:14:32.183 V/KeyguardServiceDelegate( 1314): onScreenTurnedOn(showListener = com.android.internal.policy.impl.PhoneWindowManager$2@2477b653)
04-02 17:14:32.186 D/SurfaceFlinger(  259): Set power mode=2, type=0 flinger=0xb76a65f8
04-02 17:14:32.186 D/qdhwcomposer(  259): hwc_setPowerMode: Setting mode 2 on display: 0
04-02 17:14:32.186 E/qdutils (  259): int qdutils::getHDMINode(): Failed to open fb node 1
04-02 17:14:32.187 E/qdutils (  259): int qdutils::getHDMINode(): Failed to open fb node 2
04-02 17:14:32.187 E/qdutils (  259): int qdutils::getHDMINode(): Failed to find HDMI node
04-02 17:14:32.189 I/DisplayManagerService( 1314): Display device changed: DisplayDeviceInfo{"Built-in Screen": uniqueId="local:0", 720 x 1280, 60.0 fps, supportedRefreshRates [60.0], density 320, 309.966 x 312.615 dpi, appVsyncOff 0, presDeadline 17666667, touch INTERNAL, rotation 0, type BUILT_IN, state ON, FLAG_DEFAULT_DISPLAY, FLAG_ROTATES_WITH_CONTENT, FLAG_SECURE, FLAG_SUPPORTS_PROTECTED_BUFFERS}
04-02 17:14:32.199 V/ActivityManager( 1314): Display changed displayId=0
04-02 17:14:32.210 D/K21NFCTAG( 3006): mReceiver action.equals(Intent.ACTION_SCREEN_ON)
04-02 17:14:32.213 V/KeyguardServiceDelegate( 1314): **** SHOWN CALLED ****
04-02 17:14:32.258 E/WifiStateMachine( 1314): cancelDelayedScan -> 913
04-02 17:14:32.259 D/wpa_supplicant( 2839): wlan0: Control interface command 'SIGNAL_POLL'
04-02 17:14:32.262 I/DisplayPowerController( 1314): Unblocked screen on after 80 ms
04-02 17:14:32.262 V/SRS_Proc(  274): ParamSet string: screen_state=on
04-02 17:14:32.262 D/audio_hw_primary(  274): adev_set_parameters: enter: screen_state=on
04-02 17:14:32.263 D/audio_hw_extn(  274): audio_extn_set_anc_parameters: anc_enabled:0
04-02 17:14:32.263 E/audio_a2dp_hw(  274): adev_set_parameters: ERROR: set param called even when stream out is null
04-02 17:14:32.264 D/TelephonyIcons( 2713): updateDataType sub=0, type=0, inetCondition=1 showAtLeast3G=false show4GforLte=true hspaDistinguishable=false
04-02 17:14:32.264 D/TelephonyIcons( 2713): data type item name: array/telephony_data_type_sim1
04-02 17:14:32.264 D/TelephonyIcons( 2713): data type item id: 2131165188
04-02 17:14:32.265 D/TelephonyIcons( 2713): updateDataType mSelectedDataTypeIcon[0]=0, mSelectedDataActivityIndex=0
04-02 17:14:32.265 D/TelephonyIcons( 2713): null signal icon name: drawable/stat_sys_signal_null
04-02 17:14:32.265 D/StatusBar.NetworkController( 2713): refreshViews: Data not connected!! Set no data type icon / Roaming
04-02 17:14:32.278 E/native  ( 1314): do suspend false
04-02 17:14:32.278 D/wpa_supplicant( 2839): wlan0: Control interface command 'DRIVER SETSUSPENDMODE 0'
04-02 17:14:32.279 V/WLAN_PSA(  282): NL MSG, len[048], NL type[0x11] WNI type[0x5050] len[028]
04-02 17:14:32.279 V/WLAN_PSA(  282): NL MSG, PID: 282
04-02 17:14:32.280 V/WLAN_PSA(  282): NL MSG, len[048], NL type[0x11] WNI type[0x5050] len[028]
04-02 17:14:32.280 V/WLAN_PSA(  282): NL MSG, PID: 282
04-02 17:14:32.283 D/ldebug  ( 2713): --ACTION_SCREEN_ON--
04-02 17:14:32.292 V/WLAN_PSA(  282): NL MSG, len[048], NL type[0x11] WNI type[0x5050] len[028]
04-02 17:14:32.292 V/WLAN_PSA(  282): NL MSG, PID: 282
04-02 17:14:32.293 V/WLAN_PSA(  282): NL MSG, len[4088], NL type[0x1C] WNI type[0x5900] len[57359]
04-02 17:14:32.293 V/WLAN_PSA(  282): NL MSG, PID: 282
04-02 17:14:32.293 V/WLAN_PSA(  282): NL MSG, len[048], NL type[0x11] WNI type[0x5050] len[028]
04-02 17:14:32.293 V/WLAN_PSA(  282): NL MSG, PID: 282
04-02 17:14:32.293 V/WLAN_PSA(  282): NL MSG, len[048], NL type[0x11] WNI type[0x5050] len[028]
04-02 17:14:32.293 V/WLAN_PSA(  282): NL MSG, PID: 282
04-02 17:14:32.302 D/wpa_supplicant( 2839): wpa_driver_nl80211_driver_cmd SETSUSPENDMODE 0 len = 0, 4096
04-02 17:14:32.304 D/wpa_supplicant( 2839): wlan0: Control interface command 'BLACKLIST clear'
04-02 17:14:32.304 V/WLAN_PSA(  282): NL MSG, len[048], NL type[0x11] WNI type[0x5050] len[028]
04-02 17:14:32.304 V/WLAN_PSA(  282): NL MSG, PID: 282
04-02 17:14:32.304 V/WLAN_PSA(  282): NL MSG, len[3977], NL type[0x1C] WNI type[0x5900] len[28943]
04-02 17:14:32.304 V/WLAN_PSA(  282): NL MSG, PID: 282
04-02 17:14:32.316 I/WifiHAL ( 1314): Poll result = 1
04-02 17:14:32.316 I/WifiHAL ( 1314): Found some events!!!
04-02 17:14:32.316 D/WifiHAL ( 1314): no_seq_check received
04-02 17:14:32.316 I/WifiHAL ( 1314): event received NL80211_CMD_SET_REKEY_OFFLOAD
04-02 17:14:32.316 I/WifiHAL ( 1314): event received NL80211_CMD_SET_REKEY_OFFLOAD, vendor_id = 0x0
04-02 17:14:32.316 I/WifiHAL ( 1314): event ignored!!
04-02 17:14:32.317 D/wpa_supplicant( 2839): nl80211: Event message available
04-02 17:14:32.317 D/wpa_supplicant( 2839): nl80211: Drv Event 79 (NL80211_CMD_SET_REKEY_OFFLOAD) received for wlan0
04-02 17:14:32.317 D/wpa_supplicant( 2839): nl80211: Rekey offload event for BSSID 00:6b:f1:67:8d:01
04-02 17:14:32.317 D/wpa_supplicant( 2839): nl80211: Rekey offload - Replay Counter - hexdump(len=8): 00 00 00 00 00 00 00 07
04-02 17:14:32.317 D/wpa_supplicant( 2839): wlan0: Event DRIVER_GTK_REKEY (37) received
04-02 17:14:32.467 I/qdhwcomposer(  259): handle_blank_event: dpy:0 panel power state: 1
04-02 17:14:32.468 E/qdutils (  259): int qdutils::getHDMINode(): Failed to open fb node 1
04-02 17:14:32.468 E/qdutils (  259): int qdutils::getHDMINode(): Failed to open fb node 2
04-02 17:14:32.468 E/qdutils (  259): int qdutils::getHDMINode(): Failed to find HDMI node
04-02 17:14:32.482 D/K21NFCTAG( 3006): mReceiver action.equals(Intent.ACTION_SCREEN_ON)
04-02 17:14:32.487 D/GestureManagerService( 3027): echo 0 to /sys/class/gesture/gesture_ft5x06/pocket
04-02 17:14:32.488 W/GestureManagerService( 3027): failed to set node: java.io.FileNotFoundException: /sys/class/gesture/gesture_ft5x06/pocket: open failed: ENOENT (No such file or directory)
04-02 17:14:32.490 D/Ulp_jni ( 1314): JNI:system_update. Event-0
04-02 17:14:32.498 D/StatusBar.NetworkController( 2713): refreshViews: Data not connected!! Set no data type icon / Roaming
04-02 17:14:32.500 D/com.socsi.service.ReceiverService( 4168): —— SCREEN_ON ——0
04-02 17:14:32.507 D/com.socsi.service.ReceiverService(24223): —— SCREEN_ON ——0
04-02 17:14:32.511 D/StatusBar.NetworkController( 2713): refreshViews: Data not connected!! Set no data type icon / Roaming
04-02 17:14:32.659 D/qdhwcomposer(  259): hwc_setPowerMode: Done setting mode 2 on display 0
04-02 17:14:32.660 D/SurfaceControl( 1314): Excessive delay in setPowerMode(): 475ms
04-02 17:14:32.664 I/DreamManagerService( 1314): Gently waking up from dream.
04-02 17:14:32.666 I/DreamManagerService( 1314): Leaving dreamland.
04-02 17:14:32.666 I/DreamController( 1314): Stopping dream: name=ComponentInfo{com.android.systemui/com.android.systemui.doze.DozeService}, isTest=false, canDoze=true, userId=0
04-02 17:14:32.671 I/SurfaceFlinger(  259): FPS: 29
04-02 17:14:32.728 I/PPDaemon(  305): int ScreenRefresher::Refresh(uint32_t, uint32_t)(): Skipping refresh request! refCount 1, state 5
04-02 17:14:32.728 I/PPDaemon(  305): int ScreenRefresher::Refresh(uint32_t, uint32_t)(): Skipping refresh request! refCount 2, state 5
04-02 17:14:32.760 E/WifiStateMachine( 1314): WifiStateMachine CMD_START_SCAN source -2 txSuccessRate=0.00 rxSuccessRate=0.00 targetRoamBSSID=any RSSI=-44
04-02 17:14:32.761 D/wpa_supplicant( 2839): wlan0: Control interface command 'SCAN TYPE=ONLY'
04-02 17:14:32.761 D/wpa_supplicant( 2839): wlan0: Setting scan request: 0.000000 sec
04-02 17:14:32.761 D/wpa_supplicant( 2839): wlan0: Starting AP scan for wildcard SSID
04-02 17:14:32.761 D/wpa_supplicant( 2839): wlan0: Add radio work 'scan'@0xb8c3fac8
04-02 17:14:32.761 D/wpa_supplicant( 2839): wlan0: First radio work item in the queue - schedule start immediately
04-02 17:14:32.761 D/wpa_supplicant( 2839): wlan0: Starting radio work 'scan'@0xb8c3fac8 after 0.000072 second wait
04-02 17:14:32.761 D/wpa_supplicant( 2839): wlan0: nl80211: scan request
04-02 17:14:32.761 D/wpa_supplicant( 2839): nl80211: Scan SSID - hexdump(len=0): [NULL]
04-02 17:14:32.762 V/WLAN_PSA(  282): NL MSG, len[4063], NL type[0x1C] WNI type[0x5900] len[50959]
04-02 17:14:32.762 V/WLAN_PSA(  282): NL MSG, PID: 282
04-02 17:14:32.762 V/WLAN_PSA(  282): NL MSG, len[914], NL type[0x11] WNI type[0x5050] len[894]
04-02 17:14:32.762 V/WLAN_PSA(  282): NL MSG, PID: 282
04-02 17:14:32.763 D/wpa_supplicant( 2839): Scan requested (ret=0) - scan timeout 30 seconds
04-02 17:14:32.763 D/wpa_supplicant( 2839): nl80211: Event message available
04-02 17:14:32.763 D/wpa_supplicant( 2839): nl80211: Drv Event 33 (NL80211_CMD_TRIGGER_SCAN) received for wlan0
04-02 17:14:32.763 D/wpa_supplicant( 2839): wlan0: nl80211: Scan trigger
04-02 17:14:32.763 D/wpa_supplicant( 2839): wlan0: Event SCAN_STARTED (49) received
04-02 17:14:32.763 D/wpa_supplicant( 2839): wlan0: Own scan request started a scan in 0.000224 seconds
04-02 17:14:32.763 I/WifiHAL ( 1314): Poll result = 1
04-02 17:14:32.763 I/WifiHAL ( 1314): Found some events!!!
04-02 17:14:32.763 D/WifiHAL ( 1314): no_seq_check received
04-02 17:14:32.763 V/WLAN_PSA(  282): NL MSG, len[048], NL type[0x11] WNI type[0x5050] len[028]
04-02 17:14:32.763 I/WifiHAL ( 1314): event received NL80211_CMD_TRIGGER_SCAN
04-02 17:14:32.763 V/WLAN_PSA(  282): NL MSG, PID: 282
04-02 17:14:32.763 I/WifiHAL ( 1314): event received NL80211_CMD_TRIGGER_SCAN, vendor_id = 0x0
04-02 17:14:32.763 I/WifiHAL ( 1314): event ignored!!
04-02 17:14:32.764 D/wpa_supplicant( 2839): CTRL_IFACE monitor sent successfully to /data/misc/wifi/sockets/wpa_ctrl_291-1\x00
04-02 17:14:32.764 D/wpa_supplicant( 2839): CTRL_IFACE monitor sent successfully to /data/misc/wifi/sockets/wpa_ctrl_1314-3\x00
04-02 17:14:32.776 V/WLAN_PSA(  282): NL MSG, len[4030], NL type[0x1C] WNI type[0x5900] len[42511]
04-02 17:14:32.776 V/WLAN_PSA(  282): NL MSG, PID: 282
04-02 17:14:32.798 V/WLAN_PSA(  282): NL MSG, len[4014], NL type[0x1C] WNI type[0x5900] len[38415]
04-02 17:14:32.798 V/WLAN_PSA(  282): NL MSG, PID: 282
04-02 17:14:32.829 V/WLAN_PSA(  282): NL MSG, len[4070], NL type[0x1C] WNI type[0x5900] len[52751]
04-02 17:14:32.829 V/WLAN_PSA(  282): NL MSG, PID: 282
04-02 17:14:32.868 V/WLAN_PSA(  282): NL MSG, len[3992], NL type[0x1C] WNI type[0x5900] len[32783]
04-02 17:14:32.868 V/WLAN_PSA(  282): NL MSG, PID: 282
04-02 17:14:32.898 V/WLAN_PSA(  282): NL MSG, len[4026], NL type[0x1C] WNI type[0x5900] len[41487]
04-02 17:14:32.899 V/WLAN_PSA(  282): NL MSG, PID: 282
04-02 17:14:32.949 V/WLAN_PSA(  282): NL MSG, len[3988], NL type[0x1C] WNI type[0x5900] len[31759]
04-02 17:14:32.949 V/WLAN_PSA(  282): NL MSG, PID: 282
04-02 17:14:32.995 V/WLAN_PSA(  282): NL MSG, len[4045], NL type[0x1C] WNI type[0x5900] len[46351]
04-02 17:14:32.995 V/WLAN_PSA(  282): NL MSG, PID: 282
04-02 17:14:33.045 V/WLAN_PSA(  282): NL MSG, len[4005], NL type[0x1C] WNI type[0x5900] len[36111]
04-02 17:14:33.045 V/WLAN_PSA(  282): NL MSG, PID: 282
04-02 17:14:33.096 V/WLAN_PSA(  282): NL MSG, len[4048], NL type[0x1C] WNI type[0x5900] len[47119]
04-02 17:14:33.096 V/WLAN_PSA(  282): NL MSG, PID: 282
04-02 17:14:33.145 V/WLAN_PSA(  282): NL MSG, len[4023], NL type[0x1C] WNI type[0x5900] len[40719]
04-02 17:14:33.145 V/WLAN_PSA(  282): NL MSG, PID: 282
04-02 17:14:33.189 V/WLAN_PSA(  282): NL MSG, len[3984], NL type[0x1C] WNI type[0x5900] len[30735]
04-02 17:14:33.189 V/WLAN_PSA(  282): NL MSG, PID: 282
04-02 17:14:33.232 V/WLAN_PSA(  282): NL MSG, len[4087], NL type[0x1C] WNI type[0x5900] len[57103]
04-02 17:14:33.232 V/WLAN_PSA(  282): NL MSG, PID: 282
04-02 17:14:33.235 V/WLAN_PSA(  282): NL MSG, len[914], NL type[0x11] WNI type[0x5050] len[894]
04-02 17:14:33.235 V/WLAN_PSA(  282): NL MSG, PID: 282
04-02 17:14:33.235 V/WLAN_PSA(  282): NL MSG, len[4032], NL type[0x1C] WNI type[0x5900] len[43023]
04-02 17:14:33.235 V/WLAN_PSA(  282): NL MSG, PID: 282
04-02 17:14:33.236 V/WLAN_PSA(  282): NL MSG, len[4047], NL type[0x1C] WNI type[0x5900] len[46863]
04-02 17:14:33.236 V/WLAN_PSA(  282): NL MSG, PID: 282
04-02 17:14:33.236 I/WifiHAL ( 1314): Poll result = 1
04-02 17:14:33.236 D/wpa_supplicant( 2839): nl80211: Event message available
04-02 17:14:33.236 I/WifiHAL ( 1314): Found some events!!!
04-02 17:14:33.236 D/WifiHAL ( 1314): no_seq_check received
04-02 17:14:33.236 D/wpa_supplicant( 2839): nl80211: Drv Event 34 (NL80211_CMD_NEW_SCAN_RESULTS) received for wlan0
04-02 17:14:33.236 I/WifiHAL ( 1314): event received NL80211_CMD_NEW_SCAN_RESULTS
04-02 17:14:33.236 D/wpa_supplicant( 2839): wlan0: nl80211: New scan results available
04-02 17:14:33.236 I/WifiHAL ( 1314): event received NL80211_CMD_NEW_SCAN_RESULTS, vendor_id = 0x0
04-02 17:14:33.236 I/WifiHAL ( 1314): event ignored!!
04-02 17:14:33.236 D/wpa_supplicant( 2839): nl80211: Scan included frequencies: 2412 2417 2422 2427 2432 2437 2442 2447 2452 2457 2462 2467 2472
04-02 17:14:33.236 D/wpa_supplicant( 2839): wlan0: Event SCAN_RESULTS (3) received
04-02 17:14:33.236 D/wpa_supplicant( 2839): wlan0: Scan completed in 0.473473 seconds
04-02 17:14:33.237 D/wpa_supplicant( 2839): nl80211: Associated on 2412 MHz
04-02 17:14:33.237 D/wpa_supplicant( 2839): nl80211: Associated with 00:6b:f1:67:8d:01
04-02 17:14:33.237 D/wpa_supplicant( 2839): nl80211: Received scan results (16 BSSes)
04-02 17:14:33.237 D/wpa_supplicant( 2839): nl80211: Scan results indicate BSS status with 00:6b:f1:67:8d:01 as associated
04-02 17:14:33.237 D/wpa_supplicant( 2839): wlan0: BSS: Start scan result update 860
04-02 17:14:33.237 D/wpa_supplicant( 2839): wlan0: BSS: Add new id 1226 BSSID ec:26:ca:84:de:f4 SSID 'TP-LINK_Ding'
04-02 17:14:33.238 D/wpa_supplicant( 2839): CTRL_IFACE monitor sent successfully to /data/misc/wifi/sockets/wpa_ctrl_291-1\x00
04-02 17:14:33.238 D/wpa_supplicant( 2839): CTRL_IFACE monitor sent successfully to /data/misc/wifi/sockets/wpa_ctrl_1314-3\x00
04-02 17:14:33.238 D/wpa_supplicant( 2839): wlan0: BSS: Add new id 1227 BSSID 00:6b:f1:49:f8:b1 SSID 'Verifone_Guest'
04-02 17:14:33.238 D/wpa_supplicant( 2839): CTRL_IFACE monitor sent successfully to /data/misc/wifi/sockets/wpa_ctrl_291-1\x00
04-02 17:14:33.238 D/wpa_supplicant( 2839): CTRL_IFACE monitor sent successfully to /data/misc/wifi/sockets/wpa_ctrl_1314-3\x00
04-02 17:14:33.238 D/wpa_supplicant( 2839): wlan0: BSS: Add new id 1228 BSSID 3c:a5:81:f3:b0:e7 SSID 'vivo Y71A'
04-02 17:14:33.238 D/wpa_supplicant( 2839): CTRL_IFACE monitor sent successfully to /data/misc/wifi/sockets/wpa_ctrl_291-1\x00
04-02 17:14:33.239 D/wpa_supplicant( 2839): CTRL_IFACE monitor sent successfully to /data/misc/wifi/sockets/wpa_ctrl_1314-3\x00
04-02 17:14:33.239 D/wpa_supplicant( 2839): wlan0: BSS: Add new id 1229 BSSID 38:37:8b:04:90:6e SSID 'HW10PRO'
04-02 17:14:33.239 D/wpa_supplicant( 2839): CTRL_IFACE monitor sent successfully to /data/misc/wifi/sockets/wpa_ctrl_291-1\x00
04-02 17:14:33.239 D/wpa_supplicant( 2839): CTRL_IFACE monitor sent successfully to /data/misc/wifi/sockets/wpa_ctrl_1314-3\x00
04-02 17:14:33.239 D/wpa_supplicant( 2839): wlan0: BSS: Add new id 1230 BSSID a8:0c:ca:04:4a:0c SSID 'jxbx'
04-02 17:14:33.239 D/wpa_supplicant( 2839): CTRL_IFACE monitor sent successfully to /data/misc/wifi/sockets/wpa_ctrl_291-1\x00
04-02 17:14:33.240 D/wpa_supplicant( 2839): CTRL_IFACE monitor sent successfully to /data/misc/wifi/sockets/wpa_ctrl_1314-3\x00
04-02 17:14:33.240 D/wpa_supplicant( 2839): wlan0: BSS: Add new id 1231 BSSID 00:6b:f1:49:f9:51 SSID 'Verifone_Guest'
04-02 17:14:33.240 D/wpa_supplicant( 2839): CTRL_IFACE monitor sent successfully to /data/misc/wifi/sockets/wpa_ctrl_291-1\x00
04-02 17:14:33.240 D/wpa_supplicant( 2839): CTRL_IFACE monitor sent successfully to /data/misc/wifi/sockets/wpa_ctrl_1314-3\x00
04-02 17:14:33.241 D/wpa_supplicant( 2839): wlan0: BSS: Add new id 1232 BSSID 48:7d:2e:d0:8d:ba SSID 'huaxia'
04-02 17:14:33.241 D/wpa_supplicant( 2839): CTRL_IFACE monitor sent successfully to /data/misc/wifi/sockets/wpa_ctrl_291-1\x00
04-02 17:14:33.241 D/wpa_supplicant( 2839): CTRL_IFACE monitor sent successfully to /data/misc/wifi/sockets/wpa_ctrl_1314-3\x00
04-02 17:14:33.241 D/wpa_supplicant( 2839): wlan0: BSS: Add new id 1233 BSSID 02:95:8e:9c:fd:bf SSID 'Hello-haolinju'
04-02 17:14:33.241 D/wpa_supplicant( 2839): CTRL_IFACE monitor sent successfully to /data/misc/wifi/sockets/wpa_ctrl_291-1\x00
04-02 17:14:33.242 D/wpa_supplicant( 2839): CTRL_IFACE monitor sent successfully to /data/misc/wifi/sockets/wpa_ctrl_1314-3\x00
04-02 17:14:33.242 D/wpa_supplicant( 2839): wlan0: BSS: Add new id 1234 BSSID bc:5f:f6:2e:84:f1 SSID 'Sync '
04-02 17:14:33.243 D/wpa_supplicant( 2839): CTRL_IFACE monitor sent successfully to /data/misc/wifi/sockets/wpa_ctrl_291-1\x00
04-02 17:14:33.243 D/wpa_supplicant( 2839): CTRL_IFACE monitor sent successfully to /data/misc/wifi/sockets/wpa_ctrl_1314-3\x00
04-02 17:14:33.243 D/wpa_supplicant( 2839): wlan0: BSS: Add new id 1235 BSSID e6:98:80:39:09:0d SSID '\xe2\x80\x9c\xe7\x8e\x8b\xe5\xb2\xb3\xe2\x80\x9d\xe7\x9a\x84 iPhone'
04-02 17:14:33.246 D/wpa_supplicant( 2839): CTRL_IFACE monitor sent successfully to /data/misc/wifi/sockets/wpa_ctrl_291-1\x00
04-02 17:14:33.246 D/wpa_supplicant( 2839): CTRL_IFACE monitor sent successfully to /data/misc/wifi/sockets/wpa_ctrl_1314-3\x00
04-02 17:14:33.246 D/wpa_supplicant( 2839): wlan0: BSS: Add new id 1236 BSSID 14:a0:f8:d3:6f:40 SSID '4F-30'
04-02 17:14:33.247 D/wpa_supplicant( 2839): CTRL_IFACE monitor sent successfully to /data/misc/wifi/sockets/wpa_ctrl_291-1\x00
04-02 17:14:33.247 D/wpa_supplicant( 2839): CTRL_IFACE monitor sent successfully to /data/misc/wifi/sockets/wpa_ctrl_1314-3\x00
04-02 17:14:33.247 D/wpa_supplicant( 2839): wlan0: BSS: Add new id 1237 BSSID 88:e6:28:12:3d:de SSID 'HCL901581910000709015626'
04-02 17:14:33.247 D/wpa_supplicant( 2839): CTRL_IFACE monitor sent successfully to /data/misc/wifi/sockets/wpa_ctrl_291-1\x00
04-02 17:14:33.247 D/wpa_supplicant( 2839): CTRL_IFACE monitor sent successfully to /data/misc/wifi/sockets/wpa_ctrl_1314-3\x00
04-02 17:14:33.247 D/wpa_supplicant( 2839): wlan0: BSS: Add new id 1238 BSSID 00:6b:f1:67:8d:00 SSID 'Verifone_LAN'
04-02 17:14:33.247 D/wpa_supplicant( 2839): CTRL_IFACE monitor sent successfully to /data/misc/wifi/sockets/wpa_ctrl_291-1\x00
04-02 17:14:33.247 D/wpa_supplicant( 2839): CTRL_IFACE monitor sent successfully to /data/misc/wifi/sockets/wpa_ctrl_1314-3\x00
04-02 17:14:33.247 D/wpa_supplicant( 2839): wlan0: BSS: Add new id 1239 BSSID 00:6b:f1:49:f8:b0 SSID 'Verifone_LAN'
04-02 17:14:33.247 D/wpa_supplicant( 2839): CTRL_IFACE monitor sent successfully to /data/misc/wifi/sockets/wpa_ctrl_291-1\x00
04-02 17:14:33.248 D/wpa_supplicant( 2839): CTRL_IFACE monitor sent successfully to /data/misc/wifi/sockets/wpa_ctrl_1314-3\x00
04-02 17:14:33.248 D/wpa_supplicant( 2839): wlan0: BSS: Add new id 1240 BSSID 00:6b:f1:49:f9:50 SSID 'Verifone_LAN'
04-02 17:14:33.248 D/wpa_supplicant( 2839): CTRL_IFACE monitor sent successfully to /data/misc/wifi/sockets/wpa_ctrl_291-1\x00
04-02 17:14:33.248 D/wpa_supplicant( 2839): CTRL_IFACE monitor sent successfully to /data/misc/wifi/sockets/wpa_ctrl_1314-3\x00
04-02 17:14:33.248 D/wpa_supplicant( 2839): BSS: last_scan_res_used=16/32
04-02 17:14:33.248 D/wpa_supplicant( 2839): wlan0: Scan-only results received
04-02 17:14:33.248 D/wpa_supplicant( 2839): CTRL_IFACE monitor sent successfully to /data/misc/wifi/sockets/wpa_ctrl_291-1\x00
04-02 17:14:33.252 D/wpa_supplicant( 2839): CTRL_IFACE monitor sent successfully to /data/misc/wifi/sockets/wpa_ctrl_1314-3\x00
04-02 17:14:33.252 D/wpa_supplicant( 2839): wlan0: Radio work 'scan'@0xb8c3fac8 done in 0.491005 seconds
04-02 17:14:33.252 D/wpa_supplicant( 2839): wlan0: Control interface command 'BSS RANGE=0- MASK=0x21987'
04-02 17:14:33.280 D/wpa_supplicant( 2839): wlan0: Control interface command 'STATUS-NO_EVENTS'
04-02 17:14:33.284 D/LBSSystemMonitorService( 1314): handleMessage what - 4
04-02 17:14:33.284 D/Wiper_jni( 1314): Send Network Location.
04-02 17:14:34.988 V/WLAN_PSA(  282): NL MSG, len[4023], NL type[0x1C] WNI type[0x5900] len[40719]
04-02 17:14:34.988 V/WLAN_PSA(  282): NL MSG, PID: 282
04-02 17:14:35.280 D/wpa_supplicant( 2839): wlan0: Control interface command 'SIGNAL_POLL'
04-02 17:14:49.082 V/WindowManager( 1314): addAppToken: AppWindowToken{10b1160b token=Token{98471da ActivityRecord{4c5af85 u0 com.test.ui.activities.nihao/com.test.ui.activities.other.test_tools.ncca_test.NCCATestActivity t2728}}} to stack=1 task=2728 at 2
04-02 17:14:49.126 W/linker  (28872): libnative-lib.so: unused DT entry: type 0x6ffffffe arg 0x238e0
04-02 17:14:49.127 W/linker  (28872): libnative-lib.so: unused DT entry: type 0x6fffffff arg 0x2
04-02 17:14:49.144 D/MyApplication(28872): Add activity=com.test.ui.activities.other.test_tools.ncca_test.NCCATestActivity
04-02 17:14:49.210 E/AudioPolicyManager(  274): unknown stream type 13
04-02 17:14:49.210 E/AudioPolicyManager(  274): unknown stream type 13
04-02 17:14:49.210 E/AudioPolicyManager(  274): unknown stream type 13
04-02 17:14:49.210 E/AudioPolicyManager(  274): unknown stream type 13
04-02 17:14:49.210 E/AudioPolicyManager(  274): unknown stream type 13
04-02 17:14:49.210 E/AudioPolicyManager(  274): unknown stream type 13
04-02 17:14:49.210 E/AudioPolicyManager(  274): unknown stream type 13
04-02 17:14:49.210 E/AudioPolicyManager(  274): unknown stream type 13
04-02 17:14:49.210 E/AudioPolicyManager(  274): unknown stream type 13
04-02 17:14:49.210 E/AudioPolicyManager(  274): unknown stream type 13
04-02 17:14:49.210 E/AudioPolicyManager(  274): unknown stream type 13
04-02 17:14:49.210 E/AudioPolicyManager(  274): unknown stream type 13
04-02 17:14:49.210 E/AudioPolicyManager(  274): unknown stream type 13
04-02 17:14:49.210 E/AudioPolicyManager(  274): unknown stream type 13
04-02 17:14:49.210 E/AudioPolicyManager(  274): unknown stream type 13
04-02 17:14:49.210 E/AudioPolicyManager(  274): unknown stream type 13
04-02 17:14:49.210 E/AudioPolicyManager(  274): unknown stream type 13
04-02 17:14:49.225 D/FileUtil(28872): Entry file name=/sdcard/guomi//SM4验证数据-加密-10-CBC.txt
04-02 17:14:49.228 D/FileUtil(28872): Entry file size=3080
04-02 17:14:49.232 D/FileUtil(28872): Entry file name=/sdcard/guomi//SM4验证数据-加密-10-ECB.txt
04-02 17:14:49.236 D/FileUtil(28872): Entry file size=2700
04-02 17:14:49.241 D/FileUtil(28872): Entry file name=/sdcard/guomi//SM4验证数据-解密-10-CBC.txt
04-02 17:14:49.245 D/FileUtil(28872): Entry file size=3080
04-02 17:14:49.248 D/FileUtil(28872): Entry file name=/sdcard/guomi//SM4验证数据-解密-10-ECB.txt
04-02 17:14:49.252 D/FileUtil(28872): Entry file size=2700
04-02 17:14:49.256 D/FileUtil(28872): Entry file name=/sdcard/guomi//RSA2048-加密-10.txt
04-02 17:14:49.261 D/FileUtil(28872): Entry file size=33840
04-02 17:14:49.281 D/FileUtil(28872): Entry file name=/sdcard/guomi//RSA2048-解密-10.txt
04-02 17:14:49.284 D/FileUtil(28872): Entry file size=33840
04-02 17:14:49.304 D/FileUtil(28872): Entry file name=/sdcard/guomi//RSA2048-签名-10.txt
04-02 17:14:49.310 D/FileUtil(28872): Entry file size=33880
04-02 17:14:49.337 D/FileUtil(28872): Entry file name=/sdcard/guomi//RSA2048-验签-10.txt
04-02 17:14:49.342 D/FileUtil(28872): Entry file size=33880
04-02 17:14:49.370 D/FileUtil(28872): Entry file name=/sdcard/guomi//SM2签名-无预处理-10.txt
04-02 17:14:49.378 D/FileUtil(28872): Entry file size=5580
04-02 17:14:49.386 D/FileUtil(28872): Entry file name=/sdcard/guomi//SM2签名-预处理后-10.txt
04-02 17:14:49.391 D/FileUtil(28872): Entry file size=4270
04-02 17:14:49.396 D/FileUtil(28872): Entry file name=/sdcard/guomi//SM2验签-无预处理-10.txt
04-02 17:14:49.402 D/FileUtil(28872): Entry file size=5580
04-02 17:14:49.409 D/FileUtil(28872): Entry file name=/sdcard/guomi//SM2验签-预处理后-10.txt
04-02 17:14:49.412 D/FileUtil(28872): Entry file size=4270
04-02 17:14:49.421 D/FileUtil(28872): Entry file name=/sdcard/guomi//SM2验证数据-加密-10.txt
04-02 17:14:49.424 D/FileUtil(28872): Entry file size=6300
04-02 17:14:49.430 D/FileUtil(28872): Entry file name=/sdcard/guomi//SM2验证数据-解密-10.txt
04-02 17:14:49.435 D/FileUtil(28872): Entry file size=6300
04-02 17:14:49.444 D/FileUtil(28872): Entry file name=/sdcard/guomi//SM3杂凑验证-10.txt
04-02 17:14:49.451 D/FileUtil(28872): Entry file size=2000
04-02 17:14:49.453 D/FileUtil(28872): Entry file name=/sdcard/guomi//SM4验证数据-10-MAC.txt
04-02 17:14:49.459 D/FileUtil(28872): Entry file size=2450
04-02 17:14:49.500 I/ViewRootImpl(28872): CPU Rendering VSync enable = true
04-02 17:14:49.503 V/WindowManager( 1314): Adding window Window{3cb6bf01 u0 com.test.ui.activities.nihao/com.test.ui.activities.other.test_tools.ncca_test.NCCATestActivity} at 6 of 10 (after Window{70a4793 u0 com.test.ui.activities.nihao/com.test.ui.activities.other.test_tools.TestToolsActivity})
04-02 17:14:49.561 D/LogConfigurator(28872): /mnt/sdcard//socsi/log/sdk.log
04-02 17:14:49.568 D/SerialPort(28872): openSerialPort   path = /dev/ttyHSL1 baudrate = 3000000
04-02 17:14:49.568 D/serial_port(28872): Opening serial port /dev/ttyHSL1
04-02 17:14:49.569 D/serial_port(28872): open() fd = 37,flag:2
04-02 17:14:49.569 D/serial_port(28872): Configuring serial port
04-02 17:14:49.570 D/b       (28872): 发送 >>> 指令:[F101 读取设备信息]
04-02 17:14:49.570 D/b       (28872): 发送 >>> 内容:[]
04-02 17:14:49.570 D/b       (28872): 
04-02 17:14:49.583 D/b       (28872): 接收 <<< 指令:[F101 读取设备信息]
04-02 17:14:49.583 D/b       (28872): 接收 <<< 响应码:[00] 内容:[F1012F01303000000000000000000000000000583939302D56312E372E330000000000000000000000000000000058393930465F56302E323920284A616E20203920323031392031363A32333A3330290000000000000000000000000000000000000000000000000000000000000007545F56322E303200000000000000000022284A616E20203420323031392031303A32303A33372900000000FFFFFFFF03D8]
04-02 17:14:49.583 D/b       (28872): 
04-02 17:14:49.583 D/b       (28872): 发送 >>> 内容:[]
04-02 17:14:49.583 D/b       (28872): 
04-02 17:14:49.605 D/b       (28872): 接收 <<< 响应码:[00] 内容:[]
04-02 17:14:49.605 D/b       (28872): 
04-02 17:14:49.606 D/b       (28872): 发送 >>> 内容:[]
04-02 17:14:49.606 D/b       (28872): 
04-02 17:14:49.617 I/UnicodeIME(25618): onFinishInput: 
04-02 17:14:49.617 I/UnicodeIME(25618): onStartInput
04-02 17:14:49.621 I/ActivityManager( 1314): Displayed com.test.ui.activities.nihao/com.test.ui.activities.other.test_tools.ncca_test.NCCATestActivity: +525ms
04-02 17:14:49.627 D/b       (28872): 接收 <<< 响应码:[00] 内容:[]
04-02 17:14:49.627 D/b       (28872): 
04-02 17:14:49.628 D/b       (28872): 发送 >>> 内容:[80]
04-02 17:14:49.628 D/b       (28872): 
04-02 17:14:49.642 D/b       (28872): 接收 <<< 响应码:[00] 内容:[2A102F04303000012848B96010FE0627F7A102ECEEB6347FEBDB77D1075185EDF4E9C36769015531874C47D3B836AB7DF92F3E9F70EEEAC635619333E0A127C105690CF261E26E2B64D2296F4F826D3AFDF3BFE902FDDE97223F056B0C42383A281B56A77BC8DDA4BCB2AE7F8C3E5E1C57C0B131BDD296A917387A9BD496D228680D916008123963EC03B5]
04-02 17:14:49.642 D/b       (28872): 
04-02 17:14:49.643 D/b       (28872): 发送 >>> 内容:[]
04-02 17:14:49.643 D/b       (28872): 
04-02 17:14:49.664 D/b       (28872): 接收 <<< 响应码:[00] 内容:[]
04-02 17:14:49.664 D/b       (28872): 
04-02 17:14:49.665 D/b       (28872): 发送 >>> 内容:[80]
04-02 17:14:49.665 D/b       (28872): 
04-02 17:14:49.672 I/Timeline(28872): Timeline: Activity_idle id: android.os.BinderProxy@20b87fad time:29324554
04-02 17:14:49.676 D/b       (28872): 接收 <<< 响应码:[00] 内容:[2A102F063030000128412A84E7BCB4963289009AB80D4962D9BC7AB1C1FC12CCC056971C0F107948E494F87A133B4EEBB34BFD6A84BE7537AD589D366EC1481C9189DBB5286B15C3911E9DF91E4DF9C97CE5635C7EAAF173F59E3FE1C2F4DAC25D9C56AD1DC62365209E2DF0B4D5A7E0FF2E3F1E3676AD37AB7B8C64F7CD7352FAFAD5A3976F743E4A03F0]
04-02 17:14:49.676 D/b       (28872): 
04-02 17:14:49.676 D/b       (28872): 发送 >>> 内容:[]
04-02 17:14:49.676 D/b       (28872): 
04-02 17:14:49.698 D/b       (28872): 接收 <<< 响应码:[00] 内容:[]
04-02 17:14:49.698 D/b       (28872): 
04-02 17:14:49.698 D/b       (28872): 发送 >>> 内容:[80]
04-02 17:14:49.698 D/b       (28872): 
04-02 17:14:49.709 D/b       (28872): 接收 <<< 响应码:[00] 内容:[2A102F083030000128B246423C7A8C59D7B2B3FD5F76D7F78F0AE354DEB95466EFAC78A68605611423D38B8DA360C78BE763EE29068BD9A4B1F4F40F0E8D2103A590F957A0E8DCEEFEA5C62A489BCED2B40F935F0838293F3E6EA65F658AC8ED0E6888783549537CDF4BB8492F2E408C1D719CBCB59F7DAA2DDCE104AD178CDF6CE1B1F5F6CFE8A3A2034C]
04-02 17:14:49.709 D/b       (28872): 
04-02 17:14:49.710 D/b       (28872): 发送 >>> 内容:[80]
04-02 17:14:49.710 D/b       (28872): 
04-02 17:14:49.724 D/b       (28872): 接收 <<< 响应码:[00] 内容:[2A102F09303000012886DE466FDA475935EF9CC238598AADBACDDF89D69F4C6E003E52F2F337C29EAE1B0E09630BD2B3658B9744BA3EB253D2005385CD871113FAD2A952712035CB31B1FA2F78DFCEBE10C5FBCB721D93C7CFA0F2826FB7CF67FE78E06BA015554BAA90133D58D04CD6DD5C4385E1A6AA5DD57F239A7813EFD76753CAADEDD904010703A9]
04-02 17:14:49.724 D/b       (28872): 
04-02 17:14:49.725 D/b       (28872): 发送 >>> 内容:[80]
04-02 17:14:49.725 D/b       (28872): 
04-02 17:14:49.739 D/b       (28872): 接收 <<< 响应码:[00] 内容:[2A102F0A303000012865D6CDFA053A07C87D3249194D54542DD11A00E73A26255905D2F564AF92F50E4E982B4C00B2F990E9BA845899D2C645EBDCB8BA53F2A550F04D8C07441EEC59B03205580AFD6490164D3FADF013E909D8AB89EE7B3A9E74651D03813B2CC6DB360F96BB9ED96D4868FA9F1B5E3EE2AB58802A773707DC51F3EF286A411CA70A03D7]
04-02 17:14:49.739 D/b       (28872): 
04-02 17:14:49.740 D/b       (28872): 发送 >>> 内容:[80]
04-02 17:14:49.740 D/b       (28872): 
