--------- beginning of main
04-02 16:58:28.171 D/AndroidRuntime( 1986): >>>>>> START com.android.internal.os.RuntimeInit uid 2000 <<<<<<
04-02 16:58:28.175 D/AndroidRuntime( 1986): CheckJNI is OFF
04-02 16:58:28.350 D/AndroidRuntime( 1986): Calling main entry com.android.commands.monkey.Monkey
--------- beginning of system
04-02 16:58:28.366 W/BroadcastQueue( 1314): Skipping deliver [background] BroadcastRecord{301a300c u-1 android.net.conn.CONNECTIVITY_CHANGE} to ReceiverList{2b124d55 1986 (unknown name)/2000/u-1 remote:256b4f5e}: process crashing
04-02 16:58:28.379 I/Timeline( 1986): Timeline: Activity_launch_request id:com.test.ui.activities.nihao time:28343261
04-02 16:58:28.380 I/ActivityManager( 1314): START u0 {act=android.intent.action.MAIN cat=[android.intent.category.LAUNCHER] flg=0x10200000 cmp=com.test.ui.activities.nihao/com.test.ui.activities.MainActivity} from uid 2000 on display 0
04-02 16:58:28.387 V/WindowManager( 1314): addAppToken: AppWindowToken{e4040f8 token=Token{1aacf05b ActivityRecord{f19036a u0 com.test.ui.activities.nihao/com.test.ui.activities.MainActivity t2727}}} to stack=1 task=2727 at 0
04-02 16:58:28.390 W/SurfaceFlinger(  259): FB is protected: PERMISSION_DENIED
04-02 16:58:28.391 W/WindowManager( 1314): Screenshot failure taking screenshot for (720x1280) to layer 21015
04-02 16:58:28.392 I/System.out(23762): BaseMvpActivity : [(BaseMvpActivity.java:85)(OnPause)] ----onPause=MainActivity
04-02 16:58:28.394 I/ViewRootImpl( 1314): CPU Rendering VSync enable = true
04-02 16:58:28.395 V/WindowManager( 1314): Adding window Window{36570fd3 u0 Starting com.test.ui.activities.nihao} at 4 of 8 (after Window{28e2c2e1 u0 com.verifone.scb.presentation/com.verifone.adc.presentation.view.activities.MainActivity})
04-02 16:58:28.415 I/SurfaceFlinger(  259): FPS: 2
04-02 16:58:28.419 D/MyApplication(28872): Add activity=com.test.ui.activities.MainActivity
04-02 16:58:28.462 I/ViewRootImpl(28872): CPU Rendering VSync enable = true
04-02 16:58:28.479 V/WindowManager( 1314): Adding window Window{22575c27 u0 com.test.ui.activities.nihao/com.test.ui.activities.MainActivity} at 4 of 9 (before Window{36570fd3 u0 Starting com.test.ui.activities.nihao})
04-02 16:58:28.529 I/Adreno-EGL(28872): <qeglDrvAPI_eglInitialize:379>: EGL 1.4 QUALCOMM build: AU_LINUX_ANDROID_LA.BR.1.2.3_RB1.05.01.00.036.053_msm8909_LA.BR.1.2.3_RB1__release_AU (Ibddc658e36)
04-02 16:58:28.529 I/Adreno-EGL(28872): OpenGL ES Shader Compiler Version: E031.25.03.04
04-02 16:58:28.529 I/Adreno-EGL(28872): Build Date: 09/10/15 Thu
04-02 16:58:28.529 I/Adreno-EGL(28872): Local Branch: mybranch13976726
04-02 16:58:28.529 I/Adreno-EGL(28872): Remote Branch: quic/LA.BR.1.2.3_rb1.79
04-02 16:58:28.529 I/Adreno-EGL(28872): Local Patches: NONE
04-02 16:58:28.529 I/Adreno-EGL(28872): Reconstruct Branch: AU_LINUX_ANDROID_LA.BR.1.2.3_RB1.05.01.00.036.053 + 7c4888a + 22ca218 + 855d166 + 95575a0 + 4193eef + 64d916f + 88f4cbe + c272012 + 046ce63 + 9b2bddc + d5b5339 + a2bdc2f +  NOTHING
04-02 16:58:28.530 I/OpenGLRenderer(28872): Initialized EGL, version 1.4
04-02 16:58:28.583 I/art     ( 1986): System.exit called, status: 0
04-02 16:58:28.583 I/AndroidRuntime( 1986): VM exiting with result code 0.
04-02 16:58:28.600 D/wpa_supplicant( 2839): wlan0: Control interface command 'SIGNAL_POLL'
04-02 16:58:28.618 I/UnicodeIME(25618): onFinishInput: 
04-02 16:58:28.618 I/UnicodeIME(25618): onStartInput
04-02 16:58:28.626 I/ActivityManager( 1314): Displayed com.test.ui.activities.nihao/com.test.ui.activities.MainActivity: +232ms
04-02 16:58:28.649 I/Timeline(28872): Timeline: Activity_idle id: android.os.BinderProxy@2f35c92c time:28343530
04-02 16:58:29.182 I/Timeline( 1314): Timeline: Activity_windows_visible id: ActivityRecord{f19036a u0 com.test.ui.activities.nihao/com.test.ui.activities.MainActivity t2727} time:28344063
04-02 16:58:29.184 I/System.out(23762): BaseMvpActivity : [(BaseMvpActivity.java:102)(OnSaveInstanceState)] ----onSaveInstanceState=MainActivity
04-02 16:58:29.184 I/System.out(23762): BasePresenter : [(BasePresenter.java:51)(DetachUI)] ============detachUI
04-02 16:58:29.185 I/System.out(23762): BasePresenter : [(BasePresenter.java:53)(DetachUI)] UI=MainActivity
04-02 16:58:29.187 I/System.out(23762): BaseMvpActivity : [(BaseMvpActivity.java:93)(OnStop)] ----onStop=MainActivity
04-02 16:58:29.187 I/System.out(23762): BasePresenter : [(BasePresenter.java:51)(DetachUI)] ============detachUI
04-02 16:58:29.422 W/ResourceType( 2713): No package identifier when getting value for resource number 0x00000000
04-02 16:58:29.422 W/PackageManager( 2713): Failure retrieving resources for com.verifone.scb.presentation: Resource ID #0x0
04-02 16:58:29.988 V/WLAN_PSA(  282): NL MSG, len[4067], NL type[0x1C] WNI type[0x5900] len[51983]
04-02 16:58:29.988 V/WLAN_PSA(  282): NL MSG, PID: 282
04-02 16:58:31.618 D/wpa_supplicant( 2839): wlan0: Control interface command 'SIGNAL_POLL'
04-02 16:58:31.904 D/TaskPersister( 1314): removeObsoleteFile: deleting file=2726_task.xml
04-02 16:58:31.905 D/TaskPersister( 1314): removeObsoleteFile: deleting file=2726_task_thumbnail.png
04-02 16:58:33.310 E/WifiStateMachine( 1314): WifiStateMachine CMD_START_SCAN source -2 txSuccessRate=0.00 rxSuccessRate=0.00 targetRoamBSSID=any RSSI=-47
04-02 16:58:33.311 E/WifiStateMachine( 1314): WifiStateMachine starting scan for "Verifone_Guest"-WPA_PSK with 2412,2462,2437
04-02 16:58:33.311 D/wpa_supplicant( 2839): wlan0: Control interface command 'SCAN TYPE=ONLY freq=2412,2462,2437'
04-02 16:58:33.311 D/wpa_supplicant( 2839): wlan0: Setting scan request: 0.000000 sec
04-02 16:58:33.311 D/wpa_supplicant( 2839): wlan0: Starting AP scan for wildcard SSID
04-02 16:58:33.311 D/wpa_supplicant( 2839): wlan0: Limit manual scan to specified channels
04-02 16:58:33.311 D/wpa_supplicant( 2839): wlan0: Add radio work 'scan'@0xb8c3fac8
04-02 16:58:33.312 D/wpa_supplicant( 2839): wlan0: First radio work item in the queue - schedule start immediately
04-02 16:58:33.312 D/wpa_supplicant( 2839): wlan0: Starting radio work 'scan'@0xb8c3fac8 after 0.000066 second wait
04-02 16:58:33.312 D/wpa_supplicant( 2839): wlan0: nl80211: scan request
04-02 16:58:33.312 D/wpa_supplicant( 2839): nl80211: Scan SSID - hexdump(len=0): [NULL]
04-02 16:58:33.312 D/wpa_supplicant( 2839): nl80211: Scan frequency 2412 MHz
04-02 16:58:33.312 D/wpa_supplicant( 2839): nl80211: Scan frequency 2437 MHz
04-02 16:58:33.312 D/wpa_supplicant( 2839): nl80211: Scan frequency 2462 MHz
04-02 16:58:33.312 D/wpa_supplicant( 2839): Scan requested (ret=0) - scan timeout 30 seconds
04-02 16:58:33.313 D/wpa_supplicant( 2839): nl80211: Event message available
04-02 16:58:33.313 D/wpa_supplicant( 2839): nl80211: Drv Event 33 (NL80211_CMD_TRIGGER_SCAN) received for wlan0
04-02 16:58:33.313 D/wpa_supplicant( 2839): wlan0: nl80211: Scan trigger
04-02 16:58:33.313 I/WifiHAL ( 1314): Poll result = 1
04-02 16:58:33.313 D/wpa_supplicant( 2839): wlan0: Event SCAN_STARTED (49) received
04-02 16:58:33.313 I/WifiHAL ( 1314): Found some events!!!
04-02 16:58:33.313 D/WifiHAL ( 1314): no_seq_check received
04-02 16:58:33.313 D/wpa_supplicant( 2839): wlan0: Own scan request started a scan in 0.000177 seconds
04-02 16:58:33.313 I/WifiHAL ( 1314): event received NL80211_CMD_TRIGGER_SCAN
04-02 16:58:33.313 I/WifiHAL ( 1314): event received NL80211_CMD_TRIGGER_SCAN, vendor_id = 0x0
04-02 16:58:33.313 I/WifiHAL ( 1314): event ignored!!
04-02 16:58:33.313 D/wpa_supplicant( 2839): CTRL_IFACE monitor sent successfully to /data/misc/wifi/sockets/wpa_ctrl_291-1\x00
04-02 16:58:33.313 D/wpa_supplicant( 2839): CTRL_IFACE monitor sent successfully to /data/misc/wifi/sockets/wpa_ctrl_1314-3\x00
04-02 16:58:33.313 V/WLAN_PSA(  282): NL MSG, len[4013], NL type[0x1C] WNI type[0x5900] len[38159]
04-02 16:58:33.313 V/WLAN_PSA(  282): NL MSG, PID: 282
04-02 16:58:33.313 V/WLAN_PSA(  282): NL MSG, len[914], NL type[0x11] WNI type[0x5050] len[894]
04-02 16:58:33.313 V/WLAN_PSA(  282): NL MSG, PID: 282
04-02 16:58:33.314 V/WLAN_PSA(  282): NL MSG, len[048], NL type[0x11] WNI type[0x5050] len[028]
04-02 16:58:33.314 V/WLAN_PSA(  282): NL MSG, PID: 282
04-02 16:58:33.327 V/WLAN_PSA(  282): NL MSG, len[4077], NL type[0x1C] WNI type[0x5900] len[54543]
04-02 16:58:33.327 V/WLAN_PSA(  282): NL MSG, PID: 282
04-02 16:58:33.369 V/WLAN_PSA(  282): NL MSG, len[4080], NL type[0x1C] WNI type[0x5900] len[55311]
04-02 16:58:33.369 V/WLAN_PSA(  282): NL MSG, PID: 282
04-02 16:58:33.418 V/WLAN_PSA(  282): NL MSG, len[4044], NL type[0x1C] WNI type[0x5900] len[46095]
04-02 16:58:33.418 V/WLAN_PSA(  282): NL MSG, PID: 282
04-02 16:58:33.458 V/WLAN_PSA(  282): NL MSG, len[4054], NL type[0x1C] WNI type[0x5900] len[48655]
04-02 16:58:33.458 V/WLAN_PSA(  282): NL MSG, PID: 282
04-02 16:58:33.484 V/WLAN_PSA(  282): NL MSG, len[914], NL type[0x11] WNI type[0x5050] len[894]
04-02 16:58:33.484 V/WLAN_PSA(  282): NL MSG, PID: 282
04-02 16:58:33.484 V/WLAN_PSA(  282): NL MSG, len[4013], NL type[0x1C] WNI type[0x5900] len[38159]
04-02 16:58:33.484 V/WLAN_PSA(  282): NL MSG, PID: 282
04-02 16:58:33.485 V/WLAN_PSA(  282): NL MSG, len[4054], NL type[0x1C] WNI type[0x5900] len[48655]
04-02 16:58:33.485 V/WLAN_PSA(  282): NL MSG, PID: 282
04-02 16:58:33.486 I/WifiHAL ( 1314): Poll result = 1
04-02 16:58:33.486 I/WifiHAL ( 1314): Found some events!!!
04-02 16:58:33.486 D/WifiHAL ( 1314): no_seq_check received
04-02 16:58:33.486 I/WifiHAL ( 1314): event received NL80211_CMD_NEW_SCAN_RESULTS
04-02 16:58:33.486 I/WifiHAL ( 1314): event received NL80211_CMD_NEW_SCAN_RESULTS, vendor_id = 0x0
04-02 16:58:33.486 I/WifiHAL ( 1314): event ignored!!
04-02 16:58:33.486 D/wpa_supplicant( 2839): nl80211: Event message available
04-02 16:58:33.486 D/wpa_supplicant( 2839): nl80211: Drv Event 34 (NL80211_CMD_NEW_SCAN_RESULTS) received for wlan0
04-02 16:58:33.486 D/wpa_supplicant( 2839): wlan0: nl80211: New scan results available
04-02 16:58:33.486 D/wpa_supplicant( 2839): nl80211: Scan included frequencies: 2412 2437 2462
04-02 16:58:33.486 D/wpa_supplicant( 2839): wlan0: Event SCAN_RESULTS (3) received
04-02 16:58:33.486 D/wpa_supplicant( 2839): wlan0: Scan completed in 0.173586 seconds
04-02 16:58:33.487 D/wpa_supplicant( 2839): nl80211: Associated on 2412 MHz
04-02 16:58:33.487 D/wpa_supplicant( 2839): nl80211: Associated with 00:6b:f1:67:8d:01
04-02 16:58:33.487 D/wpa_supplicant( 2839): nl80211: Received scan results (17 BSSes)
04-02 16:58:33.487 D/wpa_supplicant( 2839): nl80211: Scan results indicate BSS status with 00:6b:f1:67:8d:01 as associated
04-02 16:58:33.487 D/wpa_supplicant( 2839): wlan0: BSS: Start scan result update 829
04-02 16:58:33.487 D/wpa_supplicant( 2839): wlan0: BSS: Add new id 1197 BSSID 70:ba:ef:c2:60:12 SSID 'wifi2017'
04-02 16:58:33.487 D/wpa_supplicant( 2839): CTRL_IFACE monitor sent successfully to /data/misc/wifi/sockets/wpa_ctrl_291-1\x00
04-02 16:58:33.488 D/wpa_supplicant( 2839): CTRL_IFACE monitor sent successfully to /data/misc/wifi/sockets/wpa_ctrl_1314-3\x00
04-02 16:58:33.488 D/wpa_supplicant( 2839): wlan0: BSS: Add new id 1198 BSSID b0:95:8e:9c:fd:bf SSID 'Haolinju'
04-02 16:58:33.488 D/wpa_supplicant( 2839): CTRL_IFACE monitor sent successfully to /data/misc/wifi/sockets/wpa_ctrl_291-1\x00
04-02 16:58:33.488 D/wpa_supplicant( 2839): CTRL_IFACE monitor sent successfully to /data/misc/wifi/sockets/wpa_ctrl_1314-3\x00
04-02 16:58:33.488 D/wpa_supplicant( 2839): BSS: last_scan_res_used=17/32
04-02 16:58:33.488 D/wpa_supplicant( 2839): wlan0: Scan-only results received
04-02 16:58:33.489 D/wpa_supplicant( 2839): CTRL_IFACE monitor sent successfully to /data/misc/wifi/sockets/wpa_ctrl_291-1\x00
04-02 16:58:33.492 V/WLAN_PSA(  282): NL MSG, len[4039], NL type[0x1C] WNI type[0x5900] len[44815]
04-02 16:58:33.492 V/WLAN_PSA(  282): NL MSG, PID: 282
04-02 16:58:33.493 D/wpa_supplicant( 2839): CTRL_IFACE monitor sent successfully to /data/misc/wifi/sockets/wpa_ctrl_1314-3\x00
04-02 16:58:33.493 D/wpa_supplicant( 2839): wlan0: Radio work 'scan'@0xb8c3fac8 done in 0.181002 seconds
04-02 16:58:33.493 D/wpa_supplicant( 2839): wlan0: Control interface command 'BSS RANGE=0- MASK=0x21987'
04-02 16:58:33.510 D/wpa_supplicant( 2839): wlan0: Control interface command 'STATUS-NO_EVENTS'
04-02 16:58:34.635 D/wpa_supplicant( 2839): wlan0: Control interface command 'SIGNAL_POLL'
04-02 16:58:37.654 V/WLAN_PSA(  282): NL MSG, len[4038], NL type[0x1C] WNI type[0x5900] len[44559]
04-02 16:58:37.654 V/WLAN_PSA(  282): NL MSG, PID: 282
04-02 16:58:37.655 D/wpa_supplicant( 2839): wlan0: Control interface command 'SIGNAL_POLL'
04-02 16:58:38.145 D/com.socsi.thread.UploadResultThread(24223): 【进入应用下载结果上送线程】
04-02 16:58:38.148 D/com.socsi.thread.UploadResultThread(24223): ..........终端无应用下载/更新结果可以上送
04-02 16:58:38.150 D/com.socsi.thread.UploadResultThread(24223): ------------结果上送over------------------
04-02 16:58:38.813 I/ServiceManager( 1925): Waiting for service AtCmdFwd...
04-02 16:58:39.814 I/ServiceManager( 1925): Waiting for service AtCmdFwd...
04-02 16:58:40.674 D/wpa_supplicant( 2839): wlan0: Control interface command 'SIGNAL_POLL'
04-02 16:58:40.689 V/WLAN_PSA(  282): NL MSG, len[4055], NL type[0x1C] WNI type[0x5900] len[48911]
04-02 16:58:40.689 V/WLAN_PSA(  282): NL MSG, PID: 282
04-02 16:58:40.815 I/ServiceManager( 1925): Waiting for service AtCmdFwd...
04-02 16:58:41.815 I/ServiceManager( 1925): Waiting for service AtCmdFwd...
04-02 16:58:42.816 I/ServiceManager( 1925): Waiting for service AtCmdFwd...
04-02 16:58:43.698 D/wpa_supplicant( 2839): wlan0: Control interface command 'SIGNAL_POLL'
04-02 16:58:43.817 W/Atfwd_Sendcmd( 1925): AtCmdFwd service not published, waiting... retryCnt : 4
04-02 16:58:45.922 V/WLAN_PSA(  282): NL MSG, len[4036], NL type[0x1C] WNI type[0x5900] len[44047]
04-02 16:58:45.922 V/WLAN_PSA(  282): NL MSG, PID: 282
04-02 16:58:46.158 D/VM_BMS  (  472): wake_lock acquired
04-02 16:58:46.158 D/VM_BMS  (  472): New BMS data - Size=56
04-02 16:58:46.158 D/VM_BMS  (  472): Start process_bms_data
04-02 16:58:46.159 D/VM_BMS  (  472): Battery charge_cycle=17 fcc_adjust=527 rbatt_adjust=527 cycle_changed=false
04-02 16:58:46.160 D/VM_BMS  (  472): For batt_temp=283 fcc_mah=4997
04-02 16:58:46.160 D/VM_BMS  (  472): Lookup fcc_mah=4997.000000  adjusted fcc_mah=4970.666016
04-02 16:58:46.160 D/VM_BMS  (  472): For ocv=4192758 batt_temp=283 soc=100
04-02 16:58:46.160 D/VM_BMS  (  472): fifo_count=5 acc_count=0
04-02 16:58:46.160 D/VM_BMS  (  472): INIT: ocv=4192758 last_ocv=4192758 batt_temp=283 soc=100
04-02 16:58:46.160 D/VM_BMS  (  472): For soc=100 batt_temp=283 slope=14800
04-02 16:58:46.160 D/VM_BMS  (  472): For soc=100 batt_temp=283 rbatt_sf=100
04-02 16:58:46.160 D/VM_BMS  (  472): rbatt_mohm_default=100, rbatt_mohm=100, sf=100 batt_temp=283
04-02 16:58:46.160 D/VM_BMS  (  472): Lookup rbatt=100.000000  adjusted rbatt=100.527000
04-02 16:58:46.160 D/VM_BMS  (  472): For ocv=4192759 batt_temp=283 soc=100
04-02 16:58:46.161 D/VM_BMS  (  472): FIFO=0 fifo_avg=4.193077 rbatt=0.150527 slope=1.480000 ibatt=-0.002114 ocv=4.192760 soc=100 fcc_ah=4.970666 sample_count=128 sample_interval=70 seq_num=708
04-02 16:58:46.161 D/VM_BMS  (  472): For soc=100 batt_temp=283 slope=14800
04-02 16:58:46.161 D/VM_BMS  (  472): For soc=100 batt_temp=283 rbatt_sf=100
04-02 16:58:46.161 D/VM_BMS  (  472): rbatt_mohm_default=100, rbatt_mohm=100, sf=100 batt_temp=283
04-02 16:58:46.161 D/VM_BMS  (  472): Lookup rbatt=100.000000  adjusted rbatt=100.527000
04-02 16:58:46.161 D/VM_BMS  (  472): For ocv=4192760 batt_temp=283 soc=100
04-02 16:58:46.161 D/VM_BMS  (  472): FIFO=1 fifo_avg=4.193077 rbatt=0.150527 slope=1.480000 ibatt=-0.002108 ocv=4.192760 soc=100 fcc_ah=4.970666 sample_count=128 sample_interval=70 seq_num=708
04-02 16:58:46.161 D/VM_BMS  (  472): For soc=100 batt_temp=283 slope=14800
04-02 16:58:46.161 D/VM_BMS  (  472): For soc=100 batt_temp=283 rbatt_sf=100
04-02 16:58:46.161 D/VM_BMS  (  472): rbatt_mohm_default=100, rbatt_mohm=100, sf=100 batt_temp=283
04-02 16:58:46.161 D/VM_BMS  (  472): Lookup rbatt=100.000000  adjusted rbatt=100.527000
04-02 16:58:46.161 D/VM_BMS  (  472): For ocv=4192761 batt_temp=283 soc=100
04-02 16:58:46.161 D/VM_BMS  (  472): FIFO=2 fifo_avg=4.193077 rbatt=0.150527 slope=1.480000 ibatt=-0.002101 ocv=4.192761 soc=100 fcc_ah=4.970666 sample_count=128 sample_interval=70 seq_num=708
04-02 16:58:46.161 D/VM_BMS  (  472): For soc=100 batt_temp=283 slope=14800
04-02 16:58:46.161 D/VM_BMS  (  472): For soc=100 batt_temp=283 rbatt_sf=100
04-02 16:58:46.161 D/VM_BMS  (  472): rbatt_mohm_default=100, rbatt_mohm=100, sf=100 batt_temp=283
04-02 16:58:46.161 D/VM_BMS  (  472): Lookup rbatt=100.000000  adjusted rbatt=100.527000
04-02 16:58:46.161 D/VM_BMS  (  472): For ocv=4192745 batt_temp=283 soc=100
04-02 16:58:46.161 D/VM_BMS  (  472): FIFO=3 fifo_avg=4.189522 rbatt=0.150527 slope=1.480000 ibatt=0.021466 ocv=4.192745 soc=100 fcc_ah=4.970666 sample_count=128 sample_interval=70 seq_num=708
04-02 16:58:46.161 D/VM_BMS  (  472): For soc=100 batt_temp=283 slope=14800
04-02 16:58:46.161 D/VM_BMS  (  472): For soc=100 batt_temp=283 rbatt_sf=100
04-02 16:58:46.161 D/VM_BMS  (  472): rbatt_mohm_default=100, rbatt_mohm=100, sf=100 batt_temp=283
04-02 16:58:46.161 D/VM_BMS  (  472): Lookup rbatt=100.000000  adjusted rbatt=100.527000
04-02 16:58:46.161 D/VM_BMS  (  472): For ocv=4192745 batt_temp=283 soc=100
04-02 16:58:46.161 D/VM_BMS  (  472): FIFO=4 fifo_avg=4.192780 rbatt=0.150527 slope=1.480000 ibatt=-0.000231 ocv=4.192745 soc=100 fcc_ah=4.970666 sample_count=128 sample_interval=70 seq_num=708
04-02 16:58:46.162 I/VM_BMS  (  472): power_supply_update: ocv_uv=4192745 ibatt=-230 soc=100 seq_num=708
04-02 16:58:46.162 D/VM_BMS  (  472): End process_bms_data
04-02 16:58:46.162 D/VM_BMS  (  472): wake_lock released
04-02 16:58:46.241 I/UnicodeIME(25618): onKeyDown (keyCode='4', event.keyCode='4', metaState='0')
04-02 16:58:46.332 W/Settings( 1314): Setting airplane_mode_on has moved from android.provider.Settings.System to android.provider.Settings.Global, returning read-only value.
04-02 16:58:46.332 D/ldebug  ( 1314): AirplaneMode = 0,WifiState =3
04-02 16:58:46.334 I/UnicodeIME(25618): onKeyUp (keyCode='4', event.keyCode='4', metaState='0')
04-02 16:58:46.374 I/System.out(23762): BaseMvpActivity : [(BaseMvpActivity.java:63)(OnStart)] ----onStart=MainActivity
04-02 16:58:46.375 I/System.out(23762): BasePresenter : [(BasePresenter.java:30)(AttachUI)] ============attachUI
04-02 16:58:46.375 I/System.out(23762): BasePresenter : [(BasePresenter.java:32)(AttachUI)] UI=MainActivity
04-02 16:58:46.376 I/System.out(23762): BaseMvpActivity : [(BaseMvpActivity.java:73)(OnResume)] ----onResume=MainActivity
04-02 16:58:46.376 I/System.out(23762): UseCaseSetDoingTransactionFlag : [(UseCaseSetDoingTransactionFlag.java:32)(A)] Is Doing Trans : false
04-02 16:58:46.377 I/System.out(23762): TAG : [(UseCaseGetTmsParameter.java:31)(A)] tmsParam len=0
04-02 16:58:46.380 I/System.out(23762): MainPresenter : [(MainPresenter.java:200)(A)] status=5
04-02 16:58:46.380 I/System.out(23762): MainPresenter : [(MainPresenter.java:209)(A)] batteryPct=1.0
04-02 16:58:46.391 I/Adreno-EGL(23762): <qeglDrvAPI_eglInitialize:379>: EGL 1.4 QUALCOMM build: AU_LINUX_ANDROID_LA.BR.1.2.3_RB1.05.01.00.036.053_msm8909_LA.BR.1.2.3_RB1__release_AU (Ibddc658e36)
04-02 16:58:46.391 I/Adreno-EGL(23762): OpenGL ES Shader Compiler Version: E031.25.03.04
04-02 16:58:46.391 I/Adreno-EGL(23762): Build Date: 09/10/15 Thu
04-02 16:58:46.391 I/Adreno-EGL(23762): Local Branch: mybranch13976726
04-02 16:58:46.391 I/Adreno-EGL(23762): Remote Branch: quic/LA.BR.1.2.3_rb1.79
04-02 16:58:46.391 I/Adreno-EGL(23762): Local Patches: NONE
04-02 16:58:46.391 I/Adreno-EGL(23762): Reconstruct Branch: AU_LINUX_ANDROID_LA.BR.1.2.3_RB1.05.01.00.036.053 + 7c4888a + 22ca218 + 855d166 + 95575a0 + 4193eef + 64d916f + 88f4cbe + c272012 + 046ce63 + 9b2bddc + d5b5339 + a2bdc2f +  NOTHING
04-02 16:58:46.391 I/OpenGLRenderer(23762): Initialized EGL, version 1.4
04-02 16:58:46.402 I/SurfaceFlinger(  259): FPS: 48
04-02 16:58:46.411 I/UnicodeIME(25618): onFinishInput: 
04-02 16:58:46.412 I/UnicodeIME(25618): onStartInput
04-02 16:58:46.465 I/Timeline(23762): Timeline: Activity_idle id: android.os.BinderProxy@333b8108 time:28361347
04-02 16:58:46.718 D/wpa_supplicant( 2839): wlan0: Control interface command 'SIGNAL_POLL'
04-02 16:58:47.231 I/Timeline( 1314): Timeline: Activity_windows_visible id: ActivityRecord{7cf4d56 u0 com.verifone.scb.presentation/com.verifone.adc.presentation.view.activities.MainActivity t2720} time:28362112
04-02 16:58:47.242 D/MyApplication(28872): Remove activity=com.test.ui.activities.MainActivity
04-02 16:58:47.377 W/ResourceType( 2713): No package identifier when getting value for resource number 0x00000000
04-02 16:58:47.378 W/PackageManager( 2713): Failure retrieving resources for com.test.ui.activities.nihao: Resource ID #0x0
04-02 16:58:47.446 I/SurfaceFlinger(  259): FPS: 56
04-02 16:58:48.473 D/AndroidRuntime( 2020): >>>>>> START com.android.internal.os.RuntimeInit uid 2000 <<<<<<
04-02 16:58:48.476 D/AndroidRuntime( 2020): CheckJNI is OFF
04-02 16:58:48.657 D/AndroidRuntime( 2020): Calling main entry com.android.commands.pm.Pm
04-02 16:58:48.692 I/art     ( 2020): System.exit called, status: 0
04-02 16:58:48.692 I/AndroidRuntime( 2020): VM exiting with result code 0.
04-02 16:58:49.080 D/AndroidRuntime( 2035): >>>>>> START com.android.internal.os.RuntimeInit uid 2000 <<<<<<
04-02 16:58:49.084 D/AndroidRuntime( 2035): CheckJNI is OFF
04-02 16:58:49.250 D/AndroidRuntime( 2035): Calling main entry com.android.commands.pm.Pm
04-02 16:58:49.295 I/art     ( 2035): System.exit called, status: 0
04-02 16:58:49.295 I/AndroidRuntime( 2035): VM exiting with result code 0.
04-02 16:58:49.356 D/UIAutomatorStub(21779): URI: /ping, Method: GET, params, {NanoHttpd.QUERY_STRING=null}, files: {}
04-02 16:58:49.381 D/UIAutomatorStub(21779): URI: /jsonrpc/0, Method: POST, params, {NanoHttpd.QUERY_STRING=null}, files: {postData={"jsonrpc": "2.0", "id": 1, "method": "deviceInfo"}}
04-02 16:58:49.382 W/QueryController(21779): Could not detect idle state.
04-02 16:58:49.398 W/QueryController(21779): Could not detect idle state.
04-02 16:58:49.401 W/QueryController(21779): Could not detect idle state.
04-02 16:58:49.401 W/QueryController(21779): Could not detect idle state.
04-02 16:59:53.325 D/wpa_supplicant( 2839): Scan requested (ret=0) - scan timeout 30 seconds
04-02 16:59:53.325 D/WifiHAL ( 1314): no_seq_check received
04-02 16:59:53.325 I/WifiHAL ( 1314): event received NL80211_CMD_TRIGGER_SCAN
04-02 16:59:53.325 D/wpa_supplicant( 2839): nl80211: Event message available
04-02 16:59:53.325 I/WifiHAL ( 1314): event received NL80211_CMD_TRIGGER_SCAN, vendor_id = 0x0
04-02 16:59:53.325 I/WifiHAL ( 1314): event ignored!!
04-02 16:59:53.325 D/wpa_supplicant( 2839): nl80211: Drv Event 33 (NL80211_CMD_TRIGGER_SCAN) received for wlan0
04-02 16:59:53.325 D/wpa_supplicant( 2839): wlan0: nl80211: Scan trigger
04-02 16:59:53.325 D/wpa_supplicant( 2839): wlan0: Event SCAN_STARTED (49) received
04-02 16:59:53.325 D/wpa_supplicant( 2839): wlan0: Own scan request started a scan in 0.000190 seconds
04-02 16:59:53.325 D/wpa_supplicant( 2839): CTRL_IFACE monitor sent successfully to /data/misc/wifi/sockets/wpa_ctrl_291-1\x00
04-02 16:59:53.325 D/wpa_supplicant( 2839): CTRL_IFACE monitor sent successfully to /data/misc/wifi/sockets/wpa_ctrl_1314-3\x00
04-02 16:59:53.348 V/WLAN_PSA(  282): NL MSG, len[4079], NL type[0x1C] WNI type[0x5900] len[55055]
04-02 16:59:53.349 V/WLAN_PSA(  282): NL MSG, PID: 282
04-02 16:59:53.386 V/WLAN_PSA(  282): NL MSG, len[4079], NL type[0x1C] WNI type[0x5900] len[55055]
04-02 16:59:53.386 V/WLAN_PSA(  282): NL MSG, PID: 282
04-02 16:59:53.436 V/WLAN_PSA(  282): NL MSG, len[4082], NL type[0x1C] WNI type[0x5900] len[55823]
04-02 16:59:53.436 V/WLAN_PSA(  282): NL MSG, PID: 282
04-02 16:59:53.503 V/WLAN_PSA(  282): NL MSG, len[4079], NL type[0x1C] WNI type[0x5900] len[55055]
04-02 16:59:53.503 V/WLAN_PSA(  282): NL MSG, PID: 282
04-02 16:59:53.509 V/WLAN_PSA(  282): NL MSG, len[4053], NL type[0x1C] WNI type[0x5900] len[48399]
04-02 16:59:53.509 V/WLAN_PSA(  282): NL MSG, PID: 282
04-02 16:59:53.510 V/WLAN_PSA(  282): NL MSG, len[914], NL type[0x11] WNI type[0x5050] len[894]
04-02 16:59:53.510 V/WLAN_PSA(  282): NL MSG, PID: 282
04-02 16:59:53.515 V/WLAN_PSA(  282): NL MSG, len[3985], NL type[0x1C] WNI type[0x5900] len[30991]
04-02 16:59:53.515 V/WLAN_PSA(  282): NL MSG, PID: 282
04-02 16:59:53.516 I/WifiHAL ( 1314): Poll result = 1
04-02 16:59:53.516 I/WifiHAL ( 1314): Found some events!!!
04-02 16:59:53.516 D/WifiHAL ( 1314): no_seq_check received
04-02 16:59:53.516 I/WifiHAL ( 1314): event received NL80211_CMD_NEW_SCAN_RESULTS
04-02 16:59:53.516 I/WifiHAL ( 1314): event received NL80211_CMD_NEW_SCAN_RESULTS, vendor_id = 0x0
04-02 16:59:53.516 I/WifiHAL ( 1314): event ignored!!
04-02 16:59:53.516 D/wpa_supplicant( 2839): nl80211: Event message available
04-02 16:59:53.516 D/wpa_supplicant( 2839): nl80211: Drv Event 34 (NL80211_CMD_NEW_SCAN_RESULTS) received for wlan0
04-02 16:59:53.516 D/wpa_supplicant( 2839): wlan0: nl80211: New scan results available
04-02 16:59:53.516 D/wpa_supplicant( 2839): nl80211: Scan included frequencies: 2412 2437 2462
04-02 16:59:53.516 D/wpa_supplicant( 2839): wlan0: Event SCAN_RESULTS (3) received
04-02 16:59:53.517 D/wpa_supplicant( 2839): wlan0: Scan completed in 0.191727 seconds
04-02 16:59:53.517 D/wpa_supplicant( 2839): nl80211: Associated on 2412 MHz
04-02 16:59:53.517 D/wpa_supplicant( 2839): nl80211: Associated with 00:6b:f1:67:8d:01
04-02 16:59:53.517 D/wpa_supplicant( 2839): nl80211: Received scan results (9 BSSes)
04-02 16:59:53.517 D/wpa_supplicant( 2839): nl80211: Scan results indicate BSS status with 00:6b:f1:67:8d:01 as associated
04-02 16:59:53.517 D/wpa_supplicant( 2839): wlan0: BSS: Start scan result update 833
04-02 16:59:53.517 D/wpa_supplicant( 2839): wlan0: BSS: Remove id 1197 BSSID 70:ba:ef:c2:60:12 SSID 'wifi2017' due to no match in scan
04-02 16:59:53.517 D/wpa_supplicant( 2839): CTRL_IFACE monitor sent successfully to /data/misc/wifi/sockets/wpa_ctrl_291-1\x00
04-02 16:59:53.517 D/wpa_supplicant( 2839): CTRL_IFACE monitor sent successfully to /data/misc/wifi/sockets/wpa_ctrl_1314-3\x00
04-02 16:59:53.518 D/wpa_supplicant( 2839): wlan0: BSS: Remove id 1198 BSSID b0:95:8e:9c:fd:bf SSID 'Haolinju' due to no match in scan
04-02 16:59:53.518 D/wpa_supplicant( 2839): CTRL_IFACE monitor sent successfully to /data/misc/wifi/sockets/wpa_ctrl_291-1\x00
04-02 16:59:53.518 D/wpa_supplicant( 2839): CTRL_IFACE monitor sent successfully to /data/misc/wifi/sockets/wpa_ctrl_1314-3\x00
04-02 16:59:53.519 D/wpa_supplicant( 2839): BSS: last_scan_res_used=9/32
04-02 16:59:53.519 D/wpa_supplicant( 2839): wlan0: Scan-only results received
04-02 16:59:53.519 D/wpa_supplicant( 2839): CTRL_IFACE monitor sent successfully to /data/misc/wifi/sockets/wpa_ctrl_291-1\x00
04-02 16:59:53.520 D/wpa_supplicant( 2839): CTRL_IFACE monitor sent successfully to /data/misc/wifi/sockets/wpa_ctrl_1314-3\x00
04-02 16:59:53.520 D/wpa_supplicant( 2839): wlan0: Radio work 'scan'@0xb8c3fac8 done in 0.197703 seconds
04-02 16:59:53.523 D/wpa_supplicant( 2839): wlan0: Control interface command 'BSS RANGE=0- MASK=0x21987'
04-02 16:59:53.537 D/wpa_supplicant( 2839): wlan0: Control interface command 'STATUS-NO_EVENTS'
04-02 16:59:53.826 I/ServiceManager( 1925): Waiting for service AtCmdFwd...
04-02 16:59:54.827 I/ServiceManager( 1925): Waiting for service AtCmdFwd...
04-02 16:59:55.827 I/ServiceManager( 1925): Waiting for service AtCmdFwd...
04-02 16:59:56.064 V/WLAN_PSA(  282): NL MSG, len[4017], NL type[0x1C] WNI type[0x5900] len[39183]
04-02 16:59:56.064 V/WLAN_PSA(  282): NL MSG, PID: 282
04-02 16:59:56.169 D/wpa_supplicant( 2839): wlan0: Control interface command 'SIGNAL_POLL'
04-02 16:59:56.828 I/ServiceManager( 1925): Waiting for service AtCmdFwd...
04-02 16:59:57.829 I/ServiceManager( 1925): Waiting for service AtCmdFwd...
04-02 16:59:58.829 W/Atfwd_Sendcmd( 1925): AtCmdFwd service not published, waiting... retryCnt : 2
04-02 16:59:59.186 D/wpa_supplicant( 2839): wlan0: Control interface command 'SIGNAL_POLL'
04-02 16:59:59.199 V/WLAN_PSA(  282): NL MSG, len[4072], NL type[0x1C] WNI type[0x5900] len[53263]
04-02 16:59:59.199 V/WLAN_PSA(  282): NL MSG, PID: 282
04-02 17:00:00.047 I/SurfaceFlinger(  259): FPS: 2
04-02 17:00:02.206 D/wpa_supplicant( 2839): wlan0: Control interface command 'SIGNAL_POLL'
04-02 17:00:04.079 V/WLAN_PSA(  282): NL MSG, len[4021], NL type[0x1C] WNI type[0x5900] len[40207]
04-02 17:00:04.079 V/WLAN_PSA(  282): NL MSG, PID: 282
04-02 17:00:05.224 D/wpa_supplicant( 2839): wlan0: Control interface command 'SIGNAL_POLL'
04-02 17:00:08.249 D/wpa_supplicant( 2839): wlan0: Control interface command 'SIGNAL_POLL'
04-02 17:00:08.250 V/WLAN_PSA(  282): NL MSG, len[4019], NL type[0x1C] WNI type[0x5900] len[39695]
04-02 17:00:08.250 V/WLAN_PSA(  282): NL MSG, PID: 282
04-02 17:00:08.830 I/ServiceManager( 1925): Waiting for service AtCmdFwd...
04-02 17:00:09.830 I/ServiceManager( 1925): Waiting for service AtCmdFwd...
04-02 17:00:10.831 I/ServiceManager( 1925): Waiting for service AtCmdFwd...
04-02 17:00:11.268 D/wpa_supplicant( 2839): wlan0: Control interface command 'SIGNAL_POLL'
04-02 17:00:11.832 I/ServiceManager( 1925): Waiting for service AtCmdFwd...
04-02 17:00:12.095 V/WLAN_PSA(  282): NL MSG, len[4074], NL type[0x1C] WNI type[0x5900] len[53775]
04-02 17:00:12.095 V/WLAN_PSA(  282): NL MSG, PID: 282
04-02 17:00:12.833 I/ServiceManager( 1925): Waiting for service AtCmdFwd...
04-02 17:00:13.324 E/WifiStateMachine( 1314): WifiStateMachine CMD_START_SCAN source -2 txSuccessRate=0.00 rxSuccessRate=0.00 targetRoamBSSID=any RSSI=-49
04-02 17:00:13.325 E/WifiStateMachine( 1314): WifiStateMachine starting scan for "Verifone_Guest"-WPA_PSK with 2412,2462,2437
04-02 17:00:13.325 D/wpa_supplicant( 2839): wlan0: Control interface command 'SCAN TYPE=ONLY freq=2412,2462,2437'
04-02 17:00:13.325 D/wpa_supplicant( 2839): wlan0: Setting scan request: 0.000000 sec
04-02 17:00:13.325 D/wpa_supplicant( 2839): wlan0: Starting AP scan for wildcard SSID
04-02 17:00:13.325 D/wpa_supplicant( 2839): wlan0: Limit manual scan to specified channels
04-02 17:00:13.325 D/wpa_supplicant( 2839): wlan0: Add radio work 'scan'@0xb8c3fac8
04-02 17:00:13.325 D/wpa_supplicant( 2839): wlan0: First radio work item in the queue - schedule start immediately
04-02 17:00:13.325 D/wpa_supplicant( 2839): wlan0: Starting radio work 'scan'@0xb8c3fac8 after 0.000063 second wait
04-02 17:00:13.325 D/wpa_supplicant( 2839): wlan0: nl80211: scan request
04-02 17:00:13.325 D/wpa_supplicant( 2839): nl80211: Scan SSID - hexdump(len=0): [NULL]
04-02 17:00:13.325 D/wpa_supplicant( 2839): nl80211: Scan frequency 2412 MHz
04-02 17:00:13.326 D/wpa_supplicant( 2839): nl80211: Scan frequency 2437 MHz
04-02 17:00:13.326 D/wpa_supplicant( 2839): nl80211: Scan frequency 2462 MHz
04-02 17:00:13.326 I/WifiHAL ( 1314): Poll result = 1
04-02 17:00:13.327 I/WifiHAL ( 1314): Found some events!!!
04-02 17:00:13.327 D/WifiHAL ( 1314): no_seq_check received
04-02 17:00:13.327 I/WifiHAL ( 1314): event received NL80211_CMD_TRIGGER_SCAN
04-02 17:00:13.327 I/WifiHAL ( 1314): event received NL80211_CMD_TRIGGER_SCAN, vendor_id = 0x0
04-02 17:00:13.327 I/WifiHAL ( 1314): event ignored!!
04-02 17:00:13.327 V/WLAN_PSA(  282): NL MSG, len[914], NL type[0x11] WNI type[0x5050] len[894]
04-02 17:00:13.327 V/WLAN_PSA(  282): NL MSG, PID: 282
04-02 17:00:13.327 V/WLAN_PSA(  282): NL MSG, len[048], NL type[0x11] WNI type[0x5050] len[028]
04-02 17:00:13.327 V/WLAN_PSA(  282): NL MSG, PID: 282
04-02 17:00:13.327 V/WLAN_PSA(  282): NL MSG, len[4018], NL type[0x1C] WNI type[0x5900] len[39439]
04-02 17:00:13.327 V/WLAN_PSA(  282): NL MSG, PID: 282
04-02 17:00:13.327 D/wpa_supplicant( 2839): Scan requested (ret=0) - scan timeout 30 seconds
04-02 17:00:13.327 D/wpa_supplicant( 2839): nl80211: Event message available
04-02 17:00:13.327 D/wpa_supplicant( 2839): nl80211: Drv Event 33 (NL80211_CMD_TRIGGER_SCAN) received for wlan0
04-02 17:00:13.327 D/wpa_supplicant( 2839): wlan0: nl80211: Scan trigger
04-02 17:00:13.328 D/wpa_supplicant( 2839): wlan0: Event SCAN_STARTED (49) received
04-02 17:00:13.328 D/wpa_supplicant( 2839): wlan0: Own scan request started a scan in 0.000172 seconds
04-02 17:00:13.328 D/wpa_supplicant( 2839): CTRL_IFACE monitor sent successfully to /data/misc/wifi/sockets/wpa_ctrl_291-1\x00
04-02 17:00:13.330 D/wpa_supplicant( 2839): CTRL_IFACE monitor sent successfully to /data/misc/wifi/sockets/wpa_ctrl_1314-3\x00
04-02 17:00:13.366 V/WLAN_PSA(  282): NL MSG, len[4018], NL type[0x1C] WNI type[0x5900] len[39439]
04-02 17:00:13.366 V/WLAN_PSA(  282): NL MSG, PID: 282
04-02 17:00:13.399 V/WLAN_PSA(  282): NL MSG, len[4032], NL type[0x1C] WNI type[0x5900] len[43023]
04-02 17:00:13.399 V/WLAN_PSA(  282): NL MSG, PID: 282
04-02 17:00:13.442 V/WLAN_PSA(  282): NL MSG, len[3997], NL type[0x1C] WNI type[0x5900] len[34063]
04-02 17:00:13.442 V/WLAN_PSA(  282): NL MSG, PID: 282
04-02 17:00:13.492 V/WLAN_PSA(  282): NL MSG, len[4005], NL type[0x1C] WNI type[0x5900] len[36111]
04-02 17:00:13.493 V/WLAN_PSA(  282): NL MSG, PID: 282
04-02 17:00:13.494 V/WLAN_PSA(  282): NL MSG, len[4072], NL type[0x1C] WNI type[0x5900] len[53263]
04-02 17:00:13.494 V/WLAN_PSA(  282): NL MSG, PID: 282
04-02 17:00:13.494 V/WLAN_PSA(  282): NL MSG, len[914], NL type[0x11] WNI type[0x5050] len[894]
04-02 17:00:13.494 V/WLAN_PSA(  282): NL MSG, PID: 282
04-02 17:00:13.495 V/WLAN_PSA(  282): NL MSG, len[4056], NL type[0x1C] WNI type[0x5900] len[49167]
04-02 17:00:13.495 V/WLAN_PSA(  282): NL MSG, PID: 282
04-02 17:00:13.495 I/WifiHAL ( 1314): Poll result = 1
04-02 17:00:13.495 I/WifiHAL ( 1314): Found some events!!!
04-02 17:00:13.495 D/WifiHAL ( 1314): no_seq_check received
04-02 17:00:13.495 I/WifiHAL ( 1314): event received NL80211_CMD_NEW_SCAN_RESULTS
04-02 17:00:13.495 I/WifiHAL ( 1314): event received NL80211_CMD_NEW_SCAN_RESULTS, vendor_id = 0x0
04-02 17:00:13.495 I/WifiHAL ( 1314): event ignored!!
04-02 17:00:13.496 D/wpa_supplicant( 2839): nl80211: Event message available
04-02 17:00:13.496 D/wpa_supplicant( 2839): nl80211: Drv Event 34 (NL80211_CMD_NEW_SCAN_RESULTS) received for wlan0
04-02 17:00:13.496 D/wpa_supplicant( 2839): wlan0: nl80211: New scan results available
04-02 17:00:13.496 D/wpa_supplicant( 2839): nl80211: Scan included frequencies: 2412 2437 2462
04-02 17:00:13.496 D/wpa_supplicant( 2839): wlan0: Event SCAN_RESULTS (3) received
04-02 17:00:13.496 D/wpa_supplicant( 2839): wlan0: Scan completed in 0.168228 seconds
04-02 17:00:13.496 D/wpa_supplicant( 2839): nl80211: Associated on 2412 MHz
04-02 17:00:13.496 D/wpa_supplicant( 2839): nl80211: Associated with 00:6b:f1:67:8d:01
04-02 17:00:13.496 D/wpa_supplicant( 2839): nl80211: Received scan results (12 BSSes)
04-02 17:00:13.496 D/wpa_supplicant( 2839): nl80211: Scan results indicate BSS status with 00:6b:f1:67:8d:01 as associated
04-02 17:00:13.496 D/wpa_supplicant( 2839): wlan0: BSS: Start scan result update 834
04-02 17:00:13.497 D/wpa_supplicant( 2839): wlan0: BSS: Add new id 1200 BSSID 2c:61:04:1a:29:30 SSID '360WiFi-aimeiao1'
04-02 17:00:13.497 D/wpa_supplicant( 2839): CTRL_IFACE monitor sent successfully to /data/misc/wifi/sockets/wpa_ctrl_291-1\x00
04-02 17:00:13.497 D/wpa_supplicant( 2839): CTRL_IFACE monitor sent successfully to /data/misc/wifi/sockets/wpa_ctrl_1314-3\x00
04-02 17:00:13.497 D/wpa_supplicant( 2839): wlan0: BSS: Add new id 1201 BSSID bc:5f:f6:2e:84:f1 SSID 'Sync '
04-02 17:00:13.497 D/wpa_supplicant( 2839): CTRL_IFACE monitor sent successfully to /data/misc/wifi/sockets/wpa_ctrl_291-1\x00
04-02 17:00:13.497 D/wpa_supplicant( 2839): CTRL_IFACE monitor sent successfully to /data/misc/wifi/sockets/wpa_ctrl_1314-3\x00
04-02 17:00:13.497 D/wpa_supplicant( 2839): wlan0: BSS: Add new id 1202 BSSID 88:e6:28:12:3d:de SSID 'HCL901581910000709015626'
04-02 17:00:13.497 D/wpa_supplicant( 2839): CTRL_IFACE monitor sent successfully to /data/misc/wifi/sockets/wpa_ctrl_291-1\x00
04-02 17:00:13.497 D/wpa_supplicant( 2839): CTRL_IFACE monitor sent successfully to /data/misc/wifi/sockets/wpa_ctrl_1314-3\x00
04-02 17:00:13.497 D/wpa_supplicant( 2839): wlan0: BSS: Remove id 1171 BSSID ec:26:ca:b3:30:c6 SSID 'chenxi1963' due to no match in scan
04-02 17:00:13.497 D/wpa_supplicant( 2839): CTRL_IFACE monitor sent successfully to /data/misc/wifi/sockets/wpa_ctrl_291-1\x00
04-02 17:00:13.497 D/wpa_supplicant( 2839): CTRL_IFACE monitor sent successfully to /data/misc/wifi/sockets/wpa_ctrl_1314-3\x00
04-02 17:00:13.498 D/wpa_supplicant( 2839): wlan0: BSS: Remove id 1199 BSSID 48:7d:2e:d0:8d:ba SSID 'huaxia' due to no match in scan
04-02 17:00:13.498 D/wpa_supplicant( 2839): CTRL_IFACE monitor sent successfully to /data/misc/wifi/sockets/wpa_ctrl_291-1\x00
04-02 17:00:13.498 D/wpa_supplicant( 2839): CTRL_IFACE monitor sent successfully to /data/misc/wifi/sockets/wpa_ctrl_1314-3\x00
04-02 17:00:13.498 D/wpa_supplicant( 2839): BSS: last_scan_res_used=12/32
04-02 17:00:13.498 D/wpa_supplicant( 2839): wlan0: Scan-only results received
04-02 17:00:13.498 D/wpa_supplicant( 2839): CTRL_IFACE monitor sent successfully to /data/misc/wifi/sockets/wpa_ctrl_291-1\x00
04-02 17:00:13.499 D/wpa_supplicant( 2839): CTRL_IFACE monitor sent successfully to /data/misc/wifi/sockets/wpa_ctrl_1314-3\x00
04-02 17:00:13.499 D/wpa_supplicant( 2839): wlan0: Radio work 'scan'@0xb8c3fac8 done in 0.173395 seconds
04-02 17:00:13.504 D/wpa_supplicant( 2839): wlan0: Control interface command 'BSS RANGE=0- MASK=0x21987'
04-02 17:00:13.517 D/wpa_supplicant( 2839): wlan0: Control interface command 'STATUS-NO_EVENTS'
04-02 17:00:13.833 W/Atfwd_Sendcmd( 1925): AtCmdFwd service not published, waiting... retryCnt : 3
04-02 17:00:14.284 D/wpa_supplicant( 2839): wlan0: Control interface command 'SIGNAL_POLL'
04-02 17:00:15.988 V/WLAN_PSA(  282): NL MSG, len[4068], NL type[0x1C] WNI type[0x5900] len[52239]
04-02 17:00:15.988 V/WLAN_PSA(  282): NL MSG, PID: 282
04-02 17:00:17.304 D/wpa_supplicant( 2839): wlan0: Control interface command 'SIGNAL_POLL'
04-02 17:00:20.325 V/WLAN_PSA(  282): NL MSG, len[4095], NL type[0x1C] WNI type[0x5900] len[59151]
04-02 17:00:20.325 V/WLAN_PSA(  282): NL MSG, PID: 282
04-02 17:00:20.326 D/wpa_supplicant( 2839): wlan0: Control interface command 'SIGNAL_POLL'
04-02 17:00:22.445 D/VM_BMS  (  472): wake_lock acquired
04-02 17:00:22.445 D/VM_BMS  (  472): New BMS data - Size=56
04-02 17:00:22.445 D/VM_BMS  (  472): Start process_bms_data
04-02 17:00:22.445 D/VM_BMS  (  472): Battery charge_cycle=17 fcc_adjust=527 rbatt_adjust=527 cycle_changed=false
04-02 17:00:22.448 D/VM_BMS  (  472): For batt_temp=284 fcc_mah=4997
04-02 17:00:22.448 D/VM_BMS  (  472): Lookup fcc_mah=4997.000000  adjusted fcc_mah=4970.666016
04-02 17:00:22.448 D/VM_BMS  (  472): For ocv=4192713 batt_temp=284 soc=100
04-02 17:00:22.448 D/VM_BMS  (  472): fifo_count=5 acc_count=0
04-02 17:00:22.448 D/VM_BMS  (  472): INIT: ocv=4192713 last_ocv=4192713 batt_temp=284 soc=100
04-02 17:00:22.448 D/VM_BMS  (  472): For soc=100 batt_temp=284 slope=14800
04-02 17:00:22.448 D/VM_BMS  (  472): For soc=100 batt_temp=284 rbatt_sf=100
04-02 17:00:22.448 D/VM_BMS  (  472): rbatt_mohm_default=100, rbatt_mohm=100, sf=100 batt_temp=284
04-02 17:00:22.448 D/VM_BMS  (  472): Lookup rbatt=100.000000  adjusted rbatt=100.527000
04-02 17:00:22.449 D/VM_BMS  (  472): For ocv=4192711 batt_temp=284 soc=100
04-02 17:00:22.449 D/VM_BMS  (  472): FIFO=0 fifo_avg=4.192479 rbatt=0.150527 slope=1.480000 ibatt=0.001548 ocv=4.192712 soc=100 fcc_ah=4.970666 sample_count=128 sample_interval=70 seq_num=710
04-02 17:00:22.449 D/VM_BMS  (  472): For soc=100 batt_temp=284 slope=14800
04-02 17:00:22.449 D/VM_BMS  (  472): For soc=100 batt_temp=284 rbatt_sf=100
04-02 17:00:22.449 D/VM_BMS  (  472): rbatt_mohm_default=100, rbatt_mohm=100, sf=100 batt_temp=284
04-02 17:00:22.449 D/VM_BMS  (  472): Lookup rbatt=100.000000  adjusted rbatt=100.527000
04-02 17:00:22.449 D/VM_BMS  (  472): For ocv=4192712 batt_temp=284 soc=100
04-02 17:00:22.449 D/VM_BMS  (  472): FIFO=1 fifo_avg=4.193070 rbatt=0.150527 slope=1.480000 ibatt=-0.002379 ocv=4.192713 soc=100 fcc_ah=4.970666 sample_count=128 sample_interval=70 seq_num=710
04-02 17:00:22.449 D/VM_BMS  (  472): For soc=100 batt_temp=284 slope=14800
04-02 17:00:22.449 D/VM_BMS  (  472): For soc=100 batt_temp=284 rbatt_sf=100
04-02 17:00:22.449 D/VM_BMS  (  472): rbatt_mohm_default=100, rbatt_mohm=100, sf=100 batt_temp=284
04-02 17:00:22.449 D/VM_BMS  (  472): Lookup rbatt=100.000000  adjusted rbatt=100.527000
04-02 17:00:22.449 D/VM_BMS  (  472): For ocv=4192709 batt_temp=284 soc=100
04-02 17:00:22.449 D/VM_BMS  (  472): FIFO=2 fifo_avg=4.192198 rbatt=0.150527 slope=1.480000 ibatt=0.003406 ocv=4.192709 soc=100 fcc_ah=4.970666 sample_count=128 sample_interval=70 seq_num=710
04-02 17:00:22.449 D/VM_BMS  (  472): For soc=100 batt_temp=284 slope=14800
04-02 17:00:22.449 D/VM_BMS  (  472): For soc=100 batt_temp=284 rbatt_sf=100
04-02 17:00:22.449 D/VM_BMS  (  472): rbatt_mohm_default=100, rbatt_mohm=100, sf=100 batt_temp=284
04-02 17:00:22.449 D/VM_BMS  (  472): Lookup rbatt=100.000000  adjusted rbatt=100.527000
04-02 17:00:22.449 D/VM_BMS  (  472): For ocv=4192711 batt_temp=284 soc=100
04-02 17:00:22.449 D/VM_BMS  (  472): FIFO=3 fifo_avg=4.193083 rbatt=0.150527 slope=1.480000 ibatt=-0.002477 ocv=4.192711 soc=100 fcc_ah=4.970666 sample_count=128 sample_interval=70 seq_num=710
04-02 17:00:22.449 D/VM_BMS  (  472): For soc=100 batt_temp=284 slope=14800
04-02 17:00:22.449 D/VM_BMS  (  472): For soc=100 batt_temp=284 rbatt_sf=100
04-02 17:00:22.449 D/VM_BMS  (  472): rbatt_mohm_default=100, rbatt_mohm=100, sf=100 batt_temp=284
04-02 17:00:22.449 D/VM_BMS  (  472): Lookup rbatt=100.000000  adjusted rbatt=100.527000
04-02 17:00:22.449 D/VM_BMS  (  472): For ocv=4192708 batt_temp=284 soc=100
04-02 17:00:22.449 D/VM_BMS  (  472): FIFO=4 fifo_avg=4.192186 rbatt=0.150527 slope=1.480000 ibatt=0.003479 ocv=4.192708 soc=100 fcc_ah=4.970666 sample_count=128 sample_interval=70 seq_num=710
04-02 17:00:22.450 I/VM_BMS  (  472): power_supply_update: ocv_uv=4192708 ibatt=3479 soc=100 seq_num=710
04-02 17:00:22.450 D/VM_BMS  (  472): End process_bms_data
04-02 17:00:22.450 D/VM_BMS  (  472): wake_lock released
04-02 17:00:23.344 D/wpa_supplicant( 2839): wlan0: Control interface command 'SIGNAL_POLL'
04-02 17:00:23.988 V/WLAN_PSA(  282): NL MSG, len[4093], NL type[0x1C] WNI type[0x5900] len[58639]
04-02 17:00:23.988 V/WLAN_PSA(  282): NL MSG, PID: 282
04-02 17:00:26.362 D/wpa_supplicant( 2839): wlan0: Control interface command 'SIGNAL_POLL'
04-02 17:00:28.834 I/ServiceManager( 1925): Waiting for service AtCmdFwd...
04-02 17:00:29.128 V/WLAN_PSA(  282): NL MSG, len[4019], NL type[0x1C] WNI type[0x5900] len[39695]
04-02 17:00:29.128 V/WLAN_PSA(  282): NL MSG, PID: 282
04-02 17:00:29.384 D/wpa_supplicant( 2839): wlan0: Control interface command 'SIGNAL_POLL'
04-02 17:00:29.834 I/ServiceManager( 1925): Waiting for service AtCmdFwd...
04-02 17:00:30.835 I/ServiceManager( 1925): Waiting for service AtCmdFwd...
04-02 17:00:31.836 I/ServiceManager( 1925): Waiting for service AtCmdFwd...
04-02 17:00:32.402 D/wpa_supplicant( 2839): wlan0: Control interface command 'SIGNAL_POLL'
04-02 17:00:32.415 V/WLAN_PSA(  282): NL MSG, len[4072], NL type[0x1C] WNI type[0x5900] len[53263]
04-02 17:00:32.415 V/WLAN_PSA(  282): NL MSG, PID: 282
04-02 17:00:32.836 I/ServiceManager( 1925): Waiting for service AtCmdFwd...
04-02 17:00:33.327 E/WifiStateMachine( 1314): WifiStateMachine CMD_START_SCAN source -2 txSuccessRate=0.00 rxSuccessRate=0.00 targetRoamBSSID=any RSSI=-50
04-02 17:00:33.327 E/WifiStateMachine( 1314): WifiStateMachine starting scan for "Verifone_Guest"-WPA_PSK with 2412,2462,2437
04-02 17:00:33.327 D/wpa_supplicant( 2839): wlan0: Control interface command 'SCAN TYPE=ONLY freq=2412,2462,2437'
04-02 17:00:33.327 D/wpa_supplicant( 2839): wlan0: Setting scan request: 0.000000 sec
04-02 17:00:33.328 D/wpa_supplicant( 2839): wlan0: Starting AP scan for wildcard SSID
04-02 17:00:33.328 D/wpa_supplicant( 2839): wlan0: Limit manual scan to specified channels
04-02 17:00:33.328 D/wpa_supplicant( 2839): wlan0: Add radio work 'scan'@0xb8c3fac8
04-02 17:00:33.329 D/wpa_supplicant( 2839): wlan0: First radio work item in the queue - schedule start immediately
04-02 17:00:33.329 D/wpa_supplicant( 2839): wlan0: Starting radio work 'scan'@0xb8c3fac8 after 0.000363 second wait
04-02 17:00:33.329 D/wpa_supplicant( 2839): wlan0: nl80211: scan request
04-02 17:00:33.329 D/wpa_supplicant( 2839): nl80211: Scan SSID - hexdump(len=0): [NULL]
04-02 17:00:33.329 D/wpa_supplicant( 2839): nl80211: Scan frequency 2412 MHz
04-02 17:00:33.329 D/wpa_supplicant( 2839): nl80211: Scan frequency 2437 MHz
04-02 17:00:33.329 D/wpa_supplicant( 2839): nl80211: Scan frequency 2462 MHz
04-02 17:00:33.330 V/WLAN_PSA(  282): NL MSG, len[914], NL type[0x11] WNI type[0x5050] len[894]
04-02 17:00:33.330 V/WLAN_PSA(  282): NL MSG, PID: 282
04-02 17:00:33.330 V/WLAN_PSA(  282): NL MSG, len[048], NL type[0x11] WNI type[0x5050] len[028]
04-02 17:00:33.330 V/WLAN_PSA(  282): NL MSG, PID: 282
04-02 17:00:33.330 D/wpa_supplicant( 2839): Scan requested (ret=0) - scan timeout 30 seconds
04-02 17:00:33.330 D/wpa_supplicant( 2839): nl80211: Event message available
04-02 17:00:33.330 D/wpa_supplicant( 2839): nl80211: Drv Event 33 (NL80211_CMD_TRIGGER_SCAN) received for wlan0
04-02 17:00:33.330 D/wpa_supplicant( 2839): wlan0: nl80211: Scan trigger
04-02 17:00:33.330 D/wpa_supplicant( 2839): wlan0: Event SCAN_STARTED (49) received
04-02 17:00:33.330 D/wpa_supplicant( 2839): wlan0: Own scan request started a scan in 0.000141 seconds
04-02 17:00:33.331 D/wpa_supplicant( 2839): CTRL_IFACE monitor sent successfully to /data/misc/wifi/sockets/wpa_ctrl_291-1\x00
04-02 17:00:33.331 D/wpa_supplicant( 2839): CTRL_IFACE monitor sent successfully to /data/misc/wifi/sockets/wpa_ctrl_1314-3\x00
04-02 17:00:33.331 I/WifiHAL ( 1314): Poll result = 1
04-02 17:00:33.331 I/WifiHAL ( 1314): Found some events!!!
04-02 17:00:33.331 D/WifiHAL ( 1314): no_seq_check received
04-02 17:00:33.331 I/WifiHAL ( 1314): event received NL80211_CMD_TRIGGER_SCAN
04-02 17:00:33.331 I/WifiHAL ( 1314): event received NL80211_CMD_TRIGGER_SCAN, vendor_id = 0x0
04-02 17:00:33.331 I/WifiHAL ( 1314): event ignored!!
04-02 17:00:33.331 V/WLAN_PSA(  282): NL MSG, len[3958], NL type[0x1C] WNI type[0x5900] len[24079]
04-02 17:00:33.331 V/WLAN_PSA(  282): NL MSG, PID: 282
04-02 17:00:33.359 V/WLAN_PSA(  282): NL MSG, len[4057], NL type[0x1C] WNI type[0x5900] len[49423]
04-02 17:00:33.359 V/WLAN_PSA(  282): NL MSG, PID: 282
04-02 17:00:33.398 V/WLAN_PSA(  282): NL MSG, len[4012], NL type[0x1C] WNI type[0x5900] len[37903]
04-02 17:00:33.398 V/WLAN_PSA(  282): NL MSG, PID: 282
04-02 17:00:33.445 V/WLAN_PSA(  282): NL MSG, len[3993], NL type[0x1C] WNI type[0x5900] len[33039]
04-02 17:00:33.446 V/WLAN_PSA(  282): NL MSG, PID: 282
04-02 17:00:33.503 V/WLAN_PSA(  282): NL MSG, len[4071], NL type[0x1C] WNI type[0x5900] len[53007]
04-02 17:00:33.503 V/WLAN_PSA(  282): NL MSG, PID: 282
04-02 17:00:33.510 V/WLAN_PSA(  282): NL MSG, len[3987], NL type[0x1C] WNI type[0x5900] len[31503]
04-02 17:00:33.510 V/WLAN_PSA(  282): NL MSG, PID: 282
04-02 17:00:33.514 V/WLAN_PSA(  282): NL MSG, len[914], NL type[0x11] WNI type[0x5050] len[894]
04-02 17:00:33.514 V/WLAN_PSA(  282): NL MSG, PID: 282
04-02 17:00:33.515 V/WLAN_PSA(  282): NL MSG, len[3945], NL type[0x1C] WNI type[0x5900] len[20751]
04-02 17:00:33.515 V/WLAN_PSA(  282): NL MSG, PID: 282
04-02 17:00:33.516 I/WifiHAL ( 1314): Poll result = 1
04-02 17:00:33.516 I/WifiHAL ( 1314): Found some events!!!
04-02 17:00:33.516 D/WifiHAL ( 1314): no_seq_check received
04-02 17:00:33.516 I/WifiHAL ( 1314): event received NL80211_CMD_NEW_SCAN_RESULTS
04-02 17:00:33.516 I/WifiHAL ( 1314): event received NL80211_CMD_NEW_SCAN_RESULTS, vendor_id = 0x0
04-02 17:00:33.516 I/WifiHAL ( 1314): event ignored!!
04-02 17:00:33.516 D/wpa_supplicant( 2839): nl80211: Event message available
04-02 17:00:33.516 D/wpa_supplicant( 2839): nl80211: Drv Event 34 (NL80211_CMD_NEW_SCAN_RESULTS) received for wlan0
04-02 17:00:33.516 D/wpa_supplicant( 2839): wlan0: nl80211: New scan results available
04-02 17:00:33.516 D/wpa_supplicant( 2839): nl80211: Scan included frequencies: 2412 2437 2462
04-02 17:00:33.516 D/wpa_supplicant( 2839): wlan0: Event SCAN_RESULTS (3) received
04-02 17:00:33.517 D/wpa_supplicant( 2839): wlan0: Scan completed in 0.186037 seconds
04-02 17:00:33.517 D/wpa_supplicant( 2839): nl80211: Associated on 2412 MHz
04-02 17:00:33.517 D/wpa_supplicant( 2839): nl80211: Associated with 00:6b:f1:67:8d:01
04-02 17:00:33.517 D/wpa_supplicant( 2839): nl80211: Received scan results (13 BSSes)
04-02 17:00:33.517 D/wpa_supplicant( 2839): nl80211: Scan results indicate BSS status with 00:6b:f1:67:8d:01 as associated
04-02 17:00:33.517 D/wpa_supplicant( 2839): wlan0: BSS: Start scan result update 835
04-02 17:00:33.517 D/wpa_supplicant( 2839): wlan0: BSS: Add new id 1203 BSSID 34:ce:00:4d:b4:a8 SSID '302'
04-02 17:00:33.517 D/wpa_supplicant( 2839): CTRL_IFACE monitor sent successfully to /data/misc/wifi/sockets/wpa_ctrl_291-1\x00
04-02 17:00:33.517 D/wpa_supplicant( 2839): CTRL_IFACE monitor sent successfully to /data/misc/wifi/sockets/wpa_ctrl_1314-3\x00
